&&&& RUNNING TensorRT.trtexec [TensorRT v110300] [b99] # C:\Users\dxu1\AppData\Local\NVIDIA\TensorRT-11.3-tools\bin\trtexec.exe --loadEngine=C:\Users\dxu1\Desktop\Dissertation\PTQ\profiling_results\trtexec\kitti.plan --loadInputs=images:PTQ/profiling_results/trtexec/kitti_images_fp32.bin --warmUp=1000 --duration=15 --iterations=200 --infStreams=1 --percentile=50,95 --dumpProfile --exportProfile=C:\Users\dxu1\Desktop\Dissertation\PTQ\profiling_results\trtexec\kitti_run3_profile.json --exportTimes=C:\Users\dxu1\Desktop\Dissertation\PTQ\profiling_results\trtexec\kitti_run3_times.json
[09/30/2026-18:17:32] [I] === Model Options ===
[09/30/2026-18:17:32] [I] Format: *
[09/30/2026-18:17:32] [I] Model: 
[09/30/2026-18:17:32] [I] Output:
[09/30/2026-18:17:32] [I] 
[09/30/2026-18:17:32] [I] === System Options ===
[09/30/2026-18:17:32] [I] Device: 0
[09/30/2026-18:17:32] [I] DLACore: 
[09/30/2026-18:17:32] [I] Loaded static plugins:
[09/30/2026-18:17:32] [I] DLA Workspace Allocation Strategy: default
[09/30/2026-18:17:32] [I] setPluginsToSerialize:
[09/30/2026-18:17:32] [I] dynamicPlugins:
[09/30/2026-18:17:32] [I] ignoreParsedPluginLibs: 0
[09/30/2026-18:17:32] [I] 
[09/30/2026-18:17:32] [I] === Inference Options ===
[09/30/2026-18:17:32] [I] Batch: Explicit
[09/30/2026-18:17:32] [I] Input inference shapes: model
[09/30/2026-18:17:32] [I] Iterations: 200
[09/30/2026-18:17:32] [I] Duration: 15s (+ 1000ms warm up)
[09/30/2026-18:17:32] [I] Sleep time: 0ms
[09/30/2026-18:17:32] [I] Idle time: 0ms
[09/30/2026-18:17:32] [I] Inference Streams: 1
[09/30/2026-18:17:32] [I] ExposeDMA: Disabled
[09/30/2026-18:17:32] [I] Data transfers: Disabled
[09/30/2026-18:17:32] [I] Spin-wait: Enabled
[09/30/2026-18:17:32] [I] Multithreading: Disabled
[09/30/2026-18:17:32] [I] CUDA Graph: Enabled
[09/30/2026-18:17:32] [I] Time Deserialize: Disabled
[09/30/2026-18:17:32] [I] Time Refit: Disabled
[09/30/2026-18:17:32] [I] NVTX verbosity: 0
[09/30/2026-18:17:32] [I] Persistent Cache Ratio: 0
[09/30/2026-18:17:32] [I] Optimization Profile Index: 0
[09/30/2026-18:17:32] [I] Weight Streaming Budget: 100.000000%
[09/30/2026-18:17:32] [I] Accuracy Algorithm: L0
[09/30/2026-18:17:32] [I] Absolute Tolerance (atol): 1e-05
[09/30/2026-18:17:32] [I] Relative Tolerance (rtol): 1e-05
[09/30/2026-18:17:32] [I] Inputs:
[09/30/2026-18:17:32] [I] images<-PTQ/profiling_results/trtexec/kitti_images_fp32.bin
[09/30/2026-18:17:32] [I] Debug Tensor Save Destinations:
[09/30/2026-18:17:32] [I] Dump All Debug Tensor in Formats: 
[09/30/2026-18:17:32] [I] === Reporting Options ===
[09/30/2026-18:17:32] [I] Verbose: Disabled
[09/30/2026-18:17:32] [I] Averages: 10 inferences
[09/30/2026-18:17:32] [I] Percentiles: 50,95
[09/30/2026-18:17:32] [I] Dump refittable layers:Disabled
[09/30/2026-18:17:32] [I] Dump output: Disabled
[09/30/2026-18:17:32] [I] Profile: Enabled
[09/30/2026-18:17:32] [I] Export timing to JSON file: C:\Users\dxu1\Desktop\Dissertation\PTQ\profiling_results\trtexec\kitti_run3_times.json
[09/30/2026-18:17:32] [I] Export output to JSON file: 
[09/30/2026-18:17:32] [I] Export profile to JSON file: C:\Users\dxu1\Desktop\Dissertation\PTQ\profiling_results\trtexec\kitti_run3_profile.json
[09/30/2026-18:17:32] [I] 
[09/30/2026-18:17:32] [I] === Device Information ===
[09/30/2026-18:17:32] [I] Available Devices: 
[09/30/2026-18:17:32] [I]   Device 0: "NVIDIA RTX A2000" UUID: GPU-a0aa0f21-a2f1-4018-b27b-236640f36d02
[09/30/2026-18:17:32] [I] Selected Device: NVIDIA RTX A2000
[09/30/2026-18:17:32] [I] Selected Device ID: 0
[09/30/2026-18:17:32] [I] Selected Device UUID: GPU-a0aa0f21-a2f1-4018-b27b-236640f36d02
[09/30/2026-18:17:32] [I] Compute Capability: 8.6
[09/30/2026-18:17:32] [I] SMs: 26
[09/30/2026-18:17:32] [I] Device Global Memory: 6137 MiB
[09/30/2026-18:17:32] [I] Shared Memory per SM: 100 KiB
[09/30/2026-18:17:32] [I] Memory Bus Width: 192 bits (ECC disabled)
[09/30/2026-18:17:32] [I] Application Compute Clock Rate: 1.2 GHz
[09/30/2026-18:17:32] [I] Application Memory Clock Rate: 6.001 GHz
[09/30/2026-18:17:32] [I] 
[09/30/2026-18:17:32] [I] Note: The application clock rates do not reflect the actual clock rates that the GPU is currently running at.
[09/30/2026-18:17:32] [I] 
[09/30/2026-18:17:32] [I] TensorRT version: 11.3.0
[09/30/2026-18:17:32] [I] Loading standard plugins
[09/30/2026-18:17:32] [I] Engine deserialized in 0.109444 sec.
[09/30/2026-18:17:33] [I] [TRT] [MemUsageChange] TensorRT-managed allocation in IExecutionContext creation: CPU +0, GPU +17, now: CPU 0, GPU 91 (MiB)
[09/30/2026-18:17:33] [I] Setting persistentCacheLimit to 0 bytes.
[09/30/2026-18:17:33] [I] Created execution context with device memory size: 17.0532 MiB
[09/30/2026-18:17:33] [I] Using values loaded from PTQ/profiling_results/trtexec/kitti_images_fp32.bin for input images
[09/30/2026-18:17:33] [I] Input binding for images with dimensions 1x3x640x640 and type fp32 is created.
[09/30/2026-18:17:33] [I] Output binding for output0 with dimensions 1x12x8400 and type fp32 is created.
[09/30/2026-18:17:33] [I] Starting inference
[09/30/2026-18:17:33] [I] Capturing CUDA graph for the current execution context
[09/30/2026-18:17:33] [I] Successfully captured CUDA graph for the current execution context. When profiling with Nsight Systems, add "--cuda-graph-trace=node" to the nsys command to see per-kernel execution times.
[09/30/2026-18:17:49] [I] Warmup completed 355 queries over 1000 ms
[09/30/2026-18:17:49] [I] Timing trace has 5440 queries over 15.0054 s
[09/30/2026-18:17:49] [I] 
[09/30/2026-18:17:49] [I] === Trace details ===
[09/30/2026-18:17:49] [I] Trace averages of 10 runs:
[09/30/2026-18:17:49] [I] Average on 10 runs - GPU latency: 2.69402 ms - Host latency: 2.69402 ms (enqueue 0.0314514 ms)
[09/30/2026-18:17:49] [I] Average on 10 runs - GPU latency: 2.68411 ms - Host latency: 2.68411 ms (enqueue 0.0303833 ms)
[09/30/2026-18:17:49] [I] Average on 10 runs - GPU latency: 2.68745 ms - Host latency: 2.68745 ms (enqueue 0.0272583 ms)
[09/30/2026-18:17:49] [I] Average on 10 runs - GPU latency: 2.62306 ms - Host latency: 2.62306 ms (enqueue 0.0276855 ms)
[09/30/2026-18:17:49] [I] Average on 10 runs - GPU latency: 2.68782 ms - Host latency: 2.68782 ms (enqueue 0.0341797 ms)
[09/30/2026-18:17:49] [I] Average on 10 runs - GPU latency: 2.67839 ms - Host latency: 2.67839 ms (enqueue 0.0317017 ms)
[09/30/2026-18:17:49] [I] Average on 10 runs - GPU latency: 2.69076 ms - Host latency: 2.69076 ms (enqueue 0.034668 ms)
[09/30/2026-18:17:49] [I] Average on 10 runs - GPU latency: 2.6844 ms - Host latency: 2.6844 ms (enqueue 0.0336426 ms)
[09/30/2026-18:17:49] [I] Average on 10 runs - GPU latency: 2.62483 ms - Host latency: 2.62483 ms (enqueue 0.0350098 ms)
[09/30/2026-18:17:49] [I] Average on 10 runs - GPU latency: 2.67733 ms - Host latency: 2.67733 ms (enqueue 0.0316406 ms)
[09/30/2026-18:17:49] [I] Average on 10 runs - GPU latency: 2.69335 ms - Host latency: 2.69335 ms (enqueue 0.0321899 ms)
[09/30/2026-18:17:49] [I] Average on 10 runs - GPU latency: 2.70232 ms - Host latency: 2.70232 ms (enqueue 0.0317261 ms)
[09/30/2026-18:17:49] [I] Average on 10 runs - GPU latency: 2.68829 ms - Host latency: 2.68829 ms (enqueue 0.0305664 ms)
[09/30/2026-18:17:49] [I] Average on 10 runs - GPU latency: 2.61962 ms - Host latency: 2.61962 ms (enqueue 0.0318115 ms)
[09/30/2026-18:17:49] [I] Average on 10 runs - GPU latency: 2.6845 ms - Host latency: 2.6845 ms (enqueue 0.0300049 ms)
[09/30/2026-18:17:49] [I] Average on 10 runs - GPU latency: 2.68657 ms - Host latency: 2.68657 ms (enqueue 0.0316772 ms)
[09/30/2026-18:17:49] [I] Average on 10 runs - GPU latency: 2.70171 ms - Host latency: 2.70171 ms (enqueue 0.0316406 ms)
[09/30/2026-18:17:49] [I] Average on 10 runs - GPU latency: 2.69086 ms - Host latency: 2.69086 ms (enqueue 0.029834 ms)
[09/30/2026-18:17:49] [I] Average on 10 runs - GPU latency: 2.62213 ms - Host latency: 2.62213 ms (enqueue 0.0218994 ms)
[09/30/2026-18:17:49] [I] Average on 10 runs - GPU latency: 2.6847 ms - Host latency: 2.6847 ms (enqueue 0.0264893 ms)
[09/30/2026-18:17:49] [I] Average on 10 runs - GPU latency: 2.683 ms - Host latency: 2.683 ms (enqueue 0.0330566 ms)
[09/30/2026-18:17:49] [I] Average on 10 runs - GPU latency: 2.68453 ms - Host latency: 2.68453 ms (enqueue 0.0249756 ms)
[09/30/2026-18:17:49] [I] Average on 10 runs - GPU latency: 2.6887 ms - Host latency: 2.6887 ms (enqueue 0.0314575 ms)
[09/30/2026-18:17:49] [I] Average on 10 runs - GPU latency: 2.61842 ms - Host latency: 2.61842 ms (enqueue 0.0282471 ms)
[09/30/2026-18:17:49] [I] Average on 10 runs - GPU latency: 2.68843 ms - Host latency: 2.68843 ms (enqueue 0.024646 ms)
[09/30/2026-18:17:49] [I] Average on 10 runs - GPU latency: 2.68882 ms - Host latency: 2.68882 ms (enqueue 0.0293457 ms)
[09/30/2026-18:17:49] [I] Average on 10 runs - GPU latency: 2.68156 ms - Host latency: 2.68156 ms (enqueue 0.0341919 ms)
[09/30/2026-18:17:49] [I] Average on 10 runs - GPU latency: 2.68772 ms - Host latency: 2.68772 ms (enqueue 0.0378906 ms)
[09/30/2026-18:17:49] [I] Average on 10 runs - GPU latency: 2.62115 ms - Host latency: 2.62115 ms (enqueue 0.0297974 ms)
[09/30/2026-18:17:49] [I] Average on 10 runs - GPU latency: 2.68892 ms - Host latency: 2.68892 ms (enqueue 0.0304443 ms)
[09/30/2026-18:17:49] [I] Average on 10 runs - GPU latency: 2.68204 ms - Host latency: 2.68204 ms (enqueue 0.0332153 ms)
[09/30/2026-18:17:49] [I] Average on 10 runs - GPU latency: 2.68219 ms - Host latency: 2.68219 ms (enqueue 0.0280884 ms)
[09/30/2026-18:17:49] [I] Average on 10 runs - GPU latency: 2.69065 ms - Host latency: 2.69065 ms (enqueue 0.0216309 ms)
[09/30/2026-18:17:49] [I] Average on 10 runs - GPU latency: 2.62463 ms - Host latency: 2.62463 ms (enqueue 0.0311279 ms)
[09/30/2026-18:17:49] [I] Average on 10 runs - GPU latency: 2.7144 ms - Host latency: 2.7144 ms (enqueue 0.0319092 ms)
[09/30/2026-18:17:49] [I] Average on 10 runs - GPU latency: 2.68615 ms - Host latency: 2.68615 ms (enqueue 0.0326782 ms)
[09/30/2026-18:17:49] [I] Average on 10 runs - GPU latency: 2.68219 ms - Host latency: 2.68219 ms (enqueue 0.0341064 ms)
[09/30/2026-18:17:49] [I] Average on 10 runs - GPU latency: 2.68431 ms - Host latency: 2.68431 ms (enqueue 0.0350586 ms)
[09/30/2026-18:17:49] [I] Average on 10 runs - GPU latency: 2.61971 ms - Host latency: 2.61971 ms (enqueue 0.0323364 ms)
[09/30/2026-18:17:49] [I] Average on 10 runs - GPU latency: 2.68865 ms - Host latency: 2.68865 ms (enqueue 0.0328613 ms)
[09/30/2026-18:17:49] [I] Average on 10 runs - GPU latency: 2.69045 ms - Host latency: 2.69045 ms (enqueue 0.0318604 ms)
[09/30/2026-18:17:49] [I] Average on 10 runs - GPU latency: 2.69006 ms - Host latency: 2.69006 ms (enqueue 0.0302246 ms)
[09/30/2026-18:17:49] [I] Average on 10 runs - GPU latency: 2.6854 ms - Host latency: 2.6854 ms (enqueue 0.0302734 ms)
[09/30/2026-18:17:49] [I] Average on 10 runs - GPU latency: 2.62043 ms - Host latency: 2.62043 ms (enqueue 0.0303467 ms)
[09/30/2026-18:17:49] [I] Average on 10 runs - GPU latency: 2.69277 ms - Host latency: 2.69277 ms (enqueue 0.0298584 ms)
[09/30/2026-18:17:49] [I] Average on 10 runs - GPU latency: 2.69062 ms - Host latency: 2.69062 ms (enqueue 0.0230225 ms)
[09/30/2026-18:17:49] [I] Average on 10 runs - GPU latency: 2.68789 ms - Host latency: 2.68789 ms (enqueue 0.0312744 ms)
[09/30/2026-18:17:49] [I] Average on 10 runs - GPU latency: 2.68762 ms - Host latency: 2.68762 ms (enqueue 0.0287842 ms)
[09/30/2026-18:17:49] [I] Average on 10 runs - GPU latency: 2.62046 ms - Host latency: 2.62046 ms (enqueue 0.0283447 ms)
[09/30/2026-18:17:49] [I] Average on 10 runs - GPU latency: 2.69001 ms - Host latency: 2.69001 ms (enqueue 0.0307861 ms)
[09/30/2026-18:17:49] [I] Average on 10 runs - GPU latency: 2.6937 ms - Host latency: 2.6937 ms (enqueue 0.0296143 ms)
[09/30/2026-18:17:49] [I] Average on 10 runs - GPU latency: 2.69187 ms - Host latency: 2.69187 ms (enqueue 0.0341309 ms)
[09/30/2026-18:17:49] [I] Average on 10 runs - GPU latency: 2.69648 ms - Host latency: 2.69648 ms (enqueue 0.0269775 ms)
[09/30/2026-18:17:49] [I] Average on 10 runs - GPU latency: 2.68735 ms - Host latency: 2.68735 ms (enqueue 0.0315918 ms)
[09/30/2026-18:17:49] [I] Average on 10 runs - GPU latency: 2.61963 ms - Host latency: 2.61963 ms (enqueue 0.0283203 ms)
[09/30/2026-18:17:49] [I] Average on 10 runs - GPU latency: 2.6905 ms - Host latency: 2.6905 ms (enqueue 0.0325684 ms)
[09/30/2026-18:17:49] [I] Average on 10 runs - GPU latency: 2.68989 ms - Host latency: 2.68989 ms (enqueue 0.0342285 ms)
[09/30/2026-18:17:49] [I] Average on 10 runs - GPU latency: 2.76667 ms - Host latency: 2.76667 ms (enqueue 0.0308594 ms)
[09/30/2026-18:17:49] [I] Average on 10 runs - GPU latency: 2.75349 ms - Host latency: 2.75349 ms (enqueue 0.0332764 ms)
[09/30/2026-18:17:49] [I] Average on 10 runs - GPU latency: 2.68596 ms - Host latency: 2.68596 ms (enqueue 0.0326904 ms)
[09/30/2026-18:17:49] [I] Average on 10 runs - GPU latency: 2.7637 ms - Host latency: 2.7637 ms (enqueue 0.0308105 ms)
[09/30/2026-18:17:49] [I] Average on 10 runs - GPU latency: 2.75596 ms - Host latency: 2.75596 ms (enqueue 0.0327637 ms)
[09/30/2026-18:17:49] [I] Average on 10 runs - GPU latency: 2.6885 ms - Host latency: 2.6885 ms (enqueue 0.0298828 ms)
[09/30/2026-18:17:49] [I] Average on 10 runs - GPU latency: 2.7478 ms - Host latency: 2.7478 ms (enqueue 0.0231201 ms)
[09/30/2026-18:17:49] [I] Average on 10 runs - GPU latency: 2.62322 ms - Host latency: 2.62322 ms (enqueue 0.0263184 ms)
[09/30/2026-18:17:49] [I] Average on 10 runs - GPU latency: 2.76289 ms - Host latency: 2.76289 ms (enqueue 0.0327148 ms)
[09/30/2026-18:17:49] [I] Average on 10 runs - GPU latency: 2.7656 ms - Host latency: 2.7656 ms (enqueue 0.0331055 ms)
[09/30/2026-18:17:49] [I] Average on 10 runs - GPU latency: 2.69822 ms - Host latency: 2.69822 ms (enqueue 0.0257568 ms)
[09/30/2026-18:17:49] [I] Average on 10 runs - GPU latency: 2.75769 ms - Host latency: 2.75769 ms (enqueue 0.0307861 ms)
[09/30/2026-18:17:49] [I] Average on 10 runs - GPU latency: 2.75798 ms - Host latency: 2.75798 ms (enqueue 0.0218262 ms)
[09/30/2026-18:17:49] [I] Average on 10 runs - GPU latency: 2.6187 ms - Host latency: 2.6187 ms (enqueue 0.037793 ms)
[09/30/2026-18:17:49] [I] Average on 10 runs - GPU latency: 2.75505 ms - Host latency: 2.75505 ms (enqueue 0.0352051 ms)
[09/30/2026-18:17:49] [I] Average on 10 runs - GPU latency: 2.75552 ms - Host latency: 2.75552 ms (enqueue 0.0333984 ms)
[09/30/2026-18:17:49] [I] Average on 10 runs - GPU latency: 2.68125 ms - Host latency: 2.68125 ms (enqueue 0.0348389 ms)
[09/30/2026-18:17:49] [I] Average on 10 runs - GPU latency: 2.76184 ms - Host latency: 2.76184 ms (enqueue 0.0318604 ms)
[09/30/2026-18:17:49] [I] Average on 10 runs - GPU latency: 2.69543 ms - Host latency: 2.69543 ms (enqueue 0.0321289 ms)
[09/30/2026-18:17:49] [I] Average on 10 runs - GPU latency: 2.69094 ms - Host latency: 2.69094 ms (enqueue 0.0328857 ms)
[09/30/2026-18:17:49] [I] Average on 10 runs - GPU latency: 2.75784 ms - Host latency: 2.75784 ms (enqueue 0.0313965 ms)
[09/30/2026-18:17:49] [I] Average on 10 runs - GPU latency: 2.68184 ms - Host latency: 2.68184 ms (enqueue 0.0339355 ms)
[09/30/2026-18:17:49] [I] Average on 10 runs - GPU latency: 2.75959 ms - Host latency: 2.75959 ms (enqueue 0.0325684 ms)
[09/30/2026-18:17:49] [I] Average on 10 runs - GPU latency: 2.68259 ms - Host latency: 2.68259 ms (enqueue 0.0314941 ms)
[09/30/2026-18:17:49] [I] Average on 10 runs - GPU latency: 2.62036 ms - Host latency: 2.62036 ms (enqueue 0.0349854 ms)
[09/30/2026-18:17:49] [I] Average on 10 runs - GPU latency: 2.68435 ms - Host latency: 2.68435 ms (enqueue 0.0358154 ms)
[09/30/2026-18:17:49] [I] Average on 10 runs - GPU latency: 2.69695 ms - Host latency: 2.69695 ms (enqueue 0.0325684 ms)
[09/30/2026-18:17:49] [I] Average on 10 runs - GPU latency: 2.69355 ms - Host latency: 2.69355 ms (enqueue 0.0341797 ms)
[09/30/2026-18:17:49] [I] Average on 10 runs - GPU latency: 2.6895 ms - Host latency: 2.6895 ms (enqueue 0.0330566 ms)
[09/30/2026-18:17:49] [I] Average on 10 runs - GPU latency: 2.62676 ms - Host latency: 2.62676 ms (enqueue 0.0326416 ms)
[09/30/2026-18:17:49] [I] Average on 10 runs - GPU latency: 2.68755 ms - Host latency: 2.68755 ms (enqueue 0.0338379 ms)
[09/30/2026-18:17:49] [I] Average on 10 runs - GPU latency: 2.68518 ms - Host latency: 2.68518 ms (enqueue 0.0353027 ms)
[09/30/2026-18:17:49] [I] Average on 10 runs - GPU latency: 2.68008 ms - Host latency: 2.68008 ms (enqueue 0.0323975 ms)
[09/30/2026-18:17:49] [I] Average on 10 runs - GPU latency: 2.69121 ms - Host latency: 2.69121 ms (enqueue 0.0353027 ms)
[09/30/2026-18:17:49] [I] Average on 10 runs - GPU latency: 2.61948 ms - Host latency: 2.61948 ms (enqueue 0.032666 ms)
[09/30/2026-18:17:49] [I] Average on 10 runs - GPU latency: 2.6908 ms - Host latency: 2.6908 ms (enqueue 0.0345947 ms)
[09/30/2026-18:17:49] [I] Average on 10 runs - GPU latency: 2.68345 ms - Host latency: 2.68345 ms (enqueue 0.0325928 ms)
[09/30/2026-18:17:49] [I] Average on 10 runs - GPU latency: 2.73323 ms - Host latency: 2.73323 ms (enqueue 0.0347656 ms)
[09/30/2026-18:17:49] [I] Average on 10 runs - GPU latency: 2.71895 ms - Host latency: 2.71895 ms (enqueue 0.0324219 ms)
[09/30/2026-18:17:49] [I] Average on 10 runs - GPU latency: 2.62024 ms - Host latency: 2.62024 ms (enqueue 0.0357666 ms)
[09/30/2026-18:17:49] [I] Average on 10 runs - GPU latency: 2.69719 ms - Host latency: 2.69719 ms (enqueue 0.0355957 ms)
[09/30/2026-18:17:49] [I] Average on 10 runs - GPU latency: 2.68872 ms - Host latency: 2.68872 ms (enqueue 0.0336182 ms)
[09/30/2026-18:17:49] [I] Average on 10 runs - GPU latency: 2.68711 ms - Host latency: 2.68711 ms (enqueue 0.0343018 ms)
[09/30/2026-18:17:49] [I] Average on 10 runs - GPU latency: 2.68 ms - Host latency: 2.68 ms (enqueue 0.0345459 ms)
[09/30/2026-18:17:49] [I] Average on 10 runs - GPU latency: 2.61865 ms - Host latency: 2.61865 ms (enqueue 0.0365479 ms)
[09/30/2026-18:17:49] [I] Average on 10 runs - GPU latency: 2.68286 ms - Host latency: 2.68286 ms (enqueue 0.0362305 ms)
[09/30/2026-18:17:49] [I] Average on 10 runs - GPU latency: 2.6863 ms - Host latency: 2.6863 ms (enqueue 0.0323242 ms)
[09/30/2026-18:17:49] [I] Average on 10 runs - GPU latency: 2.68779 ms - Host latency: 2.68779 ms (enqueue 0.0348877 ms)
[09/30/2026-18:17:49] [I] Average on 10 runs - GPU latency: 2.69521 ms - Host latency: 2.69521 ms (enqueue 0.0328125 ms)
[09/30/2026-18:17:49] [I] Average on 10 runs - GPU latency: 2.62688 ms - Host latency: 2.62688 ms (enqueue 0.0344238 ms)
[09/30/2026-18:17:49] [I] Average on 10 runs - GPU latency: 2.67776 ms - Host latency: 2.67776 ms (enqueue 0.0337891 ms)
[09/30/2026-18:17:49] [I] Average on 10 runs - GPU latency: 2.68472 ms - Host latency: 2.68472 ms (enqueue 0.033374 ms)
[09/30/2026-18:17:49] [I] Average on 10 runs - GPU latency: 2.69285 ms - Host latency: 2.69285 ms (enqueue 0.0347168 ms)
[09/30/2026-18:17:49] [I] Average on 10 runs - GPU latency: 2.68252 ms - Host latency: 2.68252 ms (enqueue 0.036084 ms)
[09/30/2026-18:17:49] [I] Average on 10 runs - GPU latency: 2.62188 ms - Host latency: 2.62188 ms (enqueue 0.0341553 ms)
[09/30/2026-18:17:49] [I] Average on 10 runs - GPU latency: 2.69434 ms - Host latency: 2.69434 ms (enqueue 0.0549072 ms)
[09/30/2026-18:17:49] [I] Average on 10 runs - GPU latency: 2.68572 ms - Host latency: 2.68572 ms (enqueue 0.032373 ms)
[09/30/2026-18:17:49] [I] Average on 10 runs - GPU latency: 2.69878 ms - Host latency: 2.69878 ms (enqueue 0.033667 ms)
[09/30/2026-18:17:49] [I] Average on 10 runs - GPU latency: 2.68496 ms - Host latency: 2.68496 ms (enqueue 0.0331299 ms)
[09/30/2026-18:17:49] [I] Average on 10 runs - GPU latency: 2.62505 ms - Host latency: 2.62505 ms (enqueue 0.0334473 ms)
[09/30/2026-18:17:49] [I] Average on 10 runs - GPU latency: 2.6834 ms - Host latency: 2.6834 ms (enqueue 0.0311523 ms)
[09/30/2026-18:17:49] [I] Average on 10 runs - GPU latency: 2.68774 ms - Host latency: 2.68774 ms (enqueue 0.0325684 ms)
[09/30/2026-18:17:49] [I] Average on 10 runs - GPU latency: 2.68491 ms - Host latency: 2.68491 ms (enqueue 0.0353027 ms)
[09/30/2026-18:17:49] [I] Average on 10 runs - GPU latency: 2.69004 ms - Host latency: 2.69004 ms (enqueue 0.0364746 ms)
[09/30/2026-18:17:49] [I] Average on 10 runs - GPU latency: 2.62236 ms - Host latency: 2.62236 ms (enqueue 0.0324707 ms)
[09/30/2026-18:17:49] [I] Average on 10 runs - GPU latency: 2.68901 ms - Host latency: 2.68901 ms (enqueue 0.0361816 ms)
[09/30/2026-18:17:49] [I] Average on 10 runs - GPU latency: 2.68589 ms - Host latency: 2.68589 ms (enqueue 0.0345215 ms)
[09/30/2026-18:17:49] [I] Average on 10 runs - GPU latency: 2.68433 ms - Host latency: 2.68433 ms (enqueue 0.0359375 ms)
[09/30/2026-18:17:49] [I] Average on 10 runs - GPU latency: 2.6979 ms - Host latency: 2.6979 ms (enqueue 0.032666 ms)
[09/30/2026-18:17:49] [I] Average on 10 runs - GPU latency: 2.65527 ms - Host latency: 2.65527 ms (enqueue 0.0334473 ms)
[09/30/2026-18:17:49] [I] Average on 10 runs - GPU latency: 2.65815 ms - Host latency: 2.65815 ms (enqueue 0.0325684 ms)
[09/30/2026-18:17:49] [I] Average on 10 runs - GPU latency: 2.6937 ms - Host latency: 2.6937 ms (enqueue 0.0305176 ms)
[09/30/2026-18:17:49] [I] Average on 10 runs - GPU latency: 2.68833 ms - Host latency: 2.68833 ms (enqueue 0.0342773 ms)
[09/30/2026-18:17:49] [I] Average on 10 runs - GPU latency: 2.68247 ms - Host latency: 2.68247 ms (enqueue 0.0329102 ms)
[09/30/2026-18:17:49] [I] Average on 10 runs - GPU latency: 2.65771 ms - Host latency: 2.65771 ms (enqueue 0.0308594 ms)
[09/30/2026-18:17:49] [I] Average on 10 runs - GPU latency: 2.65532 ms - Host latency: 2.65532 ms (enqueue 0.0330078 ms)
[09/30/2026-18:17:49] [I] Average on 10 runs - GPU latency: 2.69204 ms - Host latency: 2.69204 ms (enqueue 0.0332031 ms)
[09/30/2026-18:17:49] [I] Average on 10 runs - GPU latency: 2.68438 ms - Host latency: 2.68438 ms (enqueue 0.0324219 ms)
[09/30/2026-18:17:49] [I] Average on 10 runs - GPU latency: 2.69507 ms - Host latency: 2.69507 ms (enqueue 0.0341309 ms)
[09/30/2026-18:17:49] [I] Average on 10 runs - GPU latency: 2.6874 ms - Host latency: 2.6874 ms (enqueue 0.0331055 ms)
[09/30/2026-18:17:49] [I] Average on 10 runs - GPU latency: 2.62041 ms - Host latency: 2.62041 ms (enqueue 0.0338379 ms)
[09/30/2026-18:17:49] [I] Average on 10 runs - GPU latency: 2.69067 ms - Host latency: 2.69067 ms (enqueue 0.0356445 ms)
[09/30/2026-18:17:49] [I] Average on 10 runs - GPU latency: 2.68999 ms - Host latency: 2.68999 ms (enqueue 0.0325684 ms)
[09/30/2026-18:17:49] [I] Average on 10 runs - GPU latency: 2.6916 ms - Host latency: 2.6916 ms (enqueue 0.0302734 ms)
[09/30/2026-18:17:49] [I] Average on 10 runs - GPU latency: 2.6959 ms - Host latency: 2.6959 ms (enqueue 0.0289551 ms)
[09/30/2026-18:17:49] [I] Average on 10 runs - GPU latency: 2.62627 ms - Host latency: 2.62627 ms (enqueue 0.0325684 ms)
[09/30/2026-18:17:49] [I] Average on 10 runs - GPU latency: 2.71934 ms - Host latency: 2.71934 ms (enqueue 0.03125 ms)
[09/30/2026-18:17:49] [I] Average on 10 runs - GPU latency: 2.69341 ms - Host latency: 2.69341 ms (enqueue 0.0229492 ms)
[09/30/2026-18:17:49] [I] Average on 10 runs - GPU latency: 2.68799 ms - Host latency: 2.68799 ms (enqueue 0.0321289 ms)
[09/30/2026-18:17:49] [I] Average on 10 runs - GPU latency: 2.68364 ms - Host latency: 2.68364 ms (enqueue 0.0333984 ms)
[09/30/2026-18:17:49] [I] Average on 10 runs - GPU latency: 2.62007 ms - Host latency: 2.62007 ms (enqueue 0.0354492 ms)
[09/30/2026-18:17:49] [I] Average on 10 runs - GPU latency: 2.68911 ms - Host latency: 2.68911 ms (enqueue 0.0331543 ms)
[09/30/2026-18:17:49] [I] Average on 10 runs - GPU latency: 2.68965 ms - Host latency: 2.68965 ms (enqueue 0.0313477 ms)
[09/30/2026-18:17:49] [I] Average on 10 runs - GPU latency: 2.68457 ms - Host latency: 2.68457 ms (enqueue 0.0330566 ms)
[09/30/2026-18:17:49] [I] Average on 10 runs - GPU latency: 2.69536 ms - Host latency: 2.69536 ms (enqueue 0.0333984 ms)
[09/30/2026-18:17:49] [I] Average on 10 runs - GPU latency: 2.62578 ms - Host latency: 2.62578 ms (enqueue 0.0335938 ms)
[09/30/2026-18:17:49] [I] Average on 10 runs - GPU latency: 2.68784 ms - Host latency: 2.68784 ms (enqueue 0.033252 ms)
[09/30/2026-18:17:49] [I] Average on 10 runs - GPU latency: 2.69258 ms - Host latency: 2.69258 ms (enqueue 0.0307129 ms)
[09/30/2026-18:17:49] [I] Average on 10 runs - GPU latency: 2.69097 ms - Host latency: 2.69097 ms (enqueue 0.0331543 ms)
[09/30/2026-18:17:49] [I] Average on 10 runs - GPU latency: 2.68535 ms - Host latency: 2.68535 ms (enqueue 0.0324219 ms)
[09/30/2026-18:17:49] [I] Average on 10 runs - GPU latency: 2.62017 ms - Host latency: 2.62017 ms (enqueue 0.0327637 ms)
[09/30/2026-18:17:49] [I] Average on 10 runs - GPU latency: 2.68613 ms - Host latency: 2.68613 ms (enqueue 0.0358887 ms)
[09/30/2026-18:17:49] [I] Average on 10 runs - GPU latency: 2.69067 ms - Host latency: 2.69067 ms (enqueue 0.0329102 ms)
[09/30/2026-18:17:49] [I] Average on 10 runs - GPU latency: 2.6855 ms - Host latency: 2.6855 ms (enqueue 0.0351562 ms)
[09/30/2026-18:17:49] [I] Average on 10 runs - GPU latency: 2.6877 ms - Host latency: 2.6877 ms (enqueue 0.0333496 ms)
[09/30/2026-18:17:49] [I] Average on 10 runs - GPU latency: 2.62197 ms - Host latency: 2.62197 ms (enqueue 0.0325195 ms)
[09/30/2026-18:17:49] [I] Average on 10 runs - GPU latency: 2.68765 ms - Host latency: 2.68765 ms (enqueue 0.032959 ms)
[09/30/2026-18:17:49] [I] Average on 10 runs - GPU latency: 2.69082 ms - Host latency: 2.69082 ms (enqueue 0.0333496 ms)
[09/30/2026-18:17:49] [I] Average on 10 runs - GPU latency: 2.67495 ms - Host latency: 2.67495 ms (enqueue 0.0351074 ms)
[09/30/2026-18:17:49] [I] Average on 10 runs - GPU latency: 2.69292 ms - Host latency: 2.69292 ms (enqueue 0.0321289 ms)
[09/30/2026-18:17:49] [I] Average on 10 runs - GPU latency: 2.6229 ms - Host latency: 2.6229 ms (enqueue 0.0333008 ms)
[09/30/2026-18:17:49] [I] Average on 10 runs - GPU latency: 2.68887 ms - Host latency: 2.68887 ms (enqueue 0.0326172 ms)
[09/30/2026-18:17:49] [I] Average on 10 runs - GPU latency: 2.68828 ms - Host latency: 2.68828 ms (enqueue 0.0349121 ms)
[09/30/2026-18:17:49] [I] Average on 10 runs - GPU latency: 2.68887 ms - Host latency: 2.68887 ms (enqueue 0.0364258 ms)
[09/30/2026-18:17:49] [I] Average on 10 runs - GPU latency: 2.67764 ms - Host latency: 2.67764 ms (enqueue 0.0333008 ms)
[09/30/2026-18:17:49] [I] Average on 10 runs - GPU latency: 2.62354 ms - Host latency: 2.62354 ms (enqueue 0.0319336 ms)
[09/30/2026-18:17:49] [I] Average on 10 runs - GPU latency: 2.69106 ms - Host latency: 2.69106 ms (enqueue 0.0346191 ms)
[09/30/2026-18:17:49] [I] Average on 10 runs - GPU latency: 2.69351 ms - Host latency: 2.69351 ms (enqueue 0.0337891 ms)
[09/30/2026-18:17:49] [I] Average on 10 runs - GPU latency: 2.68965 ms - Host latency: 2.68965 ms (enqueue 0.0328613 ms)
[09/30/2026-18:17:49] [I] Average on 10 runs - GPU latency: 2.68901 ms - Host latency: 2.68901 ms (enqueue 0.0313965 ms)
[09/30/2026-18:17:49] [I] Average on 10 runs - GPU latency: 2.62007 ms - Host latency: 2.62007 ms (enqueue 0.0321777 ms)
[09/30/2026-18:17:49] [I] Average on 10 runs - GPU latency: 2.69326 ms - Host latency: 2.69326 ms (enqueue 0.0339844 ms)
[09/30/2026-18:17:49] [I] Average on 10 runs - GPU latency: 2.68228 ms - Host latency: 2.68228 ms (enqueue 0.0330566 ms)
[09/30/2026-18:17:49] [I] Average on 10 runs - GPU latency: 2.67559 ms - Host latency: 2.67559 ms (enqueue 0.0467285 ms)
[09/30/2026-18:17:49] [I] Average on 10 runs - GPU latency: 2.68345 ms - Host latency: 2.68345 ms (enqueue 0.0317383 ms)
[09/30/2026-18:17:49] [I] Average on 10 runs - GPU latency: 2.6209 ms - Host latency: 2.6209 ms (enqueue 0.0319336 ms)
[09/30/2026-18:17:49] [I] Average on 10 runs - GPU latency: 2.68389 ms - Host latency: 2.68389 ms (enqueue 0.0320312 ms)
[09/30/2026-18:17:49] [I] Average on 10 runs - GPU latency: 2.68564 ms - Host latency: 2.68564 ms (enqueue 0.0316406 ms)
[09/30/2026-18:17:49] [I] Average on 10 runs - GPU latency: 2.68999 ms - Host latency: 2.68999 ms (enqueue 0.0328613 ms)
[09/30/2026-18:17:49] [I] Average on 10 runs - GPU latency: 2.69868 ms - Host latency: 2.69868 ms (enqueue 0.0329102 ms)
[09/30/2026-18:17:49] [I] Average on 10 runs - GPU latency: 2.69258 ms - Host latency: 2.69258 ms (enqueue 0.0326172 ms)
[09/30/2026-18:17:49] [I] Average on 10 runs - GPU latency: 2.61919 ms - Host latency: 2.61919 ms (enqueue 0.0321777 ms)
[09/30/2026-18:17:49] [I] Average on 10 runs - GPU latency: 2.69619 ms - Host latency: 2.69619 ms (enqueue 0.0342773 ms)
[09/30/2026-18:17:49] [I] Average on 10 runs - GPU latency: 2.68687 ms - Host latency: 2.68687 ms (enqueue 0.0348633 ms)
[09/30/2026-18:17:49] [I] Average on 10 runs - GPU latency: 2.68394 ms - Host latency: 2.68394 ms (enqueue 0.0339844 ms)
[09/30/2026-18:17:49] [I] Average on 10 runs - GPU latency: 2.69492 ms - Host latency: 2.69492 ms (enqueue 0.0319824 ms)
[09/30/2026-18:17:49] [I] Average on 10 runs - GPU latency: 2.6209 ms - Host latency: 2.6209 ms (enqueue 0.0303223 ms)
[09/30/2026-18:17:49] [I] Average on 10 runs - GPU latency: 2.69023 ms - Host latency: 2.69023 ms (enqueue 0.0282715 ms)
[09/30/2026-18:17:49] [I] Average on 10 runs - GPU latency: 2.69878 ms - Host latency: 2.69878 ms (enqueue 0.0286621 ms)
[09/30/2026-18:17:49] [I] Average on 10 runs - GPU latency: 2.69175 ms - Host latency: 2.69175 ms (enqueue 0.0318848 ms)
[09/30/2026-18:17:49] [I] Average on 10 runs - GPU latency: 2.68491 ms - Host latency: 2.68491 ms (enqueue 0.0318359 ms)
[09/30/2026-18:17:49] [I] Average on 10 runs - GPU latency: 2.62192 ms - Host latency: 2.62192 ms (enqueue 0.0300781 ms)
[09/30/2026-18:17:49] [I] Average on 10 runs - GPU latency: 2.6915 ms - Host latency: 2.6915 ms (enqueue 0.0308594 ms)
[09/30/2026-18:17:49] [I] ... Omitting 1440 lines
[09/30/2026-18:17:49] [I] Average on 10 runs - GPU latency: 2.80127 ms - Host latency: 2.80127 ms (enqueue 0.0303711 ms)
[09/30/2026-18:17:49] [I] Average on 10 runs - GPU latency: 2.80859 ms - Host latency: 2.80859 ms (enqueue 0.0333008 ms)
[09/30/2026-18:17:49] [I] Average on 10 runs - GPU latency: 2.79814 ms - Host latency: 2.79814 ms (enqueue 0.0325195 ms)
[09/30/2026-18:17:49] [I] Average on 10 runs - GPU latency: 2.74336 ms - Host latency: 2.74336 ms (enqueue 0.028125 ms)
[09/30/2026-18:17:49] [I] Average on 10 runs - GPU latency: 2.81729 ms - Host latency: 2.81729 ms (enqueue 0.0499023 ms)
[09/30/2026-18:17:49] [I] Average on 10 runs - GPU latency: 2.82188 ms - Host latency: 2.82188 ms (enqueue 0.0319336 ms)
[09/30/2026-18:17:49] [I] Average on 10 runs - GPU latency: 2.82256 ms - Host latency: 2.82256 ms (enqueue 0.028125 ms)
[09/30/2026-18:17:49] [I] Average on 10 runs - GPU latency: 2.80693 ms - Host latency: 2.80693 ms (enqueue 0.0324219 ms)
[09/30/2026-18:17:49] [I] Average on 10 runs - GPU latency: 2.7501 ms - Host latency: 2.7501 ms (enqueue 0.0300781 ms)
[09/30/2026-18:17:49] [I] Average on 10 runs - GPU latency: 3.02012 ms - Host latency: 3.02012 ms (enqueue 0.0428711 ms)
[09/30/2026-18:17:49] [I] Average on 10 runs - GPU latency: 2.82021 ms - Host latency: 2.82021 ms (enqueue 0.0351562 ms)
[09/30/2026-18:17:49] [I] Average on 10 runs - GPU latency: 2.84736 ms - Host latency: 2.84736 ms (enqueue 0.0323242 ms)
[09/30/2026-18:17:49] [I] Average on 10 runs - GPU latency: 2.85684 ms - Host latency: 2.85684 ms (enqueue 0.0339844 ms)
[09/30/2026-18:17:49] [I] Average on 10 runs - GPU latency: 2.77119 ms - Host latency: 2.77119 ms (enqueue 0.0333008 ms)
[09/30/2026-18:17:49] [I] Average on 10 runs - GPU latency: 2.84521 ms - Host latency: 2.84521 ms (enqueue 0.0333008 ms)
[09/30/2026-18:17:49] [I] Average on 10 runs - GPU latency: 2.7749 ms - Host latency: 2.7749 ms (enqueue 0.0331055 ms)
[09/30/2026-18:17:49] [I] Average on 10 runs - GPU latency: 2.804 ms - Host latency: 2.804 ms (enqueue 0.0316406 ms)
[09/30/2026-18:17:49] [I] Average on 10 runs - GPU latency: 2.81084 ms - Host latency: 2.81084 ms (enqueue 0.0314453 ms)
[09/30/2026-18:17:49] [I] Average on 10 runs - GPU latency: 2.90293 ms - Host latency: 2.90293 ms (enqueue 0.0291992 ms)
[09/30/2026-18:17:49] [I] Average on 10 runs - GPU latency: 2.92793 ms - Host latency: 2.92793 ms (enqueue 0.0262695 ms)
[09/30/2026-18:17:49] [I] Average on 10 runs - GPU latency: 2.85186 ms - Host latency: 2.85186 ms (enqueue 0.0334961 ms)
[09/30/2026-18:17:49] [I] Average on 10 runs - GPU latency: 2.85645 ms - Host latency: 2.85645 ms (enqueue 0.0364258 ms)
[09/30/2026-18:17:49] [I] Average on 10 runs - GPU latency: 2.92812 ms - Host latency: 2.92812 ms (enqueue 0.0306641 ms)
[09/30/2026-18:17:49] [I] Average on 10 runs - GPU latency: 2.93066 ms - Host latency: 2.93066 ms (enqueue 0.0324219 ms)
[09/30/2026-18:17:49] [I] Average on 10 runs - GPU latency: 2.85566 ms - Host latency: 2.85566 ms (enqueue 0.0308594 ms)
[09/30/2026-18:17:49] [I] Average on 10 runs - GPU latency: 2.86924 ms - Host latency: 2.86924 ms (enqueue 0.0295898 ms)
[09/30/2026-18:17:49] [I] Average on 10 runs - GPU latency: 2.78213 ms - Host latency: 2.78213 ms (enqueue 0.0324219 ms)
[09/30/2026-18:17:49] [I] Average on 10 runs - GPU latency: 2.7916 ms - Host latency: 2.7916 ms (enqueue 0.0321289 ms)
[09/30/2026-18:17:49] [I] Average on 10 runs - GPU latency: 2.85654 ms - Host latency: 2.85654 ms (enqueue 0.0354492 ms)
[09/30/2026-18:17:49] [I] Average on 10 runs - GPU latency: 2.86504 ms - Host latency: 2.86504 ms (enqueue 0.0326172 ms)
[09/30/2026-18:17:49] [I] Average on 10 runs - GPU latency: 2.75938 ms - Host latency: 2.75938 ms (enqueue 0.0253906 ms)
[09/30/2026-18:17:49] [I] Average on 10 runs - GPU latency: 2.75859 ms - Host latency: 2.75859 ms (enqueue 0.0275391 ms)
[09/30/2026-18:17:49] [I] Average on 10 runs - GPU latency: 2.84111 ms - Host latency: 2.84111 ms (enqueue 0.0293945 ms)
[09/30/2026-18:17:49] [I] Average on 10 runs - GPU latency: 2.84541 ms - Host latency: 2.84541 ms (enqueue 0.0255859 ms)
[09/30/2026-18:17:49] [I] Average on 10 runs - GPU latency: 2.854 ms - Host latency: 2.854 ms (enqueue 0.03125 ms)
[09/30/2026-18:17:49] [I] Average on 10 runs - GPU latency: 2.86016 ms - Host latency: 2.86016 ms (enqueue 0.0292969 ms)
[09/30/2026-18:17:49] [I] Average on 10 runs - GPU latency: 2.86406 ms - Host latency: 2.86406 ms (enqueue 0.0456055 ms)
[09/30/2026-18:17:49] [I] Average on 10 runs - GPU latency: 2.79287 ms - Host latency: 2.79287 ms (enqueue 0.0331055 ms)
[09/30/2026-18:17:49] [I] Average on 10 runs - GPU latency: 2.8585 ms - Host latency: 2.8585 ms (enqueue 0.0324219 ms)
[09/30/2026-18:17:49] [I] Average on 10 runs - GPU latency: 2.86094 ms - Host latency: 2.86094 ms (enqueue 0.0289063 ms)
[09/30/2026-18:17:49] [I] Average on 10 runs - GPU latency: 2.80557 ms - Host latency: 2.80557 ms (enqueue 0.0303711 ms)
[09/30/2026-18:17:49] [I] Average on 10 runs - GPU latency: 2.80596 ms - Host latency: 2.80596 ms (enqueue 0.0328125 ms)
[09/30/2026-18:17:49] [I] Average on 10 runs - GPU latency: 2.79893 ms - Host latency: 2.79893 ms (enqueue 0.0303711 ms)
[09/30/2026-18:17:49] [I] Average on 10 runs - GPU latency: 2.73408 ms - Host latency: 2.73408 ms (enqueue 0.0335938 ms)
[09/30/2026-18:17:49] [I] Average on 10 runs - GPU latency: 2.84492 ms - Host latency: 2.84492 ms (enqueue 0.0330078 ms)
[09/30/2026-18:17:49] [I] Average on 10 runs - GPU latency: 2.83252 ms - Host latency: 2.83252 ms (enqueue 0.0339844 ms)
[09/30/2026-18:17:49] [I] Average on 10 runs - GPU latency: 2.80303 ms - Host latency: 2.80303 ms (enqueue 0.0311523 ms)
[09/30/2026-18:17:49] [I] Average on 10 runs - GPU latency: 2.78887 ms - Host latency: 2.78887 ms (enqueue 0.0337891 ms)
[09/30/2026-18:17:49] [I] Average on 10 runs - GPU latency: 2.78496 ms - Host latency: 2.78496 ms (enqueue 0.0322266 ms)
[09/30/2026-18:17:49] [I] Average on 10 runs - GPU latency: 2.78838 ms - Host latency: 2.78838 ms (enqueue 0.0333008 ms)
[09/30/2026-18:17:49] [I] Average on 10 runs - GPU latency: 2.72041 ms - Host latency: 2.72041 ms (enqueue 0.0338867 ms)
[09/30/2026-18:17:49] [I] Average on 10 runs - GPU latency: 2.79316 ms - Host latency: 2.79316 ms (enqueue 0.034668 ms)
[09/30/2026-18:17:49] [I] Average on 10 runs - GPU latency: 2.78701 ms - Host latency: 2.78701 ms (enqueue 0.0323242 ms)
[09/30/2026-18:17:49] [I] Average on 10 runs - GPU latency: 2.78887 ms - Host latency: 2.78887 ms (enqueue 0.0319336 ms)
[09/30/2026-18:17:49] [I] Average on 10 runs - GPU latency: 2.79102 ms - Host latency: 2.79102 ms (enqueue 0.031543 ms)
[09/30/2026-18:17:49] [I] Average on 10 runs - GPU latency: 2.78174 ms - Host latency: 2.78174 ms (enqueue 0.0330078 ms)
[09/30/2026-18:17:49] [I] Average on 10 runs - GPU latency: 2.7208 ms - Host latency: 2.7208 ms (enqueue 0.0326172 ms)
[09/30/2026-18:17:49] [I] Average on 10 runs - GPU latency: 2.77627 ms - Host latency: 2.77627 ms (enqueue 0.0332031 ms)
[09/30/2026-18:17:49] [I] Average on 10 runs - GPU latency: 2.79209 ms - Host latency: 2.79209 ms (enqueue 0.0320312 ms)
[09/30/2026-18:17:49] [I] Average on 10 runs - GPU latency: 2.7958 ms - Host latency: 2.7958 ms (enqueue 0.0304688 ms)
[09/30/2026-18:17:49] [I] Average on 10 runs - GPU latency: 2.79063 ms - Host latency: 2.79063 ms (enqueue 0.0304688 ms)
[09/30/2026-18:17:49] [I] Average on 10 runs - GPU latency: 2.80928 ms - Host latency: 2.80928 ms (enqueue 0.0265625 ms)
[09/30/2026-18:17:49] [I] Average on 10 runs - GPU latency: 2.74785 ms - Host latency: 2.74785 ms (enqueue 0.0337891 ms)
[09/30/2026-18:17:49] [I] Average on 10 runs - GPU latency: 2.81748 ms - Host latency: 2.81748 ms (enqueue 0.0279297 ms)
[09/30/2026-18:17:49] [I] Average on 10 runs - GPU latency: 2.81152 ms - Host latency: 2.81152 ms (enqueue 0.0327148 ms)
[09/30/2026-18:17:49] [I] Average on 10 runs - GPU latency: 2.8084 ms - Host latency: 2.8084 ms (enqueue 0.0334961 ms)
[09/30/2026-18:17:49] [I] Average on 10 runs - GPU latency: 2.82178 ms - Host latency: 2.82178 ms (enqueue 0.0319336 ms)
[09/30/2026-18:17:49] [I] Average on 10 runs - GPU latency: 2.8209 ms - Host latency: 2.8209 ms (enqueue 0.0334961 ms)
[09/30/2026-18:17:49] [I] Average on 10 runs - GPU latency: 2.75 ms - Host latency: 2.75 ms (enqueue 0.0280273 ms)
[09/30/2026-18:17:49] [I] Average on 10 runs - GPU latency: 2.81201 ms - Host latency: 2.81201 ms (enqueue 0.0272461 ms)
[09/30/2026-18:17:49] [I] Average on 10 runs - GPU latency: 2.80762 ms - Host latency: 2.80762 ms (enqueue 0.0244141 ms)
[09/30/2026-18:17:49] [I] Average on 10 runs - GPU latency: 2.82266 ms - Host latency: 2.82266 ms (enqueue 0.0327148 ms)
[09/30/2026-18:17:49] [I] Average on 10 runs - GPU latency: 2.81494 ms - Host latency: 2.81494 ms (enqueue 0.031543 ms)
[09/30/2026-18:17:49] [I] Average on 10 runs - GPU latency: 2.81338 ms - Host latency: 2.81338 ms (enqueue 0.0336914 ms)
[09/30/2026-18:17:49] [I] Average on 10 runs - GPU latency: 2.821 ms - Host latency: 2.821 ms (enqueue 0.0306641 ms)
[09/30/2026-18:17:49] [I] Average on 10 runs - GPU latency: 2.74756 ms - Host latency: 2.74756 ms (enqueue 0.0328125 ms)
[09/30/2026-18:17:49] [I] Average on 10 runs - GPU latency: 2.82324 ms - Host latency: 2.82324 ms (enqueue 0.0325195 ms)
[09/30/2026-18:17:49] [I] Average on 10 runs - GPU latency: 2.85156 ms - Host latency: 2.85156 ms (enqueue 0.0279297 ms)
[09/30/2026-18:17:49] [I] Average on 10 runs - GPU latency: 2.85303 ms - Host latency: 2.85303 ms (enqueue 0.0330078 ms)
[09/30/2026-18:17:49] [I] Average on 10 runs - GPU latency: 2.8416 ms - Host latency: 2.8416 ms (enqueue 0.0311523 ms)
[09/30/2026-18:17:49] [I] Average on 10 runs - GPU latency: 2.84521 ms - Host latency: 2.84521 ms (enqueue 0.0313477 ms)
[09/30/2026-18:17:49] [I] Average on 10 runs - GPU latency: 2.7748 ms - Host latency: 2.7748 ms (enqueue 0.0316406 ms)
[09/30/2026-18:17:49] [I] Average on 10 runs - GPU latency: 2.84814 ms - Host latency: 2.84814 ms (enqueue 0.0317383 ms)
[09/30/2026-18:17:49] [I] Average on 10 runs - GPU latency: 2.85293 ms - Host latency: 2.85293 ms (enqueue 0.0327148 ms)
[09/30/2026-18:17:49] [I] Average on 10 runs - GPU latency: 2.8627 ms - Host latency: 2.8627 ms (enqueue 0.0338867 ms)
[09/30/2026-18:17:49] [I] Average on 10 runs - GPU latency: 2.85527 ms - Host latency: 2.85527 ms (enqueue 0.0323242 ms)
[09/30/2026-18:17:49] [I] Average on 10 runs - GPU latency: 2.86387 ms - Host latency: 2.86387 ms (enqueue 0.0269531 ms)
[09/30/2026-18:17:49] [I] Average on 10 runs - GPU latency: 2.86211 ms - Host latency: 2.86211 ms (enqueue 0.03125 ms)
[09/30/2026-18:17:49] [I] Average on 10 runs - GPU latency: 2.78984 ms - Host latency: 2.78984 ms (enqueue 0.0331055 ms)
[09/30/2026-18:17:49] [I] Average on 10 runs - GPU latency: 2.87285 ms - Host latency: 2.87285 ms (enqueue 0.0333984 ms)
[09/30/2026-18:17:49] [I] Average on 10 runs - GPU latency: 2.85322 ms - Host latency: 2.85322 ms (enqueue 0.0322266 ms)
[09/30/2026-18:17:49] [I] Average on 10 runs - GPU latency: 2.84609 ms - Host latency: 2.84609 ms (enqueue 0.0286133 ms)
[09/30/2026-18:17:49] [I] Average on 10 runs - GPU latency: 2.8415 ms - Host latency: 2.8415 ms (enqueue 0.0308594 ms)
[09/30/2026-18:17:49] [I] Average on 10 runs - GPU latency: 2.83389 ms - Host latency: 2.83389 ms (enqueue 0.034082 ms)
[09/30/2026-18:17:49] [I] Average on 10 runs - GPU latency: 2.84512 ms - Host latency: 2.84512 ms (enqueue 0.0333984 ms)
[09/30/2026-18:17:49] [I] Average on 10 runs - GPU latency: 2.77139 ms - Host latency: 2.77139 ms (enqueue 0.0316406 ms)
[09/30/2026-18:17:49] [I] Average on 10 runs - GPU latency: 2.84346 ms - Host latency: 2.84346 ms (enqueue 0.0334961 ms)
[09/30/2026-18:17:49] [I] Average on 10 runs - GPU latency: 2.83809 ms - Host latency: 2.83809 ms (enqueue 0.0327148 ms)
[09/30/2026-18:17:49] [I] Average on 10 runs - GPU latency: 2.87344 ms - Host latency: 2.87344 ms (enqueue 0.0311523 ms)
[09/30/2026-18:17:49] [I] Average on 10 runs - GPU latency: 2.88525 ms - Host latency: 2.88525 ms (enqueue 0.0305664 ms)
[09/30/2026-18:17:49] [I] Average on 10 runs - GPU latency: 2.89375 ms - Host latency: 2.89375 ms (enqueue 0.0322266 ms)
[09/30/2026-18:17:49] [I] Average on 10 runs - GPU latency: 2.90039 ms - Host latency: 2.90039 ms (enqueue 0.0319336 ms)
[09/30/2026-18:17:49] [I] Average on 10 runs - GPU latency: 2.81953 ms - Host latency: 2.81953 ms (enqueue 0.0322266 ms)
[09/30/2026-18:17:49] [I] Average on 10 runs - GPU latency: 2.8959 ms - Host latency: 2.8959 ms (enqueue 0.0345703 ms)
[09/30/2026-18:17:49] [I] Average on 10 runs - GPU latency: 2.88643 ms - Host latency: 2.88643 ms (enqueue 0.0345703 ms)
[09/30/2026-18:17:49] [I] Average on 10 runs - GPU latency: 2.86123 ms - Host latency: 2.86123 ms (enqueue 0.0334961 ms)
[09/30/2026-18:17:49] [I] Average on 10 runs - GPU latency: 2.84824 ms - Host latency: 2.84824 ms (enqueue 0.0325195 ms)
[09/30/2026-18:17:49] [I] Average on 10 runs - GPU latency: 2.84375 ms - Host latency: 2.84375 ms (enqueue 0.0327148 ms)
[09/30/2026-18:17:49] [I] Average on 10 runs - GPU latency: 2.84473 ms - Host latency: 2.84473 ms (enqueue 0.028418 ms)
[09/30/2026-18:17:49] [I] Average on 10 runs - GPU latency: 2.775 ms - Host latency: 2.775 ms (enqueue 0.0256836 ms)
[09/30/2026-18:17:49] [I] Average on 10 runs - GPU latency: 2.85107 ms - Host latency: 2.85107 ms (enqueue 0.028125 ms)
[09/30/2026-18:17:49] [I] Average on 10 runs - GPU latency: 2.84287 ms - Host latency: 2.84287 ms (enqueue 0.0328125 ms)
[09/30/2026-18:17:49] [I] Average on 10 runs - GPU latency: 2.86523 ms - Host latency: 2.86523 ms (enqueue 0.0295898 ms)
[09/30/2026-18:17:49] [I] Average on 10 runs - GPU latency: 2.86875 ms - Host latency: 2.86875 ms (enqueue 0.0327148 ms)
[09/30/2026-18:17:49] [I] Average on 10 runs - GPU latency: 2.87588 ms - Host latency: 2.87588 ms (enqueue 0.0316406 ms)
[09/30/2026-18:17:49] [I] Average on 10 runs - GPU latency: 2.86611 ms - Host latency: 2.86611 ms (enqueue 0.0326172 ms)
[09/30/2026-18:17:49] [I] Average on 10 runs - GPU latency: 2.80439 ms - Host latency: 2.80439 ms (enqueue 0.0283203 ms)
[09/30/2026-18:17:49] [I] Average on 10 runs - GPU latency: 2.87363 ms - Host latency: 2.87363 ms (enqueue 0.0254883 ms)
[09/30/2026-18:17:49] [I] Average on 10 runs - GPU latency: 2.87217 ms - Host latency: 2.87217 ms (enqueue 0.0280273 ms)
[09/30/2026-18:17:49] [I] Average on 10 runs - GPU latency: 2.87021 ms - Host latency: 2.87021 ms (enqueue 0.0319336 ms)
[09/30/2026-18:17:49] [I] Average on 10 runs - GPU latency: 2.85352 ms - Host latency: 2.85352 ms (enqueue 0.030957 ms)
[09/30/2026-18:17:49] [I] Average on 10 runs - GPU latency: 2.85859 ms - Host latency: 2.85859 ms (enqueue 0.0297852 ms)
[09/30/2026-18:17:49] [I] Average on 10 runs - GPU latency: 2.8627 ms - Host latency: 2.8627 ms (enqueue 0.0273438 ms)
[09/30/2026-18:17:49] [I] Average on 10 runs - GPU latency: 2.78848 ms - Host latency: 2.78848 ms (enqueue 0.0300781 ms)
[09/30/2026-18:17:49] [I] Average on 10 runs - GPU latency: 2.86211 ms - Host latency: 2.86211 ms (enqueue 0.0275391 ms)
[09/30/2026-18:17:49] [I] Average on 10 runs - GPU latency: 2.85469 ms - Host latency: 2.85469 ms (enqueue 0.0266602 ms)
[09/30/2026-18:17:49] [I] Average on 10 runs - GPU latency: 2.86631 ms - Host latency: 2.86631 ms (enqueue 0.0285156 ms)
[09/30/2026-18:17:49] [I] Average on 10 runs - GPU latency: 2.84316 ms - Host latency: 2.84316 ms (enqueue 0.0256836 ms)
[09/30/2026-18:17:49] [I] Average on 10 runs - GPU latency: 2.84229 ms - Host latency: 2.84229 ms (enqueue 0.0328125 ms)
[09/30/2026-18:17:49] [I] Average on 10 runs - GPU latency: 2.8418 ms - Host latency: 2.8418 ms (enqueue 0.0336914 ms)
[09/30/2026-18:17:49] [I] Average on 10 runs - GPU latency: 2.775 ms - Host latency: 2.775 ms (enqueue 0.0275391 ms)
[09/30/2026-18:17:49] [I] Average on 10 runs - GPU latency: 2.83945 ms - Host latency: 2.83945 ms (enqueue 0.0264648 ms)
[09/30/2026-18:17:49] [I] Average on 10 runs - GPU latency: 2.8459 ms - Host latency: 2.8459 ms (enqueue 0.0265625 ms)
[09/30/2026-18:17:49] [I] Average on 10 runs - GPU latency: 2.84395 ms - Host latency: 2.84395 ms (enqueue 0.0280273 ms)
[09/30/2026-18:17:49] [I] Average on 10 runs - GPU latency: 2.84648 ms - Host latency: 2.84648 ms (enqueue 0.0300781 ms)
[09/30/2026-18:17:49] [I] Average on 10 runs - GPU latency: 2.86104 ms - Host latency: 2.86104 ms (enqueue 0.0298828 ms)
[09/30/2026-18:17:49] [I] Average on 10 runs - GPU latency: 2.81934 ms - Host latency: 2.81934 ms (enqueue 0.0266602 ms)
[09/30/2026-18:17:49] [I] Average on 10 runs - GPU latency: 2.82979 ms - Host latency: 2.82979 ms (enqueue 0.0319336 ms)
[09/30/2026-18:17:49] [I] Average on 10 runs - GPU latency: 2.84922 ms - Host latency: 2.84922 ms (enqueue 0.0317383 ms)
[09/30/2026-18:17:49] [I] Average on 10 runs - GPU latency: 2.86064 ms - Host latency: 2.86064 ms (enqueue 0.0327148 ms)
[09/30/2026-18:17:49] [I] Average on 10 runs - GPU latency: 2.85801 ms - Host latency: 2.85801 ms (enqueue 0.0337891 ms)
[09/30/2026-18:17:49] [I] Average on 10 runs - GPU latency: 2.85186 ms - Host latency: 2.85186 ms (enqueue 0.0314453 ms)
[09/30/2026-18:17:49] [I] Average on 10 runs - GPU latency: 2.83584 ms - Host latency: 2.83584 ms (enqueue 0.0321289 ms)
[09/30/2026-18:17:49] [I] Average on 10 runs - GPU latency: 2.77764 ms - Host latency: 2.77764 ms (enqueue 0.0280273 ms)
[09/30/2026-18:17:49] [I] Average on 10 runs - GPU latency: 2.84346 ms - Host latency: 2.84346 ms (enqueue 0.0328125 ms)
[09/30/2026-18:17:49] [I] Average on 10 runs - GPU latency: 2.8542 ms - Host latency: 2.8542 ms (enqueue 0.0270508 ms)
[09/30/2026-18:17:49] [I] Average on 10 runs - GPU latency: 2.84063 ms - Host latency: 2.84063 ms (enqueue 0.0322266 ms)
[09/30/2026-18:17:49] [I] Average on 10 runs - GPU latency: 2.85254 ms - Host latency: 2.85254 ms (enqueue 0.0307617 ms)
[09/30/2026-18:17:49] [I] Average on 10 runs - GPU latency: 2.83115 ms - Host latency: 2.83115 ms (enqueue 0.0317383 ms)
[09/30/2026-18:17:49] [I] Average on 10 runs - GPU latency: 2.76631 ms - Host latency: 2.76631 ms (enqueue 0.0307617 ms)
[09/30/2026-18:17:49] [I] Average on 10 runs - GPU latency: 2.90937 ms - Host latency: 2.90937 ms (enqueue 0.0367187 ms)
[09/30/2026-18:17:49] [I] Average on 10 runs - GPU latency: 2.95371 ms - Host latency: 2.95371 ms (enqueue 0.0341797 ms)
[09/30/2026-18:17:49] [I] Average on 10 runs - GPU latency: 2.83203 ms - Host latency: 2.83203 ms (enqueue 0.0316406 ms)
[09/30/2026-18:17:49] [I] Average on 10 runs - GPU latency: 2.90273 ms - Host latency: 2.90273 ms (enqueue 0.0350586 ms)
[09/30/2026-18:17:49] [I] Average on 10 runs - GPU latency: 2.82334 ms - Host latency: 2.82334 ms (enqueue 0.031543 ms)
[09/30/2026-18:17:49] [I] Average on 10 runs - GPU latency: 2.91602 ms - Host latency: 2.91602 ms (enqueue 0.0341797 ms)
[09/30/2026-18:17:49] [I] Average on 10 runs - GPU latency: 2.94492 ms - Host latency: 2.94492 ms (enqueue 0.0331055 ms)
[09/30/2026-18:17:49] [I] Average on 10 runs - GPU latency: 2.95986 ms - Host latency: 2.95986 ms (enqueue 0.0323242 ms)
[09/30/2026-18:17:49] [I] Average on 10 runs - GPU latency: 2.81865 ms - Host latency: 2.81865 ms (enqueue 0.0318359 ms)
[09/30/2026-18:17:49] [I] Average on 10 runs - GPU latency: 2.9665 ms - Host latency: 2.9665 ms (enqueue 0.0316406 ms)
[09/30/2026-18:17:49] [I] Average on 10 runs - GPU latency: 2.95654 ms - Host latency: 2.95654 ms (enqueue 0.0323242 ms)
[09/30/2026-18:17:49] [I] Average on 10 runs - GPU latency: 2.95098 ms - Host latency: 2.95098 ms (enqueue 0.0334961 ms)
[09/30/2026-18:17:49] [I] Average on 10 runs - GPU latency: 2.88447 ms - Host latency: 2.88447 ms (enqueue 0.0336914 ms)
[09/30/2026-18:17:49] [I] Average on 10 runs - GPU latency: 2.94053 ms - Host latency: 2.94053 ms (enqueue 0.0318359 ms)
[09/30/2026-18:17:49] [I] Average on 10 runs - GPU latency: 2.87207 ms - Host latency: 2.87207 ms (enqueue 0.0329102 ms)
[09/30/2026-18:17:49] [I] Average on 10 runs - GPU latency: 2.92734 ms - Host latency: 2.92734 ms (enqueue 0.0328125 ms)
[09/30/2026-18:17:49] [I] Average on 10 runs - GPU latency: 2.87529 ms - Host latency: 2.87529 ms (enqueue 0.0304688 ms)
[09/30/2026-18:17:49] [I] Average on 10 runs - GPU latency: 2.90107 ms - Host latency: 2.90107 ms (enqueue 0.0326172 ms)
[09/30/2026-18:17:49] [I] Average on 10 runs - GPU latency: 2.94404 ms - Host latency: 2.94404 ms (enqueue 0.0313477 ms)
[09/30/2026-18:17:49] [I] Average on 10 runs - GPU latency: 2.95869 ms - Host latency: 2.95869 ms (enqueue 0.0324219 ms)
[09/30/2026-18:17:49] [I] Average on 10 runs - GPU latency: 2.8875 ms - Host latency: 2.8875 ms (enqueue 0.0277344 ms)
[09/30/2026-18:17:49] [I] Average on 10 runs - GPU latency: 2.88965 ms - Host latency: 2.88965 ms (enqueue 0.0313477 ms)
[09/30/2026-18:17:49] [I] Average on 10 runs - GPU latency: 2.89609 ms - Host latency: 2.89609 ms (enqueue 0.031543 ms)
[09/30/2026-18:17:49] [I] Average on 10 runs - GPU latency: 2.85195 ms - Host latency: 2.85195 ms (enqueue 0.0326172 ms)
[09/30/2026-18:17:49] [I] Average on 10 runs - GPU latency: 2.85342 ms - Host latency: 2.85342 ms (enqueue 0.0475586 ms)
[09/30/2026-18:17:49] [I] Average on 10 runs - GPU latency: 2.88779 ms - Host latency: 2.88779 ms (enqueue 0.03125 ms)
[09/30/2026-18:17:49] [I] Average on 10 runs - GPU latency: 2.89404 ms - Host latency: 2.89404 ms (enqueue 0.0338867 ms)
[09/30/2026-18:17:49] [I] Average on 10 runs - GPU latency: 2.88789 ms - Host latency: 2.88789 ms (enqueue 0.028418 ms)
[09/30/2026-18:17:49] [I] Average on 10 runs - GPU latency: 2.8873 ms - Host latency: 2.8873 ms (enqueue 0.0326172 ms)
[09/30/2026-18:17:49] [I] Average on 10 runs - GPU latency: 2.88428 ms - Host latency: 2.88428 ms (enqueue 0.0330078 ms)
[09/30/2026-18:17:49] [I] Average on 10 runs - GPU latency: 2.88125 ms - Host latency: 2.88125 ms (enqueue 0.0325195 ms)
[09/30/2026-18:17:49] [I] Average on 10 runs - GPU latency: 2.81699 ms - Host latency: 2.81699 ms (enqueue 0.028125 ms)
[09/30/2026-18:17:49] [I] Average on 10 runs - GPU latency: 2.88965 ms - Host latency: 2.88965 ms (enqueue 0.0326172 ms)
[09/30/2026-18:17:49] [I] Average on 10 runs - GPU latency: 2.89961 ms - Host latency: 2.89961 ms (enqueue 0.0336914 ms)
[09/30/2026-18:17:49] [I] Average on 10 runs - GPU latency: 3.021 ms - Host latency: 3.021 ms (enqueue 0.0279297 ms)
[09/30/2026-18:17:49] [I] Average on 10 runs - GPU latency: 2.97891 ms - Host latency: 2.97891 ms (enqueue 0.0352539 ms)
[09/30/2026-18:17:49] [I] Average on 10 runs - GPU latency: 2.95254 ms - Host latency: 2.95254 ms (enqueue 0.0325195 ms)
[09/30/2026-18:17:49] [I] Average on 10 runs - GPU latency: 2.93906 ms - Host latency: 2.93906 ms (enqueue 0.0320312 ms)
[09/30/2026-18:17:49] [I] Average on 10 runs - GPU latency: 2.94941 ms - Host latency: 2.94941 ms (enqueue 0.0308594 ms)
[09/30/2026-18:17:49] [I] Average on 10 runs - GPU latency: 2.87744 ms - Host latency: 2.87744 ms (enqueue 0.0345703 ms)
[09/30/2026-18:17:49] [I] Average on 10 runs - GPU latency: 2.94023 ms - Host latency: 2.94023 ms (enqueue 0.0322266 ms)
[09/30/2026-18:17:49] [I] Average on 10 runs - GPU latency: 2.91816 ms - Host latency: 2.91816 ms (enqueue 0.0347656 ms)
[09/30/2026-18:17:49] [I] Average on 10 runs - GPU latency: 2.9249 ms - Host latency: 2.9249 ms (enqueue 0.0325195 ms)
[09/30/2026-18:17:49] [I] Average on 10 runs - GPU latency: 2.90908 ms - Host latency: 2.90908 ms (enqueue 0.0335938 ms)
[09/30/2026-18:17:49] [I] Average on 10 runs - GPU latency: 2.92031 ms - Host latency: 2.92031 ms (enqueue 0.0316406 ms)
[09/30/2026-18:17:49] [I] Average on 10 runs - GPU latency: 2.90898 ms - Host latency: 2.90898 ms (enqueue 0.0321289 ms)
[09/30/2026-18:17:49] [I] Average on 10 runs - GPU latency: 2.91699 ms - Host latency: 2.91699 ms (enqueue 0.0330078 ms)
[09/30/2026-18:17:49] [I] Average on 10 runs - GPU latency: 2.85938 ms - Host latency: 2.85938 ms (enqueue 0.034375 ms)
[09/30/2026-18:17:49] [I] Average on 10 runs - GPU latency: 2.94502 ms - Host latency: 2.94502 ms (enqueue 0.0335938 ms)
[09/30/2026-18:17:49] [I] Average on 10 runs - GPU latency: 2.94678 ms - Host latency: 2.94678 ms (enqueue 0.0338867 ms)
[09/30/2026-18:17:49] [I] 
[09/30/2026-18:17:49] [I] === Performance summary ===
[09/30/2026-18:17:49] [I] Throughput: 362.537 qps
[09/30/2026-18:17:49] [I] Latency: min = 2.61108 ms, max = 4.61816 ms, mean = 2.75657 ms, median = 2.70215 ms, percentile(50%) = 2.70215 ms, percentile(95%) = 3.33105 ms
[09/30/2026-18:17:49] [I] Enqueue Time: min = 0.0185547 ms, max = 0.233643 ms, mean = 0.0317833 ms, median = 0.0322266 ms, percentile(50%) = 0.0322266 ms, percentile(95%) = 0.0390625 ms
[09/30/2026-18:17:49] [I] H2D Latency: min = 0 ms, max = 0 ms, mean = 0 ms, median = 0 ms, percentile(50%) = 0 ms, percentile(95%) = 0 ms
[09/30/2026-18:17:49] [I] GPU Compute Time: min = 2.61108 ms, max = 4.61816 ms, mean = 2.75657 ms, median = 2.70215 ms, percentile(50%) = 2.70215 ms, percentile(95%) = 3.33105 ms
[09/30/2026-18:17:49] [I] D2H Latency: min = 0 ms, max = 0 ms, mean = 0 ms, median = 0 ms, percentile(50%) = 0 ms, percentile(95%) = 0 ms
[09/30/2026-18:17:49] [I] Total Host Walltime: 15.0054 s
[09/30/2026-18:17:49] [I] Total GPU Compute Time: 14.9957 s
[09/30/2026-18:17:49] [W] * GPU compute time is unstable, with coefficient of variance = 7.74147%.
[09/30/2026-18:17:49] [W]   If not already in use, locking GPU clock frequency may improve the stability.
[09/30/2026-18:17:49] [I] Explanations of the performance metrics are printed in the verbose logs.
[09/30/2026-18:17:49] [I] 
[09/30/2026-18:17:49] [I] Capturing CUDA graph for the current execution context
[09/30/2026-18:17:49] [I] Successfully captured CUDA graph for the current execution context. When profiling with Nsight Systems, add "--cuda-graph-trace=node" to the nsys command to see per-kernel execution times.
[09/30/2026-18:18:05] [I] 
[09/30/2026-18:18:05] [I] === Profile (3547 iterations ) ===
[09/30/2026-18:18:05] [I]    Time(ms)     Avg.(ms)   Median(ms)   Time(%)   Layer
[09/30/2026-18:18:05] [I]      202.73       0.0572       0.0563       1.4   Reformatting CopyNode for Input Tensor 0 to /model.0/conv/Conv
[09/30/2026-18:18:05] [I]      197.78       0.0558       0.0553       1.4   /model.0/conv/Conv
[09/30/2026-18:18:05] [I]      196.14       0.0553       0.0553       1.4   __myl_MoveNegExpAddDivMul_myl5_0
[09/30/2026-18:18:05] [I]      258.65       0.0729       0.0727       1.8   /model.1/conv/Conv
[09/30/2026-18:18:05] [I]      101.70       0.0287       0.0287       0.7   __myl_MoveNegExpAddDivMul_myl8_0
[09/30/2026-18:18:05] [I]      112.23       0.0316       0.0317       0.8   /model.2/cv1/conv/Conv
[09/30/2026-18:18:05] [I]      101.70       0.0287       0.0287       0.7   __myl_MoveNegExpAddDivMul_myl10_0
[09/30/2026-18:18:05] [I]      131.50       0.0371       0.0369       0.9   /model.2/m.0/cv1/conv/Conv
[09/30/2026-18:18:05] [I]       29.06       0.0082       0.0082       0.2   __myl_MoveNegExpAddDivMul_myl13_0
[09/30/2026-18:18:05] [I]      159.34       0.0449       0.0328       1.1   /model.2/m.0/cv2/conv/Conv
[09/30/2026-18:18:05] [I]       83.54       0.0236       0.0236       0.6   __myl_MoveNegExpAddDivMulAdd_myl16_0
[09/30/2026-18:18:05] [I]       88.25       0.0249       0.0246       0.6   /model.2/Split_output_0 copy
[09/30/2026-18:18:05] [I]       87.84       0.0248       0.0246       0.6   /model.2/Split_output_1 copy
[09/30/2026-18:18:05] [I]      135.41       0.0382       0.0379       1.0   /model.2/cv2/conv/Conv
[09/30/2026-18:18:05] [I]      101.70       0.0287       0.0287       0.7   __myl_MoveNegExpAddDivMul_myl20_0
[09/30/2026-18:18:05] [I]      157.13       0.0443       0.0440       1.1   /model.3/conv/Conv
[09/30/2026-18:18:05] [I]       32.69       0.0092       0.0092       0.2   __myl_MoveNegExpAddDivMul_myl22_0
[09/30/2026-18:18:05] [I]       66.62       0.0188       0.0184       0.5   /model.4/cv1/conv/Conv
[09/30/2026-18:18:05] [I]       32.69       0.0092       0.0092       0.2   __myl_MoveNegExpAddDivMul_myl24_0
[09/30/2026-18:18:05] [I]      102.29       0.0288       0.0266       0.7   /model.4/m.0/cv1/conv/Conv
[09/30/2026-18:18:05] [I]       25.42       0.0072       0.0072       0.2   __myl_MoveNegExpAddDivMul_myl26_0
[09/30/2026-18:18:05] [I]       94.51       0.0266       0.0266       0.7   /model.4/m.0/cv2/conv/Conv
[09/30/2026-18:18:05] [I]       25.42       0.0072       0.0072       0.2   __myl_MoveNegExpAddDivMulAdd_myl28_0
[09/30/2026-18:18:05] [I]      112.06       0.0316       0.0256       0.8   /model.4/m.1/cv1/conv/Conv
[09/30/2026-18:18:05] [I]       25.65       0.0072       0.0072       0.2   __myl_MoveNegExpAddDivMul_myl30_0
[09/30/2026-18:18:05] [I]      123.80       0.0349       0.0266       0.9   /model.4/m.1/cv2/conv/Conv
[09/30/2026-18:18:05] [I]      127.10       0.0358       0.0358       0.9   __myl_MoveNegExpAddDivMulAdd_myl34_0
[09/30/2026-18:18:05] [I]       55.16       0.0156       0.0143       0.4   /model.4/Split_output_0 copy
[09/30/2026-18:18:05] [I]       50.47       0.0142       0.0143       0.4   /model.4/Split_output_1 copy
[09/30/2026-18:18:05] [I]       65.28       0.0184       0.0154       0.5   /model.4/m.0/Add_output_0 copy
[09/30/2026-18:18:05] [I]      105.42       0.0297       0.0297       0.8   /model.4/cv2/conv/Conv
[09/30/2026-18:18:05] [I]       36.32       0.0102       0.0102       0.3   __myl_MoveNegExpAddDivMul_myl40_0
[09/30/2026-18:18:05] [I]      154.45       0.0435       0.0430       1.1   /model.5/conv/Conv
[09/30/2026-18:18:05] [I]       25.42       0.0072       0.0072       0.2   __myl_MoveNegExpAddDivMul_myl42_0
[09/30/2026-18:18:05] [I]       57.95       0.0163       0.0164       0.4   /model.6/cv1/conv/Conv
[09/30/2026-18:18:05] [I]       25.42       0.0072       0.0072       0.2   __myl_MoveNegExpAddDivMul_myl44_0
[09/30/2026-18:18:05] [I]      212.15       0.0598       0.0573       1.5   /model.6/m.0/cv1/conv/Conv
[09/30/2026-18:18:05] [I]       21.79       0.0061       0.0061       0.2   __myl_MoveNegExpAddDivMul_myl46_0
[09/30/2026-18:18:05] [I]      106.82       0.0301       0.0297       0.8   /model.6/m.0/cv2/conv/Conv
[09/30/2026-18:18:05] [I]       21.79       0.0061       0.0061       0.2   __myl_MoveNegExpAddDivMulAdd_myl48_0
[09/30/2026-18:18:05] [I]      109.39       0.0308       0.0297       0.8   /model.6/m.1/cv1/conv/Conv
[09/30/2026-18:18:05] [I]       21.79       0.0061       0.0061       0.2   __myl_MoveNegExpAddDivMul_myl52_0
[09/30/2026-18:18:05] [I]      107.65       0.0303       0.0297       0.8   /model.6/m.1/cv2/conv/Conv
[09/30/2026-18:18:05] [I]       21.79       0.0061       0.0061       0.2   __myl_MoveNegExpAddDivMulAdd_myl55_0
[09/30/2026-18:18:05] [I]       40.09       0.0113       0.0102       0.3   /model.6/Split_output_0 copy
[09/30/2026-18:18:05] [I]       45.22       0.0127       0.0102       0.3   /model.6/Split_output_1 copy
[09/30/2026-18:18:05] [I]      128.25       0.0362       0.0371       0.9   /model.6/m.0/Add_output_0 copy
[09/30/2026-18:18:05] [I]       76.83       0.0217       0.0215       0.5   /model.6/cv2/conv/Conv
[09/30/2026-18:18:05] [I]       55.41       0.0156       0.0156       0.4   __myl_MoveNegExpAddDivMul_myl61_0
[09/30/2026-18:18:05] [I]      303.02       0.0854       0.0850       2.2   /model.7/conv/Conv
[09/30/2026-18:18:05] [I]       21.79       0.0061       0.0061       0.2   __myl_MoveNegExpAddDivMul_myl63_0
[09/30/2026-18:18:05] [I]       69.73       0.0197       0.0195       0.5   /model.8/cv1/conv/Conv
[09/30/2026-18:18:05] [I]       21.79       0.0061       0.0061       0.2   __myl_MoveNegExpAddDivMul_myl65_0
[09/30/2026-18:18:05] [I]       27.45       0.0077       0.0069       0.2   Reformatting CopyNode for Input Tensor 0 to /model.8/m.0/cv1/conv/Conv
[09/30/2026-18:18:05] [I]      155.63       0.0439       0.0440       1.1   /model.8/m.0/cv1/conv/Conv
[09/30/2026-18:18:05] [I]       18.16       0.0051       0.0051       0.1   __myl_MoveNegExpAddDivMul_myl70_0
[09/30/2026-18:18:05] [I]      154.28       0.0435       0.0430       1.1   /model.8/m.0/cv2/conv/Conv
[09/30/2026-18:18:05] [I]       24.19       0.0068       0.0072       0.2   Reformatting CopyNode for Input Tensor 0 to PWN(PWN(PWN(/model.8/m.0/cv2/act/Sigmoid), PWN(/model.8/m.0/cv2/act/Mul)), PWN(/model.8/m.0/Add))
[09/30/2026-18:18:05] [I]       18.16       0.0051       0.0051       0.1   __myl_MoveNegExpAddDivMulAdd_myl74_0
[09/30/2026-18:18:05] [I]       27.98       0.0079       0.0082       0.2   /model.8/Split_output_0 copy
[09/30/2026-18:18:05] [I]       25.81       0.0073       0.0072       0.2   /model.8/Split_output_1 copy
[09/30/2026-18:18:05] [I]       88.96       0.0251       0.0246       0.6   /model.8/cv2/conv/Conv
[09/30/2026-18:18:05] [I]       18.16       0.0051       0.0051       0.1   __myl_MoveNegExpAddDivMul_myl79_0
[09/30/2026-18:18:05] [I]       59.83       0.0169       0.0164       0.4   /model.9/cv1/conv/Conv
[09/30/2026-18:18:05] [I]       69.69       0.0196       0.0195       0.5   /model.9/m/MaxPool
[09/30/2026-18:18:05] [I]      100.28       0.0283       0.0215       0.7   /model.9/m_1/MaxPool
[09/30/2026-18:18:05] [I]       67.66       0.0191       0.0195       0.5   /model.9/m_2/MaxPool
[09/30/2026-18:18:05] [I]       26.82       0.0076       0.0072       0.2   /model.9/cv1/conv/Conv_output_0 copy
[09/30/2026-18:18:05] [I]       27.97       0.0079       0.0082       0.2   /model.9/m/MaxPool_output_0 copy
[09/30/2026-18:18:05] [I]       30.22       0.0085       0.0082       0.2   /model.9/m_1/MaxPool_output_0 copy
[09/30/2026-18:18:05] [I]       99.59       0.0281       0.0276       0.7   /model.9/cv2/conv/Conv
[09/30/2026-18:18:05] [I]       69.00       0.0195       0.0195       0.5   __myl_MoveNegExpAddDivMul_myl90_0
[09/30/2026-18:18:05] [I]       29.55       0.0083       0.0061       0.2   Reformatting CopyNode for Output Tensor 0 to PWN(PWN(/model.9/cv2/act/Sigmoid), PWN(/model.9/cv2/act/Mul))
[09/30/2026-18:18:05] [I]      107.49       0.0303       0.0317       0.8   /model.10/Resize
[09/30/2026-18:18:05] [I]       46.57       0.0131       0.0123       0.3   /model.10/Resize_output_0 copy
[09/30/2026-18:18:05] [I]      107.36       0.0303       0.0266       0.8   /model.12/cv1/conv/Conv
[09/30/2026-18:18:05] [I]       25.42       0.0072       0.0072       0.2   __myl_MoveNegExpAddDivMul_myl95_0
[09/30/2026-18:18:05] [I]      109.42       0.0308       0.0307       0.8   /model.12/m.0/cv1/conv/Conv
[09/30/2026-18:18:05] [I]       98.05       0.0276       0.0276       0.7   __myl_MoveNegExpAddDivMul_myl97_0
[09/30/2026-18:18:05] [I]      110.68       0.0312       0.0297       0.8   /model.12/m.0/cv2/conv/Conv
[09/30/2026-18:18:05] [I]       21.79       0.0061       0.0061       0.2   __myl_MoveNegExpAddDivMul_myl100_0
[09/30/2026-18:18:05] [I]       48.14       0.0136       0.0102       0.3   /model.12/Split_output_0 copy
[09/30/2026-18:18:05] [I]       45.69       0.0129       0.0102       0.3   /model.12/Split_output_1 copy
[09/30/2026-18:18:05] [I]      181.21       0.0511       0.0532       1.3   /model.12/cv2/conv/Conv
[09/30/2026-18:18:05] [I]       21.79       0.0061       0.0061       0.2   __myl_MoveNegExpAddDivMul_myl105_0
[09/30/2026-18:18:05] [I]       81.51       0.0230       0.0225       0.6   /model.13/Resize
[09/30/2026-18:18:05] [I]      110.06       0.0310       0.0307       0.8   /model.13/Resize_output_0 copy
[09/30/2026-18:18:05] [I]      147.37       0.0415       0.0420       1.1   /model.15/cv1/conv/Conv
[09/30/2026-18:18:05] [I]       32.69       0.0092       0.0092       0.2   __myl_MoveNegExpAddDivMul_myl109_0
[09/30/2026-18:18:05] [I]       96.06       0.0271       0.0266       0.7   /model.15/m.0/cv1/conv/Conv
[09/30/2026-18:18:05] [I]       25.42       0.0072       0.0072       0.2   __myl_MoveNegExpAddDivMul_myl111_0
[09/30/2026-18:18:05] [I]       95.93       0.0270       0.0256       0.7   /model.15/m.0/cv2/conv/Conv
[09/30/2026-18:18:05] [I]       25.42       0.0072       0.0072       0.2   __myl_MoveNegExpAddDivMul_myl114_0
[09/30/2026-18:18:05] [I]       59.46       0.0168       0.0154       0.4   /model.15/Split_output_0 copy
[09/30/2026-18:18:05] [I]       52.46       0.0148       0.0143       0.4   /model.15/Split_output_1 copy
[09/30/2026-18:18:05] [I]      125.44       0.0354       0.0256       0.9   /model.15/cv2/conv/Conv
[09/30/2026-18:18:05] [I]       32.71       0.0092       0.0092       0.2   __myl_MoveNegExpAddDivMul_myl119_0
[09/30/2026-18:18:05] [I]      139.03       0.0392       0.0389       1.0   /model.16/conv/Conv
[09/30/2026-18:18:05] [I]      353.75       0.0997       0.0983       2.5   /model.22/cv2.0/cv2.0.0/conv/Conv || /model.22/cv3.0/cv3.0.0/conv/Conv
[09/30/2026-18:18:05] [I]       29.06       0.0082       0.0082       0.2   __myl_MoveNegExpAddDivMul_myl123_0
[09/30/2026-18:18:05] [I]       54.48       0.0154       0.0154       0.4   __myl_MoveNegExpAddDivMul_myl124_0
[09/30/2026-18:18:05] [I]      127.12       0.0358       0.0358       0.9   __myl_MoveNegExpAddDivMul_myl125_0
[09/30/2026-18:18:05] [I]       42.04       0.0119       0.0123       0.3   /model.12/cv2/act/Mul_output_0 copy
[09/30/2026-18:18:05] [I]      269.59       0.0760       0.0758       1.9   /model.22/cv2.0/cv2.0.1/conv/Conv
[09/30/2026-18:18:05] [I]      260.19       0.0734       0.0737       1.9   /model.22/cv3.0/cv3.0.1/conv/Conv
[09/30/2026-18:18:05] [I]       81.04       0.0228       0.0225       0.6   /model.18/cv1/conv/Conv
[09/30/2026-18:18:05] [I]       54.48       0.0154       0.0154       0.4   __myl_MoveNegExpAddDivMul_myl133_0
[09/30/2026-18:18:05] [I]       61.74       0.0174       0.0174       0.4   __myl_MoveNegExpAddDivMul_myl135_0
[09/30/2026-18:18:05] [I]       36.32       0.0102       0.0102       0.3   __myl_MoveNegExpAddDivMul_myl136_0
[09/30/2026-18:18:05] [I]       97.32       0.0274       0.0256       0.7   /model.22/cv2.0/cv2.0.2/Conv
[09/30/2026-18:18:05] [I]       70.73       0.0199       0.0195       0.5   /model.22/cv3.0/cv3.0.2/Conv
[09/30/2026-18:18:05] [I]       74.62       0.0210       0.0205       0.5   /model.22/Reshape_copy_output
[09/30/2026-18:18:05] [I]       27.43       0.0077       0.0082       0.2   /model.22/Reshape_3_copy_output
[09/30/2026-18:18:05] [I]      111.28       0.0314       0.0307       0.8   /model.18/m.0/cv1/conv/Conv
[09/30/2026-18:18:05] [I]       18.16       0.0051       0.0051       0.1   __myl_MoveNegExpAddDivMul_myl146_0
[09/30/2026-18:18:05] [I]      128.73       0.0363       0.0307       0.9   /model.18/m.0/cv2/conv/Conv
[09/30/2026-18:18:05] [I]       18.39       0.0052       0.0052       0.1   __myl_MoveNegExpAddDivMul_myl149_0
[09/30/2026-18:18:05] [I]       58.29       0.0164       0.0113       0.4   /model.18/Split_output_0 copy
[09/30/2026-18:18:05] [I]       48.78       0.0138       0.0102       0.3   /model.18/Split_output_1 copy
[09/30/2026-18:18:05] [I]      158.27       0.0446       0.0471       1.1   /model.18/cv2/conv/Conv
[09/30/2026-18:18:05] [I]       25.76       0.0073       0.0073       0.2   __myl_MoveNegExpAddDivMul_myl154_0
[09/30/2026-18:18:05] [I]       42.03       0.0119       0.0092       0.3   Reformatting CopyNode for Input Tensor 0 to /model.19/conv/Conv
[09/30/2026-18:18:05] [I]      250.05       0.0705       0.0696       1.8   /model.19/conv/Conv
[09/30/2026-18:18:05] [I]      302.04       0.0852       0.0850       2.2   /model.22/cv2.1/cv2.1.0/conv/Conv || /model.22/cv3.1/cv3.1.0/conv/Conv
[09/30/2026-18:18:05] [I]       14.53       0.0041       0.0041       0.1   __myl_MoveNegExpAddDivMul_myl161_0
[09/30/2026-18:18:05] [I]       37.20       0.0105       0.0102       0.3   Reformatting CopyNode for Input Tensor 0 to PWN(PWN(/model.22/cv2.1/cv2.1.0/act/Sigmoid), PWN(/model.22/cv2.1/cv2.1.0/act/Mul))
[09/30/2026-18:18:05] [I]       21.79       0.0061       0.0061       0.2   __myl_MoveNegExpAddDivMul_myl163_0
[09/30/2026-18:18:05] [I]       33.97       0.0096       0.0092       0.2   Reformatting CopyNode for Input Tensor 0 to PWN(PWN(/model.22/cv3.1/cv3.1.0/act/Sigmoid), PWN(/model.22/cv3.1/cv3.1.0/act/Mul))
[09/30/2026-18:18:05] [I]       21.79       0.0061       0.0061       0.2   __myl_MoveNegExpAddDivMul_myl165_0
[09/30/2026-18:18:05] [I]       34.00       0.0096       0.0082       0.2   /model.9/cv2/act/Mul_output_0 copy
[09/30/2026-18:18:05] [I]      110.03       0.0310       0.0297       0.8   /model.22/cv2.1/cv2.1.1/conv/Conv
[09/30/2026-18:18:05] [I]      108.96       0.0307       0.0297       0.8   /model.22/cv3.1/cv3.1.1/conv/Conv
[09/30/2026-18:18:05] [I]       27.86       0.0079       0.0072       0.2   Reformatting CopyNode for Input Tensor 0 to /model.21/cv1/conv/Conv
[09/30/2026-18:18:05] [I]       88.46       0.0249       0.0246       0.6   /model.21/cv1/conv/Conv
[09/30/2026-18:18:05] [I]       21.79       0.0061       0.0061       0.2   __myl_MoveNegExpAddDivMul_myl171_0
[09/30/2026-18:18:05] [I]       21.79       0.0061       0.0061       0.2   __myl_MoveNegExpAddDivMul_myl172_0
[09/30/2026-18:18:05] [I]      159.81       0.0451       0.0451       1.1   __myl_MoveNegExpAddDivMul_myl173_0
[09/30/2026-18:18:05] [I]       29.39       0.0083       0.0072       0.2   Reformatting CopyNode for Output Tensor 0 to PWN(PWN(/model.21/cv1/act/Sigmoid), PWN(/model.21/cv1/act/Mul))
[09/30/2026-18:18:05] [I]       73.73       0.0208       0.0205       0.5   /model.22/cv2.1/cv2.1.2/Conv
[09/30/2026-18:18:05] [I]       72.69       0.0205       0.0184       0.5   /model.22/cv3.1/cv3.1.2/Conv
[09/30/2026-18:18:05] [I]       33.65       0.0095       0.0092       0.2   /model.22/Reshape_1_copy_output
[09/30/2026-18:18:05] [I]       38.67       0.0109       0.0061       0.3   /model.22/Reshape_4_copy_output
[09/30/2026-18:18:05] [I]      158.02       0.0445       0.0440       1.1   /model.21/m.0/cv1/conv/Conv
[09/30/2026-18:18:05] [I]       14.53       0.0041       0.0041       0.1   __myl_MoveNegExpAddDivMul_myl183_0
[09/30/2026-18:18:05] [I]      155.70       0.0439       0.0440       1.1   /model.21/m.0/cv2/conv/Conv
[09/30/2026-18:18:05] [I]       21.79       0.0061       0.0061       0.2   __myl_MoveNegExpAddDivMul_myl186_0
[09/30/2026-18:18:05] [I]       26.99       0.0076       0.0061       0.2   /model.21/Split_output_0 copy
[09/30/2026-18:18:05] [I]       27.26       0.0077       0.0051       0.2   /model.21/Split_output_1 copy
[09/30/2026-18:18:05] [I]       31.91       0.0090       0.0072       0.2   Reformatting CopyNode for Input Tensor 0 to /model.21/cv2/conv/Conv
[09/30/2026-18:18:05] [I]      197.32       0.0556       0.0532       1.4   /model.21/cv2/conv/Conv
[09/30/2026-18:18:05] [I]       21.79       0.0061       0.0061       0.2   __myl_MoveNegExpAddDivMul_myl191_0
[09/30/2026-18:18:05] [I]       23.89       0.0067       0.0061       0.2   Reformatting CopyNode for Input Tensor 0 to /model.22/cv2.2/cv2.2.0/conv/Conv || /model.22/cv3.2/cv3.2.0/conv/Conv
[09/30/2026-18:18:05] [I]      271.33       0.0765       0.0768       1.9   /model.22/cv2.2/cv2.2.0/conv/Conv || /model.22/cv3.2/cv3.2.0/conv/Conv
[09/30/2026-18:18:05] [I]       18.16       0.0051       0.0051       0.1   __myl_MoveNegExpAddDivMul_myl195_0
[09/30/2026-18:18:05] [I]       14.53       0.0041       0.0041       0.1   __myl_MoveNegExpAddDivMul_myl196_0
[09/30/2026-18:18:05] [I]      216.35       0.0610       0.0584       1.5   /model.22/cv2.2/cv2.2.1/conv/Conv
[09/30/2026-18:18:05] [I]       89.72       0.0253       0.0256       0.6   /model.22/cv3.2/cv3.2.1/conv/Conv
[09/30/2026-18:18:05] [I]       21.79       0.0061       0.0061       0.2   __myl_MoveNegExpAddDivMul_myl202_0
[09/30/2026-18:18:05] [I]       81.36       0.0229       0.0229       0.6   __myl_MoveNegExpAddDivMul_myl204_0
[09/30/2026-18:18:05] [I]       56.60       0.0160       0.0161       0.4   /model.22/cv2.2/cv2.2.2/Conv
[09/30/2026-18:18:05] [I]       35.42       0.0100       0.0092       0.3   /model.22/cv3.2/cv3.2.2/Conv
[09/30/2026-18:18:05] [I]       63.44       0.0179       0.0205       0.5   /model.22/Reshape_2_copy_output
[09/30/2026-18:18:05] [I]       29.19       0.0082       0.0061       0.2   /model.22/Reshape_5_copy_output
[09/30/2026-18:18:05] [I]       92.48       0.0261       0.0256       0.7   /model.22/dfl/Reshape + /model.22/dfl/Transpose
[09/30/2026-18:18:05] [I]       54.48       0.0154       0.0154       0.4   __myl_NegExpAddDiv_myl216_0
[09/30/2026-18:18:05] [I]       92.69       0.0261       0.0246       0.7   /model.22/dfl/Softmax
[09/30/2026-18:18:05] [I]      103.02       0.0290       0.0287       0.7   /model.22/dfl/conv/Conv
[09/30/2026-18:18:05] [I]       14.53       0.0041       0.0041       0.1   __myl_Sub_myl220_0
[09/30/2026-18:18:05] [I]      141.61       0.0399       0.0399       1.0   __myl_Add_myl221_0
[09/30/2026-18:18:05] [I]       54.95       0.0155       0.0155       0.4   __myl_Sub_myl222_0
[09/30/2026-18:18:05] [I]       58.11       0.0164       0.0164       0.4   __myl_AddDiv_myl223_0
[09/30/2026-18:18:05] [I]       70.18       0.0198       0.0259       0.5   /model.22/Div_1_output_0 copy
[09/30/2026-18:18:05] [I]       18.18       0.0051       0.0051       0.1   __myl_Mul_myl225_0
[09/30/2026-18:18:05] [I]       25.53       0.0072       0.0051       0.2   /model.22/Mul_2_output_0 copy
[09/30/2026-18:18:05] [I]    14015.46       3.9514       3.9096     100.0   Total
[09/30/2026-18:18:05] [I] 
&&&& PASSED TensorRT.trtexec [TensorRT v110300] [b99] # C:\Users\dxu1\AppData\Local\NVIDIA\TensorRT-11.3-tools\bin\trtexec.exe --loadEngine=C:\Users\dxu1\Desktop\Dissertation\PTQ\profiling_results\trtexec\kitti.plan --loadInputs=images:PTQ/profiling_results/trtexec/kitti_images_fp32.bin --warmUp=1000 --duration=15 --iterations=200 --infStreams=1 --percentile=50,95 --dumpProfile --exportProfile=C:\Users\dxu1\Desktop\Dissertation\PTQ\profiling_results\trtexec\kitti_run3_profile.json --exportTimes=C:\Users\dxu1\Desktop\Dissertation\PTQ\profiling_results\trtexec\kitti_run3_times.json
