&&&& RUNNING TensorRT.trtexec [TensorRT v110300] [b99] # C:\Users\dxu1\AppData\Local\NVIDIA\TensorRT-11.3-tools\bin\trtexec.exe --loadEngine=C:\Users\dxu1\Desktop\Dissertation\PTQ\profiling_results\trtexec\kitti.plan --loadInputs=images:PTQ/profiling_results/trtexec/kitti_images_fp32.bin --warmUp=1000 --duration=15 --iterations=200 --infStreams=1 --percentile=50,95 --dumpProfile --exportProfile=C:\Users\dxu1\Desktop\Dissertation\PTQ\profiling_results\trtexec\kitti_run2_profile.json --exportTimes=C:\Users\dxu1\Desktop\Dissertation\PTQ\profiling_results\trtexec\kitti_run2_times.json
[09/30/2026-18:16:27] [I] === Model Options ===
[09/30/2026-18:16:27] [I] Format: *
[09/30/2026-18:16:27] [I] Model: 
[09/30/2026-18:16:27] [I] Output:
[09/30/2026-18:16:27] [I] 
[09/30/2026-18:16:27] [I] === System Options ===
[09/30/2026-18:16:27] [I] Device: 0
[09/30/2026-18:16:27] [I] DLACore: 
[09/30/2026-18:16:27] [I] Loaded static plugins:
[09/30/2026-18:16:27] [I] DLA Workspace Allocation Strategy: default
[09/30/2026-18:16:27] [I] setPluginsToSerialize:
[09/30/2026-18:16:27] [I] dynamicPlugins:
[09/30/2026-18:16:27] [I] ignoreParsedPluginLibs: 0
[09/30/2026-18:16:27] [I] 
[09/30/2026-18:16:27] [I] === Inference Options ===
[09/30/2026-18:16:27] [I] Batch: Explicit
[09/30/2026-18:16:27] [I] Input inference shapes: model
[09/30/2026-18:16:27] [I] Iterations: 200
[09/30/2026-18:16:27] [I] Duration: 15s (+ 1000ms warm up)
[09/30/2026-18:16:27] [I] Sleep time: 0ms
[09/30/2026-18:16:27] [I] Idle time: 0ms
[09/30/2026-18:16:27] [I] Inference Streams: 1
[09/30/2026-18:16:27] [I] ExposeDMA: Disabled
[09/30/2026-18:16:27] [I] Data transfers: Disabled
[09/30/2026-18:16:27] [I] Spin-wait: Enabled
[09/30/2026-18:16:27] [I] Multithreading: Disabled
[09/30/2026-18:16:27] [I] CUDA Graph: Enabled
[09/30/2026-18:16:27] [I] Time Deserialize: Disabled
[09/30/2026-18:16:27] [I] Time Refit: Disabled
[09/30/2026-18:16:27] [I] NVTX verbosity: 0
[09/30/2026-18:16:27] [I] Persistent Cache Ratio: 0
[09/30/2026-18:16:27] [I] Optimization Profile Index: 0
[09/30/2026-18:16:27] [I] Weight Streaming Budget: 100.000000%
[09/30/2026-18:16:27] [I] Accuracy Algorithm: L0
[09/30/2026-18:16:27] [I] Absolute Tolerance (atol): 1e-05
[09/30/2026-18:16:27] [I] Relative Tolerance (rtol): 1e-05
[09/30/2026-18:16:27] [I] Inputs:
[09/30/2026-18:16:27] [I] images<-PTQ/profiling_results/trtexec/kitti_images_fp32.bin
[09/30/2026-18:16:27] [I] Debug Tensor Save Destinations:
[09/30/2026-18:16:27] [I] Dump All Debug Tensor in Formats: 
[09/30/2026-18:16:27] [I] === Reporting Options ===
[09/30/2026-18:16:27] [I] Verbose: Disabled
[09/30/2026-18:16:27] [I] Averages: 10 inferences
[09/30/2026-18:16:27] [I] Percentiles: 50,95
[09/30/2026-18:16:27] [I] Dump refittable layers:Disabled
[09/30/2026-18:16:27] [I] Dump output: Disabled
[09/30/2026-18:16:27] [I] Profile: Enabled
[09/30/2026-18:16:27] [I] Export timing to JSON file: C:\Users\dxu1\Desktop\Dissertation\PTQ\profiling_results\trtexec\kitti_run2_times.json
[09/30/2026-18:16:27] [I] Export output to JSON file: 
[09/30/2026-18:16:27] [I] Export profile to JSON file: C:\Users\dxu1\Desktop\Dissertation\PTQ\profiling_results\trtexec\kitti_run2_profile.json
[09/30/2026-18:16:27] [I] 
[09/30/2026-18:16:27] [I] === Device Information ===
[09/30/2026-18:16:27] [I] Available Devices: 
[09/30/2026-18:16:27] [I]   Device 0: "NVIDIA RTX A2000" UUID: GPU-a0aa0f21-a2f1-4018-b27b-236640f36d02
[09/30/2026-18:16:27] [I] Selected Device: NVIDIA RTX A2000
[09/30/2026-18:16:27] [I] Selected Device ID: 0
[09/30/2026-18:16:27] [I] Selected Device UUID: GPU-a0aa0f21-a2f1-4018-b27b-236640f36d02
[09/30/2026-18:16:27] [I] Compute Capability: 8.6
[09/30/2026-18:16:27] [I] SMs: 26
[09/30/2026-18:16:27] [I] Device Global Memory: 6137 MiB
[09/30/2026-18:16:27] [I] Shared Memory per SM: 100 KiB
[09/30/2026-18:16:27] [I] Memory Bus Width: 192 bits (ECC disabled)
[09/30/2026-18:16:27] [I] Application Compute Clock Rate: 1.2 GHz
[09/30/2026-18:16:27] [I] Application Memory Clock Rate: 6.001 GHz
[09/30/2026-18:16:27] [I] 
[09/30/2026-18:16:27] [I] Note: The application clock rates do not reflect the actual clock rates that the GPU is currently running at.
[09/30/2026-18:16:27] [I] 
[09/30/2026-18:16:27] [I] TensorRT version: 11.3.0
[09/30/2026-18:16:27] [I] Loading standard plugins
[09/30/2026-18:16:27] [I] Engine deserialized in 0.107148 sec.
[09/30/2026-18:16:28] [I] [TRT] [MemUsageChange] TensorRT-managed allocation in IExecutionContext creation: CPU +0, GPU +17, now: CPU 0, GPU 91 (MiB)
[09/30/2026-18:16:28] [I] Setting persistentCacheLimit to 0 bytes.
[09/30/2026-18:16:28] [I] Created execution context with device memory size: 17.0532 MiB
[09/30/2026-18:16:28] [I] Using values loaded from PTQ/profiling_results/trtexec/kitti_images_fp32.bin for input images
[09/30/2026-18:16:28] [I] Input binding for images with dimensions 1x3x640x640 and type fp32 is created.
[09/30/2026-18:16:28] [I] Output binding for output0 with dimensions 1x12x8400 and type fp32 is created.
[09/30/2026-18:16:28] [I] Starting inference
[09/30/2026-18:16:28] [I] Capturing CUDA graph for the current execution context
[09/30/2026-18:16:28] [I] Successfully captured CUDA graph for the current execution context. When profiling with Nsight Systems, add "--cuda-graph-trace=node" to the nsys command to see per-kernel execution times.
[09/30/2026-18:16:44] [I] Warmup completed 395 queries over 1000 ms
[09/30/2026-18:16:44] [I] Timing trace has 6184 queries over 15.0051 s
[09/30/2026-18:16:44] [I] 
[09/30/2026-18:16:44] [I] === Trace details ===
[09/30/2026-18:16:44] [I] Trace averages of 10 runs:
[09/30/2026-18:16:44] [I] Average on 10 runs - GPU latency: 2.3679 ms - Host latency: 2.3679 ms (enqueue 0.0350281 ms)
[09/30/2026-18:16:44] [I] Average on 10 runs - GPU latency: 2.43191 ms - Host latency: 2.43191 ms (enqueue 0.0383972 ms)
[09/30/2026-18:16:44] [I] Average on 10 runs - GPU latency: 2.42073 ms - Host latency: 2.42073 ms (enqueue 0.0341797 ms)
[09/30/2026-18:16:44] [I] Average on 10 runs - GPU latency: 2.40889 ms - Host latency: 2.40889 ms (enqueue 0.0341675 ms)
[09/30/2026-18:16:44] [I] Average on 10 runs - GPU latency: 2.35848 ms - Host latency: 2.35848 ms (enqueue 0.0367676 ms)
[09/30/2026-18:16:44] [I] Average on 10 runs - GPU latency: 2.42245 ms - Host latency: 2.42245 ms (enqueue 0.0362427 ms)
[09/30/2026-18:16:44] [I] Average on 10 runs - GPU latency: 2.4229 ms - Host latency: 2.4229 ms (enqueue 0.0364258 ms)
[09/30/2026-18:16:44] [I] Average on 10 runs - GPU latency: 2.35623 ms - Host latency: 2.35623 ms (enqueue 0.030127 ms)
[09/30/2026-18:16:44] [I] Average on 10 runs - GPU latency: 2.43607 ms - Host latency: 2.43607 ms (enqueue 0.0299561 ms)
[09/30/2026-18:16:44] [I] Average on 10 runs - GPU latency: 2.42656 ms - Host latency: 2.42656 ms (enqueue 0.0327637 ms)
[09/30/2026-18:16:44] [I] Average on 10 runs - GPU latency: 2.43177 ms - Host latency: 2.43177 ms (enqueue 0.0333496 ms)
[09/30/2026-18:16:44] [I] Average on 10 runs - GPU latency: 2.35736 ms - Host latency: 2.35736 ms (enqueue 0.0346924 ms)
[09/30/2026-18:16:44] [I] Average on 10 runs - GPU latency: 2.42297 ms - Host latency: 2.42297 ms (enqueue 0.0368164 ms)
[09/30/2026-18:16:44] [I] Average on 10 runs - GPU latency: 2.41593 ms - Host latency: 2.41593 ms (enqueue 0.0373779 ms)
[09/30/2026-18:16:44] [I] Average on 10 runs - GPU latency: 2.43199 ms - Host latency: 2.43199 ms (enqueue 0.0355591 ms)
[09/30/2026-18:16:44] [I] Average on 10 runs - GPU latency: 2.35468 ms - Host latency: 2.35468 ms (enqueue 0.0342041 ms)
[09/30/2026-18:16:44] [I] Average on 10 runs - GPU latency: 2.43179 ms - Host latency: 2.43179 ms (enqueue 0.0302856 ms)
[09/30/2026-18:16:44] [I] Average on 10 runs - GPU latency: 2.4249 ms - Host latency: 2.4249 ms (enqueue 0.0380005 ms)
[09/30/2026-18:16:44] [I] Average on 10 runs - GPU latency: 2.37026 ms - Host latency: 2.37026 ms (enqueue 0.0346802 ms)
[09/30/2026-18:16:44] [I] Average on 10 runs - GPU latency: 2.42661 ms - Host latency: 2.42661 ms (enqueue 0.0331299 ms)
[09/30/2026-18:16:44] [I] Average on 10 runs - GPU latency: 2.42277 ms - Host latency: 2.42277 ms (enqueue 0.0478394 ms)
[09/30/2026-18:16:44] [I] Average on 10 runs - GPU latency: 2.38115 ms - Host latency: 2.38115 ms (enqueue 0.0381958 ms)
[09/30/2026-18:16:44] [I] Average on 10 runs - GPU latency: 2.39575 ms - Host latency: 2.39575 ms (enqueue 0.0387085 ms)
[09/30/2026-18:16:44] [I] Average on 10 runs - GPU latency: 2.41757 ms - Host latency: 2.41757 ms (enqueue 0.0415405 ms)
[09/30/2026-18:16:44] [I] Average on 10 runs - GPU latency: 2.42454 ms - Host latency: 2.42454 ms (enqueue 0.035083 ms)
[09/30/2026-18:16:44] [I] Average on 10 runs - GPU latency: 2.35787 ms - Host latency: 2.35787 ms (enqueue 0.0338135 ms)
[09/30/2026-18:16:44] [I] Average on 10 runs - GPU latency: 2.42289 ms - Host latency: 2.42289 ms (enqueue 0.036853 ms)
[09/30/2026-18:16:44] [I] Average on 10 runs - GPU latency: 2.40669 ms - Host latency: 2.40669 ms (enqueue 0.0384033 ms)
[09/30/2026-18:16:44] [I] Average on 10 runs - GPU latency: 2.42761 ms - Host latency: 2.42761 ms (enqueue 0.0368652 ms)
[09/30/2026-18:16:44] [I] Average on 10 runs - GPU latency: 2.36879 ms - Host latency: 2.36879 ms (enqueue 0.0345581 ms)
[09/30/2026-18:16:44] [I] Average on 10 runs - GPU latency: 2.42697 ms - Host latency: 2.42697 ms (enqueue 0.0379272 ms)
[09/30/2026-18:16:44] [I] Average on 10 runs - GPU latency: 2.42698 ms - Host latency: 2.42698 ms (enqueue 0.0345459 ms)
[09/30/2026-18:16:44] [I] Average on 10 runs - GPU latency: 2.4236 ms - Host latency: 2.4236 ms (enqueue 0.0294189 ms)
[09/30/2026-18:16:44] [I] Average on 10 runs - GPU latency: 2.35992 ms - Host latency: 2.35992 ms (enqueue 0.0320435 ms)
[09/30/2026-18:16:44] [I] Average on 10 runs - GPU latency: 2.41683 ms - Host latency: 2.41683 ms (enqueue 0.0334961 ms)
[09/30/2026-18:16:44] [I] Average on 10 runs - GPU latency: 2.42072 ms - Host latency: 2.42072 ms (enqueue 0.0376099 ms)
[09/30/2026-18:16:44] [I] Average on 10 runs - GPU latency: 2.35336 ms - Host latency: 2.35336 ms (enqueue 0.0396973 ms)
[09/30/2026-18:16:44] [I] Average on 10 runs - GPU latency: 2.46702 ms - Host latency: 2.46702 ms (enqueue 0.0376953 ms)
[09/30/2026-18:16:44] [I] Average on 10 runs - GPU latency: 2.41017 ms - Host latency: 2.41017 ms (enqueue 0.036853 ms)
[09/30/2026-18:16:44] [I] Average on 10 runs - GPU latency: 2.42419 ms - Host latency: 2.42419 ms (enqueue 0.0406738 ms)
[09/30/2026-18:16:44] [I] Average on 10 runs - GPU latency: 2.35815 ms - Host latency: 2.35815 ms (enqueue 0.0380371 ms)
[09/30/2026-18:16:44] [I] Average on 10 runs - GPU latency: 2.4281 ms - Host latency: 2.4281 ms (enqueue 0.0431274 ms)
[09/30/2026-18:16:44] [I] Average on 10 runs - GPU latency: 2.42225 ms - Host latency: 2.42225 ms (enqueue 0.0416626 ms)
[09/30/2026-18:16:44] [I] Average on 10 runs - GPU latency: 2.35836 ms - Host latency: 2.35836 ms (enqueue 0.0337769 ms)
[09/30/2026-18:16:44] [I] Average on 10 runs - GPU latency: 2.42065 ms - Host latency: 2.42065 ms (enqueue 0.0338623 ms)
[09/30/2026-18:16:44] [I] Average on 10 runs - GPU latency: 2.42305 ms - Host latency: 2.42305 ms (enqueue 0.037793 ms)
[09/30/2026-18:16:44] [I] Average on 10 runs - GPU latency: 2.41926 ms - Host latency: 2.41926 ms (enqueue 0.0337402 ms)
[09/30/2026-18:16:44] [I] Average on 10 runs - GPU latency: 2.36023 ms - Host latency: 2.36023 ms (enqueue 0.0352539 ms)
[09/30/2026-18:16:44] [I] Average on 10 runs - GPU latency: 2.40637 ms - Host latency: 2.40637 ms (enqueue 0.0469238 ms)
[09/30/2026-18:16:44] [I] Average on 10 runs - GPU latency: 2.42993 ms - Host latency: 2.42993 ms (enqueue 0.0367432 ms)
[09/30/2026-18:16:44] [I] Average on 10 runs - GPU latency: 2.4344 ms - Host latency: 2.4344 ms (enqueue 0.0350098 ms)
[09/30/2026-18:16:44] [I] Average on 10 runs - GPU latency: 2.36873 ms - Host latency: 2.36873 ms (enqueue 0.0359619 ms)
[09/30/2026-18:16:44] [I] Average on 10 runs - GPU latency: 2.42478 ms - Host latency: 2.42478 ms (enqueue 0.0335938 ms)
[09/30/2026-18:16:44] [I] Average on 10 runs - GPU latency: 2.41995 ms - Host latency: 2.41995 ms (enqueue 0.0309082 ms)
[09/30/2026-18:16:44] [I] Average on 10 runs - GPU latency: 2.35173 ms - Host latency: 2.35173 ms (enqueue 0.0211914 ms)
[09/30/2026-18:16:44] [I] Average on 10 runs - GPU latency: 2.42625 ms - Host latency: 2.42625 ms (enqueue 0.031958 ms)
[09/30/2026-18:16:44] [I] Average on 10 runs - GPU latency: 2.41042 ms - Host latency: 2.41042 ms (enqueue 0.0268555 ms)
[09/30/2026-18:16:44] [I] Average on 10 runs - GPU latency: 2.41057 ms - Host latency: 2.41057 ms (enqueue 0.0296387 ms)
[09/30/2026-18:16:44] [I] Average on 10 runs - GPU latency: 2.35911 ms - Host latency: 2.35911 ms (enqueue 0.0224121 ms)
[09/30/2026-18:16:44] [I] Average on 10 runs - GPU latency: 2.41956 ms - Host latency: 2.41956 ms (enqueue 0.03125 ms)
[09/30/2026-18:16:44] [I] Average on 10 runs - GPU latency: 2.40806 ms - Host latency: 2.40806 ms (enqueue 0.0221924 ms)
[09/30/2026-18:16:44] [I] Average on 10 runs - GPU latency: 2.35923 ms - Host latency: 2.35923 ms (enqueue 0.0209473 ms)
[09/30/2026-18:16:44] [I] Average on 10 runs - GPU latency: 2.44438 ms - Host latency: 2.44438 ms (enqueue 0.0239502 ms)
[09/30/2026-18:16:44] [I] Average on 10 runs - GPU latency: 2.42886 ms - Host latency: 2.42886 ms (enqueue 0.0266602 ms)
[09/30/2026-18:16:44] [I] Average on 10 runs - GPU latency: 2.43928 ms - Host latency: 2.43928 ms (enqueue 0.0585205 ms)
[09/30/2026-18:16:44] [I] Average on 10 runs - GPU latency: 2.35183 ms - Host latency: 2.35183 ms (enqueue 0.0328857 ms)
[09/30/2026-18:16:44] [I] Average on 10 runs - GPU latency: 2.42742 ms - Host latency: 2.42742 ms (enqueue 0.0238281 ms)
[09/30/2026-18:16:44] [I] Average on 10 runs - GPU latency: 2.40991 ms - Host latency: 2.40991 ms (enqueue 0.0246094 ms)
[09/30/2026-18:16:44] [I] Average on 10 runs - GPU latency: 2.42253 ms - Host latency: 2.42253 ms (enqueue 0.0243652 ms)
[09/30/2026-18:16:44] [I] Average on 10 runs - GPU latency: 2.3533 ms - Host latency: 2.3533 ms (enqueue 0.0294189 ms)
[09/30/2026-18:16:44] [I] Average on 10 runs - GPU latency: 2.43469 ms - Host latency: 2.43469 ms (enqueue 0.026709 ms)
[09/30/2026-18:16:44] [I] Average on 10 runs - GPU latency: 2.41619 ms - Host latency: 2.41619 ms (enqueue 0.0322998 ms)
[09/30/2026-18:16:44] [I] Average on 10 runs - GPU latency: 2.37192 ms - Host latency: 2.37192 ms (enqueue 0.0307861 ms)
[09/30/2026-18:16:44] [I] Average on 10 runs - GPU latency: 2.42917 ms - Host latency: 2.42917 ms (enqueue 0.0463867 ms)
[09/30/2026-18:16:44] [I] Average on 10 runs - GPU latency: 2.41802 ms - Host latency: 2.41802 ms (enqueue 0.0247559 ms)
[09/30/2026-18:16:44] [I] Average on 10 runs - GPU latency: 2.42998 ms - Host latency: 2.42998 ms (enqueue 0.0250488 ms)
[09/30/2026-18:16:44] [I] Average on 10 runs - GPU latency: 2.3636 ms - Host latency: 2.3636 ms (enqueue 0.021167 ms)
[09/30/2026-18:16:44] [I] Average on 10 runs - GPU latency: 2.42295 ms - Host latency: 2.42295 ms (enqueue 0.0286133 ms)
[09/30/2026-18:16:44] [I] Average on 10 runs - GPU latency: 2.4262 ms - Host latency: 2.4262 ms (enqueue 0.030835 ms)
[09/30/2026-18:16:44] [I] Average on 10 runs - GPU latency: 2.36377 ms - Host latency: 2.36377 ms (enqueue 0.0266113 ms)
[09/30/2026-18:16:44] [I] Average on 10 runs - GPU latency: 2.42249 ms - Host latency: 2.42249 ms (enqueue 0.0366211 ms)
[09/30/2026-18:16:44] [I] Average on 10 runs - GPU latency: 2.41604 ms - Host latency: 2.41604 ms (enqueue 0.0319824 ms)
[09/30/2026-18:16:44] [I] Average on 10 runs - GPU latency: 2.43086 ms - Host latency: 2.43086 ms (enqueue 0.0373779 ms)
[09/30/2026-18:16:44] [I] Average on 10 runs - GPU latency: 2.3616 ms - Host latency: 2.3616 ms (enqueue 0.0325928 ms)
[09/30/2026-18:16:44] [I] Average on 10 runs - GPU latency: 2.43352 ms - Host latency: 2.43352 ms (enqueue 0.0352295 ms)
[09/30/2026-18:16:44] [I] Average on 10 runs - GPU latency: 2.42175 ms - Host latency: 2.42175 ms (enqueue 0.0251953 ms)
[09/30/2026-18:16:44] [I] Average on 10 runs - GPU latency: 2.42842 ms - Host latency: 2.42842 ms (enqueue 0.0335205 ms)
[09/30/2026-18:16:44] [I] Average on 10 runs - GPU latency: 2.36812 ms - Host latency: 2.36812 ms (enqueue 0.0308838 ms)
[09/30/2026-18:16:44] [I] Average on 10 runs - GPU latency: 2.43267 ms - Host latency: 2.43267 ms (enqueue 0.0342285 ms)
[09/30/2026-18:16:44] [I] Average on 10 runs - GPU latency: 2.43132 ms - Host latency: 2.43132 ms (enqueue 0.0309814 ms)
[09/30/2026-18:16:44] [I] Average on 10 runs - GPU latency: 2.35063 ms - Host latency: 2.35063 ms (enqueue 0.0305908 ms)
[09/30/2026-18:16:44] [I] Average on 10 runs - GPU latency: 2.42283 ms - Host latency: 2.42283 ms (enqueue 0.0280273 ms)
[09/30/2026-18:16:44] [I] Average on 10 runs - GPU latency: 2.41367 ms - Host latency: 2.41367 ms (enqueue 0.0249512 ms)
[09/30/2026-18:16:44] [I] Average on 10 runs - GPU latency: 2.41814 ms - Host latency: 2.41814 ms (enqueue 0.030957 ms)
[09/30/2026-18:16:44] [I] Average on 10 runs - GPU latency: 2.37834 ms - Host latency: 2.37834 ms (enqueue 0.0234375 ms)
[09/30/2026-18:16:44] [I] Average on 10 runs - GPU latency: 2.43892 ms - Host latency: 2.43892 ms (enqueue 0.0282715 ms)
[09/30/2026-18:16:44] [I] Average on 10 runs - GPU latency: 2.42832 ms - Host latency: 2.42832 ms (enqueue 0.0295898 ms)
[09/30/2026-18:16:44] [I] Average on 10 runs - GPU latency: 2.4449 ms - Host latency: 2.4449 ms (enqueue 0.0324707 ms)
[09/30/2026-18:16:44] [I] Average on 10 runs - GPU latency: 2.36104 ms - Host latency: 2.36104 ms (enqueue 0.0327637 ms)
[09/30/2026-18:16:44] [I] Average on 10 runs - GPU latency: 2.41968 ms - Host latency: 2.41968 ms (enqueue 0.0258057 ms)
[09/30/2026-18:16:44] [I] Average on 10 runs - GPU latency: 2.41438 ms - Host latency: 2.41438 ms (enqueue 0.0218262 ms)
[09/30/2026-18:16:44] [I] Average on 10 runs - GPU latency: 2.36665 ms - Host latency: 2.36665 ms (enqueue 0.0211914 ms)
[09/30/2026-18:16:44] [I] Average on 10 runs - GPU latency: 2.41521 ms - Host latency: 2.41521 ms (enqueue 0.0230957 ms)
[09/30/2026-18:16:44] [I] Average on 10 runs - GPU latency: 2.43132 ms - Host latency: 2.43132 ms (enqueue 0.0334473 ms)
[09/30/2026-18:16:44] [I] Average on 10 runs - GPU latency: 2.36895 ms - Host latency: 2.36895 ms (enqueue 0.0289551 ms)
[09/30/2026-18:16:44] [I] Average on 10 runs - GPU latency: 2.43452 ms - Host latency: 2.43452 ms (enqueue 0.0326172 ms)
[09/30/2026-18:16:44] [I] Average on 10 runs - GPU latency: 2.50117 ms - Host latency: 2.50117 ms (enqueue 0.0335938 ms)
[09/30/2026-18:16:44] [I] Average on 10 runs - GPU latency: 2.47397 ms - Host latency: 2.47397 ms (enqueue 0.032959 ms)
[09/30/2026-18:16:44] [I] Average on 10 runs - GPU latency: 2.47693 ms - Host latency: 2.47693 ms (enqueue 0.0321533 ms)
[09/30/2026-18:16:44] [I] Average on 10 runs - GPU latency: 2.42532 ms - Host latency: 2.42532 ms (enqueue 0.0318604 ms)
[09/30/2026-18:16:44] [I] Average on 10 runs - GPU latency: 2.42185 ms - Host latency: 2.42185 ms (enqueue 0.0318359 ms)
[09/30/2026-18:16:44] [I] Average on 10 runs - GPU latency: 2.4842 ms - Host latency: 2.4842 ms (enqueue 0.0332764 ms)
[09/30/2026-18:16:44] [I] Average on 10 runs - GPU latency: 2.41245 ms - Host latency: 2.41245 ms (enqueue 0.0319824 ms)
[09/30/2026-18:16:44] [I] Average on 10 runs - GPU latency: 2.4262 ms - Host latency: 2.4262 ms (enqueue 0.0319824 ms)
[09/30/2026-18:16:44] [I] Average on 10 runs - GPU latency: 2.41631 ms - Host latency: 2.41631 ms (enqueue 0.0341064 ms)
[09/30/2026-18:16:44] [I] Average on 10 runs - GPU latency: 2.47922 ms - Host latency: 2.47922 ms (enqueue 0.0349121 ms)
[09/30/2026-18:16:44] [I] Average on 10 runs - GPU latency: 2.41492 ms - Host latency: 2.41492 ms (enqueue 0.0347656 ms)
[09/30/2026-18:16:44] [I] Average on 10 runs - GPU latency: 2.47808 ms - Host latency: 2.47808 ms (enqueue 0.0317383 ms)
[09/30/2026-18:16:44] [I] Average on 10 runs - GPU latency: 2.41401 ms - Host latency: 2.41401 ms (enqueue 0.0276855 ms)
[09/30/2026-18:16:44] [I] Average on 10 runs - GPU latency: 2.47969 ms - Host latency: 2.47969 ms (enqueue 0.0353027 ms)
[09/30/2026-18:16:44] [I] Average on 10 runs - GPU latency: 2.34824 ms - Host latency: 2.34824 ms (enqueue 0.0319336 ms)
[09/30/2026-18:16:44] [I] Average on 10 runs - GPU latency: 2.49324 ms - Host latency: 2.49324 ms (enqueue 0.0352051 ms)
[09/30/2026-18:16:44] [I] Average on 10 runs - GPU latency: 2.42114 ms - Host latency: 2.42114 ms (enqueue 0.0388672 ms)
[09/30/2026-18:16:44] [I] Average on 10 runs - GPU latency: 2.44416 ms - Host latency: 2.44416 ms (enqueue 0.0364746 ms)
[09/30/2026-18:16:44] [I] Average on 10 runs - GPU latency: 2.45098 ms - Host latency: 2.45098 ms (enqueue 0.0323486 ms)
[09/30/2026-18:16:44] [I] Average on 10 runs - GPU latency: 2.42327 ms - Host latency: 2.42327 ms (enqueue 0.0359375 ms)
[09/30/2026-18:16:44] [I] Average on 10 runs - GPU latency: 2.48906 ms - Host latency: 2.48906 ms (enqueue 0.0339844 ms)
[09/30/2026-18:16:44] [I] Average on 10 runs - GPU latency: 2.36602 ms - Host latency: 2.36602 ms (enqueue 0.0315186 ms)
[09/30/2026-18:16:44] [I] Average on 10 runs - GPU latency: 2.50066 ms - Host latency: 2.50066 ms (enqueue 0.0319336 ms)
[09/30/2026-18:16:44] [I] Average on 10 runs - GPU latency: 2.42666 ms - Host latency: 2.42666 ms (enqueue 0.0324219 ms)
[09/30/2026-18:16:44] [I] Average on 10 runs - GPU latency: 2.48848 ms - Host latency: 2.48848 ms (enqueue 0.033252 ms)
[09/30/2026-18:16:44] [I] Average on 10 runs - GPU latency: 2.34839 ms - Host latency: 2.34839 ms (enqueue 0.0310547 ms)
[09/30/2026-18:16:44] [I] Average on 10 runs - GPU latency: 2.42129 ms - Host latency: 2.42129 ms (enqueue 0.0307617 ms)
[09/30/2026-18:16:44] [I] Average on 10 runs - GPU latency: 2.41636 ms - Host latency: 2.41636 ms (enqueue 0.0322266 ms)
[09/30/2026-18:16:44] [I] Average on 10 runs - GPU latency: 2.42349 ms - Host latency: 2.42349 ms (enqueue 0.0314941 ms)
[09/30/2026-18:16:44] [I] Average on 10 runs - GPU latency: 2.35029 ms - Host latency: 2.35029 ms (enqueue 0.0272461 ms)
[09/30/2026-18:16:44] [I] Average on 10 runs - GPU latency: 2.44741 ms - Host latency: 2.44741 ms (enqueue 0.0327148 ms)
[09/30/2026-18:16:44] [I] Average on 10 runs - GPU latency: 2.42344 ms - Host latency: 2.42344 ms (enqueue 0.0305664 ms)
[09/30/2026-18:16:44] [I] Average on 10 runs - GPU latency: 2.35845 ms - Host latency: 2.35845 ms (enqueue 0.0266602 ms)
[09/30/2026-18:16:44] [I] Average on 10 runs - GPU latency: 2.40137 ms - Host latency: 2.40137 ms (enqueue 0.0326172 ms)
[09/30/2026-18:16:44] [I] Average on 10 runs - GPU latency: 2.42197 ms - Host latency: 2.42197 ms (enqueue 0.0322754 ms)
[09/30/2026-18:16:44] [I] Average on 10 runs - GPU latency: 2.41777 ms - Host latency: 2.41777 ms (enqueue 0.0303223 ms)
[09/30/2026-18:16:44] [I] Average on 10 runs - GPU latency: 2.36162 ms - Host latency: 2.36162 ms (enqueue 0.0273438 ms)
[09/30/2026-18:16:44] [I] Average on 10 runs - GPU latency: 2.41782 ms - Host latency: 2.41782 ms (enqueue 0.0260254 ms)
[09/30/2026-18:16:44] [I] Average on 10 runs - GPU latency: 2.42334 ms - Host latency: 2.42334 ms (enqueue 0.0304688 ms)
[09/30/2026-18:16:44] [I] Average on 10 runs - GPU latency: 2.36895 ms - Host latency: 2.36895 ms (enqueue 0.0272949 ms)
[09/30/2026-18:16:44] [I] Average on 10 runs - GPU latency: 2.43618 ms - Host latency: 2.43618 ms (enqueue 0.0325684 ms)
[09/30/2026-18:16:44] [I] Average on 10 runs - GPU latency: 2.4688 ms - Host latency: 2.4688 ms (enqueue 0.0321777 ms)
[09/30/2026-18:16:44] [I] Average on 10 runs - GPU latency: 2.46753 ms - Host latency: 2.46753 ms (enqueue 0.0330566 ms)
[09/30/2026-18:16:44] [I] Average on 10 runs - GPU latency: 2.37817 ms - Host latency: 2.37817 ms (enqueue 0.0324219 ms)
[09/30/2026-18:16:44] [I] Average on 10 runs - GPU latency: 2.44907 ms - Host latency: 2.44907 ms (enqueue 0.0304199 ms)
[09/30/2026-18:16:44] [I] Average on 10 runs - GPU latency: 2.44375 ms - Host latency: 2.44375 ms (enqueue 0.0251465 ms)
[09/30/2026-18:16:44] [I] Average on 10 runs - GPU latency: 2.4397 ms - Host latency: 2.4397 ms (enqueue 0.0304688 ms)
[09/30/2026-18:16:44] [I] Average on 10 runs - GPU latency: 2.36704 ms - Host latency: 2.36704 ms (enqueue 0.0318848 ms)
[09/30/2026-18:16:44] [I] Average on 10 runs - GPU latency: 2.44097 ms - Host latency: 2.44097 ms (enqueue 0.0272461 ms)
[09/30/2026-18:16:44] [I] Average on 10 runs - GPU latency: 2.43306 ms - Host latency: 2.43306 ms (enqueue 0.0301758 ms)
[09/30/2026-18:16:44] [I] Average on 10 runs - GPU latency: 2.36948 ms - Host latency: 2.36948 ms (enqueue 0.0269531 ms)
[09/30/2026-18:16:44] [I] Average on 10 runs - GPU latency: 2.43511 ms - Host latency: 2.43511 ms (enqueue 0.03125 ms)
[09/30/2026-18:16:44] [I] Average on 10 runs - GPU latency: 2.43789 ms - Host latency: 2.43789 ms (enqueue 0.0314941 ms)
[09/30/2026-18:16:44] [I] Average on 10 runs - GPU latency: 2.43013 ms - Host latency: 2.43013 ms (enqueue 0.0364258 ms)
[09/30/2026-18:16:44] [I] Average on 10 runs - GPU latency: 2.37119 ms - Host latency: 2.37119 ms (enqueue 0.0261719 ms)
[09/30/2026-18:16:44] [I] Average on 10 runs - GPU latency: 2.44375 ms - Host latency: 2.44375 ms (enqueue 0.0303223 ms)
[09/30/2026-18:16:44] [I] Average on 10 runs - GPU latency: 2.42896 ms - Host latency: 2.42896 ms (enqueue 0.0314941 ms)
[09/30/2026-18:16:44] [I] Average on 10 runs - GPU latency: 2.42666 ms - Host latency: 2.42666 ms (enqueue 0.0316406 ms)
[09/30/2026-18:16:44] [I] Average on 10 runs - GPU latency: 2.37007 ms - Host latency: 2.37007 ms (enqueue 0.0335449 ms)
[09/30/2026-18:16:44] [I] Average on 10 runs - GPU latency: 2.43564 ms - Host latency: 2.43564 ms (enqueue 0.0318848 ms)
[09/30/2026-18:16:44] [I] Average on 10 runs - GPU latency: 2.43296 ms - Host latency: 2.43296 ms (enqueue 0.0328613 ms)
[09/30/2026-18:16:44] [I] Average on 10 runs - GPU latency: 2.36787 ms - Host latency: 2.36787 ms (enqueue 0.032959 ms)
[09/30/2026-18:16:44] [I] Average on 10 runs - GPU latency: 2.43662 ms - Host latency: 2.43662 ms (enqueue 0.0248047 ms)
[09/30/2026-18:16:44] [I] Average on 10 runs - GPU latency: 2.43994 ms - Host latency: 2.43994 ms (enqueue 0.0328125 ms)
[09/30/2026-18:16:44] [I] Average on 10 runs - GPU latency: 2.42163 ms - Host latency: 2.42163 ms (enqueue 0.0236816 ms)
[09/30/2026-18:16:44] [I] Average on 10 runs - GPU latency: 2.36924 ms - Host latency: 2.36924 ms (enqueue 0.0220215 ms)
[09/30/2026-18:16:44] [I] Average on 10 runs - GPU latency: 2.42998 ms - Host latency: 2.42998 ms (enqueue 0.0231445 ms)
[09/30/2026-18:16:44] [I] Average on 10 runs - GPU latency: 2.43823 ms - Host latency: 2.43823 ms (enqueue 0.0258789 ms)
[09/30/2026-18:16:44] [I] Average on 10 runs - GPU latency: 2.4291 ms - Host latency: 2.4291 ms (enqueue 0.0249512 ms)
[09/30/2026-18:16:44] [I] Average on 10 runs - GPU latency: 2.3707 ms - Host latency: 2.3707 ms (enqueue 0.0319824 ms)
[09/30/2026-18:16:44] [I] Average on 10 runs - GPU latency: 2.43618 ms - Host latency: 2.43618 ms (enqueue 0.0303711 ms)
[09/30/2026-18:16:44] [I] Average on 10 runs - GPU latency: 2.43232 ms - Host latency: 2.43232 ms (enqueue 0.0312988 ms)
[09/30/2026-18:16:44] [I] Average on 10 runs - GPU latency: 2.36875 ms - Host latency: 2.36875 ms (enqueue 0.0320312 ms)
[09/30/2026-18:16:44] [I] Average on 10 runs - GPU latency: 2.43975 ms - Host latency: 2.43975 ms (enqueue 0.0362305 ms)
[09/30/2026-18:16:44] [I] Average on 10 runs - GPU latency: 2.44111 ms - Host latency: 2.44111 ms (enqueue 0.0293457 ms)
[09/30/2026-18:16:44] [I] Average on 10 runs - GPU latency: 2.43652 ms - Host latency: 2.43652 ms (enqueue 0.0370117 ms)
[09/30/2026-18:16:44] [I] Average on 10 runs - GPU latency: 2.36792 ms - Host latency: 2.36792 ms (enqueue 0.0258301 ms)
[09/30/2026-18:16:44] [I] Average on 10 runs - GPU latency: 2.43652 ms - Host latency: 2.43652 ms (enqueue 0.0362793 ms)
[09/30/2026-18:16:44] [I] Average on 10 runs - GPU latency: 2.41714 ms - Host latency: 2.41714 ms (enqueue 0.0341309 ms)
[09/30/2026-18:16:44] [I] Average on 10 runs - GPU latency: 2.40044 ms - Host latency: 2.40044 ms (enqueue 0.0359375 ms)
[09/30/2026-18:16:44] [I] Average on 10 runs - GPU latency: 2.40195 ms - Host latency: 2.40195 ms (enqueue 0.032959 ms)
[09/30/2026-18:16:44] [I] Average on 10 runs - GPU latency: 2.4375 ms - Host latency: 2.4375 ms (enqueue 0.0303223 ms)
[09/30/2026-18:16:44] [I] Average on 10 runs - GPU latency: 2.43853 ms - Host latency: 2.43853 ms (enqueue 0.0300781 ms)
[09/30/2026-18:16:44] [I] Average on 10 runs - GPU latency: 2.36919 ms - Host latency: 2.36919 ms (enqueue 0.0251953 ms)
[09/30/2026-18:16:44] [I] Average on 10 runs - GPU latency: 2.4604 ms - Host latency: 2.4604 ms (enqueue 0.0254395 ms)
[09/30/2026-18:16:44] [I] Average on 10 runs - GPU latency: 2.42803 ms - Host latency: 2.42803 ms (enqueue 0.0214844 ms)
[09/30/2026-18:16:44] [I] Average on 10 runs - GPU latency: 2.43765 ms - Host latency: 2.43765 ms (enqueue 0.0211426 ms)
[09/30/2026-18:16:44] [I] Average on 10 runs - GPU latency: 2.37363 ms - Host latency: 2.37363 ms (enqueue 0.0249023 ms)
[09/30/2026-18:16:44] [I] Average on 10 runs - GPU latency: 2.4374 ms - Host latency: 2.4374 ms (enqueue 0.0313477 ms)
[09/30/2026-18:16:44] [I] Average on 10 runs - GPU latency: 2.43384 ms - Host latency: 2.43384 ms (enqueue 0.0325684 ms)
[09/30/2026-18:16:44] [I] Average on 10 runs - GPU latency: 2.43799 ms - Host latency: 2.43799 ms (enqueue 0.0248047 ms)
[09/30/2026-18:16:44] [I] Average on 10 runs - GPU latency: 2.37227 ms - Host latency: 2.37227 ms (enqueue 0.0309082 ms)
[09/30/2026-18:16:44] [I] Average on 10 runs - GPU latency: 2.43301 ms - Host latency: 2.43301 ms (enqueue 0.0319824 ms)
[09/30/2026-18:16:44] [I] Average on 10 runs - GPU latency: 2.43545 ms - Host latency: 2.43545 ms (enqueue 0.0318359 ms)
[09/30/2026-18:16:44] [I] ... Omitting 2184 lines
[09/30/2026-18:16:44] [I] Average on 10 runs - GPU latency: 2.38994 ms - Host latency: 2.38994 ms (enqueue 0.0262695 ms)
[09/30/2026-18:16:44] [I] Average on 10 runs - GPU latency: 2.43789 ms - Host latency: 2.43789 ms (enqueue 0.0246094 ms)
[09/30/2026-18:16:44] [I] Average on 10 runs - GPU latency: 2.43965 ms - Host latency: 2.43965 ms (enqueue 0.0296875 ms)
[09/30/2026-18:16:44] [I] Average on 10 runs - GPU latency: 2.38145 ms - Host latency: 2.38145 ms (enqueue 0.0277344 ms)
[09/30/2026-18:16:44] [I] Average on 10 runs - GPU latency: 2.44697 ms - Host latency: 2.44697 ms (enqueue 0.0270508 ms)
[09/30/2026-18:16:44] [I] Average on 10 runs - GPU latency: 2.43691 ms - Host latency: 2.43691 ms (enqueue 0.0226563 ms)
[09/30/2026-18:16:44] [I] Average on 10 runs - GPU latency: 2.44824 ms - Host latency: 2.44824 ms (enqueue 0.025 ms)
[09/30/2026-18:16:44] [I] Average on 10 runs - GPU latency: 2.38154 ms - Host latency: 2.38154 ms (enqueue 0.0310547 ms)
[09/30/2026-18:16:44] [I] Average on 10 runs - GPU latency: 2.43486 ms - Host latency: 2.43486 ms (enqueue 0.034375 ms)
[09/30/2026-18:16:44] [I] Average on 10 runs - GPU latency: 2.43057 ms - Host latency: 2.43057 ms (enqueue 0.03125 ms)
[09/30/2026-18:16:44] [I] Average on 10 runs - GPU latency: 2.44551 ms - Host latency: 2.44551 ms (enqueue 0.0283203 ms)
[09/30/2026-18:16:44] [I] Average on 10 runs - GPU latency: 2.39014 ms - Host latency: 2.39014 ms (enqueue 0.0324219 ms)
[09/30/2026-18:16:44] [I] Average on 10 runs - GPU latency: 2.45742 ms - Host latency: 2.45742 ms (enqueue 0.0322266 ms)
[09/30/2026-18:16:44] [I] Average on 10 runs - GPU latency: 2.45557 ms - Host latency: 2.45557 ms (enqueue 0.0320312 ms)
[09/30/2026-18:16:44] [I] Average on 10 runs - GPU latency: 2.37285 ms - Host latency: 2.37285 ms (enqueue 0.028418 ms)
[09/30/2026-18:16:44] [I] Average on 10 runs - GPU latency: 2.43857 ms - Host latency: 2.43857 ms (enqueue 0.0328125 ms)
[09/30/2026-18:16:44] [I] Average on 10 runs - GPU latency: 2.44551 ms - Host latency: 2.44551 ms (enqueue 0.0310547 ms)
[09/30/2026-18:16:44] [I] Average on 10 runs - GPU latency: 2.37988 ms - Host latency: 2.37988 ms (enqueue 0.0330078 ms)
[09/30/2026-18:16:44] [I] Average on 10 runs - GPU latency: 2.54746 ms - Host latency: 2.54746 ms (enqueue 0.0330078 ms)
[09/30/2026-18:16:44] [I] Average on 10 runs - GPU latency: 2.51631 ms - Host latency: 2.51631 ms (enqueue 0.0351562 ms)
[09/30/2026-18:16:44] [I] Average on 10 runs - GPU latency: 2.43174 ms - Host latency: 2.43174 ms (enqueue 0.034375 ms)
[09/30/2026-18:16:44] [I] Average on 10 runs - GPU latency: 2.49414 ms - Host latency: 2.49414 ms (enqueue 0.034375 ms)
[09/30/2026-18:16:44] [I] Average on 10 runs - GPU latency: 2.44062 ms - Host latency: 2.44062 ms (enqueue 0.0329102 ms)
[09/30/2026-18:16:44] [I] Average on 10 runs - GPU latency: 2.51543 ms - Host latency: 2.51543 ms (enqueue 0.0344727 ms)
[09/30/2026-18:16:44] [I] Average on 10 runs - GPU latency: 2.429 ms - Host latency: 2.429 ms (enqueue 0.0339844 ms)
[09/30/2026-18:16:44] [I] Average on 10 runs - GPU latency: 2.44111 ms - Host latency: 2.44111 ms (enqueue 0.0332031 ms)
[09/30/2026-18:16:44] [I] Average on 10 runs - GPU latency: 2.43613 ms - Host latency: 2.43613 ms (enqueue 0.0266602 ms)
[09/30/2026-18:16:44] [I] Average on 10 runs - GPU latency: 2.50967 ms - Host latency: 2.50967 ms (enqueue 0.0331055 ms)
[09/30/2026-18:16:44] [I] Average on 10 runs - GPU latency: 2.42432 ms - Host latency: 2.42432 ms (enqueue 0.0326172 ms)
[09/30/2026-18:16:44] [I] Average on 10 runs - GPU latency: 2.49453 ms - Host latency: 2.49453 ms (enqueue 0.0325195 ms)
[09/30/2026-18:16:44] [I] Average on 10 runs - GPU latency: 2.43096 ms - Host latency: 2.43096 ms (enqueue 0.0426758 ms)
[09/30/2026-18:16:44] [I] Average on 10 runs - GPU latency: 2.43125 ms - Host latency: 2.43125 ms (enqueue 0.0304688 ms)
[09/30/2026-18:16:44] [I] Average on 10 runs - GPU latency: 2.43281 ms - Host latency: 2.43281 ms (enqueue 0.0314453 ms)
[09/30/2026-18:16:44] [I] Average on 10 runs - GPU latency: 2.4582 ms - Host latency: 2.4582 ms (enqueue 0.0318359 ms)
[09/30/2026-18:16:44] [I] Average on 10 runs - GPU latency: 2.43721 ms - Host latency: 2.43721 ms (enqueue 0.0317383 ms)
[09/30/2026-18:16:44] [I] Average on 10 runs - GPU latency: 2.47861 ms - Host latency: 2.47861 ms (enqueue 0.0279297 ms)
[09/30/2026-18:16:44] [I] Average on 10 runs - GPU latency: 2.50654 ms - Host latency: 2.50654 ms (enqueue 0.0411133 ms)
[09/30/2026-18:16:44] [I] Average on 10 runs - GPU latency: 2.43311 ms - Host latency: 2.43311 ms (enqueue 0.0319336 ms)
[09/30/2026-18:16:44] [I] Average on 10 runs - GPU latency: 2.43848 ms - Host latency: 2.43848 ms (enqueue 0.0375 ms)
[09/30/2026-18:16:44] [I] Average on 10 runs - GPU latency: 2.45459 ms - Host latency: 2.45459 ms (enqueue 0.0317383 ms)
[09/30/2026-18:16:44] [I] Average on 10 runs - GPU latency: 2.52744 ms - Host latency: 2.52744 ms (enqueue 0.0268555 ms)
[09/30/2026-18:16:44] [I] Average on 10 runs - GPU latency: 2.44365 ms - Host latency: 2.44365 ms (enqueue 0.028418 ms)
[09/30/2026-18:16:44] [I] Average on 10 runs - GPU latency: 2.43848 ms - Host latency: 2.43848 ms (enqueue 0.024707 ms)
[09/30/2026-18:16:44] [I] Average on 10 runs - GPU latency: 2.43643 ms - Host latency: 2.43643 ms (enqueue 0.0285156 ms)
[09/30/2026-18:16:44] [I] Average on 10 runs - GPU latency: 2.43994 ms - Host latency: 2.43994 ms (enqueue 0.0279297 ms)
[09/30/2026-18:16:44] [I] Average on 10 runs - GPU latency: 2.38535 ms - Host latency: 2.38535 ms (enqueue 0.0269531 ms)
[09/30/2026-18:16:44] [I] Average on 10 runs - GPU latency: 2.43701 ms - Host latency: 2.43701 ms (enqueue 0.0298828 ms)
[09/30/2026-18:16:44] [I] Average on 10 runs - GPU latency: 2.44053 ms - Host latency: 2.44053 ms (enqueue 0.0316406 ms)
[09/30/2026-18:16:44] [I] Average on 10 runs - GPU latency: 2.36797 ms - Host latency: 2.36797 ms (enqueue 0.0313477 ms)
[09/30/2026-18:16:44] [I] Average on 10 runs - GPU latency: 2.45186 ms - Host latency: 2.45186 ms (enqueue 0.0344727 ms)
[09/30/2026-18:16:44] [I] Average on 10 runs - GPU latency: 2.43916 ms - Host latency: 2.43916 ms (enqueue 0.028418 ms)
[09/30/2026-18:16:44] [I] Average on 10 runs - GPU latency: 2.43477 ms - Host latency: 2.43477 ms (enqueue 0.0305664 ms)
[09/30/2026-18:16:44] [I] Average on 10 runs - GPU latency: 2.38018 ms - Host latency: 2.38018 ms (enqueue 0.0229492 ms)
[09/30/2026-18:16:44] [I] Average on 10 runs - GPU latency: 2.44971 ms - Host latency: 2.44971 ms (enqueue 0.0233398 ms)
[09/30/2026-18:16:44] [I] Average on 10 runs - GPU latency: 2.46143 ms - Host latency: 2.46143 ms (enqueue 0.0249023 ms)
[09/30/2026-18:16:44] [I] Average on 10 runs - GPU latency: 2.4415 ms - Host latency: 2.4415 ms (enqueue 0.0300781 ms)
[09/30/2026-18:16:44] [I] Average on 10 runs - GPU latency: 2.39014 ms - Host latency: 2.39014 ms (enqueue 0.0319336 ms)
[09/30/2026-18:16:44] [I] Average on 10 runs - GPU latency: 2.46152 ms - Host latency: 2.46152 ms (enqueue 0.0324219 ms)
[09/30/2026-18:16:44] [I] Average on 10 runs - GPU latency: 2.47637 ms - Host latency: 2.47637 ms (enqueue 0.0334961 ms)
[09/30/2026-18:16:44] [I] Average on 10 runs - GPU latency: 2.46621 ms - Host latency: 2.46621 ms (enqueue 0.0259766 ms)
[09/30/2026-18:16:44] [I] Average on 10 runs - GPU latency: 2.375 ms - Host latency: 2.375 ms (enqueue 0.0426758 ms)
[09/30/2026-18:16:44] [I] Average on 10 runs - GPU latency: 2.45586 ms - Host latency: 2.45586 ms (enqueue 0.0314453 ms)
[09/30/2026-18:16:44] [I] Average on 10 runs - GPU latency: 2.43535 ms - Host latency: 2.43535 ms (enqueue 0.0272461 ms)
[09/30/2026-18:16:44] [I] Average on 10 runs - GPU latency: 2.37549 ms - Host latency: 2.37549 ms (enqueue 0.0313477 ms)
[09/30/2026-18:16:44] [I] Average on 10 runs - GPU latency: 2.4417 ms - Host latency: 2.4417 ms (enqueue 0.0323242 ms)
[09/30/2026-18:16:44] [I] Average on 10 runs - GPU latency: 2.43525 ms - Host latency: 2.43525 ms (enqueue 0.0272461 ms)
[09/30/2026-18:16:44] [I] Average on 10 runs - GPU latency: 2.44795 ms - Host latency: 2.44795 ms (enqueue 0.0290039 ms)
[09/30/2026-18:16:44] [I] Average on 10 runs - GPU latency: 2.37256 ms - Host latency: 2.37256 ms (enqueue 0.0260742 ms)
[09/30/2026-18:16:44] [I] Average on 10 runs - GPU latency: 2.4501 ms - Host latency: 2.4501 ms (enqueue 0.0475586 ms)
[09/30/2026-18:16:44] [I] Average on 10 runs - GPU latency: 2.45439 ms - Host latency: 2.45439 ms (enqueue 0.0329102 ms)
[09/30/2026-18:16:44] [I] Average on 10 runs - GPU latency: 2.45283 ms - Host latency: 2.45283 ms (enqueue 0.0302734 ms)
[09/30/2026-18:16:44] [I] Average on 10 runs - GPU latency: 2.37881 ms - Host latency: 2.37881 ms (enqueue 0.0255859 ms)
[09/30/2026-18:16:44] [I] Average on 10 runs - GPU latency: 2.44062 ms - Host latency: 2.44062 ms (enqueue 0.0255859 ms)
[09/30/2026-18:16:44] [I] Average on 10 runs - GPU latency: 2.43857 ms - Host latency: 2.43857 ms (enqueue 0.0273438 ms)
[09/30/2026-18:16:44] [I] Average on 10 runs - GPU latency: 2.3832 ms - Host latency: 2.3832 ms (enqueue 0.0298828 ms)
[09/30/2026-18:16:44] [I] Average on 10 runs - GPU latency: 2.43994 ms - Host latency: 2.43994 ms (enqueue 0.0235352 ms)
[09/30/2026-18:16:44] [I] Average on 10 runs - GPU latency: 2.44961 ms - Host latency: 2.44961 ms (enqueue 0.0265625 ms)
[09/30/2026-18:16:44] [I] Average on 10 runs - GPU latency: 2.44121 ms - Host latency: 2.44121 ms (enqueue 0.0303711 ms)
[09/30/2026-18:16:44] [I] Average on 10 runs - GPU latency: 2.38311 ms - Host latency: 2.38311 ms (enqueue 0.0271484 ms)
[09/30/2026-18:16:44] [I] Average on 10 runs - GPU latency: 2.44502 ms - Host latency: 2.44502 ms (enqueue 0.0280273 ms)
[09/30/2026-18:16:44] [I] Average on 10 runs - GPU latency: 2.45205 ms - Host latency: 2.45205 ms (enqueue 0.0289063 ms)
[09/30/2026-18:16:44] [I] Average on 10 runs - GPU latency: 2.45234 ms - Host latency: 2.45234 ms (enqueue 0.0280273 ms)
[09/30/2026-18:16:44] [I] Average on 10 runs - GPU latency: 2.3957 ms - Host latency: 2.3957 ms (enqueue 0.0267578 ms)
[09/30/2026-18:16:44] [I] Average on 10 runs - GPU latency: 2.43975 ms - Host latency: 2.43975 ms (enqueue 0.0258789 ms)
[09/30/2026-18:16:44] [I] Average on 10 runs - GPU latency: 2.43086 ms - Host latency: 2.43086 ms (enqueue 0.0306641 ms)
[09/30/2026-18:16:44] [I] Average on 10 runs - GPU latency: 2.37871 ms - Host latency: 2.37871 ms (enqueue 0.024707 ms)
[09/30/2026-18:16:44] [I] Average on 10 runs - GPU latency: 2.45527 ms - Host latency: 2.45527 ms (enqueue 0.0251953 ms)
[09/30/2026-18:16:44] [I] Average on 10 runs - GPU latency: 2.43184 ms - Host latency: 2.43184 ms (enqueue 0.031543 ms)
[09/30/2026-18:16:44] [I] Average on 10 runs - GPU latency: 2.4416 ms - Host latency: 2.4416 ms (enqueue 0.0317383 ms)
[09/30/2026-18:16:44] [I] Average on 10 runs - GPU latency: 2.37783 ms - Host latency: 2.37783 ms (enqueue 0.0324219 ms)
[09/30/2026-18:16:44] [I] Average on 10 runs - GPU latency: 2.45312 ms - Host latency: 2.45312 ms (enqueue 0.0436523 ms)
[09/30/2026-18:16:44] [I] Average on 10 runs - GPU latency: 2.4335 ms - Host latency: 2.4335 ms (enqueue 0.0313477 ms)
[09/30/2026-18:16:44] [I] Average on 10 runs - GPU latency: 2.44238 ms - Host latency: 2.44238 ms (enqueue 0.031543 ms)
[09/30/2026-18:16:44] [I] Average on 10 runs - GPU latency: 2.38135 ms - Host latency: 2.38135 ms (enqueue 0.0263672 ms)
[09/30/2026-18:16:44] [I] Average on 10 runs - GPU latency: 2.45195 ms - Host latency: 2.45195 ms (enqueue 0.025293 ms)
[09/30/2026-18:16:44] [I] Average on 10 runs - GPU latency: 2.43965 ms - Host latency: 2.43965 ms (enqueue 0.031543 ms)
[09/30/2026-18:16:44] [I] Average on 10 runs - GPU latency: 2.379 ms - Host latency: 2.379 ms (enqueue 0.0279297 ms)
[09/30/2026-18:16:44] [I] Average on 10 runs - GPU latency: 2.4541 ms - Host latency: 2.4541 ms (enqueue 0.0292969 ms)
[09/30/2026-18:16:44] [I] Average on 10 runs - GPU latency: 2.45469 ms - Host latency: 2.45469 ms (enqueue 0.0298828 ms)
[09/30/2026-18:16:44] [I] Average on 10 runs - GPU latency: 2.45059 ms - Host latency: 2.45059 ms (enqueue 0.0328125 ms)
[09/30/2026-18:16:44] [I] Average on 10 runs - GPU latency: 2.3792 ms - Host latency: 2.3792 ms (enqueue 0.0310547 ms)
[09/30/2026-18:16:44] [I] Average on 10 runs - GPU latency: 2.44883 ms - Host latency: 2.44883 ms (enqueue 0.0332031 ms)
[09/30/2026-18:16:44] [I] Average on 10 runs - GPU latency: 2.44141 ms - Host latency: 2.44141 ms (enqueue 0.0322266 ms)
[09/30/2026-18:16:44] [I] Average on 10 runs - GPU latency: 2.44941 ms - Host latency: 2.44941 ms (enqueue 0.0311523 ms)
[09/30/2026-18:16:44] [I] Average on 10 runs - GPU latency: 2.37744 ms - Host latency: 2.37744 ms (enqueue 0.0227539 ms)
[09/30/2026-18:16:44] [I] Average on 10 runs - GPU latency: 2.45625 ms - Host latency: 2.45625 ms (enqueue 0.0293945 ms)
[09/30/2026-18:16:44] [I] Average on 10 runs - GPU latency: 2.45088 ms - Host latency: 2.45088 ms (enqueue 0.024707 ms)
[09/30/2026-18:16:44] [I] Average on 10 runs - GPU latency: 2.45664 ms - Host latency: 2.45664 ms (enqueue 0.0321289 ms)
[09/30/2026-18:16:44] [I] Average on 10 runs - GPU latency: 2.38076 ms - Host latency: 2.38076 ms (enqueue 0.0323242 ms)
[09/30/2026-18:16:44] [I] Average on 10 runs - GPU latency: 2.4417 ms - Host latency: 2.4417 ms (enqueue 0.0316406 ms)
[09/30/2026-18:16:44] [I] Average on 10 runs - GPU latency: 2.42969 ms - Host latency: 2.42969 ms (enqueue 0.0314453 ms)
[09/30/2026-18:16:44] [I] Average on 10 runs - GPU latency: 2.3833 ms - Host latency: 2.3833 ms (enqueue 0.0323242 ms)
[09/30/2026-18:16:44] [I] Average on 10 runs - GPU latency: 2.43916 ms - Host latency: 2.43916 ms (enqueue 0.0321289 ms)
[09/30/2026-18:16:44] [I] Average on 10 runs - GPU latency: 2.4374 ms - Host latency: 2.4374 ms (enqueue 0.0306641 ms)
[09/30/2026-18:16:44] [I] Average on 10 runs - GPU latency: 2.43711 ms - Host latency: 2.43711 ms (enqueue 0.0311523 ms)
[09/30/2026-18:16:44] [I] Average on 10 runs - GPU latency: 2.38389 ms - Host latency: 2.38389 ms (enqueue 0.03125 ms)
[09/30/2026-18:16:44] [I] Average on 10 runs - GPU latency: 2.42607 ms - Host latency: 2.42607 ms (enqueue 0.0259766 ms)
[09/30/2026-18:16:44] [I] Average on 10 runs - GPU latency: 2.44082 ms - Host latency: 2.44082 ms (enqueue 0.0304688 ms)
[09/30/2026-18:16:44] [I] Average on 10 runs - GPU latency: 2.44443 ms - Host latency: 2.44443 ms (enqueue 0.0277344 ms)
[09/30/2026-18:16:44] [I] Average on 10 runs - GPU latency: 2.39648 ms - Host latency: 2.39648 ms (enqueue 0.0258789 ms)
[09/30/2026-18:16:44] [I] Average on 10 runs - GPU latency: 2.4502 ms - Host latency: 2.4502 ms (enqueue 0.0304688 ms)
[09/30/2026-18:16:44] [I] Average on 10 runs - GPU latency: 2.44082 ms - Host latency: 2.44082 ms (enqueue 0.0324219 ms)
[09/30/2026-18:16:44] [I] Average on 10 runs - GPU latency: 2.37412 ms - Host latency: 2.37412 ms (enqueue 0.0253906 ms)
[09/30/2026-18:16:44] [I] Average on 10 runs - GPU latency: 2.44775 ms - Host latency: 2.44775 ms (enqueue 0.0318359 ms)
[09/30/2026-18:16:44] [I] Average on 10 runs - GPU latency: 2.43809 ms - Host latency: 2.43809 ms (enqueue 0.0276367 ms)
[09/30/2026-18:16:44] [I] Average on 10 runs - GPU latency: 2.44766 ms - Host latency: 2.44766 ms (enqueue 0.0301758 ms)
[09/30/2026-18:16:44] [I] Average on 10 runs - GPU latency: 2.37939 ms - Host latency: 2.37939 ms (enqueue 0.0295898 ms)
[09/30/2026-18:16:44] [I] Average on 10 runs - GPU latency: 2.44141 ms - Host latency: 2.44141 ms (enqueue 0.030957 ms)
[09/30/2026-18:16:44] [I] Average on 10 runs - GPU latency: 2.44092 ms - Host latency: 2.44092 ms (enqueue 0.0296875 ms)
[09/30/2026-18:16:44] [I] Average on 10 runs - GPU latency: 2.44785 ms - Host latency: 2.44785 ms (enqueue 0.0275391 ms)
[09/30/2026-18:16:44] [I] Average on 10 runs - GPU latency: 2.38867 ms - Host latency: 2.38867 ms (enqueue 0.0328125 ms)
[09/30/2026-18:16:44] [I] Average on 10 runs - GPU latency: 2.49092 ms - Host latency: 2.49092 ms (enqueue 0.0345703 ms)
[09/30/2026-18:16:44] [I] Average on 10 runs - GPU latency: 2.45361 ms - Host latency: 2.45361 ms (enqueue 0.0328125 ms)
[09/30/2026-18:16:44] [I] Average on 10 runs - GPU latency: 2.37842 ms - Host latency: 2.37842 ms (enqueue 0.0306641 ms)
[09/30/2026-18:16:44] [I] Average on 10 runs - GPU latency: 2.44609 ms - Host latency: 2.44609 ms (enqueue 0.0323242 ms)
[09/30/2026-18:16:44] [I] Average on 10 runs - GPU latency: 2.44375 ms - Host latency: 2.44375 ms (enqueue 0.028418 ms)
[09/30/2026-18:16:44] [I] Average on 10 runs - GPU latency: 2.43877 ms - Host latency: 2.43877 ms (enqueue 0.0239258 ms)
[09/30/2026-18:16:44] [I] Average on 10 runs - GPU latency: 2.36973 ms - Host latency: 2.36973 ms (enqueue 0.0322266 ms)
[09/30/2026-18:16:44] [I] Average on 10 runs - GPU latency: 2.44258 ms - Host latency: 2.44258 ms (enqueue 0.0333984 ms)
[09/30/2026-18:16:44] [I] Average on 10 runs - GPU latency: 2.4376 ms - Host latency: 2.4376 ms (enqueue 0.0317383 ms)
[09/30/2026-18:16:44] [I] Average on 10 runs - GPU latency: 2.44111 ms - Host latency: 2.44111 ms (enqueue 0.0321289 ms)
[09/30/2026-18:16:44] [I] Average on 10 runs - GPU latency: 2.37744 ms - Host latency: 2.37744 ms (enqueue 0.0357422 ms)
[09/30/2026-18:16:44] [I] Average on 10 runs - GPU latency: 2.44971 ms - Host latency: 2.44971 ms (enqueue 0.0324219 ms)
[09/30/2026-18:16:44] [I] Average on 10 runs - GPU latency: 2.44219 ms - Host latency: 2.44219 ms (enqueue 0.0339844 ms)
[09/30/2026-18:16:44] [I] Average on 10 runs - GPU latency: 2.39189 ms - Host latency: 2.39189 ms (enqueue 0.0334961 ms)
[09/30/2026-18:16:44] [I] Average on 10 runs - GPU latency: 2.44756 ms - Host latency: 2.44756 ms (enqueue 0.0328125 ms)
[09/30/2026-18:16:44] [I] Average on 10 runs - GPU latency: 2.44863 ms - Host latency: 2.44863 ms (enqueue 0.0300781 ms)
[09/30/2026-18:16:44] [I] Average on 10 runs - GPU latency: 2.44385 ms - Host latency: 2.44385 ms (enqueue 0.0314453 ms)
[09/30/2026-18:16:44] [I] Average on 10 runs - GPU latency: 2.38428 ms - Host latency: 2.38428 ms (enqueue 0.0342773 ms)
[09/30/2026-18:16:44] [I] Average on 10 runs - GPU latency: 2.43877 ms - Host latency: 2.43877 ms (enqueue 0.0329102 ms)
[09/30/2026-18:16:44] [I] Average on 10 runs - GPU latency: 2.45449 ms - Host latency: 2.45449 ms (enqueue 0.031543 ms)
[09/30/2026-18:16:44] [I] Average on 10 runs - GPU latency: 2.45684 ms - Host latency: 2.45684 ms (enqueue 0.0326172 ms)
[09/30/2026-18:16:44] [I] Average on 10 runs - GPU latency: 2.39395 ms - Host latency: 2.39395 ms (enqueue 0.0323242 ms)
[09/30/2026-18:16:44] [I] Average on 10 runs - GPU latency: 2.44834 ms - Host latency: 2.44834 ms (enqueue 0.0322266 ms)
[09/30/2026-18:16:44] [I] Average on 10 runs - GPU latency: 2.44473 ms - Host latency: 2.44473 ms (enqueue 0.0339844 ms)
[09/30/2026-18:16:44] [I] Average on 10 runs - GPU latency: 2.40752 ms - Host latency: 2.40752 ms (enqueue 0.0321289 ms)
[09/30/2026-18:16:44] [I] Average on 10 runs - GPU latency: 2.41475 ms - Host latency: 2.41475 ms (enqueue 0.0334961 ms)
[09/30/2026-18:16:44] [I] Average on 10 runs - GPU latency: 2.43184 ms - Host latency: 2.43184 ms (enqueue 0.0286133 ms)
[09/30/2026-18:16:44] [I] Average on 10 runs - GPU latency: 2.44785 ms - Host latency: 2.44785 ms (enqueue 0.0313477 ms)
[09/30/2026-18:16:44] [I] Average on 10 runs - GPU latency: 2.37656 ms - Host latency: 2.37656 ms (enqueue 0.0295898 ms)
[09/30/2026-18:16:44] [I] Average on 10 runs - GPU latency: 2.44238 ms - Host latency: 2.44238 ms (enqueue 0.0292969 ms)
[09/30/2026-18:16:44] [I] Average on 10 runs - GPU latency: 2.43496 ms - Host latency: 2.43496 ms (enqueue 0.0293945 ms)
[09/30/2026-18:16:44] [I] Average on 10 runs - GPU latency: 2.44189 ms - Host latency: 2.44189 ms (enqueue 0.0287109 ms)
[09/30/2026-18:16:44] [I] Average on 10 runs - GPU latency: 2.39121 ms - Host latency: 2.39121 ms (enqueue 0.0258789 ms)
[09/30/2026-18:16:44] [I] Average on 10 runs - GPU latency: 2.4583 ms - Host latency: 2.4583 ms (enqueue 0.0300781 ms)
[09/30/2026-18:16:44] [I] Average on 10 runs - GPU latency: 2.45107 ms - Host latency: 2.45107 ms (enqueue 0.0314453 ms)
[09/30/2026-18:16:44] [I] Average on 10 runs - GPU latency: 2.45156 ms - Host latency: 2.45156 ms (enqueue 0.0333008 ms)
[09/30/2026-18:16:44] [I] Average on 10 runs - GPU latency: 2.37236 ms - Host latency: 2.37236 ms (enqueue 0.0331055 ms)
[09/30/2026-18:16:44] [I] Average on 10 runs - GPU latency: 2.45098 ms - Host latency: 2.45098 ms (enqueue 0.0369141 ms)
[09/30/2026-18:16:44] [I] Average on 10 runs - GPU latency: 2.43955 ms - Host latency: 2.43955 ms (enqueue 0.034668 ms)
[09/30/2026-18:16:44] [I] Average on 10 runs - GPU latency: 2.37148 ms - Host latency: 2.37148 ms (enqueue 0.0305664 ms)
[09/30/2026-18:16:44] [I] Average on 10 runs - GPU latency: 2.44785 ms - Host latency: 2.44785 ms (enqueue 0.0345703 ms)
[09/30/2026-18:16:44] [I] Average on 10 runs - GPU latency: 2.44258 ms - Host latency: 2.44258 ms (enqueue 0.037793 ms)
[09/30/2026-18:16:44] [I] Average on 10 runs - GPU latency: 2.44883 ms - Host latency: 2.44883 ms (enqueue 0.0325195 ms)
[09/30/2026-18:16:44] [I] Average on 10 runs - GPU latency: 2.37227 ms - Host latency: 2.37227 ms (enqueue 0.0327148 ms)
[09/30/2026-18:16:44] [I] Average on 10 runs - GPU latency: 2.45303 ms - Host latency: 2.45303 ms (enqueue 0.0334961 ms)
[09/30/2026-18:16:44] [I] Average on 10 runs - GPU latency: 2.44561 ms - Host latency: 2.44561 ms (enqueue 0.0324219 ms)
[09/30/2026-18:16:44] [I] Average on 10 runs - GPU latency: 2.44922 ms - Host latency: 2.44922 ms (enqueue 0.0318359 ms)
[09/30/2026-18:16:44] [I] Average on 10 runs - GPU latency: 2.37949 ms - Host latency: 2.37949 ms (enqueue 0.0356445 ms)
[09/30/2026-18:16:44] [I] Average on 10 runs - GPU latency: 2.45137 ms - Host latency: 2.45137 ms (enqueue 0.0317383 ms)
[09/30/2026-18:16:44] [I] Average on 10 runs - GPU latency: 2.446 ms - Host latency: 2.446 ms (enqueue 0.0334961 ms)
[09/30/2026-18:16:44] [I] Average on 10 runs - GPU latency: 2.38154 ms - Host latency: 2.38154 ms (enqueue 0.0311523 ms)
[09/30/2026-18:16:44] [I] Average on 10 runs - GPU latency: 2.48662 ms - Host latency: 2.48662 ms (enqueue 0.0342773 ms)
[09/30/2026-18:16:44] [I] Average on 10 runs - GPU latency: 2.4749 ms - Host latency: 2.4749 ms (enqueue 0.0324219 ms)
[09/30/2026-18:16:44] [I] Average on 10 runs - GPU latency: 2.50732 ms - Host latency: 2.50732 ms (enqueue 0.0359375 ms)
[09/30/2026-18:16:44] [I] Average on 10 runs - GPU latency: 2.44688 ms - Host latency: 2.44688 ms (enqueue 0.0330078 ms)
[09/30/2026-18:16:44] [I] Average on 10 runs - GPU latency: 2.52832 ms - Host latency: 2.52832 ms (enqueue 0.0356445 ms)
[09/30/2026-18:16:44] [I] Average on 10 runs - GPU latency: 2.43799 ms - Host latency: 2.43799 ms (enqueue 0.0319336 ms)
[09/30/2026-18:16:44] [I] Average on 10 runs - GPU latency: 2.52178 ms - Host latency: 2.52178 ms (enqueue 0.0341797 ms)
[09/30/2026-18:16:44] [I] Average on 10 runs - GPU latency: 2.37344 ms - Host latency: 2.37344 ms (enqueue 0.0356445 ms)
[09/30/2026-18:16:44] [I] Average on 10 runs - GPU latency: 2.50654 ms - Host latency: 2.50654 ms (enqueue 0.0336914 ms)
[09/30/2026-18:16:44] [I] Average on 10 runs - GPU latency: 2.44219 ms - Host latency: 2.44219 ms (enqueue 0.0319336 ms)
[09/30/2026-18:16:44] [I] Average on 10 runs - GPU latency: 2.50322 ms - Host latency: 2.50322 ms (enqueue 0.0311523 ms)
[09/30/2026-18:16:44] [I] Average on 10 runs - GPU latency: 2.43633 ms - Host latency: 2.43633 ms (enqueue 0.0344727 ms)
[09/30/2026-18:16:44] [I] Average on 10 runs - GPU latency: 2.5001 ms - Host latency: 2.5001 ms (enqueue 0.030957 ms)
[09/30/2026-18:16:44] [I] Average on 10 runs - GPU latency: 2.43643 ms - Host latency: 2.43643 ms (enqueue 0.0333008 ms)
[09/30/2026-18:16:44] [I] Average on 10 runs - GPU latency: 2.43418 ms - Host latency: 2.43418 ms (enqueue 0.0339844 ms)
[09/30/2026-18:16:44] [I] Average on 10 runs - GPU latency: 2.45508 ms - Host latency: 2.45508 ms (enqueue 0.0335938 ms)
[09/30/2026-18:16:44] [I] Average on 10 runs - GPU latency: 2.50625 ms - Host latency: 2.50625 ms (enqueue 0.031543 ms)
[09/30/2026-18:16:44] [I] Average on 10 runs - GPU latency: 2.43633 ms - Host latency: 2.43633 ms (enqueue 0.0334961 ms)
[09/30/2026-18:16:44] [I] 
[09/30/2026-18:16:44] [I] === Performance summary ===
[09/30/2026-18:16:44] [I] Throughput: 412.126 qps
[09/30/2026-18:16:44] [I] Latency: min = 2.34082 ms, max = 3.98047 ms, mean = 2.42472 ms, median = 2.37109 ms, percentile(50%) = 2.37109 ms, percentile(95%) = 2.98828 ms
[09/30/2026-18:16:44] [I] Enqueue Time: min = 0.0185547 ms, max = 0.276855 ms, mean = 0.0305877 ms, median = 0.03125 ms, percentile(50%) = 0.03125 ms, percentile(95%) = 0.0395508 ms
[09/30/2026-18:16:44] [I] H2D Latency: min = 0 ms, max = 0 ms, mean = 0 ms, median = 0 ms, percentile(50%) = 0 ms, percentile(95%) = 0 ms
[09/30/2026-18:16:44] [I] GPU Compute Time: min = 2.34082 ms, max = 3.98047 ms, mean = 2.42472 ms, median = 2.37109 ms, percentile(50%) = 2.37109 ms, percentile(95%) = 2.98828 ms
[09/30/2026-18:16:44] [I] D2H Latency: min = 0 ms, max = 0 ms, mean = 0 ms, median = 0 ms, percentile(50%) = 0 ms, percentile(95%) = 0 ms
[09/30/2026-18:16:44] [I] Total Host Walltime: 15.0051 s
[09/30/2026-18:16:44] [I] Total GPU Compute Time: 14.9945 s
[09/30/2026-18:16:44] [W] * GPU compute time is unstable, with coefficient of variance = 7.15699%.
[09/30/2026-18:16:44] [W]   If not already in use, locking GPU clock frequency may improve the stability.
[09/30/2026-18:16:44] [I] Explanations of the performance metrics are printed in the verbose logs.
[09/30/2026-18:16:44] [I] 
[09/30/2026-18:16:44] [I] Capturing CUDA graph for the current execution context
[09/30/2026-18:16:44] [I] Successfully captured CUDA graph for the current execution context. When profiling with Nsight Systems, add "--cuda-graph-trace=node" to the nsys command to see per-kernel execution times.
[09/30/2026-18:17:00] [I] 
[09/30/2026-18:17:00] [I] === Profile (3917 iterations ) ===
[09/30/2026-18:17:00] [I]    Time(ms)     Avg.(ms)   Median(ms)   Time(%)   Layer
[09/30/2026-18:17:00] [I]      181.60       0.0464       0.0461       1.3   Reformatting CopyNode for Input Tensor 0 to /model.0/conv/Conv
[09/30/2026-18:17:00] [I]      209.84       0.0536       0.0532       1.5   /model.0/conv/Conv
[09/30/2026-18:17:00] [I]      216.60       0.0553       0.0553       1.6   __myl_MoveNegExpAddDivMul_myl5_0
[09/30/2026-18:17:00] [I]      224.42       0.0573       0.0573       1.6   /model.1/conv/Conv
[09/30/2026-18:17:00] [I]      112.31       0.0287       0.0287       0.8   __myl_MoveNegExpAddDivMul_myl8_0
[09/30/2026-18:17:00] [I]      118.12       0.0302       0.0297       0.9   /model.2/cv1/conv/Conv
[09/30/2026-18:17:00] [I]      112.31       0.0287       0.0287       0.8   __myl_MoveNegExpAddDivMul_myl10_0
[09/30/2026-18:17:00] [I]      118.39       0.0302       0.0297       0.9   /model.2/m.0/cv1/conv/Conv
[09/30/2026-18:17:00] [I]       36.10       0.0092       0.0092       0.3   __myl_MoveNegExpAddDivMul_myl13_0
[09/30/2026-18:17:00] [I]       99.05       0.0253       0.0246       0.7   /model.2/m.0/cv2/conv/Conv
[09/30/2026-18:17:00] [I]       92.25       0.0236       0.0236       0.7   __myl_MoveNegExpAddDivMulAdd_myl16_0
[09/30/2026-18:17:00] [I]      131.99       0.0337       0.0195       1.0   /model.2/Split_output_0 copy
[09/30/2026-18:17:00] [I]       75.10       0.0192       0.0195       0.5   /model.2/Split_output_1 copy
[09/30/2026-18:17:00] [I]      138.92       0.0355       0.0348       1.0   /model.2/cv2/conv/Conv
[09/30/2026-18:17:00] [I]      116.32       0.0297       0.0297       0.8   __myl_MoveNegExpAddDivMul_myl20_0
[09/30/2026-18:17:00] [I]      131.89       0.0337       0.0338       1.0   /model.3/conv/Conv
[09/30/2026-18:17:00] [I]       36.10       0.0092       0.0092       0.3   __myl_MoveNegExpAddDivMul_myl22_0
[09/30/2026-18:17:00] [I]       61.86       0.0158       0.0154       0.4   /model.4/cv1/conv/Conv
[09/30/2026-18:17:00] [I]       28.08       0.0072       0.0072       0.2   __myl_MoveNegExpAddDivMul_myl24_0
[09/30/2026-18:17:00] [I]      202.38       0.0517       0.0492       1.5   /model.4/m.0/cv1/conv/Conv
[09/30/2026-18:17:00] [I]       24.06       0.0061       0.0061       0.2   __myl_MoveNegExpAddDivMul_myl26_0
[09/30/2026-18:17:00] [I]       82.11       0.0210       0.0205       0.6   /model.4/m.0/cv2/conv/Conv
[09/30/2026-18:17:00] [I]       28.08       0.0072       0.0072       0.2   __myl_MoveNegExpAddDivMulAdd_myl28_0
[09/30/2026-18:17:00] [I]      179.35       0.0458       0.0461       1.3   /model.4/m.1/cv1/conv/Conv
[09/30/2026-18:17:00] [I]       28.08       0.0072       0.0072       0.2   __myl_MoveNegExpAddDivMul_myl30_0
[09/30/2026-18:17:00] [I]       95.84       0.0245       0.0215       0.7   /model.4/m.1/cv2/conv/Conv
[09/30/2026-18:17:00] [I]      209.93       0.0536       0.0536       1.5   __myl_MoveNegExpAddDivMulAdd_myl34_0
[09/30/2026-18:17:00] [I]       48.04       0.0123       0.0123       0.3   /model.4/Split_output_0 copy
[09/30/2026-18:17:00] [I]       46.76       0.0119       0.0123       0.3   /model.4/Split_output_1 copy
[09/30/2026-18:17:00] [I]       81.34       0.0208       0.0133       0.6   /model.4/m.0/Add_output_0 copy
[09/30/2026-18:17:00] [I]      100.60       0.0257       0.0256       0.7   /model.4/cv2/conv/Conv
[09/30/2026-18:17:00] [I]       44.12       0.0113       0.0113       0.3   __myl_MoveNegExpAddDivMul_myl40_0
[09/30/2026-18:17:00] [I]      135.14       0.0345       0.0348       1.0   /model.5/conv/Conv
[09/30/2026-18:17:00] [I]       24.07       0.0061       0.0061       0.2   __myl_MoveNegExpAddDivMul_myl42_0
[09/30/2026-18:17:00] [I]       49.56       0.0127       0.0123       0.4   /model.6/cv1/conv/Conv
[09/30/2026-18:17:00] [I]       24.06       0.0061       0.0061       0.2   __myl_MoveNegExpAddDivMul_myl44_0
[09/30/2026-18:17:00] [I]      207.48       0.0530       0.0471       1.5   /model.6/m.0/cv1/conv/Conv
[09/30/2026-18:17:00] [I]       20.05       0.0051       0.0051       0.1   __myl_MoveNegExpAddDivMul_myl46_0
[09/30/2026-18:17:00] [I]       87.72       0.0224       0.0215       0.6   /model.6/m.0/cv2/conv/Conv
[09/30/2026-18:17:00] [I]       20.05       0.0051       0.0051       0.1   __myl_MoveNegExpAddDivMulAdd_myl48_0
[09/30/2026-18:17:00] [I]       94.02       0.0240       0.0225       0.7   /model.6/m.1/cv1/conv/Conv
[09/30/2026-18:17:00] [I]       60.19       0.0154       0.0154       0.4   __myl_MoveNegExpAddDivMul_myl52_0
[09/30/2026-18:17:00] [I]       87.39       0.0223       0.0215       0.6   /model.6/m.1/cv2/conv/Conv
[09/30/2026-18:17:00] [I]       20.05       0.0051       0.0051       0.1   __myl_MoveNegExpAddDivMulAdd_myl55_0
[09/30/2026-18:17:00] [I]       39.83       0.0102       0.0082       0.3   /model.6/Split_output_0 copy
[09/30/2026-18:17:00] [I]       40.41       0.0103       0.0092       0.3   /model.6/Split_output_1 copy
[09/30/2026-18:17:00] [I]       58.69       0.0150       0.0073       0.4   /model.6/m.0/Add_output_0 copy
[09/30/2026-18:17:00] [I]       69.86       0.0178       0.0164       0.5   /model.6/cv2/conv/Conv
[09/30/2026-18:17:00] [I]       24.82       0.0063       0.0063       0.2   __myl_MoveNegExpAddDivMul_myl61_0
[09/30/2026-18:17:00] [I]      231.44       0.0591       0.0584       1.7   /model.7/conv/Conv
[09/30/2026-18:17:00] [I]       20.05       0.0051       0.0051       0.1   __myl_MoveNegExpAddDivMul_myl63_0
[09/30/2026-18:17:00] [I]       57.69       0.0147       0.0143       0.4   /model.8/cv1/conv/Conv
[09/30/2026-18:17:00] [I]       24.06       0.0061       0.0061       0.2   __myl_MoveNegExpAddDivMul_myl65_0
[09/30/2026-18:17:00] [I]       23.85       0.0061       0.0060       0.2   Reformatting CopyNode for Input Tensor 0 to /model.8/m.0/cv1/conv/Conv
[09/30/2026-18:17:00] [I]      124.94       0.0319       0.0317       0.9   /model.8/m.0/cv1/conv/Conv
[09/30/2026-18:17:00] [I]       16.05       0.0041       0.0041       0.1   __myl_MoveNegExpAddDivMul_myl70_0
[09/30/2026-18:17:00] [I]      122.89       0.0314       0.0307       0.9   /model.8/m.0/cv2/conv/Conv
[09/30/2026-18:17:00] [I]       23.47       0.0060       0.0061       0.2   Reformatting CopyNode for Input Tensor 0 to PWN(PWN(PWN(/model.8/m.0/cv2/act/Sigmoid), PWN(/model.8/m.0/cv2/act/Mul)), PWN(/model.8/m.0/Add))
[09/30/2026-18:17:00] [I]       16.05       0.0041       0.0041       0.1   __myl_MoveNegExpAddDivMulAdd_myl74_0
[09/30/2026-18:17:00] [I]       36.03       0.0092       0.0061       0.3   /model.8/Split_output_0 copy
[09/30/2026-18:17:00] [I]       58.44       0.0149       0.0061       0.4   /model.8/Split_output_1 copy
[09/30/2026-18:17:00] [I]       79.27       0.0202       0.0184       0.6   /model.8/cv2/conv/Conv
[09/30/2026-18:17:00] [I]       20.05       0.0051       0.0051       0.1   __myl_MoveNegExpAddDivMul_myl79_0
[09/30/2026-18:17:00] [I]       51.81       0.0132       0.0123       0.4   /model.9/cv1/conv/Conv
[09/30/2026-18:17:00] [I]       95.37       0.0243       0.0144       0.7   /model.9/m/MaxPool
[09/30/2026-18:17:00] [I]      116.07       0.0296       0.0326       0.8   /model.9/m_1/MaxPool
[09/30/2026-18:17:00] [I]       56.34       0.0144       0.0143       0.4   /model.9/m_2/MaxPool
[09/30/2026-18:17:00] [I]       24.95       0.0064       0.0061       0.2   /model.9/cv1/conv/Conv_output_0 copy
[09/30/2026-18:17:00] [I]       27.06       0.0069       0.0061       0.2   /model.9/m/MaxPool_output_0 copy
[09/30/2026-18:17:00] [I]       30.38       0.0078       0.0072       0.2   /model.9/m_1/MaxPool_output_0 copy
[09/30/2026-18:17:00] [I]       82.94       0.0212       0.0205       0.6   /model.9/cv2/conv/Conv
[09/30/2026-18:17:00] [I]       20.05       0.0051       0.0051       0.1   __myl_MoveNegExpAddDivMul_myl90_0
[09/30/2026-18:17:00] [I]       23.31       0.0060       0.0051       0.2   Reformatting CopyNode for Output Tensor 0 to PWN(PWN(/model.9/cv2/act/Sigmoid), PWN(/model.9/cv2/act/Mul))
[09/30/2026-18:17:00] [I]       43.60       0.0111       0.0102       0.3   /model.10/Resize
[09/30/2026-18:17:00] [I]       50.89       0.0130       0.0113       0.4   /model.10/Resize_output_0 copy
[09/30/2026-18:17:00] [I]      181.12       0.0462       0.0492       1.3   /model.12/cv1/conv/Conv
[09/30/2026-18:17:00] [I]       28.08       0.0072       0.0072       0.2   __myl_MoveNegExpAddDivMul_myl95_0
[09/30/2026-18:17:00] [I]       90.38       0.0231       0.0225       0.7   /model.12/m.0/cv1/conv/Conv
[09/30/2026-18:17:00] [I]       61.30       0.0156       0.0156       0.4   __myl_MoveNegExpAddDivMul_myl97_0
[09/30/2026-18:17:00] [I]      184.32       0.0471       0.0512       1.3   /model.12/m.0/cv2/conv/Conv
[09/30/2026-18:17:00] [I]       56.52       0.0144       0.0144       0.4   __myl_MoveNegExpAddDivMul_myl100_0
[09/30/2026-18:17:00] [I]       38.66       0.0099       0.0082       0.3   /model.12/Split_output_0 copy
[09/30/2026-18:17:00] [I]       33.36       0.0085       0.0082       0.2   /model.12/Split_output_1 copy
[09/30/2026-18:17:00] [I]      172.65       0.0441       0.0481       1.3   /model.12/cv2/conv/Conv
[09/30/2026-18:17:00] [I]       28.08       0.0072       0.0072       0.2   __myl_MoveNegExpAddDivMul_myl105_0
[09/30/2026-18:17:00] [I]       76.80       0.0196       0.0184       0.6   /model.13/Resize
[09/30/2026-18:17:00] [I]      119.11       0.0304       0.0297       0.9   /model.13/Resize_output_0 copy
[09/30/2026-18:17:00] [I]      128.71       0.0329       0.0328       0.9   /model.15/cv1/conv/Conv
[09/30/2026-18:17:00] [I]       36.10       0.0092       0.0092       0.3   __myl_MoveNegExpAddDivMul_myl109_0
[09/30/2026-18:17:00] [I]       84.63       0.0216       0.0215       0.6   /model.15/m.0/cv1/conv/Conv
[09/30/2026-18:17:00] [I]       28.08       0.0072       0.0072       0.2   __myl_MoveNegExpAddDivMul_myl111_0
[09/30/2026-18:17:00] [I]      171.71       0.0438       0.0471       1.2   /model.15/m.0/cv2/conv/Conv
[09/30/2026-18:17:00] [I]       80.20       0.0205       0.0205       0.6   __myl_MoveNegExpAddDivMul_myl114_0
[09/30/2026-18:17:00] [I]       55.44       0.0142       0.0123       0.4   /model.15/Split_output_0 copy
[09/30/2026-18:17:00] [I]       49.99       0.0128       0.0123       0.4   /model.15/Split_output_1 copy
[09/30/2026-18:17:00] [I]      164.96       0.0421       0.0451       1.2   /model.15/cv2/conv/Conv
[09/30/2026-18:17:00] [I]       32.09       0.0082       0.0082       0.2   __myl_MoveNegExpAddDivMul_myl119_0
[09/30/2026-18:17:00] [I]      129.85       0.0332       0.0317       0.9   /model.16/conv/Conv
[09/30/2026-18:17:00] [I]      278.44       0.0711       0.0707       2.0   /model.22/cv2.0/cv2.0.0/conv/Conv || /model.22/cv3.0/cv3.0.0/conv/Conv
[09/30/2026-18:17:00] [I]       32.09       0.0082       0.0082       0.2   __myl_MoveNegExpAddDivMul_myl123_0
[09/30/2026-18:17:00] [I]       52.14       0.0133       0.0133       0.4   __myl_MoveNegExpAddDivMul_myl124_0
[09/30/2026-18:17:00] [I]      168.46       0.0430       0.0430       1.2   __myl_MoveNegExpAddDivMul_myl125_0
[09/30/2026-18:17:00] [I]       42.38       0.0108       0.0103       0.3   /model.12/cv2/act/Mul_output_0 copy
[09/30/2026-18:17:00] [I]      223.08       0.0570       0.0573       1.6   /model.22/cv2.0/cv2.0.1/conv/Conv
[09/30/2026-18:17:00] [I]      216.10       0.0552       0.0553       1.6   /model.22/cv3.0/cv3.0.1/conv/Conv
[09/30/2026-18:17:00] [I]       72.59       0.0185       0.0184       0.5   /model.18/cv1/conv/Conv
[09/30/2026-18:17:00] [I]       60.17       0.0154       0.0154       0.4   __myl_MoveNegExpAddDivMul_myl133_0
[09/30/2026-18:17:00] [I]       64.18       0.0164       0.0164       0.5   __myl_MoveNegExpAddDivMul_myl135_0
[09/30/2026-18:17:00] [I]       40.11       0.0102       0.0102       0.3   __myl_MoveNegExpAddDivMul_myl136_0
[09/30/2026-18:17:00] [I]       88.84       0.0227       0.0215       0.6   /model.22/cv2.0/cv2.0.2/Conv
[09/30/2026-18:17:00] [I]       78.57       0.0201       0.0174       0.6   /model.22/cv3.0/cv3.0.2/Conv
[09/30/2026-18:17:00] [I]       64.23       0.0164       0.0164       0.5   /model.22/Reshape_copy_output
[09/30/2026-18:17:00] [I]       27.10       0.0069       0.0061       0.2   /model.22/Reshape_3_copy_output
[09/30/2026-18:17:00] [I]      126.63       0.0323       0.0236       0.9   /model.18/m.0/cv1/conv/Conv
[09/30/2026-18:17:00] [I]       20.08       0.0051       0.0051       0.1   __myl_MoveNegExpAddDivMul_myl146_0
[09/30/2026-18:17:00] [I]      127.33       0.0325       0.0225       0.9   /model.18/m.0/cv2/conv/Conv
[09/30/2026-18:17:00] [I]       24.06       0.0061       0.0061       0.2   __myl_MoveNegExpAddDivMul_myl149_0
[09/30/2026-18:17:00] [I]       57.39       0.0147       0.0092       0.4   /model.18/Split_output_0 copy
[09/30/2026-18:17:00] [I]       57.58       0.0147       0.0082       0.4   /model.18/Split_output_1 copy
[09/30/2026-18:17:00] [I]      125.57       0.0321       0.0328       0.9   /model.18/cv2/conv/Conv
[09/30/2026-18:17:00] [I]       68.17       0.0174       0.0174       0.5   __myl_MoveNegExpAddDivMul_myl154_0
[09/30/2026-18:17:00] [I]       53.58       0.0137       0.0072       0.4   Reformatting CopyNode for Input Tensor 0 to /model.19/conv/Conv
[09/30/2026-18:17:00] [I]      204.04       0.0521       0.0492       1.5   /model.19/conv/Conv
[09/30/2026-18:17:00] [I]      225.99       0.0577       0.0573       1.6   /model.22/cv2.1/cv2.1.0/conv/Conv || /model.22/cv3.1/cv3.1.0/conv/Conv
[09/30/2026-18:17:00] [I]       16.04       0.0041       0.0041       0.1   __myl_MoveNegExpAddDivMul_myl161_0
[09/30/2026-18:17:00] [I]       32.94       0.0084       0.0082       0.2   Reformatting CopyNode for Input Tensor 0 to PWN(PWN(/model.22/cv2.1/cv2.1.0/act/Sigmoid), PWN(/model.22/cv2.1/cv2.1.0/act/Mul))
[09/30/2026-18:17:00] [I]       20.06       0.0051       0.0051       0.1   __myl_MoveNegExpAddDivMul_myl163_0
[09/30/2026-18:17:00] [I]       29.72       0.0076       0.0072       0.2   Reformatting CopyNode for Input Tensor 0 to PWN(PWN(/model.22/cv3.1/cv3.1.0/act/Sigmoid), PWN(/model.22/cv3.1/cv3.1.0/act/Mul))
[09/30/2026-18:17:00] [I]       52.14       0.0133       0.0133       0.4   __myl_MoveNegExpAddDivMul_myl165_0
[09/30/2026-18:17:00] [I]       57.51       0.0147       0.0082       0.4   /model.9/cv2/act/Mul_output_0 copy
[09/30/2026-18:17:00] [I]       92.88       0.0237       0.0225       0.7   /model.22/cv2.1/cv2.1.1/conv/Conv
[09/30/2026-18:17:00] [I]       95.28       0.0243       0.0215       0.7   /model.22/cv3.1/cv3.1.1/conv/Conv
[09/30/2026-18:17:00] [I]       25.01       0.0064       0.0061       0.2   Reformatting CopyNode for Input Tensor 0 to /model.21/cv1/conv/Conv
[09/30/2026-18:17:00] [I]       72.51       0.0185       0.0184       0.5   /model.21/cv1/conv/Conv
[09/30/2026-18:17:00] [I]       20.05       0.0051       0.0051       0.1   __myl_MoveNegExpAddDivMul_myl171_0
[09/30/2026-18:17:00] [I]      120.31       0.0307       0.0307       0.9   __myl_MoveNegExpAddDivMul_myl172_0
[09/30/2026-18:17:00] [I]       92.25       0.0236       0.0236       0.7   __myl_MoveNegExpAddDivMul_myl173_0
[09/30/2026-18:17:00] [I]       26.14       0.0067       0.0061       0.2   Reformatting CopyNode for Output Tensor 0 to PWN(PWN(/model.21/cv1/act/Sigmoid), PWN(/model.21/cv1/act/Mul))
[09/30/2026-18:17:00] [I]       61.68       0.0157       0.0154       0.4   /model.22/cv2.1/cv2.1.2/Conv
[09/30/2026-18:17:00] [I]       57.83       0.0148       0.0143       0.4   /model.22/cv3.1/cv3.1.2/Conv
[09/30/2026-18:17:00] [I]       37.65       0.0096       0.0072       0.3   /model.22/Reshape_1_copy_output
[09/30/2026-18:17:00] [I]       89.83       0.0229       0.0266       0.7   /model.22/Reshape_4_copy_output
[09/30/2026-18:17:00] [I]      128.08       0.0327       0.0317       0.9   /model.21/m.0/cv1/conv/Conv
[09/30/2026-18:17:00] [I]       20.05       0.0051       0.0051       0.1   __myl_MoveNegExpAddDivMul_myl183_0
[09/30/2026-18:17:00] [I]      128.16       0.0327       0.0307       0.9   /model.21/m.0/cv2/conv/Conv
[09/30/2026-18:17:00] [I]       20.07       0.0051       0.0051       0.1   __myl_MoveNegExpAddDivMul_myl186_0
[09/30/2026-18:17:00] [I]       38.02       0.0097       0.0061       0.3   /model.21/Split_output_0 copy
[09/30/2026-18:17:00] [I]       40.85       0.0104       0.0051       0.3   /model.21/Split_output_1 copy
[09/30/2026-18:17:00] [I]       47.35       0.0121       0.0061       0.3   Reformatting CopyNode for Input Tensor 0 to /model.21/cv2/conv/Conv
[09/30/2026-18:17:00] [I]      163.54       0.0418       0.0399       1.2   /model.21/cv2/conv/Conv
[09/30/2026-18:17:00] [I]       20.05       0.0051       0.0051       0.1   __myl_MoveNegExpAddDivMul_myl191_0
[09/30/2026-18:17:00] [I]       30.46       0.0078       0.0051       0.2   Reformatting CopyNode for Input Tensor 0 to /model.22/cv2.2/cv2.2.0/conv/Conv || /model.22/cv3.2/cv3.2.0/conv/Conv
[09/30/2026-18:17:00] [I]      216.17       0.0552       0.0532       1.6   /model.22/cv2.2/cv2.2.0/conv/Conv || /model.22/cv3.2/cv3.2.0/conv/Conv
[09/30/2026-18:17:00] [I]       16.04       0.0041       0.0041       0.1   __myl_MoveNegExpAddDivMul_myl195_0
[09/30/2026-18:17:00] [I]       16.04       0.0041       0.0041       0.1   __myl_MoveNegExpAddDivMul_myl196_0
[09/30/2026-18:17:00] [I]      203.23       0.0519       0.0471       1.5   /model.22/cv2.2/cv2.2.1/conv/Conv
[09/30/2026-18:17:00] [I]       76.70       0.0196       0.0195       0.6   /model.22/cv3.2/cv3.2.1/conv/Conv
[09/30/2026-18:17:00] [I]       16.04       0.0041       0.0041       0.1   __myl_MoveNegExpAddDivMul_myl202_0
[09/30/2026-18:17:00] [I]       92.23       0.0235       0.0236       0.7   __myl_MoveNegExpAddDivMul_myl204_0
[09/30/2026-18:17:00] [I]       50.77       0.0130       0.0123       0.4   /model.22/cv2.2/cv2.2.2/Conv
[09/30/2026-18:17:00] [I]       63.72       0.0163       0.0164       0.5   /model.22/cv3.2/cv3.2.2/Conv
[09/30/2026-18:17:00] [I]       24.88       0.0064       0.0059       0.2   /model.22/Reshape_2_copy_output
[09/30/2026-18:17:00] [I]       58.32       0.0149       0.0133       0.4   /model.22/Reshape_5_copy_output
[09/30/2026-18:17:00] [I]       82.43       0.0210       0.0205       0.6   /model.22/dfl/Reshape + /model.22/dfl/Transpose
[09/30/2026-18:17:00] [I]       24.06       0.0061       0.0061       0.2   __myl_NegExpAddDiv_myl216_0
[09/30/2026-18:17:00] [I]       97.64       0.0249       0.0225       0.7   /model.22/dfl/Softmax
[09/30/2026-18:17:00] [I]      127.63       0.0326       0.0225       0.9   /model.22/dfl/conv/Conv
[09/30/2026-18:17:00] [I]       20.07       0.0051       0.0051       0.1   __myl_Sub_myl220_0
[09/30/2026-18:17:00] [I]       16.05       0.0041       0.0041       0.1   __myl_Add_myl221_0
[09/30/2026-18:17:00] [I]      156.39       0.0399       0.0399       1.1   __myl_Sub_myl222_0
[09/30/2026-18:17:00] [I]       72.19       0.0184       0.0184       0.5   __myl_AddDiv_myl223_0
[09/30/2026-18:17:00] [I]       43.83       0.0112       0.0051       0.3   /model.22/Div_1_output_0 copy
[09/30/2026-18:17:00] [I]       16.04       0.0041       0.0041       0.1   __myl_Mul_myl225_0
[09/30/2026-18:17:00] [I]       36.42       0.0093       0.0051       0.3   /model.22/Mul_2_output_0 copy
[09/30/2026-18:17:00] [I]    13746.81       3.5095       3.4772     100.0   Total
[09/30/2026-18:17:00] [I] 
&&&& PASSED TensorRT.trtexec [TensorRT v110300] [b99] # C:\Users\dxu1\AppData\Local\NVIDIA\TensorRT-11.3-tools\bin\trtexec.exe --loadEngine=C:\Users\dxu1\Desktop\Dissertation\PTQ\profiling_results\trtexec\kitti.plan --loadInputs=images:PTQ/profiling_results/trtexec/kitti_images_fp32.bin --warmUp=1000 --duration=15 --iterations=200 --infStreams=1 --percentile=50,95 --dumpProfile --exportProfile=C:\Users\dxu1\Desktop\Dissertation\PTQ\profiling_results\trtexec\kitti_run2_profile.json --exportTimes=C:\Users\dxu1\Desktop\Dissertation\PTQ\profiling_results\trtexec\kitti_run2_times.json
