&&&& RUNNING TensorRT.trtexec [TensorRT v110300] [b99] # C:\Users\dxu1\AppData\Local\NVIDIA\TensorRT-11.3-tools\bin\trtexec.exe --loadEngine=C:\Users\dxu1\Desktop\Dissertation\PTQ\profiling_results\trtexec\kitti.plan --loadInputs=images:PTQ/profiling_results/trtexec/kitti_images_fp32.bin --warmUp=1000 --duration=15 --iterations=200 --infStreams=1 --percentile=50,95 --dumpProfile --exportProfile=C:\Users\dxu1\Desktop\Dissertation\PTQ\profiling_results\trtexec\kitti_cooled_run1_profile.json --exportTimes=C:\Users\dxu1\Desktop\Dissertation\PTQ\profiling_results\trtexec\kitti_cooled_run1_times.json
[09/30/2026-18:24:17] [I] === Model Options ===
[09/30/2026-18:24:17] [I] Format: *
[09/30/2026-18:24:17] [I] Model: 
[09/30/2026-18:24:17] [I] Output:
[09/30/2026-18:24:17] [I] 
[09/30/2026-18:24:17] [I] === System Options ===
[09/30/2026-18:24:17] [I] Device: 0
[09/30/2026-18:24:17] [I] DLACore: 
[09/30/2026-18:24:17] [I] Loaded static plugins:
[09/30/2026-18:24:17] [I] DLA Workspace Allocation Strategy: default
[09/30/2026-18:24:17] [I] setPluginsToSerialize:
[09/30/2026-18:24:17] [I] dynamicPlugins:
[09/30/2026-18:24:17] [I] ignoreParsedPluginLibs: 0
[09/30/2026-18:24:17] [I] 
[09/30/2026-18:24:17] [I] === Inference Options ===
[09/30/2026-18:24:17] [I] Batch: Explicit
[09/30/2026-18:24:17] [I] Input inference shapes: model
[09/30/2026-18:24:17] [I] Iterations: 200
[09/30/2026-18:24:17] [I] Duration: 15s (+ 1000ms warm up)
[09/30/2026-18:24:17] [I] Sleep time: 0ms
[09/30/2026-18:24:17] [I] Idle time: 0ms
[09/30/2026-18:24:17] [I] Inference Streams: 1
[09/30/2026-18:24:17] [I] ExposeDMA: Disabled
[09/30/2026-18:24:17] [I] Data transfers: Disabled
[09/30/2026-18:24:17] [I] Spin-wait: Enabled
[09/30/2026-18:24:17] [I] Multithreading: Disabled
[09/30/2026-18:24:17] [I] CUDA Graph: Enabled
[09/30/2026-18:24:17] [I] Time Deserialize: Disabled
[09/30/2026-18:24:17] [I] Time Refit: Disabled
[09/30/2026-18:24:17] [I] NVTX verbosity: 0
[09/30/2026-18:24:17] [I] Persistent Cache Ratio: 0
[09/30/2026-18:24:17] [I] Optimization Profile Index: 0
[09/30/2026-18:24:17] [I] Weight Streaming Budget: 100.000000%
[09/30/2026-18:24:17] [I] Accuracy Algorithm: L0
[09/30/2026-18:24:17] [I] Absolute Tolerance (atol): 1e-05
[09/30/2026-18:24:17] [I] Relative Tolerance (rtol): 1e-05
[09/30/2026-18:24:17] [I] Inputs:
[09/30/2026-18:24:17] [I] images<-PTQ/profiling_results/trtexec/kitti_images_fp32.bin
[09/30/2026-18:24:17] [I] Debug Tensor Save Destinations:
[09/30/2026-18:24:17] [I] Dump All Debug Tensor in Formats: 
[09/30/2026-18:24:17] [I] === Reporting Options ===
[09/30/2026-18:24:17] [I] Verbose: Disabled
[09/30/2026-18:24:17] [I] Averages: 10 inferences
[09/30/2026-18:24:17] [I] Percentiles: 50,95
[09/30/2026-18:24:17] [I] Dump refittable layers:Disabled
[09/30/2026-18:24:17] [I] Dump output: Disabled
[09/30/2026-18:24:17] [I] Profile: Enabled
[09/30/2026-18:24:17] [I] Export timing to JSON file: C:\Users\dxu1\Desktop\Dissertation\PTQ\profiling_results\trtexec\kitti_cooled_run1_times.json
[09/30/2026-18:24:17] [I] Export output to JSON file: 
[09/30/2026-18:24:17] [I] Export profile to JSON file: C:\Users\dxu1\Desktop\Dissertation\PTQ\profiling_results\trtexec\kitti_cooled_run1_profile.json
[09/30/2026-18:24:17] [I] 
[09/30/2026-18:24:17] [I] === Device Information ===
[09/30/2026-18:24:17] [I] Available Devices: 
[09/30/2026-18:24:17] [I]   Device 0: "NVIDIA RTX A2000" UUID: GPU-a0aa0f21-a2f1-4018-b27b-236640f36d02
[09/30/2026-18:24:17] [I] Selected Device: NVIDIA RTX A2000
[09/30/2026-18:24:17] [I] Selected Device ID: 0
[09/30/2026-18:24:17] [I] Selected Device UUID: GPU-a0aa0f21-a2f1-4018-b27b-236640f36d02
[09/30/2026-18:24:17] [I] Compute Capability: 8.6
[09/30/2026-18:24:17] [I] SMs: 26
[09/30/2026-18:24:17] [I] Device Global Memory: 6137 MiB
[09/30/2026-18:24:17] [I] Shared Memory per SM: 100 KiB
[09/30/2026-18:24:17] [I] Memory Bus Width: 192 bits (ECC disabled)
[09/30/2026-18:24:17] [I] Application Compute Clock Rate: 1.2 GHz
[09/30/2026-18:24:17] [I] Application Memory Clock Rate: 6.001 GHz
[09/30/2026-18:24:17] [I] 
[09/30/2026-18:24:17] [I] Note: The application clock rates do not reflect the actual clock rates that the GPU is currently running at.
[09/30/2026-18:24:17] [I] 
[09/30/2026-18:24:17] [I] TensorRT version: 11.3.0
[09/30/2026-18:24:17] [I] Loading standard plugins
[09/30/2026-18:24:17] [I] Engine deserialized in 0.0987627 sec.
[09/30/2026-18:24:17] [I] [TRT] [MemUsageChange] TensorRT-managed allocation in IExecutionContext creation: CPU +0, GPU +17, now: CPU 0, GPU 91 (MiB)
[09/30/2026-18:24:17] [I] Setting persistentCacheLimit to 0 bytes.
[09/30/2026-18:24:17] [I] Created execution context with device memory size: 17.0532 MiB
[09/30/2026-18:24:17] [I] Using values loaded from PTQ/profiling_results/trtexec/kitti_images_fp32.bin for input images
[09/30/2026-18:24:17] [I] Input binding for images with dimensions 1x3x640x640 and type fp32 is created.
[09/30/2026-18:24:17] [I] Output binding for output0 with dimensions 1x12x8400 and type fp32 is created.
[09/30/2026-18:24:17] [I] Starting inference
[09/30/2026-18:24:17] [I] Capturing CUDA graph for the current execution context
[09/30/2026-18:24:17] [I] Successfully captured CUDA graph for the current execution context. When profiling with Nsight Systems, add "--cuda-graph-trace=node" to the nsys command to see per-kernel execution times.
[09/30/2026-18:24:33] [I] Warmup completed 388 queries over 1000 ms
[09/30/2026-18:24:33] [I] Timing trace has 6219 queries over 15.0052 s
[09/30/2026-18:24:33] [I] 
[09/30/2026-18:24:33] [I] === Trace details ===
[09/30/2026-18:24:33] [I] Trace averages of 10 runs:
[09/30/2026-18:24:33] [I] Average on 10 runs - GPU latency: 2.33819 ms - Host latency: 2.33819 ms (enqueue 0.030072 ms)
[09/30/2026-18:24:33] [I] Average on 10 runs - GPU latency: 2.42196 ms - Host latency: 2.42196 ms (enqueue 0.0376648 ms)
[09/30/2026-18:24:33] [I] Average on 10 runs - GPU latency: 2.40681 ms - Host latency: 2.40681 ms (enqueue 0.0317627 ms)
[09/30/2026-18:24:33] [I] Average on 10 runs - GPU latency: 2.40649 ms - Host latency: 2.40649 ms (enqueue 0.0352661 ms)
[09/30/2026-18:24:33] [I] Average on 10 runs - GPU latency: 2.33556 ms - Host latency: 2.33556 ms (enqueue 0.0264038 ms)
[09/30/2026-18:24:33] [I] Average on 10 runs - GPU latency: 2.40333 ms - Host latency: 2.40333 ms (enqueue 0.0342163 ms)
[09/30/2026-18:24:33] [I] Average on 10 runs - GPU latency: 2.3975 ms - Host latency: 2.3975 ms (enqueue 0.0326172 ms)
[09/30/2026-18:24:33] [I] Average on 10 runs - GPU latency: 2.34395 ms - Host latency: 2.34395 ms (enqueue 0.0213013 ms)
[09/30/2026-18:24:33] [I] Average on 10 runs - GPU latency: 2.39678 ms - Host latency: 2.39678 ms (enqueue 0.0233765 ms)
[09/30/2026-18:24:33] [I] Average on 10 runs - GPU latency: 2.40842 ms - Host latency: 2.40842 ms (enqueue 0.0220703 ms)
[09/30/2026-18:24:33] [I] Average on 10 runs - GPU latency: 2.41643 ms - Host latency: 2.41643 ms (enqueue 0.0363403 ms)
[09/30/2026-18:24:33] [I] Average on 10 runs - GPU latency: 2.34766 ms - Host latency: 2.34766 ms (enqueue 0.0317017 ms)
[09/30/2026-18:24:33] [I] Average on 10 runs - GPU latency: 2.39952 ms - Host latency: 2.39952 ms (enqueue 0.0253784 ms)
[09/30/2026-18:24:33] [I] Average on 10 runs - GPU latency: 2.42903 ms - Host latency: 2.42903 ms (enqueue 0.0319458 ms)
[09/30/2026-18:24:33] [I] Average on 10 runs - GPU latency: 2.41442 ms - Host latency: 2.41442 ms (enqueue 0.0274414 ms)
[09/30/2026-18:24:33] [I] Average on 10 runs - GPU latency: 2.55055 ms - Host latency: 2.55055 ms (enqueue 0.0331299 ms)
[09/30/2026-18:24:33] [I] Average on 10 runs - GPU latency: 2.42245 ms - Host latency: 2.42245 ms (enqueue 0.030896 ms)
[09/30/2026-18:24:33] [I] Average on 10 runs - GPU latency: 2.39369 ms - Host latency: 2.39369 ms (enqueue 0.0265747 ms)
[09/30/2026-18:24:33] [I] Average on 10 runs - GPU latency: 2.39165 ms - Host latency: 2.39165 ms (enqueue 0.0224365 ms)
[09/30/2026-18:24:33] [I] Average on 10 runs - GPU latency: 2.40057 ms - Host latency: 2.40057 ms (enqueue 0.0236694 ms)
[09/30/2026-18:24:33] [I] Average on 10 runs - GPU latency: 2.40408 ms - Host latency: 2.40408 ms (enqueue 0.031665 ms)
[09/30/2026-18:24:33] [I] Average on 10 runs - GPU latency: 2.40392 ms - Host latency: 2.40392 ms (enqueue 0.0257935 ms)
[09/30/2026-18:24:33] [I] Average on 10 runs - GPU latency: 2.37444 ms - Host latency: 2.37444 ms (enqueue 0.0286133 ms)
[09/30/2026-18:24:33] [I] Average on 10 runs - GPU latency: 2.44163 ms - Host latency: 2.44163 ms (enqueue 0.0280273 ms)
[09/30/2026-18:24:33] [I] Average on 10 runs - GPU latency: 2.37156 ms - Host latency: 2.37156 ms (enqueue 0.0291138 ms)
[09/30/2026-18:24:33] [I] Average on 10 runs - GPU latency: 2.40015 ms - Host latency: 2.40015 ms (enqueue 0.0306885 ms)
[09/30/2026-18:24:33] [I] Average on 10 runs - GPU latency: 2.39279 ms - Host latency: 2.39279 ms (enqueue 0.026709 ms)
[09/30/2026-18:24:33] [I] Average on 10 runs - GPU latency: 2.39635 ms - Host latency: 2.39635 ms (enqueue 0.0312378 ms)
[09/30/2026-18:24:33] [I] Average on 10 runs - GPU latency: 2.39933 ms - Host latency: 2.39933 ms (enqueue 0.0263062 ms)
[09/30/2026-18:24:33] [I] Average on 10 runs - GPU latency: 2.38787 ms - Host latency: 2.38787 ms (enqueue 0.0280151 ms)
[09/30/2026-18:24:33] [I] Average on 10 runs - GPU latency: 2.4204 ms - Host latency: 2.4204 ms (enqueue 0.0284546 ms)
[09/30/2026-18:24:33] [I] Average on 10 runs - GPU latency: 2.3641 ms - Host latency: 2.3641 ms (enqueue 0.030957 ms)
[09/30/2026-18:24:33] [I] Average on 10 runs - GPU latency: 2.43784 ms - Host latency: 2.43784 ms (enqueue 0.0310303 ms)
[09/30/2026-18:24:33] [I] Average on 10 runs - GPU latency: 2.36769 ms - Host latency: 2.36769 ms (enqueue 0.0253052 ms)
[09/30/2026-18:24:33] [I] Average on 10 runs - GPU latency: 2.42921 ms - Host latency: 2.42921 ms (enqueue 0.031604 ms)
[09/30/2026-18:24:33] [I] Average on 10 runs - GPU latency: 2.43887 ms - Host latency: 2.43887 ms (enqueue 0.0233643 ms)
[09/30/2026-18:24:33] [I] Average on 10 runs - GPU latency: 2.4016 ms - Host latency: 2.4016 ms (enqueue 0.0238281 ms)
[09/30/2026-18:24:33] [I] Average on 10 runs - GPU latency: 2.42504 ms - Host latency: 2.42504 ms (enqueue 0.0233276 ms)
[09/30/2026-18:24:33] [I] Average on 10 runs - GPU latency: 2.36432 ms - Host latency: 2.36432 ms (enqueue 0.0316895 ms)
[09/30/2026-18:24:33] [I] Average on 10 runs - GPU latency: 2.36647 ms - Host latency: 2.36647 ms (enqueue 0.0312988 ms)
[09/30/2026-18:24:33] [I] Average on 10 runs - GPU latency: 2.39474 ms - Host latency: 2.39474 ms (enqueue 0.0326294 ms)
[09/30/2026-18:24:33] [I] Average on 10 runs - GPU latency: 2.3978 ms - Host latency: 2.3978 ms (enqueue 0.0322388 ms)
[09/30/2026-18:24:33] [I] Average on 10 runs - GPU latency: 2.40475 ms - Host latency: 2.40475 ms (enqueue 0.0320923 ms)
[09/30/2026-18:24:33] [I] Average on 10 runs - GPU latency: 2.34414 ms - Host latency: 2.34414 ms (enqueue 0.0234009 ms)
[09/30/2026-18:24:33] [I] Average on 10 runs - GPU latency: 2.41426 ms - Host latency: 2.41426 ms (enqueue 0.0297607 ms)
[09/30/2026-18:24:33] [I] Average on 10 runs - GPU latency: 2.40076 ms - Host latency: 2.40076 ms (enqueue 0.0298096 ms)
[09/30/2026-18:24:33] [I] Average on 10 runs - GPU latency: 2.42161 ms - Host latency: 2.42161 ms (enqueue 0.033667 ms)
[09/30/2026-18:24:33] [I] Average on 10 runs - GPU latency: 2.36372 ms - Host latency: 2.36372 ms (enqueue 0.0340088 ms)
[09/30/2026-18:24:33] [I] Average on 10 runs - GPU latency: 2.41357 ms - Host latency: 2.41357 ms (enqueue 0.0330566 ms)
[09/30/2026-18:24:33] [I] Average on 10 runs - GPU latency: 2.40771 ms - Host latency: 2.40771 ms (enqueue 0.0325684 ms)
[09/30/2026-18:24:33] [I] Average on 10 runs - GPU latency: 2.33794 ms - Host latency: 2.33794 ms (enqueue 0.0322998 ms)
[09/30/2026-18:24:33] [I] Average on 10 runs - GPU latency: 2.405 ms - Host latency: 2.405 ms (enqueue 0.032666 ms)
[09/30/2026-18:24:33] [I] Average on 10 runs - GPU latency: 2.40491 ms - Host latency: 2.40491 ms (enqueue 0.0330811 ms)
[09/30/2026-18:24:33] [I] Average on 10 runs - GPU latency: 2.39844 ms - Host latency: 2.39844 ms (enqueue 0.0324707 ms)
[09/30/2026-18:24:33] [I] Average on 10 runs - GPU latency: 2.33557 ms - Host latency: 2.33557 ms (enqueue 0.0322021 ms)
[09/30/2026-18:24:33] [I] Average on 10 runs - GPU latency: 2.40894 ms - Host latency: 2.40894 ms (enqueue 0.0310303 ms)
[09/30/2026-18:24:33] [I] Average on 10 runs - GPU latency: 2.44041 ms - Host latency: 2.44041 ms (enqueue 0.0332031 ms)
[09/30/2026-18:24:33] [I] Average on 10 runs - GPU latency: 2.54121 ms - Host latency: 2.54121 ms (enqueue 0.0354004 ms)
[09/30/2026-18:24:33] [I] Average on 10 runs - GPU latency: 2.35996 ms - Host latency: 2.35996 ms (enqueue 0.0327881 ms)
[09/30/2026-18:24:33] [I] Average on 10 runs - GPU latency: 2.4041 ms - Host latency: 2.4041 ms (enqueue 0.0308838 ms)
[09/30/2026-18:24:33] [I] Average on 10 runs - GPU latency: 2.42695 ms - Host latency: 2.42695 ms (enqueue 0.0329102 ms)
[09/30/2026-18:24:33] [I] Average on 10 runs - GPU latency: 2.34009 ms - Host latency: 2.34009 ms (enqueue 0.0308594 ms)
[09/30/2026-18:24:33] [I] Average on 10 runs - GPU latency: 2.39568 ms - Host latency: 2.39568 ms (enqueue 0.0318848 ms)
[09/30/2026-18:24:33] [I] Average on 10 runs - GPU latency: 2.39487 ms - Host latency: 2.39487 ms (enqueue 0.0311768 ms)
[09/30/2026-18:24:33] [I] Average on 10 runs - GPU latency: 2.40542 ms - Host latency: 2.40542 ms (enqueue 0.0309814 ms)
[09/30/2026-18:24:33] [I] Average on 10 runs - GPU latency: 2.34858 ms - Host latency: 2.34858 ms (enqueue 0.030957 ms)
[09/30/2026-18:24:33] [I] Average on 10 runs - GPU latency: 2.4011 ms - Host latency: 2.4011 ms (enqueue 0.0313232 ms)
[09/30/2026-18:24:33] [I] Average on 10 runs - GPU latency: 2.43931 ms - Host latency: 2.43931 ms (enqueue 0.035791 ms)
[09/30/2026-18:24:33] [I] Average on 10 runs - GPU latency: 2.36602 ms - Host latency: 2.36602 ms (enqueue 0.0228271 ms)
[09/30/2026-18:24:33] [I] Average on 10 runs - GPU latency: 2.41377 ms - Host latency: 2.41377 ms (enqueue 0.0294922 ms)
[09/30/2026-18:24:33] [I] Average on 10 runs - GPU latency: 2.39883 ms - Host latency: 2.39883 ms (enqueue 0.0253906 ms)
[09/30/2026-18:24:33] [I] Average on 10 runs - GPU latency: 2.41829 ms - Host latency: 2.41829 ms (enqueue 0.0236572 ms)
[09/30/2026-18:24:33] [I] Average on 10 runs - GPU latency: 2.35164 ms - Host latency: 2.35164 ms (enqueue 0.0356689 ms)
[09/30/2026-18:24:33] [I] Average on 10 runs - GPU latency: 2.41904 ms - Host latency: 2.41904 ms (enqueue 0.0272217 ms)
[09/30/2026-18:24:33] [I] Average on 10 runs - GPU latency: 2.40491 ms - Host latency: 2.40491 ms (enqueue 0.0278076 ms)
[09/30/2026-18:24:33] [I] Average on 10 runs - GPU latency: 2.35193 ms - Host latency: 2.35193 ms (enqueue 0.0256592 ms)
[09/30/2026-18:24:33] [I] Average on 10 runs - GPU latency: 2.4186 ms - Host latency: 2.4186 ms (enqueue 0.0270752 ms)
[09/30/2026-18:24:33] [I] Average on 10 runs - GPU latency: 2.41826 ms - Host latency: 2.41826 ms (enqueue 0.0390869 ms)
[09/30/2026-18:24:33] [I] Average on 10 runs - GPU latency: 2.43088 ms - Host latency: 2.43088 ms (enqueue 0.0247559 ms)
[09/30/2026-18:24:33] [I] Average on 10 runs - GPU latency: 2.36921 ms - Host latency: 2.36921 ms (enqueue 0.0218506 ms)
[09/30/2026-18:24:33] [I] Average on 10 runs - GPU latency: 2.41194 ms - Host latency: 2.41194 ms (enqueue 0.0287354 ms)
[09/30/2026-18:24:33] [I] Average on 10 runs - GPU latency: 2.40281 ms - Host latency: 2.40281 ms (enqueue 0.0296143 ms)
[09/30/2026-18:24:33] [I] Average on 10 runs - GPU latency: 2.40239 ms - Host latency: 2.40239 ms (enqueue 0.0308105 ms)
[09/30/2026-18:24:33] [I] Average on 10 runs - GPU latency: 2.32588 ms - Host latency: 2.32588 ms (enqueue 0.0317627 ms)
[09/30/2026-18:24:33] [I] Average on 10 runs - GPU latency: 2.39741 ms - Host latency: 2.39741 ms (enqueue 0.0304199 ms)
[09/30/2026-18:24:33] [I] Average on 10 runs - GPU latency: 2.39722 ms - Host latency: 2.39722 ms (enqueue 0.029834 ms)
[09/30/2026-18:24:33] [I] Average on 10 runs - GPU latency: 2.34656 ms - Host latency: 2.34656 ms (enqueue 0.028125 ms)
[09/30/2026-18:24:33] [I] Average on 10 runs - GPU latency: 2.40818 ms - Host latency: 2.40818 ms (enqueue 0.0310059 ms)
[09/30/2026-18:24:33] [I] Average on 10 runs - GPU latency: 2.40088 ms - Host latency: 2.40088 ms (enqueue 0.0229004 ms)
[09/30/2026-18:24:33] [I] Average on 10 runs - GPU latency: 2.37542 ms - Host latency: 2.37542 ms (enqueue 0.0328369 ms)
[09/30/2026-18:24:33] [I] Average on 10 runs - GPU latency: 2.37114 ms - Host latency: 2.37114 ms (enqueue 0.0270996 ms)
[09/30/2026-18:24:33] [I] Average on 10 runs - GPU latency: 2.4063 ms - Host latency: 2.4063 ms (enqueue 0.027417 ms)
[09/30/2026-18:24:33] [I] Average on 10 runs - GPU latency: 2.39932 ms - Host latency: 2.39932 ms (enqueue 0.0327637 ms)
[09/30/2026-18:24:33] [I] Average on 10 runs - GPU latency: 2.35066 ms - Host latency: 2.35066 ms (enqueue 0.0300537 ms)
[09/30/2026-18:24:33] [I] Average on 10 runs - GPU latency: 2.40886 ms - Host latency: 2.40886 ms (enqueue 0.0260986 ms)
[09/30/2026-18:24:33] [I] Average on 10 runs - GPU latency: 2.40747 ms - Host latency: 2.40747 ms (enqueue 0.0316895 ms)
[09/30/2026-18:24:33] [I] Average on 10 runs - GPU latency: 2.40654 ms - Host latency: 2.40654 ms (enqueue 0.0289551 ms)
[09/30/2026-18:24:33] [I] Average on 10 runs - GPU latency: 2.35132 ms - Host latency: 2.35132 ms (enqueue 0.0265625 ms)
[09/30/2026-18:24:33] [I] Average on 10 runs - GPU latency: 2.41287 ms - Host latency: 2.41287 ms (enqueue 0.030957 ms)
[09/30/2026-18:24:33] [I] Average on 10 runs - GPU latency: 2.41563 ms - Host latency: 2.41563 ms (enqueue 0.0310547 ms)
[09/30/2026-18:24:33] [I] Average on 10 runs - GPU latency: 2.34988 ms - Host latency: 2.34988 ms (enqueue 0.0294922 ms)
[09/30/2026-18:24:33] [I] Average on 10 runs - GPU latency: 2.47266 ms - Host latency: 2.47266 ms (enqueue 0.0335449 ms)
[09/30/2026-18:24:33] [I] Average on 10 runs - GPU latency: 2.41304 ms - Host latency: 2.41304 ms (enqueue 0.0339111 ms)
[09/30/2026-18:24:33] [I] Average on 10 runs - GPU latency: 2.41711 ms - Host latency: 2.41711 ms (enqueue 0.0322754 ms)
[09/30/2026-18:24:33] [I] Average on 10 runs - GPU latency: 2.34802 ms - Host latency: 2.34802 ms (enqueue 0.0319824 ms)
[09/30/2026-18:24:33] [I] Average on 10 runs - GPU latency: 2.41738 ms - Host latency: 2.41738 ms (enqueue 0.0266113 ms)
[09/30/2026-18:24:33] [I] Average on 10 runs - GPU latency: 2.41489 ms - Host latency: 2.41489 ms (enqueue 0.031543 ms)
[09/30/2026-18:24:33] [I] Average on 10 runs - GPU latency: 2.35784 ms - Host latency: 2.35784 ms (enqueue 0.0316162 ms)
[09/30/2026-18:24:33] [I] Average on 10 runs - GPU latency: 2.41509 ms - Host latency: 2.41509 ms (enqueue 0.0319092 ms)
[09/30/2026-18:24:33] [I] Average on 10 runs - GPU latency: 2.4209 ms - Host latency: 2.4209 ms (enqueue 0.0309814 ms)
[09/30/2026-18:24:33] [I] Average on 10 runs - GPU latency: 2.40623 ms - Host latency: 2.40623 ms (enqueue 0.030542 ms)
[09/30/2026-18:24:33] [I] Average on 10 runs - GPU latency: 2.34954 ms - Host latency: 2.34954 ms (enqueue 0.0300049 ms)
[09/30/2026-18:24:33] [I] Average on 10 runs - GPU latency: 2.41753 ms - Host latency: 2.41753 ms (enqueue 0.033252 ms)
[09/30/2026-18:24:33] [I] Average on 10 runs - GPU latency: 2.41528 ms - Host latency: 2.41528 ms (enqueue 0.0308105 ms)
[09/30/2026-18:24:33] [I] Average on 10 runs - GPU latency: 2.35071 ms - Host latency: 2.35071 ms (enqueue 0.025293 ms)
[09/30/2026-18:24:33] [I] Average on 10 runs - GPU latency: 2.42061 ms - Host latency: 2.42061 ms (enqueue 0.0317383 ms)
[09/30/2026-18:24:33] [I] Average on 10 runs - GPU latency: 2.40735 ms - Host latency: 2.40735 ms (enqueue 0.0393311 ms)
[09/30/2026-18:24:33] [I] Average on 10 runs - GPU latency: 2.41973 ms - Host latency: 2.41973 ms (enqueue 0.0338379 ms)
[09/30/2026-18:24:33] [I] Average on 10 runs - GPU latency: 2.35232 ms - Host latency: 2.35232 ms (enqueue 0.0268311 ms)
[09/30/2026-18:24:33] [I] Average on 10 runs - GPU latency: 2.41179 ms - Host latency: 2.41179 ms (enqueue 0.0279785 ms)
[09/30/2026-18:24:33] [I] Average on 10 runs - GPU latency: 2.41606 ms - Host latency: 2.41606 ms (enqueue 0.0308105 ms)
[09/30/2026-18:24:33] [I] Average on 10 runs - GPU latency: 2.4199 ms - Host latency: 2.4199 ms (enqueue 0.0307373 ms)
[09/30/2026-18:24:33] [I] Average on 10 runs - GPU latency: 2.3468 ms - Host latency: 2.3468 ms (enqueue 0.0266602 ms)
[09/30/2026-18:24:33] [I] Average on 10 runs - GPU latency: 2.50046 ms - Host latency: 2.50046 ms (enqueue 0.0326904 ms)
[09/30/2026-18:24:33] [I] Average on 10 runs - GPU latency: 2.39614 ms - Host latency: 2.39614 ms (enqueue 0.0272705 ms)
[09/30/2026-18:24:33] [I] Average on 10 runs - GPU latency: 2.33455 ms - Host latency: 2.33455 ms (enqueue 0.0300537 ms)
[09/30/2026-18:24:33] [I] Average on 10 runs - GPU latency: 2.40247 ms - Host latency: 2.40247 ms (enqueue 0.0269531 ms)
[09/30/2026-18:24:33] [I] Average on 10 runs - GPU latency: 2.40186 ms - Host latency: 2.40186 ms (enqueue 0.0303711 ms)
[09/30/2026-18:24:33] [I] Average on 10 runs - GPU latency: 2.41184 ms - Host latency: 2.41184 ms (enqueue 0.0306396 ms)
[09/30/2026-18:24:33] [I] Average on 10 runs - GPU latency: 2.35625 ms - Host latency: 2.35625 ms (enqueue 0.0317383 ms)
[09/30/2026-18:24:33] [I] Average on 10 runs - GPU latency: 2.43911 ms - Host latency: 2.43911 ms (enqueue 0.0318359 ms)
[09/30/2026-18:24:33] [I] Average on 10 runs - GPU latency: 2.43599 ms - Host latency: 2.43599 ms (enqueue 0.0321289 ms)
[09/30/2026-18:24:33] [I] Average on 10 runs - GPU latency: 2.35747 ms - Host latency: 2.35747 ms (enqueue 0.0311035 ms)
[09/30/2026-18:24:33] [I] Average on 10 runs - GPU latency: 2.41577 ms - Host latency: 2.41577 ms (enqueue 0.0267578 ms)
[09/30/2026-18:24:33] [I] Average on 10 runs - GPU latency: 2.4144 ms - Host latency: 2.4144 ms (enqueue 0.0299805 ms)
[09/30/2026-18:24:33] [I] Average on 10 runs - GPU latency: 2.41338 ms - Host latency: 2.41338 ms (enqueue 0.0312012 ms)
[09/30/2026-18:24:33] [I] Average on 10 runs - GPU latency: 2.35234 ms - Host latency: 2.35234 ms (enqueue 0.025293 ms)
[09/30/2026-18:24:33] [I] Average on 10 runs - GPU latency: 2.41519 ms - Host latency: 2.41519 ms (enqueue 0.0319336 ms)
[09/30/2026-18:24:33] [I] Average on 10 runs - GPU latency: 2.40786 ms - Host latency: 2.40786 ms (enqueue 0.0281738 ms)
[09/30/2026-18:24:33] [I] Average on 10 runs - GPU latency: 2.40811 ms - Host latency: 2.40811 ms (enqueue 0.029541 ms)
[09/30/2026-18:24:33] [I] Average on 10 runs - GPU latency: 2.348 ms - Host latency: 2.348 ms (enqueue 0.0317383 ms)
[09/30/2026-18:24:33] [I] Average on 10 runs - GPU latency: 2.41274 ms - Host latency: 2.41274 ms (enqueue 0.0259766 ms)
[09/30/2026-18:24:33] [I] Average on 10 runs - GPU latency: 2.41636 ms - Host latency: 2.41636 ms (enqueue 0.0238281 ms)
[09/30/2026-18:24:33] [I] Average on 10 runs - GPU latency: 2.35161 ms - Host latency: 2.35161 ms (enqueue 0.0270996 ms)
[09/30/2026-18:24:33] [I] Average on 10 runs - GPU latency: 2.41294 ms - Host latency: 2.41294 ms (enqueue 0.0262207 ms)
[09/30/2026-18:24:33] [I] Average on 10 runs - GPU latency: 2.43638 ms - Host latency: 2.43638 ms (enqueue 0.0320312 ms)
[09/30/2026-18:24:33] [I] Average on 10 runs - GPU latency: 2.45171 ms - Host latency: 2.45171 ms (enqueue 0.0307617 ms)
[09/30/2026-18:24:33] [I] Average on 10 runs - GPU latency: 2.35039 ms - Host latency: 2.35039 ms (enqueue 0.0252441 ms)
[09/30/2026-18:24:33] [I] Average on 10 runs - GPU latency: 2.40605 ms - Host latency: 2.40605 ms (enqueue 0.0253418 ms)
[09/30/2026-18:24:33] [I] Average on 10 runs - GPU latency: 2.40415 ms - Host latency: 2.40415 ms (enqueue 0.0301758 ms)
[09/30/2026-18:24:33] [I] Average on 10 runs - GPU latency: 2.34795 ms - Host latency: 2.34795 ms (enqueue 0.0267578 ms)
[09/30/2026-18:24:33] [I] Average on 10 runs - GPU latency: 2.41973 ms - Host latency: 2.41973 ms (enqueue 0.0343262 ms)
[09/30/2026-18:24:33] [I] Average on 10 runs - GPU latency: 2.40884 ms - Host latency: 2.40884 ms (enqueue 0.0313965 ms)
[09/30/2026-18:24:33] [I] Average on 10 runs - GPU latency: 2.42319 ms - Host latency: 2.42319 ms (enqueue 0.0316895 ms)
[09/30/2026-18:24:33] [I] Average on 10 runs - GPU latency: 2.35327 ms - Host latency: 2.35327 ms (enqueue 0.0317383 ms)
[09/30/2026-18:24:33] [I] Average on 10 runs - GPU latency: 2.42075 ms - Host latency: 2.42075 ms (enqueue 0.0319824 ms)
[09/30/2026-18:24:33] [I] Average on 10 runs - GPU latency: 2.41934 ms - Host latency: 2.41934 ms (enqueue 0.0304199 ms)
[09/30/2026-18:24:33] [I] Average on 10 runs - GPU latency: 2.38652 ms - Host latency: 2.38652 ms (enqueue 0.0276855 ms)
[09/30/2026-18:24:33] [I] Average on 10 runs - GPU latency: 2.39258 ms - Host latency: 2.39258 ms (enqueue 0.0259277 ms)
[09/30/2026-18:24:33] [I] Average on 10 runs - GPU latency: 2.43013 ms - Host latency: 2.43013 ms (enqueue 0.0268066 ms)
[09/30/2026-18:24:33] [I] Average on 10 runs - GPU latency: 2.45576 ms - Host latency: 2.45576 ms (enqueue 0.0323242 ms)
[09/30/2026-18:24:33] [I] Average on 10 runs - GPU latency: 2.36069 ms - Host latency: 2.36069 ms (enqueue 0.0330078 ms)
[09/30/2026-18:24:33] [I] Average on 10 runs - GPU latency: 2.41616 ms - Host latency: 2.41616 ms (enqueue 0.031543 ms)
[09/30/2026-18:24:33] [I] Average on 10 runs - GPU latency: 2.41455 ms - Host latency: 2.41455 ms (enqueue 0.0222168 ms)
[09/30/2026-18:24:33] [I] Average on 10 runs - GPU latency: 2.35952 ms - Host latency: 2.35952 ms (enqueue 0.0215332 ms)
[09/30/2026-18:24:33] [I] Average on 10 runs - GPU latency: 2.41089 ms - Host latency: 2.41089 ms (enqueue 0.0312988 ms)
[09/30/2026-18:24:33] [I] Average on 10 runs - GPU latency: 2.42051 ms - Host latency: 2.42051 ms (enqueue 0.0318359 ms)
[09/30/2026-18:24:33] [I] Average on 10 runs - GPU latency: 2.43384 ms - Host latency: 2.43384 ms (enqueue 0.0313965 ms)
[09/30/2026-18:24:33] [I] Average on 10 runs - GPU latency: 2.37866 ms - Host latency: 2.37866 ms (enqueue 0.032959 ms)
[09/30/2026-18:24:33] [I] Average on 10 runs - GPU latency: 2.41455 ms - Host latency: 2.41455 ms (enqueue 0.0277832 ms)
[09/30/2026-18:24:33] [I] Average on 10 runs - GPU latency: 2.41646 ms - Host latency: 2.41646 ms (enqueue 0.0277344 ms)
[09/30/2026-18:24:33] [I] Average on 10 runs - GPU latency: 2.42061 ms - Host latency: 2.42061 ms (enqueue 0.0300293 ms)
[09/30/2026-18:24:33] [I] Average on 10 runs - GPU latency: 2.35249 ms - Host latency: 2.35249 ms (enqueue 0.0321289 ms)
[09/30/2026-18:24:33] [I] Average on 10 runs - GPU latency: 2.41416 ms - Host latency: 2.41416 ms (enqueue 0.0229492 ms)
[09/30/2026-18:24:33] [I] Average on 10 runs - GPU latency: 2.41875 ms - Host latency: 2.41875 ms (enqueue 0.0294434 ms)
[09/30/2026-18:24:33] [I] Average on 10 runs - GPU latency: 2.34966 ms - Host latency: 2.34966 ms (enqueue 0.0230469 ms)
[09/30/2026-18:24:33] [I] Average on 10 runs - GPU latency: 2.40894 ms - Host latency: 2.40894 ms (enqueue 0.026416 ms)
[09/30/2026-18:24:33] [I] Average on 10 runs - GPU latency: 2.42671 ms - Host latency: 2.42671 ms (enqueue 0.0265137 ms)
[09/30/2026-18:24:33] [I] Average on 10 runs - GPU latency: 2.41768 ms - Host latency: 2.41768 ms (enqueue 0.027002 ms)
[09/30/2026-18:24:33] [I] Average on 10 runs - GPU latency: 2.35059 ms - Host latency: 2.35059 ms (enqueue 0.0320801 ms)
[09/30/2026-18:24:33] [I] Average on 10 runs - GPU latency: 2.40786 ms - Host latency: 2.40786 ms (enqueue 0.0320801 ms)
[09/30/2026-18:24:33] [I] Average on 10 runs - GPU latency: 2.40029 ms - Host latency: 2.40029 ms (enqueue 0.0311035 ms)
[09/30/2026-18:24:33] [I] Average on 10 runs - GPU latency: 2.59819 ms - Host latency: 2.59819 ms (enqueue 0.0325684 ms)
[09/30/2026-18:24:33] [I] Average on 10 runs - GPU latency: 2.373 ms - Host latency: 2.373 ms (enqueue 0.0319824 ms)
[09/30/2026-18:24:33] [I] Average on 10 runs - GPU latency: 2.42837 ms - Host latency: 2.42837 ms (enqueue 0.0303711 ms)
[09/30/2026-18:24:33] [I] Average on 10 runs - GPU latency: 2.3687 ms - Host latency: 2.3687 ms (enqueue 0.0314453 ms)
[09/30/2026-18:24:33] [I] Average on 10 runs - GPU latency: 2.37837 ms - Host latency: 2.37837 ms (enqueue 0.0301758 ms)
[09/30/2026-18:24:33] [I] Average on 10 runs - GPU latency: 2.45889 ms - Host latency: 2.45889 ms (enqueue 0.0321289 ms)
[09/30/2026-18:24:33] [I] Average on 10 runs - GPU latency: 2.39312 ms - Host latency: 2.39312 ms (enqueue 0.0315918 ms)
[09/30/2026-18:24:33] [I] Average on 10 runs - GPU latency: 2.4627 ms - Host latency: 2.4627 ms (enqueue 0.0328125 ms)
[09/30/2026-18:24:33] [I] Average on 10 runs - GPU latency: 2.42993 ms - Host latency: 2.42993 ms (enqueue 0.0314941 ms)
[09/30/2026-18:24:33] [I] Average on 10 runs - GPU latency: 2.44121 ms - Host latency: 2.44121 ms (enqueue 0.0317383 ms)
[09/30/2026-18:24:33] [I] Average on 10 runs - GPU latency: 2.3791 ms - Host latency: 2.3791 ms (enqueue 0.0317383 ms)
[09/30/2026-18:24:33] [I] Average on 10 runs - GPU latency: 2.44438 ms - Host latency: 2.44438 ms (enqueue 0.0307129 ms)
[09/30/2026-18:24:33] [I] Average on 10 runs - GPU latency: 2.38018 ms - Host latency: 2.38018 ms (enqueue 0.0300781 ms)
[09/30/2026-18:24:33] [I] Average on 10 runs - GPU latency: 2.404 ms - Host latency: 2.404 ms (enqueue 0.0225586 ms)
[09/30/2026-18:24:33] [I] Average on 10 runs - GPU latency: 2.41108 ms - Host latency: 2.41108 ms (enqueue 0.0337402 ms)
[09/30/2026-18:24:33] [I] Average on 10 runs - GPU latency: 2.41567 ms - Host latency: 2.41567 ms (enqueue 0.0324707 ms)
[09/30/2026-18:24:33] [I] Average on 10 runs - GPU latency: 2.4439 ms - Host latency: 2.4439 ms (enqueue 0.0313965 ms)
[09/30/2026-18:24:33] [I] Average on 10 runs - GPU latency: 2.38193 ms - Host latency: 2.38193 ms (enqueue 0.0298828 ms)
[09/30/2026-18:24:33] [I] ... Omitting 2219 lines
[09/30/2026-18:24:33] [I] Average on 10 runs - GPU latency: 2.4377 ms - Host latency: 2.4377 ms (enqueue 0.03125 ms)
[09/30/2026-18:24:33] [I] Average on 10 runs - GPU latency: 2.43047 ms - Host latency: 2.43047 ms (enqueue 0.0275391 ms)
[09/30/2026-18:24:33] [I] Average on 10 runs - GPU latency: 2.43027 ms - Host latency: 2.43027 ms (enqueue 0.0295898 ms)
[09/30/2026-18:24:33] [I] Average on 10 runs - GPU latency: 2.36455 ms - Host latency: 2.36455 ms (enqueue 0.0303711 ms)
[09/30/2026-18:24:33] [I] Average on 10 runs - GPU latency: 2.42363 ms - Host latency: 2.42363 ms (enqueue 0.0313477 ms)
[09/30/2026-18:24:33] [I] Average on 10 runs - GPU latency: 2.42363 ms - Host latency: 2.42363 ms (enqueue 0.0313477 ms)
[09/30/2026-18:24:33] [I] Average on 10 runs - GPU latency: 2.41777 ms - Host latency: 2.41777 ms (enqueue 0.0319336 ms)
[09/30/2026-18:24:33] [I] Average on 10 runs - GPU latency: 2.36328 ms - Host latency: 2.36328 ms (enqueue 0.0349609 ms)
[09/30/2026-18:24:33] [I] Average on 10 runs - GPU latency: 2.42754 ms - Host latency: 2.42754 ms (enqueue 0.0320312 ms)
[09/30/2026-18:24:33] [I] Average on 10 runs - GPU latency: 2.46396 ms - Host latency: 2.46396 ms (enqueue 0.0307617 ms)
[09/30/2026-18:24:33] [I] Average on 10 runs - GPU latency: 2.38652 ms - Host latency: 2.38652 ms (enqueue 0.022168 ms)
[09/30/2026-18:24:33] [I] Average on 10 runs - GPU latency: 2.41855 ms - Host latency: 2.41855 ms (enqueue 0.0259766 ms)
[09/30/2026-18:24:33] [I] Average on 10 runs - GPU latency: 2.42227 ms - Host latency: 2.42227 ms (enqueue 0.0280273 ms)
[09/30/2026-18:24:33] [I] Average on 10 runs - GPU latency: 2.43262 ms - Host latency: 2.43262 ms (enqueue 0.0341797 ms)
[09/30/2026-18:24:33] [I] Average on 10 runs - GPU latency: 2.38428 ms - Host latency: 2.38428 ms (enqueue 0.0333984 ms)
[09/30/2026-18:24:33] [I] Average on 10 runs - GPU latency: 2.44971 ms - Host latency: 2.44971 ms (enqueue 0.0314453 ms)
[09/30/2026-18:24:33] [I] Average on 10 runs - GPU latency: 2.44072 ms - Host latency: 2.44072 ms (enqueue 0.0303711 ms)
[09/30/2026-18:24:33] [I] Average on 10 runs - GPU latency: 2.40586 ms - Host latency: 2.40586 ms (enqueue 0.0289063 ms)
[09/30/2026-18:24:33] [I] Average on 10 runs - GPU latency: 2.3998 ms - Host latency: 2.3998 ms (enqueue 0.0323242 ms)
[09/30/2026-18:24:33] [I] Average on 10 runs - GPU latency: 2.43896 ms - Host latency: 2.43896 ms (enqueue 0.0314453 ms)
[09/30/2026-18:24:33] [I] Average on 10 runs - GPU latency: 2.44004 ms - Host latency: 2.44004 ms (enqueue 0.0316406 ms)
[09/30/2026-18:24:33] [I] Average on 10 runs - GPU latency: 2.3667 ms - Host latency: 2.3667 ms (enqueue 0.0262695 ms)
[09/30/2026-18:24:33] [I] Average on 10 runs - GPU latency: 2.4251 ms - Host latency: 2.4251 ms (enqueue 0.0323242 ms)
[09/30/2026-18:24:33] [I] Average on 10 runs - GPU latency: 2.44404 ms - Host latency: 2.44404 ms (enqueue 0.0300781 ms)
[09/30/2026-18:24:33] [I] Average on 10 runs - GPU latency: 2.43369 ms - Host latency: 2.43369 ms (enqueue 0.0319336 ms)
[09/30/2026-18:24:33] [I] Average on 10 runs - GPU latency: 2.37334 ms - Host latency: 2.37334 ms (enqueue 0.0332031 ms)
[09/30/2026-18:24:33] [I] Average on 10 runs - GPU latency: 2.42676 ms - Host latency: 2.42676 ms (enqueue 0.034082 ms)
[09/30/2026-18:24:33] [I] Average on 10 runs - GPU latency: 2.43594 ms - Host latency: 2.43594 ms (enqueue 0.0322266 ms)
[09/30/2026-18:24:33] [I] Average on 10 runs - GPU latency: 2.36904 ms - Host latency: 2.36904 ms (enqueue 0.0311523 ms)
[09/30/2026-18:24:33] [I] Average on 10 runs - GPU latency: 2.43818 ms - Host latency: 2.43818 ms (enqueue 0.0290039 ms)
[09/30/2026-18:24:33] [I] Average on 10 runs - GPU latency: 2.46396 ms - Host latency: 2.46396 ms (enqueue 0.0283203 ms)
[09/30/2026-18:24:33] [I] Average on 10 runs - GPU latency: 2.45459 ms - Host latency: 2.45459 ms (enqueue 0.0267578 ms)
[09/30/2026-18:24:33] [I] Average on 10 runs - GPU latency: 2.34785 ms - Host latency: 2.34785 ms (enqueue 0.0314453 ms)
[09/30/2026-18:24:33] [I] Average on 10 runs - GPU latency: 2.43252 ms - Host latency: 2.43252 ms (enqueue 0.027832 ms)
[09/30/2026-18:24:33] [I] Average on 10 runs - GPU latency: 2.44375 ms - Host latency: 2.44375 ms (enqueue 0.031543 ms)
[09/30/2026-18:24:33] [I] Average on 10 runs - GPU latency: 2.45371 ms - Host latency: 2.45371 ms (enqueue 0.0334961 ms)
[09/30/2026-18:24:33] [I] Average on 10 runs - GPU latency: 2.379 ms - Host latency: 2.379 ms (enqueue 0.0282227 ms)
[09/30/2026-18:24:33] [I] Average on 10 runs - GPU latency: 2.43906 ms - Host latency: 2.43906 ms (enqueue 0.0246094 ms)
[09/30/2026-18:24:33] [I] Average on 10 runs - GPU latency: 2.43154 ms - Host latency: 2.43154 ms (enqueue 0.0258789 ms)
[09/30/2026-18:24:33] [I] Average on 10 runs - GPU latency: 2.37148 ms - Host latency: 2.37148 ms (enqueue 0.0302734 ms)
[09/30/2026-18:24:33] [I] Average on 10 runs - GPU latency: 2.42588 ms - Host latency: 2.42588 ms (enqueue 0.034082 ms)
[09/30/2026-18:24:33] [I] Average on 10 runs - GPU latency: 2.42422 ms - Host latency: 2.42422 ms (enqueue 0.0333984 ms)
[09/30/2026-18:24:33] [I] Average on 10 runs - GPU latency: 2.41992 ms - Host latency: 2.41992 ms (enqueue 0.0311523 ms)
[09/30/2026-18:24:33] [I] Average on 10 runs - GPU latency: 2.36758 ms - Host latency: 2.36758 ms (enqueue 0.030957 ms)
[09/30/2026-18:24:33] [I] Average on 10 runs - GPU latency: 2.44346 ms - Host latency: 2.44346 ms (enqueue 0.0318359 ms)
[09/30/2026-18:24:33] [I] Average on 10 runs - GPU latency: 2.42852 ms - Host latency: 2.42852 ms (enqueue 0.0316406 ms)
[09/30/2026-18:24:33] [I] Average on 10 runs - GPU latency: 2.425 ms - Host latency: 2.425 ms (enqueue 0.0310547 ms)
[09/30/2026-18:24:33] [I] Average on 10 runs - GPU latency: 2.36914 ms - Host latency: 2.36914 ms (enqueue 0.0320312 ms)
[09/30/2026-18:24:33] [I] Average on 10 runs - GPU latency: 2.4332 ms - Host latency: 2.4332 ms (enqueue 0.0306641 ms)
[09/30/2026-18:24:33] [I] Average on 10 runs - GPU latency: 2.43125 ms - Host latency: 2.43125 ms (enqueue 0.0351562 ms)
[09/30/2026-18:24:33] [I] Average on 10 runs - GPU latency: 2.37051 ms - Host latency: 2.37051 ms (enqueue 0.0330078 ms)
[09/30/2026-18:24:33] [I] Average on 10 runs - GPU latency: 2.42998 ms - Host latency: 2.42998 ms (enqueue 0.0326172 ms)
[09/30/2026-18:24:33] [I] Average on 10 runs - GPU latency: 2.46084 ms - Host latency: 2.46084 ms (enqueue 0.0274414 ms)
[09/30/2026-18:24:33] [I] Average on 10 runs - GPU latency: 2.46943 ms - Host latency: 2.46943 ms (enqueue 0.0261719 ms)
[09/30/2026-18:24:33] [I] Average on 10 runs - GPU latency: 2.36816 ms - Host latency: 2.36816 ms (enqueue 0.0308594 ms)
[09/30/2026-18:24:33] [I] Average on 10 runs - GPU latency: 2.42959 ms - Host latency: 2.42959 ms (enqueue 0.0313477 ms)
[09/30/2026-18:24:33] [I] Average on 10 runs - GPU latency: 2.42773 ms - Host latency: 2.42773 ms (enqueue 0.0330078 ms)
[09/30/2026-18:24:33] [I] Average on 10 runs - GPU latency: 2.42861 ms - Host latency: 2.42861 ms (enqueue 0.025 ms)
[09/30/2026-18:24:33] [I] Average on 10 runs - GPU latency: 2.36719 ms - Host latency: 2.36719 ms (enqueue 0.03125 ms)
[09/30/2026-18:24:33] [I] Average on 10 runs - GPU latency: 2.43057 ms - Host latency: 2.43057 ms (enqueue 0.0269531 ms)
[09/30/2026-18:24:33] [I] Average on 10 runs - GPU latency: 2.42529 ms - Host latency: 2.42529 ms (enqueue 0.0297852 ms)
[09/30/2026-18:24:33] [I] Average on 10 runs - GPU latency: 2.3665 ms - Host latency: 2.3665 ms (enqueue 0.0326172 ms)
[09/30/2026-18:24:33] [I] Average on 10 runs - GPU latency: 2.43223 ms - Host latency: 2.43223 ms (enqueue 0.0270508 ms)
[09/30/2026-18:24:33] [I] Average on 10 runs - GPU latency: 2.42373 ms - Host latency: 2.42373 ms (enqueue 0.0298828 ms)
[09/30/2026-18:24:33] [I] Average on 10 runs - GPU latency: 2.43965 ms - Host latency: 2.43965 ms (enqueue 0.0314453 ms)
[09/30/2026-18:24:33] [I] Average on 10 runs - GPU latency: 2.37021 ms - Host latency: 2.37021 ms (enqueue 0.0321289 ms)
[09/30/2026-18:24:33] [I] Average on 10 runs - GPU latency: 2.4377 ms - Host latency: 2.4377 ms (enqueue 0.0321289 ms)
[09/30/2026-18:24:33] [I] Average on 10 runs - GPU latency: 2.42617 ms - Host latency: 2.42617 ms (enqueue 0.0319336 ms)
[09/30/2026-18:24:33] [I] Average on 10 runs - GPU latency: 2.43604 ms - Host latency: 2.43604 ms (enqueue 0.0313477 ms)
[09/30/2026-18:24:33] [I] Average on 10 runs - GPU latency: 2.3709 ms - Host latency: 2.3709 ms (enqueue 0.0259766 ms)
[09/30/2026-18:24:33] [I] Average on 10 runs - GPU latency: 2.43018 ms - Host latency: 2.43018 ms (enqueue 0.0272461 ms)
[09/30/2026-18:24:33] [I] Average on 10 runs - GPU latency: 2.43447 ms - Host latency: 2.43447 ms (enqueue 0.0301758 ms)
[09/30/2026-18:24:33] [I] Average on 10 runs - GPU latency: 2.37109 ms - Host latency: 2.37109 ms (enqueue 0.0271484 ms)
[09/30/2026-18:24:33] [I] Average on 10 runs - GPU latency: 2.43857 ms - Host latency: 2.43857 ms (enqueue 0.0306641 ms)
[09/30/2026-18:24:33] [I] Average on 10 runs - GPU latency: 2.4458 ms - Host latency: 2.4458 ms (enqueue 0.0313477 ms)
[09/30/2026-18:24:33] [I] Average on 10 runs - GPU latency: 2.51104 ms - Host latency: 2.51104 ms (enqueue 0.0357422 ms)
[09/30/2026-18:24:33] [I] Average on 10 runs - GPU latency: 2.40322 ms - Host latency: 2.40322 ms (enqueue 0.0311523 ms)
[09/30/2026-18:24:33] [I] Average on 10 runs - GPU latency: 2.41279 ms - Host latency: 2.41279 ms (enqueue 0.0333008 ms)
[09/30/2026-18:24:33] [I] Average on 10 runs - GPU latency: 2.42441 ms - Host latency: 2.42441 ms (enqueue 0.0357422 ms)
[09/30/2026-18:24:33] [I] Average on 10 runs - GPU latency: 2.43936 ms - Host latency: 2.43936 ms (enqueue 0.031543 ms)
[09/30/2026-18:24:33] [I] Average on 10 runs - GPU latency: 2.37988 ms - Host latency: 2.37988 ms (enqueue 0.0333008 ms)
[09/30/2026-18:24:33] [I] Average on 10 runs - GPU latency: 2.44326 ms - Host latency: 2.44326 ms (enqueue 0.0310547 ms)
[09/30/2026-18:24:33] [I] Average on 10 runs - GPU latency: 2.43682 ms - Host latency: 2.43682 ms (enqueue 0.0338867 ms)
[09/30/2026-18:24:33] [I] Average on 10 runs - GPU latency: 2.36924 ms - Host latency: 2.36924 ms (enqueue 0.03125 ms)
[09/30/2026-18:24:33] [I] Average on 10 runs - GPU latency: 2.42891 ms - Host latency: 2.42891 ms (enqueue 0.0303711 ms)
[09/30/2026-18:24:33] [I] Average on 10 runs - GPU latency: 2.42773 ms - Host latency: 2.42773 ms (enqueue 0.0313477 ms)
[09/30/2026-18:24:33] [I] Average on 10 runs - GPU latency: 2.43877 ms - Host latency: 2.43877 ms (enqueue 0.0325195 ms)
[09/30/2026-18:24:33] [I] Average on 10 runs - GPU latency: 2.36865 ms - Host latency: 2.36865 ms (enqueue 0.0332031 ms)
[09/30/2026-18:24:33] [I] Average on 10 runs - GPU latency: 2.4293 ms - Host latency: 2.4293 ms (enqueue 0.0314453 ms)
[09/30/2026-18:24:33] [I] Average on 10 runs - GPU latency: 2.42744 ms - Host latency: 2.42744 ms (enqueue 0.0329102 ms)
[09/30/2026-18:24:33] [I] Average on 10 runs - GPU latency: 2.42305 ms - Host latency: 2.42305 ms (enqueue 0.030957 ms)
[09/30/2026-18:24:33] [I] Average on 10 runs - GPU latency: 2.50029 ms - Host latency: 2.50029 ms (enqueue 0.0316406 ms)
[09/30/2026-18:24:33] [I] Average on 10 runs - GPU latency: 2.44678 ms - Host latency: 2.44678 ms (enqueue 0.0337891 ms)
[09/30/2026-18:24:33] [I] Average on 10 runs - GPU latency: 2.41924 ms - Host latency: 2.41924 ms (enqueue 0.0319336 ms)
[09/30/2026-18:24:33] [I] Average on 10 runs - GPU latency: 2.42549 ms - Host latency: 2.42549 ms (enqueue 0.0345703 ms)
[09/30/2026-18:24:33] [I] Average on 10 runs - GPU latency: 2.42354 ms - Host latency: 2.42354 ms (enqueue 0.0262695 ms)
[09/30/2026-18:24:33] [I] Average on 10 runs - GPU latency: 2.4373 ms - Host latency: 2.4373 ms (enqueue 0.0314453 ms)
[09/30/2026-18:24:33] [I] Average on 10 runs - GPU latency: 2.45029 ms - Host latency: 2.45029 ms (enqueue 0.0268555 ms)
[09/30/2026-18:24:33] [I] Average on 10 runs - GPU latency: 2.41074 ms - Host latency: 2.41074 ms (enqueue 0.0306641 ms)
[09/30/2026-18:24:33] [I] Average on 10 runs - GPU latency: 2.46846 ms - Host latency: 2.46846 ms (enqueue 0.0329102 ms)
[09/30/2026-18:24:33] [I] Average on 10 runs - GPU latency: 2.39258 ms - Host latency: 2.39258 ms (enqueue 0.0325195 ms)
[09/30/2026-18:24:33] [I] Average on 10 runs - GPU latency: 2.45273 ms - Host latency: 2.45273 ms (enqueue 0.031543 ms)
[09/30/2026-18:24:33] [I] Average on 10 runs - GPU latency: 2.38945 ms - Host latency: 2.38945 ms (enqueue 0.0306641 ms)
[09/30/2026-18:24:33] [I] Average on 10 runs - GPU latency: 2.46445 ms - Host latency: 2.46445 ms (enqueue 0.0288086 ms)
[09/30/2026-18:24:33] [I] Average on 10 runs - GPU latency: 2.40303 ms - Host latency: 2.40303 ms (enqueue 0.0432617 ms)
[09/30/2026-18:24:33] [I] Average on 10 runs - GPU latency: 2.41201 ms - Host latency: 2.41201 ms (enqueue 0.0263672 ms)
[09/30/2026-18:24:33] [I] Average on 10 runs - GPU latency: 2.46631 ms - Host latency: 2.46631 ms (enqueue 0.0262695 ms)
[09/30/2026-18:24:33] [I] Average on 10 runs - GPU latency: 2.40684 ms - Host latency: 2.40684 ms (enqueue 0.0316406 ms)
[09/30/2026-18:24:33] [I] Average on 10 runs - GPU latency: 2.47109 ms - Host latency: 2.47109 ms (enqueue 0.0319336 ms)
[09/30/2026-18:24:33] [I] Average on 10 runs - GPU latency: 2.38945 ms - Host latency: 2.38945 ms (enqueue 0.0313477 ms)
[09/30/2026-18:24:33] [I] Average on 10 runs - GPU latency: 2.46543 ms - Host latency: 2.46543 ms (enqueue 0.0263672 ms)
[09/30/2026-18:24:33] [I] Average on 10 runs - GPU latency: 2.39785 ms - Host latency: 2.39785 ms (enqueue 0.0298828 ms)
[09/30/2026-18:24:33] [I] Average on 10 runs - GPU latency: 2.46807 ms - Host latency: 2.46807 ms (enqueue 0.0324219 ms)
[09/30/2026-18:24:33] [I] Average on 10 runs - GPU latency: 2.43125 ms - Host latency: 2.43125 ms (enqueue 0.0333984 ms)
[09/30/2026-18:24:33] [I] Average on 10 runs - GPU latency: 2.4252 ms - Host latency: 2.4252 ms (enqueue 0.0304688 ms)
[09/30/2026-18:24:33] [I] Average on 10 runs - GPU latency: 2.43174 ms - Host latency: 2.43174 ms (enqueue 0.0306641 ms)
[09/30/2026-18:24:33] [I] Average on 10 runs - GPU latency: 2.42451 ms - Host latency: 2.42451 ms (enqueue 0.0283203 ms)
[09/30/2026-18:24:33] [I] Average on 10 runs - GPU latency: 2.36777 ms - Host latency: 2.36777 ms (enqueue 0.031543 ms)
[09/30/2026-18:24:33] [I] Average on 10 runs - GPU latency: 2.48848 ms - Host latency: 2.48848 ms (enqueue 0.0313477 ms)
[09/30/2026-18:24:33] [I] Average on 10 runs - GPU latency: 2.4249 ms - Host latency: 2.4249 ms (enqueue 0.0329102 ms)
[09/30/2026-18:24:33] [I] Average on 10 runs - GPU latency: 2.36973 ms - Host latency: 2.36973 ms (enqueue 0.0311523 ms)
[09/30/2026-18:24:33] [I] Average on 10 runs - GPU latency: 2.4375 ms - Host latency: 2.4375 ms (enqueue 0.0333984 ms)
[09/30/2026-18:24:33] [I] Average on 10 runs - GPU latency: 2.4375 ms - Host latency: 2.4375 ms (enqueue 0.0331055 ms)
[09/30/2026-18:24:33] [I] Average on 10 runs - GPU latency: 2.42783 ms - Host latency: 2.42783 ms (enqueue 0.0335938 ms)
[09/30/2026-18:24:33] [I] Average on 10 runs - GPU latency: 2.37031 ms - Host latency: 2.37031 ms (enqueue 0.0325195 ms)
[09/30/2026-18:24:33] [I] Average on 10 runs - GPU latency: 2.43193 ms - Host latency: 2.43193 ms (enqueue 0.0311523 ms)
[09/30/2026-18:24:33] [I] Average on 10 runs - GPU latency: 2.43496 ms - Host latency: 2.43496 ms (enqueue 0.0306641 ms)
[09/30/2026-18:24:33] [I] Average on 10 runs - GPU latency: 2.37197 ms - Host latency: 2.37197 ms (enqueue 0.031543 ms)
[09/30/2026-18:24:33] [I] Average on 10 runs - GPU latency: 2.43232 ms - Host latency: 2.43232 ms (enqueue 0.0313477 ms)
[09/30/2026-18:24:33] [I] Average on 10 runs - GPU latency: 2.43389 ms - Host latency: 2.43389 ms (enqueue 0.0317383 ms)
[09/30/2026-18:24:33] [I] Average on 10 runs - GPU latency: 2.43398 ms - Host latency: 2.43398 ms (enqueue 0.0319336 ms)
[09/30/2026-18:24:33] [I] Average on 10 runs - GPU latency: 2.37031 ms - Host latency: 2.37031 ms (enqueue 0.0311523 ms)
[09/30/2026-18:24:33] [I] Average on 10 runs - GPU latency: 2.46455 ms - Host latency: 2.46455 ms (enqueue 0.0319336 ms)
[09/30/2026-18:24:33] [I] Average on 10 runs - GPU latency: 2.53242 ms - Host latency: 2.53242 ms (enqueue 0.037207 ms)
[09/30/2026-18:24:33] [I] Average on 10 runs - GPU latency: 2.4248 ms - Host latency: 2.4248 ms (enqueue 0.0344727 ms)
[09/30/2026-18:24:33] [I] Average on 10 runs - GPU latency: 2.34971 ms - Host latency: 2.34971 ms (enqueue 0.0272461 ms)
[09/30/2026-18:24:33] [I] Average on 10 runs - GPU latency: 2.42656 ms - Host latency: 2.42656 ms (enqueue 0.0339844 ms)
[09/30/2026-18:24:33] [I] Average on 10 runs - GPU latency: 2.41826 ms - Host latency: 2.41826 ms (enqueue 0.0317383 ms)
[09/30/2026-18:24:33] [I] Average on 10 runs - GPU latency: 2.39199 ms - Host latency: 2.39199 ms (enqueue 0.0307617 ms)
[09/30/2026-18:24:33] [I] Average on 10 runs - GPU latency: 2.38125 ms - Host latency: 2.38125 ms (enqueue 0.027832 ms)
[09/30/2026-18:24:33] [I] Average on 10 runs - GPU latency: 2.43682 ms - Host latency: 2.43682 ms (enqueue 0.0310547 ms)
[09/30/2026-18:24:33] [I] Average on 10 runs - GPU latency: 2.44727 ms - Host latency: 2.44727 ms (enqueue 0.0318359 ms)
[09/30/2026-18:24:33] [I] Average on 10 runs - GPU latency: 2.36406 ms - Host latency: 2.36406 ms (enqueue 0.0317383 ms)
[09/30/2026-18:24:33] [I] Average on 10 runs - GPU latency: 2.42461 ms - Host latency: 2.42461 ms (enqueue 0.0323242 ms)
[09/30/2026-18:24:33] [I] Average on 10 runs - GPU latency: 2.42832 ms - Host latency: 2.42832 ms (enqueue 0.0288086 ms)
[09/30/2026-18:24:33] [I] Average on 10 runs - GPU latency: 2.43223 ms - Host latency: 2.43223 ms (enqueue 0.0339844 ms)
[09/30/2026-18:24:33] [I] Average on 10 runs - GPU latency: 2.39531 ms - Host latency: 2.39531 ms (enqueue 0.0317383 ms)
[09/30/2026-18:24:33] [I] Average on 10 runs - GPU latency: 2.44443 ms - Host latency: 2.44443 ms (enqueue 0.0305664 ms)
[09/30/2026-18:24:33] [I] Average on 10 runs - GPU latency: 2.45527 ms - Host latency: 2.45527 ms (enqueue 0.0311523 ms)
[09/30/2026-18:24:33] [I] Average on 10 runs - GPU latency: 2.37656 ms - Host latency: 2.37656 ms (enqueue 0.0307617 ms)
[09/30/2026-18:24:33] [I] Average on 10 runs - GPU latency: 2.43379 ms - Host latency: 2.43379 ms (enqueue 0.0319336 ms)
[09/30/2026-18:24:33] [I] Average on 10 runs - GPU latency: 2.43037 ms - Host latency: 2.43037 ms (enqueue 0.0313477 ms)
[09/30/2026-18:24:33] [I] Average on 10 runs - GPU latency: 2.44229 ms - Host latency: 2.44229 ms (enqueue 0.0314453 ms)
[09/30/2026-18:24:33] [I] Average on 10 runs - GPU latency: 2.37363 ms - Host latency: 2.37363 ms (enqueue 0.0276367 ms)
[09/30/2026-18:24:33] [I] Average on 10 runs - GPU latency: 2.44199 ms - Host latency: 2.44199 ms (enqueue 0.0317383 ms)
[09/30/2026-18:24:33] [I] Average on 10 runs - GPU latency: 2.43184 ms - Host latency: 2.43184 ms (enqueue 0.03125 ms)
[09/30/2026-18:24:33] [I] Average on 10 runs - GPU latency: 2.37393 ms - Host latency: 2.37393 ms (enqueue 0.0313477 ms)
[09/30/2026-18:24:33] [I] Average on 10 runs - GPU latency: 2.4252 ms - Host latency: 2.4252 ms (enqueue 0.0322266 ms)
[09/30/2026-18:24:33] [I] Average on 10 runs - GPU latency: 2.44219 ms - Host latency: 2.44219 ms (enqueue 0.0306641 ms)
[09/30/2026-18:24:33] [I] Average on 10 runs - GPU latency: 2.43418 ms - Host latency: 2.43418 ms (enqueue 0.0310547 ms)
[09/30/2026-18:24:33] [I] Average on 10 runs - GPU latency: 2.37129 ms - Host latency: 2.37129 ms (enqueue 0.0267578 ms)
[09/30/2026-18:24:33] [I] Average on 10 runs - GPU latency: 2.43613 ms - Host latency: 2.43613 ms (enqueue 0.0308594 ms)
[09/30/2026-18:24:33] [I] Average on 10 runs - GPU latency: 2.44102 ms - Host latency: 2.44102 ms (enqueue 0.0288086 ms)
[09/30/2026-18:24:33] [I] Average on 10 runs - GPU latency: 2.50195 ms - Host latency: 2.50195 ms (enqueue 0.0327148 ms)
[09/30/2026-18:24:33] [I] Average on 10 runs - GPU latency: 2.35859 ms - Host latency: 2.35859 ms (enqueue 0.0287109 ms)
[09/30/2026-18:24:33] [I] Average on 10 runs - GPU latency: 2.42764 ms - Host latency: 2.42764 ms (enqueue 0.0359375 ms)
[09/30/2026-18:24:33] [I] Average on 10 runs - GPU latency: 2.41982 ms - Host latency: 2.41982 ms (enqueue 0.0349609 ms)
[09/30/2026-18:24:33] [I] Average on 10 runs - GPU latency: 2.41631 ms - Host latency: 2.41631 ms (enqueue 0.0321289 ms)
[09/30/2026-18:24:33] [I] Average on 10 runs - GPU latency: 2.3542 ms - Host latency: 2.3542 ms (enqueue 0.028125 ms)
[09/30/2026-18:24:33] [I] Average on 10 runs - GPU latency: 2.43047 ms - Host latency: 2.43047 ms (enqueue 0.0305664 ms)
[09/30/2026-18:24:33] [I] Average on 10 runs - GPU latency: 2.44375 ms - Host latency: 2.44375 ms (enqueue 0.0327148 ms)
[09/30/2026-18:24:33] [I] Average on 10 runs - GPU latency: 2.39316 ms - Host latency: 2.39316 ms (enqueue 0.0327148 ms)
[09/30/2026-18:24:33] [I] Average on 10 runs - GPU latency: 2.44014 ms - Host latency: 2.44014 ms (enqueue 0.0260742 ms)
[09/30/2026-18:24:33] [I] Average on 10 runs - GPU latency: 2.45117 ms - Host latency: 2.45117 ms (enqueue 0.0289063 ms)
[09/30/2026-18:24:33] [I] Average on 10 runs - GPU latency: 2.44199 ms - Host latency: 2.44199 ms (enqueue 0.0295898 ms)
[09/30/2026-18:24:33] [I] Average on 10 runs - GPU latency: 2.37305 ms - Host latency: 2.37305 ms (enqueue 0.0302734 ms)
[09/30/2026-18:24:33] [I] Average on 10 runs - GPU latency: 2.4416 ms - Host latency: 2.4416 ms (enqueue 0.0335938 ms)
[09/30/2026-18:24:33] [I] Average on 10 runs - GPU latency: 2.43086 ms - Host latency: 2.43086 ms (enqueue 0.0273438 ms)
[09/30/2026-18:24:33] [I] Average on 10 runs - GPU latency: 2.42217 ms - Host latency: 2.42217 ms (enqueue 0.0283203 ms)
[09/30/2026-18:24:33] [I] Average on 10 runs - GPU latency: 2.38535 ms - Host latency: 2.38535 ms (enqueue 0.0264648 ms)
[09/30/2026-18:24:33] [I] Average on 10 runs - GPU latency: 2.42764 ms - Host latency: 2.42764 ms (enqueue 0.0269531 ms)
[09/30/2026-18:24:33] [I] Average on 10 runs - GPU latency: 2.43818 ms - Host latency: 2.43818 ms (enqueue 0.031543 ms)
[09/30/2026-18:24:33] [I] Average on 10 runs - GPU latency: 2.36973 ms - Host latency: 2.36973 ms (enqueue 0.0277344 ms)
[09/30/2026-18:24:33] [I] Average on 10 runs - GPU latency: 2.4376 ms - Host latency: 2.4376 ms (enqueue 0.0316406 ms)
[09/30/2026-18:24:33] [I] Average on 10 runs - GPU latency: 2.44941 ms - Host latency: 2.44941 ms (enqueue 0.0302734 ms)
[09/30/2026-18:24:33] [I] Average on 10 runs - GPU latency: 2.46104 ms - Host latency: 2.46104 ms (enqueue 0.0245117 ms)
[09/30/2026-18:24:33] [I] Average on 10 runs - GPU latency: 2.36738 ms - Host latency: 2.36738 ms (enqueue 0.0258789 ms)
[09/30/2026-18:24:33] [I] Average on 10 runs - GPU latency: 2.43154 ms - Host latency: 2.43154 ms (enqueue 0.0320312 ms)
[09/30/2026-18:24:33] [I] Average on 10 runs - GPU latency: 2.43896 ms - Host latency: 2.43896 ms (enqueue 0.0302734 ms)
[09/30/2026-18:24:33] [I] Average on 10 runs - GPU latency: 2.40615 ms - Host latency: 2.40615 ms (enqueue 0.0305664 ms)
[09/30/2026-18:24:33] [I] Average on 10 runs - GPU latency: 2.39648 ms - Host latency: 2.39648 ms (enqueue 0.0313477 ms)
[09/30/2026-18:24:33] [I] Average on 10 runs - GPU latency: 2.43711 ms - Host latency: 2.43711 ms (enqueue 0.0308594 ms)
[09/30/2026-18:24:33] [I] Average on 10 runs - GPU latency: 2.43672 ms - Host latency: 2.43672 ms (enqueue 0.0310547 ms)
[09/30/2026-18:24:33] [I] Average on 10 runs - GPU latency: 2.36963 ms - Host latency: 2.36963 ms (enqueue 0.0304688 ms)
[09/30/2026-18:24:33] [I] Average on 10 runs - GPU latency: 2.44375 ms - Host latency: 2.44375 ms (enqueue 0.0296875 ms)
[09/30/2026-18:24:33] [I] Average on 10 runs - GPU latency: 2.4333 ms - Host latency: 2.4333 ms (enqueue 0.0300781 ms)
[09/30/2026-18:24:33] [I] Average on 10 runs - GPU latency: 2.42666 ms - Host latency: 2.42666 ms (enqueue 0.0321289 ms)
[09/30/2026-18:24:33] [I] Average on 10 runs - GPU latency: 2.36787 ms - Host latency: 2.36787 ms (enqueue 0.0260742 ms)
[09/30/2026-18:24:33] [I] Average on 10 runs - GPU latency: 2.43525 ms - Host latency: 2.43525 ms (enqueue 0.0308594 ms)
[09/30/2026-18:24:33] [I] Average on 10 runs - GPU latency: 2.44121 ms - Host latency: 2.44121 ms (enqueue 0.0298828 ms)
[09/30/2026-18:24:33] [I] 
[09/30/2026-18:24:33] [I] === Performance summary ===
[09/30/2026-18:24:33] [I] Throughput: 414.458 qps
[09/30/2026-18:24:33] [I] Latency: min = 2.31836 ms, max = 3.73389 ms, mean = 2.41113 ms, median = 2.36035 ms, percentile(50%) = 2.36035 ms, percentile(95%) = 2.9397 ms
[09/30/2026-18:24:33] [I] Enqueue Time: min = 0.0195312 ms, max = 0.165405 ms, mean = 0.030698 ms, median = 0.0305176 ms, percentile(50%) = 0.0305176 ms, percentile(95%) = 0.0380859 ms
[09/30/2026-18:24:33] [I] H2D Latency: min = 0 ms, max = 0 ms, mean = 0 ms, median = 0 ms, percentile(50%) = 0 ms, percentile(95%) = 0 ms
[09/30/2026-18:24:33] [I] GPU Compute Time: min = 2.31836 ms, max = 3.73389 ms, mean = 2.41113 ms, median = 2.36035 ms, percentile(50%) = 2.36035 ms, percentile(95%) = 2.9397 ms
[09/30/2026-18:24:33] [I] D2H Latency: min = 0 ms, max = 0 ms, mean = 0 ms, median = 0 ms, percentile(50%) = 0 ms, percentile(95%) = 0 ms
[09/30/2026-18:24:33] [I] Total Host Walltime: 15.0052 s
[09/30/2026-18:24:33] [I] Total GPU Compute Time: 14.9948 s
[09/30/2026-18:24:33] [W] * GPU compute time is unstable, with coefficient of variance = 7.00956%.
[09/30/2026-18:24:33] [W]   If not already in use, locking GPU clock frequency may improve the stability.
[09/30/2026-18:24:33] [I] Explanations of the performance metrics are printed in the verbose logs.
[09/30/2026-18:24:33] [I] 
[09/30/2026-18:24:33] [I] Capturing CUDA graph for the current execution context
[09/30/2026-18:24:33] [I] Successfully captured CUDA graph for the current execution context. When profiling with Nsight Systems, add "--cuda-graph-trace=node" to the nsys command to see per-kernel execution times.
[09/30/2026-18:24:49] [I] 
[09/30/2026-18:24:49] [I] === Profile (3889 iterations ) ===
[09/30/2026-18:24:49] [I]    Time(ms)     Avg.(ms)   Median(ms)   Time(%)   Layer
[09/30/2026-18:24:49] [I]      180.27       0.0464       0.0460       1.3   Reformatting CopyNode for Input Tensor 0 to /model.0/conv/Conv
[09/30/2026-18:24:49] [I]      208.06       0.0535       0.0532       1.5   /model.0/conv/Conv
[09/30/2026-18:24:49] [I]      211.08       0.0543       0.0543       1.5   __myl_MoveNegExpAddDivMul_myl5_0
[09/30/2026-18:24:49] [I]      221.88       0.0571       0.0573       1.6   /model.1/conv/Conv
[09/30/2026-18:24:49] [I]      111.50       0.0287       0.0287       0.8   __myl_MoveNegExpAddDivMul_myl8_0
[09/30/2026-18:24:49] [I]      117.44       0.0302       0.0297       0.8   /model.2/cv1/conv/Conv
[09/30/2026-18:24:49] [I]      111.50       0.0287       0.0287       0.8   __myl_MoveNegExpAddDivMul_myl10_0
[09/30/2026-18:24:49] [I]      117.32       0.0302       0.0297       0.8   /model.2/m.0/cv1/conv/Conv
[09/30/2026-18:24:49] [I]       31.86       0.0082       0.0082       0.2   __myl_MoveNegExpAddDivMul_myl13_0
[09/30/2026-18:24:49] [I]       98.37       0.0253       0.0246       0.7   /model.2/m.0/cv2/conv/Conv
[09/30/2026-18:24:49] [I]       87.62       0.0225       0.0225       0.6   __myl_MoveNegExpAddDivMulAdd_myl16_0
[09/30/2026-18:24:49] [I]      126.83       0.0326       0.0195       0.9   /model.2/Split_output_0 copy
[09/30/2026-18:24:49] [I]       74.63       0.0192       0.0195       0.5   /model.2/Split_output_1 copy
[09/30/2026-18:24:49] [I]      138.12       0.0355       0.0348       1.0   /model.2/cv2/conv/Conv
[09/30/2026-18:24:49] [I]      115.48       0.0297       0.0297       0.8   __myl_MoveNegExpAddDivMul_myl20_0
[09/30/2026-18:24:49] [I]      131.34       0.0338       0.0338       0.9   /model.3/conv/Conv
[09/30/2026-18:24:49] [I]       35.84       0.0092       0.0092       0.3   __myl_MoveNegExpAddDivMul_myl22_0
[09/30/2026-18:24:49] [I]       61.41       0.0158       0.0154       0.4   /model.4/cv1/conv/Conv
[09/30/2026-18:24:49] [I]       31.86       0.0082       0.0082       0.2   __myl_MoveNegExpAddDivMul_myl24_0
[09/30/2026-18:24:49] [I]      197.97       0.0509       0.0492       1.4   /model.4/m.0/cv1/conv/Conv
[09/30/2026-18:24:49] [I]       23.89       0.0061       0.0061       0.2   __myl_MoveNegExpAddDivMul_myl26_0
[09/30/2026-18:24:49] [I]       81.92       0.0211       0.0205       0.6   /model.4/m.0/cv2/conv/Conv
[09/30/2026-18:24:49] [I]       27.88       0.0072       0.0072       0.2   __myl_MoveNegExpAddDivMulAdd_myl28_0
[09/30/2026-18:24:49] [I]      174.27       0.0448       0.0471       1.2   /model.4/m.1/cv1/conv/Conv
[09/30/2026-18:24:49] [I]       27.87       0.0072       0.0072       0.2   __myl_MoveNegExpAddDivMul_myl30_0
[09/30/2026-18:24:49] [I]       96.94       0.0249       0.0215       0.7   /model.4/m.1/cv2/conv/Conv
[09/30/2026-18:24:49] [I]      139.98       0.0360       0.0360       1.0   __myl_MoveNegExpAddDivMulAdd_myl34_0
[09/30/2026-18:24:49] [I]       47.74       0.0123       0.0123       0.3   /model.4/Split_output_0 copy
[09/30/2026-18:24:49] [I]       47.39       0.0122       0.0123       0.3   /model.4/Split_output_1 copy
[09/30/2026-18:24:49] [I]       83.08       0.0214       0.0133       0.6   /model.4/m.0/Add_output_0 copy
[09/30/2026-18:24:49] [I]      101.21       0.0260       0.0256       0.7   /model.4/cv2/conv/Conv
[09/30/2026-18:24:49] [I]       39.82       0.0102       0.0102       0.3   __myl_MoveNegExpAddDivMul_myl40_0
[09/30/2026-18:24:49] [I]      133.85       0.0344       0.0339       0.9   /model.5/conv/Conv
[09/30/2026-18:24:49] [I]       23.89       0.0061       0.0061       0.2   __myl_MoveNegExpAddDivMul_myl42_0
[09/30/2026-18:24:49] [I]       50.38       0.0130       0.0123       0.4   /model.6/cv1/conv/Conv
[09/30/2026-18:24:49] [I]       27.87       0.0072       0.0072       0.2   __myl_MoveNegExpAddDivMul_myl44_0
[09/30/2026-18:24:49] [I]      202.04       0.0520       0.0471       1.4   /model.6/m.0/cv1/conv/Conv
[09/30/2026-18:24:49] [I]       19.91       0.0051       0.0051       0.1   __myl_MoveNegExpAddDivMul_myl46_0
[09/30/2026-18:24:49] [I]       86.55       0.0223       0.0215       0.6   /model.6/m.0/cv2/conv/Conv
[09/30/2026-18:24:49] [I]      115.46       0.0297       0.0297       0.8   __myl_MoveNegExpAddDivMulAdd_myl48_0
[09/30/2026-18:24:49] [I]       92.20       0.0237       0.0216       0.6   /model.6/m.1/cv1/conv/Conv
[09/30/2026-18:24:49] [I]       19.94       0.0051       0.0051       0.1   __myl_MoveNegExpAddDivMul_myl52_0
[09/30/2026-18:24:49] [I]       87.97       0.0226       0.0215       0.6   /model.6/m.1/cv2/conv/Conv
[09/30/2026-18:24:49] [I]       23.89       0.0061       0.0061       0.2   __myl_MoveNegExpAddDivMulAdd_myl55_0
[09/30/2026-18:24:49] [I]       43.81       0.0113       0.0082       0.3   /model.6/Split_output_0 copy
[09/30/2026-18:24:49] [I]       39.61       0.0102       0.0092       0.3   /model.6/Split_output_1 copy
[09/30/2026-18:24:49] [I]       62.80       0.0161       0.0072       0.4   /model.6/m.0/Add_output_0 copy
[09/30/2026-18:24:49] [I]       70.13       0.0180       0.0164       0.5   /model.6/cv2/conv/Conv
[09/30/2026-18:24:49] [I]      143.34       0.0369       0.0369       1.0   __myl_MoveNegExpAddDivMul_myl61_0
[09/30/2026-18:24:49] [I]      230.76       0.0593       0.0584       1.6   /model.7/conv/Conv
[09/30/2026-18:24:49] [I]       19.91       0.0051       0.0051       0.1   __myl_MoveNegExpAddDivMul_myl63_0
[09/30/2026-18:24:49] [I]       57.92       0.0149       0.0143       0.4   /model.8/cv1/conv/Conv
[09/30/2026-18:24:49] [I]       19.91       0.0051       0.0051       0.1   __myl_MoveNegExpAddDivMul_myl65_0
[09/30/2026-18:24:49] [I]       25.38       0.0065       0.0061       0.2   Reformatting CopyNode for Input Tensor 0 to /model.8/m.0/cv1/conv/Conv
[09/30/2026-18:24:49] [I]      124.28       0.0320       0.0317       0.9   /model.8/m.0/cv1/conv/Conv
[09/30/2026-18:24:49] [I]       15.93       0.0041       0.0041       0.1   __myl_MoveNegExpAddDivMul_myl70_0
[09/30/2026-18:24:49] [I]      122.13       0.0314       0.0307       0.9   /model.8/m.0/cv2/conv/Conv
[09/30/2026-18:24:49] [I]       23.14       0.0060       0.0061       0.2   Reformatting CopyNode for Input Tensor 0 to PWN(PWN(PWN(/model.8/m.0/cv2/act/Sigmoid), PWN(/model.8/m.0/cv2/act/Mul)), PWN(/model.8/m.0/Add))
[09/30/2026-18:24:49] [I]       19.91       0.0051       0.0051       0.1   __myl_MoveNegExpAddDivMulAdd_myl74_0
[09/30/2026-18:24:49] [I]       35.02       0.0090       0.0061       0.2   /model.8/Split_output_0 copy
[09/30/2026-18:24:49] [I]       52.41       0.0135       0.0061       0.4   /model.8/Split_output_1 copy
[09/30/2026-18:24:49] [I]       78.31       0.0201       0.0184       0.5   /model.8/cv2/conv/Conv
[09/30/2026-18:24:49] [I]      107.50       0.0276       0.0276       0.8   __myl_MoveNegExpAddDivMul_myl79_0
[09/30/2026-18:24:49] [I]       53.51       0.0138       0.0123       0.4   /model.9/cv1/conv/Conv
[09/30/2026-18:24:49] [I]       96.76       0.0249       0.0154       0.7   /model.9/m/MaxPool
[09/30/2026-18:24:49] [I]      109.44       0.0281       0.0307       0.8   /model.9/m_1/MaxPool
[09/30/2026-18:24:49] [I]       58.04       0.0149       0.0143       0.4   /model.9/m_2/MaxPool
[09/30/2026-18:24:49] [I]       26.16       0.0067       0.0061       0.2   /model.9/cv1/conv/Conv_output_0 copy
[09/30/2026-18:24:49] [I]       28.17       0.0072       0.0061       0.2   /model.9/m/MaxPool_output_0 copy
[09/30/2026-18:24:49] [I]       32.08       0.0082       0.0072       0.2   /model.9/m_1/MaxPool_output_0 copy
[09/30/2026-18:24:49] [I]       87.65       0.0225       0.0205       0.6   /model.9/cv2/conv/Conv
[09/30/2026-18:24:49] [I]      111.48       0.0287       0.0287       0.8   __myl_MoveNegExpAddDivMul_myl90_0
[09/30/2026-18:24:49] [I]       24.52       0.0063       0.0052       0.2   Reformatting CopyNode for Output Tensor 0 to PWN(PWN(/model.9/cv2/act/Sigmoid), PWN(/model.9/cv2/act/Mul))
[09/30/2026-18:24:49] [I]       46.01       0.0118       0.0102       0.3   /model.10/Resize
[09/30/2026-18:24:49] [I]       57.41       0.0148       0.0113       0.4   /model.10/Resize_output_0 copy
[09/30/2026-18:24:49] [I]      171.70       0.0442       0.0471       1.2   /model.12/cv1/conv/Conv
[09/30/2026-18:24:49] [I]      107.13       0.0275       0.0276       0.7   __myl_MoveNegExpAddDivMul_myl95_0
[09/30/2026-18:24:49] [I]       90.60       0.0233       0.0225       0.6   /model.12/m.0/cv1/conv/Conv
[09/30/2026-18:24:49] [I]       27.87       0.0072       0.0072       0.2   __myl_MoveNegExpAddDivMul_myl97_0
[09/30/2026-18:24:49] [I]      172.35       0.0443       0.0502       1.2   /model.12/m.0/cv2/conv/Conv
[09/30/2026-18:24:49] [I]      100.03       0.0257       0.0257       0.7   __myl_MoveNegExpAddDivMul_myl100_0
[09/30/2026-18:24:49] [I]       43.07       0.0111       0.0092       0.3   /model.12/Split_output_0 copy
[09/30/2026-18:24:49] [I]       34.42       0.0089       0.0082       0.2   /model.12/Split_output_1 copy
[09/30/2026-18:24:49] [I]      162.75       0.0418       0.0464       1.1   /model.12/cv2/conv/Conv
[09/30/2026-18:24:49] [I]       96.43       0.0248       0.0248       0.7   __myl_MoveNegExpAddDivMul_myl105_0
[09/30/2026-18:24:49] [I]       77.40       0.0199       0.0184       0.5   /model.13/Resize
[09/30/2026-18:24:49] [I]      121.51       0.0312       0.0297       0.9   /model.13/Resize_output_0 copy
[09/30/2026-18:24:49] [I]      127.95       0.0329       0.0328       0.9   /model.15/cv1/conv/Conv
[09/30/2026-18:24:49] [I]       35.84       0.0092       0.0092       0.3   __myl_MoveNegExpAddDivMul_myl109_0
[09/30/2026-18:24:49] [I]       83.95       0.0216       0.0215       0.6   /model.15/m.0/cv1/conv/Conv
[09/30/2026-18:24:49] [I]       27.87       0.0072       0.0072       0.2   __myl_MoveNegExpAddDivMul_myl111_0
[09/30/2026-18:24:49] [I]      166.60       0.0428       0.0471       1.2   /model.15/m.0/cv2/conv/Conv
[09/30/2026-18:24:49] [I]       27.88       0.0072       0.0072       0.2   __myl_MoveNegExpAddDivMul_myl114_0
[09/30/2026-18:24:49] [I]       56.41       0.0145       0.0132       0.4   /model.15/Split_output_0 copy
[09/30/2026-18:24:49] [I]       50.77       0.0131       0.0123       0.4   /model.15/Split_output_1 copy
[09/30/2026-18:24:49] [I]      158.43       0.0407       0.0430       1.1   /model.15/cv2/conv/Conv
[09/30/2026-18:24:49] [I]       31.86       0.0082       0.0082       0.2   __myl_MoveNegExpAddDivMul_myl119_0
[09/30/2026-18:24:49] [I]      129.94       0.0334       0.0317       0.9   /model.16/conv/Conv
[09/30/2026-18:24:49] [I]      275.12       0.0707       0.0707       1.9   /model.22/cv2.0/cv2.0.0/conv/Conv || /model.22/cv3.0/cv3.0.0/conv/Conv
[09/30/2026-18:24:49] [I]       31.86       0.0082       0.0082       0.2   __myl_MoveNegExpAddDivMul_myl123_0
[09/30/2026-18:24:49] [I]       55.75       0.0143       0.0143       0.4   __myl_MoveNegExpAddDivMul_myl124_0
[09/30/2026-18:24:49] [I]      203.10       0.0522       0.0522       1.4   __myl_MoveNegExpAddDivMul_myl125_0
[09/30/2026-18:24:49] [I]       42.51       0.0109       0.0113       0.3   /model.12/cv2/act/Mul_output_0 copy
[09/30/2026-18:24:49] [I]      220.82       0.0568       0.0573       1.5   /model.22/cv2.0/cv2.0.1/conv/Conv
[09/30/2026-18:24:49] [I]      214.15       0.0551       0.0553       1.5   /model.22/cv3.0/cv3.0.1/conv/Conv
[09/30/2026-18:24:49] [I]       72.41       0.0186       0.0184       0.5   /model.18/cv1/conv/Conv
[09/30/2026-18:24:49] [I]       59.74       0.0154       0.0154       0.4   __myl_MoveNegExpAddDivMul_myl133_0
[09/30/2026-18:24:49] [I]       63.74       0.0164       0.0164       0.4   __myl_MoveNegExpAddDivMul_myl135_0
[09/30/2026-18:24:49] [I]       43.83       0.0113       0.0113       0.3   __myl_MoveNegExpAddDivMul_myl136_0
[09/30/2026-18:24:49] [I]       88.70       0.0228       0.0215       0.6   /model.22/cv2.0/cv2.0.2/Conv
[09/30/2026-18:24:49] [I]       73.75       0.0190       0.0164       0.5   /model.22/cv3.0/cv3.0.2/Conv
[09/30/2026-18:24:49] [I]       64.19       0.0165       0.0164       0.4   /model.22/Reshape_copy_output
[09/30/2026-18:24:49] [I]       28.23       0.0073       0.0072       0.2   /model.22/Reshape_3_copy_output
[09/30/2026-18:24:49] [I]      117.66       0.0303       0.0236       0.8   /model.18/m.0/cv1/conv/Conv
[09/30/2026-18:24:49] [I]       19.91       0.0051       0.0051       0.1   __myl_MoveNegExpAddDivMul_myl146_0
[09/30/2026-18:24:49] [I]      130.25       0.0335       0.0225       0.9   /model.18/m.0/cv2/conv/Conv
[09/30/2026-18:24:49] [I]      119.45       0.0307       0.0307       0.8   __myl_MoveNegExpAddDivMul_myl149_0
[09/30/2026-18:24:49] [I]       55.96       0.0144       0.0092       0.4   /model.18/Split_output_0 copy
[09/30/2026-18:24:49] [I]       54.62       0.0140       0.0082       0.4   /model.18/Split_output_1 copy
[09/30/2026-18:24:49] [I]      122.10       0.0314       0.0328       0.9   /model.18/cv2/conv/Conv
[09/30/2026-18:24:49] [I]       27.90       0.0072       0.0072       0.2   __myl_MoveNegExpAddDivMul_myl154_0
[09/30/2026-18:24:49] [I]       53.21       0.0137       0.0072       0.4   Reformatting CopyNode for Input Tensor 0 to /model.19/conv/Conv
[09/30/2026-18:24:49] [I]      201.60       0.0518       0.0492       1.4   /model.19/conv/Conv
[09/30/2026-18:24:49] [I]      223.86       0.0576       0.0573       1.6   /model.22/cv2.1/cv2.1.0/conv/Conv || /model.22/cv3.1/cv3.1.0/conv/Conv
[09/30/2026-18:24:49] [I]       15.93       0.0041       0.0041       0.1   __myl_MoveNegExpAddDivMul_myl161_0
[09/30/2026-18:24:49] [I]       32.63       0.0084       0.0082       0.2   Reformatting CopyNode for Input Tensor 0 to PWN(PWN(/model.22/cv2.1/cv2.1.0/act/Sigmoid), PWN(/model.22/cv2.1/cv2.1.0/act/Mul))
[09/30/2026-18:24:49] [I]       19.91       0.0051       0.0051       0.1   __myl_MoveNegExpAddDivMul_myl163_0
[09/30/2026-18:24:49] [I]       29.90       0.0077       0.0072       0.2   Reformatting CopyNode for Input Tensor 0 to PWN(PWN(/model.22/cv3.1/cv3.1.0/act/Sigmoid), PWN(/model.22/cv3.1/cv3.1.0/act/Mul))
[09/30/2026-18:24:49] [I]       19.91       0.0051       0.0051       0.1   __myl_MoveNegExpAddDivMul_myl165_0
[09/30/2026-18:24:49] [I]       62.70       0.0161       0.0082       0.4   /model.9/cv2/act/Mul_output_0 copy
[09/30/2026-18:24:49] [I]       94.30       0.0242       0.0225       0.7   /model.22/cv2.1/cv2.1.1/conv/Conv
[09/30/2026-18:24:49] [I]       94.07       0.0242       0.0215       0.7   /model.22/cv3.1/cv3.1.1/conv/Conv
[09/30/2026-18:24:49] [I]       25.38       0.0065       0.0061       0.2   Reformatting CopyNode for Input Tensor 0 to /model.21/cv1/conv/Conv
[09/30/2026-18:24:49] [I]       72.54       0.0187       0.0184       0.5   /model.21/cv1/conv/Conv
[09/30/2026-18:24:49] [I]       19.93       0.0051       0.0051       0.1   __myl_MoveNegExpAddDivMul_myl171_0
[09/30/2026-18:24:49] [I]       67.96       0.0175       0.0175       0.5   __myl_MoveNegExpAddDivMul_myl172_0
[09/30/2026-18:24:49] [I]       99.81       0.0257       0.0257       0.7   __myl_MoveNegExpAddDivMul_myl173_0
[09/30/2026-18:24:49] [I]       28.68       0.0074       0.0061       0.2   Reformatting CopyNode for Output Tensor 0 to PWN(PWN(/model.21/cv1/act/Sigmoid), PWN(/model.21/cv1/act/Mul))
[09/30/2026-18:24:49] [I]       63.73       0.0164       0.0154       0.4   /model.22/cv2.1/cv2.1.2/Conv
[09/30/2026-18:24:49] [I]       59.94       0.0154       0.0142       0.4   /model.22/cv3.1/cv3.1.2/Conv
[09/30/2026-18:24:49] [I]       38.18       0.0098       0.0072       0.3   /model.22/Reshape_1_copy_output
[09/30/2026-18:24:49] [I]       84.66       0.0218       0.0256       0.6   /model.22/Reshape_4_copy_output
[09/30/2026-18:24:49] [I]      129.08       0.0332       0.0317       0.9   /model.21/m.0/cv1/conv/Conv
[09/30/2026-18:24:49] [I]       15.93       0.0041       0.0041       0.1   __myl_MoveNegExpAddDivMul_myl183_0
[09/30/2026-18:24:49] [I]      126.79       0.0326       0.0307       0.9   /model.21/m.0/cv2/conv/Conv
[09/30/2026-18:24:49] [I]       19.93       0.0051       0.0051       0.1   __myl_MoveNegExpAddDivMul_myl186_0
[09/30/2026-18:24:49] [I]       41.15       0.0106       0.0061       0.3   /model.21/Split_output_0 copy
[09/30/2026-18:24:49] [I]       42.13       0.0108       0.0051       0.3   /model.21/Split_output_1 copy
[09/30/2026-18:24:49] [I]       49.18       0.0126       0.0061       0.3   Reformatting CopyNode for Input Tensor 0 to /model.21/cv2/conv/Conv
[09/30/2026-18:24:49] [I]      161.08       0.0414       0.0389       1.1   /model.21/cv2/conv/Conv
[09/30/2026-18:24:49] [I]       20.31       0.0052       0.0052       0.1   __myl_MoveNegExpAddDivMul_myl191_0
[09/30/2026-18:24:49] [I]       30.46       0.0078       0.0051       0.2   Reformatting CopyNode for Input Tensor 0 to /model.22/cv2.2/cv2.2.0/conv/Conv || /model.22/cv3.2/cv3.2.0/conv/Conv
[09/30/2026-18:24:49] [I]      213.35       0.0549       0.0532       1.5   /model.22/cv2.2/cv2.2.0/conv/Conv || /model.22/cv3.2/cv3.2.0/conv/Conv
[09/30/2026-18:24:49] [I]       19.91       0.0051       0.0051       0.1   __myl_MoveNegExpAddDivMul_myl195_0
[09/30/2026-18:24:49] [I]       19.91       0.0051       0.0051       0.1   __myl_MoveNegExpAddDivMul_myl196_0
[09/30/2026-18:24:49] [I]      202.13       0.0520       0.0471       1.4   /model.22/cv2.2/cv2.2.1/conv/Conv
[09/30/2026-18:24:49] [I]       75.39       0.0194       0.0195       0.5   /model.22/cv3.2/cv3.2.1/conv/Conv
[09/30/2026-18:24:49] [I]       15.95       0.0041       0.0041       0.1   __myl_MoveNegExpAddDivMul_myl202_0
[09/30/2026-18:24:49] [I]       91.59       0.0236       0.0236       0.6   __myl_MoveNegExpAddDivMul_myl204_0
[09/30/2026-18:24:49] [I]       51.95       0.0134       0.0123       0.4   /model.22/cv2.2/cv2.2.2/Conv
[09/30/2026-18:24:49] [I]       70.75       0.0182       0.0229       0.5   /model.22/cv3.2/cv3.2.2/Conv
[09/30/2026-18:24:49] [I]       27.16       0.0070       0.0051       0.2   /model.22/Reshape_2_copy_output
[09/30/2026-18:24:49] [I]       63.66       0.0164       0.0133       0.4   /model.22/Reshape_5_copy_output
[09/30/2026-18:24:49] [I]       82.44       0.0212       0.0205       0.6   /model.22/dfl/Reshape + /model.22/dfl/Transpose
[09/30/2026-18:24:49] [I]       23.93       0.0062       0.0061       0.2   __myl_NegExpAddDiv_myl216_0
[09/30/2026-18:24:49] [I]      101.92       0.0262       0.0225       0.7   /model.22/dfl/Softmax
[09/30/2026-18:24:49] [I]      123.72       0.0318       0.0215       0.9   /model.22/dfl/conv/Conv
[09/30/2026-18:24:49] [I]       15.95       0.0041       0.0041       0.1   __myl_Sub_myl220_0
[09/30/2026-18:24:49] [I]       15.95       0.0041       0.0041       0.1   __myl_Add_myl221_0
[09/30/2026-18:24:49] [I]      346.38       0.0891       0.0891       2.4   __myl_Sub_myl222_0
[09/30/2026-18:24:49] [I]       71.69       0.0184       0.0184       0.5   __myl_AddDiv_myl223_0
[09/30/2026-18:24:49] [I]       49.39       0.0127       0.0051       0.3   /model.22/Div_1_output_0 copy
[09/30/2026-18:24:49] [I]       23.91       0.0061       0.0061       0.2   __myl_Mul_myl225_0
[09/30/2026-18:24:49] [I]       35.95       0.0092       0.0051       0.3   /model.22/Mul_2_output_0 copy
[09/30/2026-18:24:49] [I]    14286.15       3.6735       3.6406     100.0   Total
[09/30/2026-18:24:49] [I] 
&&&& PASSED TensorRT.trtexec [TensorRT v110300] [b99] # C:\Users\dxu1\AppData\Local\NVIDIA\TensorRT-11.3-tools\bin\trtexec.exe --loadEngine=C:\Users\dxu1\Desktop\Dissertation\PTQ\profiling_results\trtexec\kitti.plan --loadInputs=images:PTQ/profiling_results/trtexec/kitti_images_fp32.bin --warmUp=1000 --duration=15 --iterations=200 --infStreams=1 --percentile=50,95 --dumpProfile --exportProfile=C:\Users\dxu1\Desktop\Dissertation\PTQ\profiling_results\trtexec\kitti_cooled_run1_profile.json --exportTimes=C:\Users\dxu1\Desktop\Dissertation\PTQ\profiling_results\trtexec\kitti_cooled_run1_times.json
