&&&& RUNNING TensorRT.trtexec [TensorRT v110300] [b99] # C:\Users\dxu1\AppData\Local\NVIDIA\TensorRT-11.3-tools\bin\trtexec.exe --loadEngine=C:\Users\dxu1\Desktop\Dissertation\PTQ\profiling_results\trtexec\kitti.plan --loadInputs=images:PTQ/profiling_results/trtexec/kitti_images_fp32.bin --warmUp=1000 --duration=15 --iterations=200 --infStreams=1 --percentile=50,95 --dumpProfile --exportProfile=C:\Users\dxu1\Desktop\Dissertation\PTQ\profiling_results\trtexec\kitti_cooled_run2_profile.json --exportTimes=C:\Users\dxu1\Desktop\Dissertation\PTQ\profiling_results\trtexec\kitti_cooled_run2_times.json
[09/30/2026-18:28:12] [I] === Model Options ===
[09/30/2026-18:28:12] [I] Format: *
[09/30/2026-18:28:12] [I] Model: 
[09/30/2026-18:28:12] [I] Output:
[09/30/2026-18:28:12] [I] 
[09/30/2026-18:28:12] [I] === System Options ===
[09/30/2026-18:28:12] [I] Device: 0
[09/30/2026-18:28:12] [I] DLACore: 
[09/30/2026-18:28:12] [I] Loaded static plugins:
[09/30/2026-18:28:12] [I] DLA Workspace Allocation Strategy: default
[09/30/2026-18:28:12] [I] setPluginsToSerialize:
[09/30/2026-18:28:12] [I] dynamicPlugins:
[09/30/2026-18:28:12] [I] ignoreParsedPluginLibs: 0
[09/30/2026-18:28:12] [I] 
[09/30/2026-18:28:12] [I] === Inference Options ===
[09/30/2026-18:28:12] [I] Batch: Explicit
[09/30/2026-18:28:12] [I] Input inference shapes: model
[09/30/2026-18:28:12] [I] Iterations: 200
[09/30/2026-18:28:12] [I] Duration: 15s (+ 1000ms warm up)
[09/30/2026-18:28:12] [I] Sleep time: 0ms
[09/30/2026-18:28:12] [I] Idle time: 0ms
[09/30/2026-18:28:12] [I] Inference Streams: 1
[09/30/2026-18:28:12] [I] ExposeDMA: Disabled
[09/30/2026-18:28:12] [I] Data transfers: Disabled
[09/30/2026-18:28:12] [I] Spin-wait: Enabled
[09/30/2026-18:28:12] [I] Multithreading: Disabled
[09/30/2026-18:28:12] [I] CUDA Graph: Enabled
[09/30/2026-18:28:12] [I] Time Deserialize: Disabled
[09/30/2026-18:28:12] [I] Time Refit: Disabled
[09/30/2026-18:28:12] [I] NVTX verbosity: 0
[09/30/2026-18:28:12] [I] Persistent Cache Ratio: 0
[09/30/2026-18:28:12] [I] Optimization Profile Index: 0
[09/30/2026-18:28:12] [I] Weight Streaming Budget: 100.000000%
[09/30/2026-18:28:12] [I] Accuracy Algorithm: L0
[09/30/2026-18:28:12] [I] Absolute Tolerance (atol): 1e-05
[09/30/2026-18:28:12] [I] Relative Tolerance (rtol): 1e-05
[09/30/2026-18:28:12] [I] Inputs:
[09/30/2026-18:28:12] [I] images<-PTQ/profiling_results/trtexec/kitti_images_fp32.bin
[09/30/2026-18:28:12] [I] Debug Tensor Save Destinations:
[09/30/2026-18:28:12] [I] Dump All Debug Tensor in Formats: 
[09/30/2026-18:28:12] [I] === Reporting Options ===
[09/30/2026-18:28:12] [I] Verbose: Disabled
[09/30/2026-18:28:12] [I] Averages: 10 inferences
[09/30/2026-18:28:12] [I] Percentiles: 50,95
[09/30/2026-18:28:12] [I] Dump refittable layers:Disabled
[09/30/2026-18:28:12] [I] Dump output: Disabled
[09/30/2026-18:28:12] [I] Profile: Enabled
[09/30/2026-18:28:12] [I] Export timing to JSON file: C:\Users\dxu1\Desktop\Dissertation\PTQ\profiling_results\trtexec\kitti_cooled_run2_times.json
[09/30/2026-18:28:12] [I] Export output to JSON file: 
[09/30/2026-18:28:12] [I] Export profile to JSON file: C:\Users\dxu1\Desktop\Dissertation\PTQ\profiling_results\trtexec\kitti_cooled_run2_profile.json
[09/30/2026-18:28:12] [I] 
[09/30/2026-18:28:12] [I] === Device Information ===
[09/30/2026-18:28:12] [I] Available Devices: 
[09/30/2026-18:28:12] [I]   Device 0: "NVIDIA RTX A2000" UUID: GPU-a0aa0f21-a2f1-4018-b27b-236640f36d02
[09/30/2026-18:28:12] [I] Selected Device: NVIDIA RTX A2000
[09/30/2026-18:28:12] [I] Selected Device ID: 0
[09/30/2026-18:28:12] [I] Selected Device UUID: GPU-a0aa0f21-a2f1-4018-b27b-236640f36d02
[09/30/2026-18:28:12] [I] Compute Capability: 8.6
[09/30/2026-18:28:12] [I] SMs: 26
[09/30/2026-18:28:12] [I] Device Global Memory: 6137 MiB
[09/30/2026-18:28:12] [I] Shared Memory per SM: 100 KiB
[09/30/2026-18:28:12] [I] Memory Bus Width: 192 bits (ECC disabled)
[09/30/2026-18:28:12] [I] Application Compute Clock Rate: 1.2 GHz
[09/30/2026-18:28:12] [I] Application Memory Clock Rate: 6.001 GHz
[09/30/2026-18:28:12] [I] 
[09/30/2026-18:28:12] [I] Note: The application clock rates do not reflect the actual clock rates that the GPU is currently running at.
[09/30/2026-18:28:12] [I] 
[09/30/2026-18:28:12] [I] TensorRT version: 11.3.0
[09/30/2026-18:28:12] [I] Loading standard plugins
[09/30/2026-18:28:12] [I] Engine deserialized in 0.115032 sec.
[09/30/2026-18:28:12] [I] [TRT] [MemUsageChange] TensorRT-managed allocation in IExecutionContext creation: CPU +0, GPU +17, now: CPU 0, GPU 91 (MiB)
[09/30/2026-18:28:12] [I] Setting persistentCacheLimit to 0 bytes.
[09/30/2026-18:28:12] [I] Created execution context with device memory size: 17.0532 MiB
[09/30/2026-18:28:12] [I] Using values loaded from PTQ/profiling_results/trtexec/kitti_images_fp32.bin for input images
[09/30/2026-18:28:12] [I] Input binding for images with dimensions 1x3x640x640 and type fp32 is created.
[09/30/2026-18:28:12] [I] Output binding for output0 with dimensions 1x12x8400 and type fp32 is created.
[09/30/2026-18:28:12] [I] Starting inference
[09/30/2026-18:28:12] [I] Capturing CUDA graph for the current execution context
[09/30/2026-18:28:12] [I] Successfully captured CUDA graph for the current execution context. When profiling with Nsight Systems, add "--cuda-graph-trace=node" to the nsys command to see per-kernel execution times.
[09/30/2026-18:28:28] [I] Warmup completed 386 queries over 1000 ms
[09/30/2026-18:28:28] [I] Timing trace has 6202 queries over 15.005 s
[09/30/2026-18:28:28] [I] 
[09/30/2026-18:28:28] [I] === Trace details ===
[09/30/2026-18:28:28] [I] Trace averages of 10 runs:
[09/30/2026-18:28:28] [I] Average on 10 runs - GPU latency: 2.39669 ms - Host latency: 2.39669 ms (enqueue 0.0309387 ms)
[09/30/2026-18:28:28] [I] Average on 10 runs - GPU latency: 2.40016 ms - Host latency: 2.40016 ms (enqueue 0.033667 ms)
[09/30/2026-18:28:28] [I] Average on 10 runs - GPU latency: 2.33762 ms - Host latency: 2.33762 ms (enqueue 0.0313232 ms)
[09/30/2026-18:28:28] [I] Average on 10 runs - GPU latency: 2.42063 ms - Host latency: 2.42063 ms (enqueue 0.0310669 ms)
[09/30/2026-18:28:28] [I] Average on 10 runs - GPU latency: 2.40272 ms - Host latency: 2.40272 ms (enqueue 0.0316162 ms)
[09/30/2026-18:28:28] [I] Average on 10 runs - GPU latency: 2.40577 ms - Host latency: 2.40577 ms (enqueue 0.0325928 ms)
[09/30/2026-18:28:28] [I] Average on 10 runs - GPU latency: 2.34227 ms - Host latency: 2.34227 ms (enqueue 0.0317871 ms)
[09/30/2026-18:28:28] [I] Average on 10 runs - GPU latency: 2.40144 ms - Host latency: 2.40144 ms (enqueue 0.0317505 ms)
[09/30/2026-18:28:28] [I] Average on 10 runs - GPU latency: 2.39658 ms - Host latency: 2.39658 ms (enqueue 0.0317627 ms)
[09/30/2026-18:28:28] [I] Average on 10 runs - GPU latency: 2.33125 ms - Host latency: 2.33125 ms (enqueue 0.0298218 ms)
[09/30/2026-18:28:28] [I] Average on 10 runs - GPU latency: 2.47449 ms - Host latency: 2.47449 ms (enqueue 0.0333496 ms)
[09/30/2026-18:28:28] [I] Average on 10 runs - GPU latency: 2.39862 ms - Host latency: 2.39862 ms (enqueue 0.0306396 ms)
[09/30/2026-18:28:28] [I] Average on 10 runs - GPU latency: 2.39475 ms - Host latency: 2.39475 ms (enqueue 0.0307739 ms)
[09/30/2026-18:28:28] [I] Average on 10 runs - GPU latency: 2.32888 ms - Host latency: 2.32888 ms (enqueue 0.0329834 ms)
[09/30/2026-18:28:28] [I] Average on 10 runs - GPU latency: 2.41287 ms - Host latency: 2.41287 ms (enqueue 0.0380371 ms)
[09/30/2026-18:28:28] [I] Average on 10 runs - GPU latency: 2.47521 ms - Host latency: 2.47521 ms (enqueue 0.0324585 ms)
[09/30/2026-18:28:28] [I] Average on 10 runs - GPU latency: 2.39241 ms - Host latency: 2.39241 ms (enqueue 0.0318359 ms)
[09/30/2026-18:28:28] [I] Average on 10 runs - GPU latency: 2.335 ms - Host latency: 2.335 ms (enqueue 0.0307861 ms)
[09/30/2026-18:28:28] [I] Average on 10 runs - GPU latency: 2.39952 ms - Host latency: 2.39952 ms (enqueue 0.0312256 ms)
[09/30/2026-18:28:28] [I] Average on 10 runs - GPU latency: 2.41224 ms - Host latency: 2.41224 ms (enqueue 0.0313965 ms)
[09/30/2026-18:28:28] [I] Average on 10 runs - GPU latency: 2.34063 ms - Host latency: 2.34063 ms (enqueue 0.0313232 ms)
[09/30/2026-18:28:28] [I] Average on 10 runs - GPU latency: 2.39342 ms - Host latency: 2.39342 ms (enqueue 0.0320312 ms)
[09/30/2026-18:28:28] [I] Average on 10 runs - GPU latency: 2.41326 ms - Host latency: 2.41326 ms (enqueue 0.0323975 ms)
[09/30/2026-18:28:28] [I] Average on 10 runs - GPU latency: 2.35315 ms - Host latency: 2.35315 ms (enqueue 0.0333618 ms)
[09/30/2026-18:28:28] [I] Average on 10 runs - GPU latency: 2.44027 ms - Host latency: 2.44027 ms (enqueue 0.0380371 ms)
[09/30/2026-18:28:28] [I] Average on 10 runs - GPU latency: 2.52867 ms - Host latency: 2.52867 ms (enqueue 0.0345703 ms)
[09/30/2026-18:28:28] [I] Average on 10 runs - GPU latency: 2.47963 ms - Host latency: 2.47963 ms (enqueue 0.0346069 ms)
[09/30/2026-18:28:28] [I] Average on 10 runs - GPU latency: 2.44604 ms - Host latency: 2.44604 ms (enqueue 0.0313355 ms)
[09/30/2026-18:28:28] [I] Average on 10 runs - GPU latency: 2.49705 ms - Host latency: 2.49705 ms (enqueue 0.0310669 ms)
[09/30/2026-18:28:28] [I] Average on 10 runs - GPU latency: 2.39864 ms - Host latency: 2.39864 ms (enqueue 0.0329712 ms)
[09/30/2026-18:28:28] [I] Average on 10 runs - GPU latency: 2.48094 ms - Host latency: 2.48094 ms (enqueue 0.0327271 ms)
[09/30/2026-18:28:28] [I] Average on 10 runs - GPU latency: 2.40956 ms - Host latency: 2.40956 ms (enqueue 0.0331055 ms)
[09/30/2026-18:28:28] [I] Average on 10 runs - GPU latency: 2.49648 ms - Host latency: 2.49648 ms (enqueue 0.0330688 ms)
[09/30/2026-18:28:28] [I] Average on 10 runs - GPU latency: 2.44418 ms - Host latency: 2.44418 ms (enqueue 0.0317627 ms)
[09/30/2026-18:28:28] [I] Average on 10 runs - GPU latency: 2.33357 ms - Host latency: 2.33357 ms (enqueue 0.0307983 ms)
[09/30/2026-18:28:28] [I] Average on 10 runs - GPU latency: 2.39238 ms - Host latency: 2.39238 ms (enqueue 0.0314697 ms)
[09/30/2026-18:28:28] [I] Average on 10 runs - GPU latency: 2.39747 ms - Host latency: 2.39747 ms (enqueue 0.0308472 ms)
[09/30/2026-18:28:28] [I] Average on 10 runs - GPU latency: 2.39924 ms - Host latency: 2.39924 ms (enqueue 0.0336426 ms)
[09/30/2026-18:28:28] [I] Average on 10 runs - GPU latency: 2.34312 ms - Host latency: 2.34312 ms (enqueue 0.0306396 ms)
[09/30/2026-18:28:28] [I] Average on 10 runs - GPU latency: 2.39862 ms - Host latency: 2.39862 ms (enqueue 0.0316895 ms)
[09/30/2026-18:28:28] [I] Average on 10 runs - GPU latency: 2.39821 ms - Host latency: 2.39821 ms (enqueue 0.031311 ms)
[09/30/2026-18:28:28] [I] Average on 10 runs - GPU latency: 2.34526 ms - Host latency: 2.34526 ms (enqueue 0.0288574 ms)
[09/30/2026-18:28:28] [I] Average on 10 runs - GPU latency: 2.41101 ms - Host latency: 2.41101 ms (enqueue 0.0293579 ms)
[09/30/2026-18:28:28] [I] Average on 10 runs - GPU latency: 2.3999 ms - Host latency: 2.3999 ms (enqueue 0.0307251 ms)
[09/30/2026-18:28:28] [I] Average on 10 runs - GPU latency: 2.40911 ms - Host latency: 2.40911 ms (enqueue 0.028418 ms)
[09/30/2026-18:28:28] [I] Average on 10 runs - GPU latency: 2.35066 ms - Host latency: 2.35066 ms (enqueue 0.0291992 ms)
[09/30/2026-18:28:28] [I] Average on 10 runs - GPU latency: 2.41821 ms - Host latency: 2.41821 ms (enqueue 0.0259766 ms)
[09/30/2026-18:28:28] [I] Average on 10 runs - GPU latency: 2.41316 ms - Host latency: 2.41316 ms (enqueue 0.0331299 ms)
[09/30/2026-18:28:28] [I] Average on 10 runs - GPU latency: 2.42334 ms - Host latency: 2.42334 ms (enqueue 0.0268799 ms)
[09/30/2026-18:28:28] [I] Average on 10 runs - GPU latency: 2.48103 ms - Host latency: 2.48103 ms (enqueue 0.0317627 ms)
[09/30/2026-18:28:28] [I] Average on 10 runs - GPU latency: 2.48486 ms - Host latency: 2.48486 ms (enqueue 0.032251 ms)
[09/30/2026-18:28:28] [I] Average on 10 runs - GPU latency: 2.40049 ms - Host latency: 2.40049 ms (enqueue 0.0259521 ms)
[09/30/2026-18:28:28] [I] Average on 10 runs - GPU latency: 2.41826 ms - Host latency: 2.41826 ms (enqueue 0.0302002 ms)
[09/30/2026-18:28:28] [I] Average on 10 runs - GPU latency: 2.49795 ms - Host latency: 2.49795 ms (enqueue 0.0274658 ms)
[09/30/2026-18:28:28] [I] Average on 10 runs - GPU latency: 2.49595 ms - Host latency: 2.49595 ms (enqueue 0.0330322 ms)
[09/30/2026-18:28:28] [I] Average on 10 runs - GPU latency: 2.43855 ms - Host latency: 2.43855 ms (enqueue 0.0323242 ms)
[09/30/2026-18:28:28] [I] Average on 10 runs - GPU latency: 2.40911 ms - Host latency: 2.40911 ms (enqueue 0.0309326 ms)
[09/30/2026-18:28:28] [I] Average on 10 runs - GPU latency: 2.49287 ms - Host latency: 2.49287 ms (enqueue 0.0313721 ms)
[09/30/2026-18:28:28] [I] Average on 10 runs - GPU latency: 2.44275 ms - Host latency: 2.44275 ms (enqueue 0.0429688 ms)
[09/30/2026-18:28:28] [I] Average on 10 runs - GPU latency: 2.53474 ms - Host latency: 2.53474 ms (enqueue 0.0320312 ms)
[09/30/2026-18:28:28] [I] Average on 10 runs - GPU latency: 2.4439 ms - Host latency: 2.4439 ms (enqueue 0.0404053 ms)
[09/30/2026-18:28:28] [I] Average on 10 runs - GPU latency: 2.50647 ms - Host latency: 2.50647 ms (enqueue 0.0324707 ms)
[09/30/2026-18:28:28] [I] Average on 10 runs - GPU latency: 2.45242 ms - Host latency: 2.45242 ms (enqueue 0.0335205 ms)
[09/30/2026-18:28:28] [I] Average on 10 runs - GPU latency: 2.50889 ms - Host latency: 2.50889 ms (enqueue 0.0295654 ms)
[09/30/2026-18:28:28] [I] Average on 10 runs - GPU latency: 2.39375 ms - Host latency: 2.39375 ms (enqueue 0.0291748 ms)
[09/30/2026-18:28:28] [I] Average on 10 runs - GPU latency: 2.52424 ms - Host latency: 2.52424 ms (enqueue 0.0337158 ms)
[09/30/2026-18:28:28] [I] Average on 10 runs - GPU latency: 2.40674 ms - Host latency: 2.40674 ms (enqueue 0.030957 ms)
[09/30/2026-18:28:28] [I] Average on 10 runs - GPU latency: 2.50159 ms - Host latency: 2.50159 ms (enqueue 0.0339111 ms)
[09/30/2026-18:28:28] [I] Average on 10 runs - GPU latency: 2.39299 ms - Host latency: 2.39299 ms (enqueue 0.0321045 ms)
[09/30/2026-18:28:28] [I] Average on 10 runs - GPU latency: 2.40503 ms - Host latency: 2.40503 ms (enqueue 0.0320801 ms)
[09/30/2026-18:28:28] [I] Average on 10 runs - GPU latency: 2.39763 ms - Host latency: 2.39763 ms (enqueue 0.0314453 ms)
[09/30/2026-18:28:28] [I] Average on 10 runs - GPU latency: 2.40864 ms - Host latency: 2.40864 ms (enqueue 0.0312256 ms)
[09/30/2026-18:28:28] [I] Average on 10 runs - GPU latency: 2.45542 ms - Host latency: 2.45542 ms (enqueue 0.0313721 ms)
[09/30/2026-18:28:28] [I] Average on 10 runs - GPU latency: 2.38865 ms - Host latency: 2.38865 ms (enqueue 0.032373 ms)
[09/30/2026-18:28:28] [I] Average on 10 runs - GPU latency: 2.4665 ms - Host latency: 2.4665 ms (enqueue 0.0339111 ms)
[09/30/2026-18:28:28] [I] Average on 10 runs - GPU latency: 2.40149 ms - Host latency: 2.40149 ms (enqueue 0.033374 ms)
[09/30/2026-18:28:28] [I] Average on 10 runs - GPU latency: 2.54541 ms - Host latency: 2.54541 ms (enqueue 0.0356689 ms)
[09/30/2026-18:28:28] [I] Average on 10 runs - GPU latency: 2.41868 ms - Host latency: 2.41868 ms (enqueue 0.0328857 ms)
[09/30/2026-18:28:28] [I] Average on 10 runs - GPU latency: 2.51348 ms - Host latency: 2.51348 ms (enqueue 0.0330811 ms)
[09/30/2026-18:28:28] [I] Average on 10 runs - GPU latency: 2.45066 ms - Host latency: 2.45066 ms (enqueue 0.0317871 ms)
[09/30/2026-18:28:28] [I] Average on 10 runs - GPU latency: 2.50754 ms - Host latency: 2.50754 ms (enqueue 0.0309814 ms)
[09/30/2026-18:28:28] [I] Average on 10 runs - GPU latency: 2.40652 ms - Host latency: 2.40652 ms (enqueue 0.0315918 ms)
[09/30/2026-18:28:28] [I] Average on 10 runs - GPU latency: 2.52813 ms - Host latency: 2.52813 ms (enqueue 0.0347656 ms)
[09/30/2026-18:28:28] [I] Average on 10 runs - GPU latency: 2.38403 ms - Host latency: 2.38403 ms (enqueue 0.031665 ms)
[09/30/2026-18:28:28] [I] Average on 10 runs - GPU latency: 2.44534 ms - Host latency: 2.44534 ms (enqueue 0.0317383 ms)
[09/30/2026-18:28:28] [I] Average on 10 runs - GPU latency: 2.39934 ms - Host latency: 2.39934 ms (enqueue 0.0296387 ms)
[09/30/2026-18:28:28] [I] Average on 10 runs - GPU latency: 2.39443 ms - Host latency: 2.39443 ms (enqueue 0.0265381 ms)
[09/30/2026-18:28:28] [I] Average on 10 runs - GPU latency: 2.47097 ms - Host latency: 2.47097 ms (enqueue 0.0323242 ms)
[09/30/2026-18:28:28] [I] Average on 10 runs - GPU latency: 2.40452 ms - Host latency: 2.40452 ms (enqueue 0.0303955 ms)
[09/30/2026-18:28:28] [I] Average on 10 runs - GPU latency: 2.4583 ms - Host latency: 2.4583 ms (enqueue 0.0273926 ms)
[09/30/2026-18:28:28] [I] Average on 10 runs - GPU latency: 2.33347 ms - Host latency: 2.33347 ms (enqueue 0.0299072 ms)
[09/30/2026-18:28:28] [I] Average on 10 runs - GPU latency: 2.47334 ms - Host latency: 2.47334 ms (enqueue 0.0312012 ms)
[09/30/2026-18:28:28] [I] Average on 10 runs - GPU latency: 2.41421 ms - Host latency: 2.41421 ms (enqueue 0.0290283 ms)
[09/30/2026-18:28:28] [I] Average on 10 runs - GPU latency: 2.41587 ms - Host latency: 2.41587 ms (enqueue 0.0287842 ms)
[09/30/2026-18:28:28] [I] Average on 10 runs - GPU latency: 2.34634 ms - Host latency: 2.34634 ms (enqueue 0.0272217 ms)
[09/30/2026-18:28:28] [I] Average on 10 runs - GPU latency: 2.41611 ms - Host latency: 2.41611 ms (enqueue 0.0293945 ms)
[09/30/2026-18:28:28] [I] Average on 10 runs - GPU latency: 2.41172 ms - Host latency: 2.41172 ms (enqueue 0.0323242 ms)
[09/30/2026-18:28:28] [I] Average on 10 runs - GPU latency: 2.34653 ms - Host latency: 2.34653 ms (enqueue 0.0238281 ms)
[09/30/2026-18:28:28] [I] Average on 10 runs - GPU latency: 2.40701 ms - Host latency: 2.40701 ms (enqueue 0.041748 ms)
[09/30/2026-18:28:28] [I] Average on 10 runs - GPU latency: 2.44319 ms - Host latency: 2.44319 ms (enqueue 0.0351318 ms)
[09/30/2026-18:28:28] [I] Average on 10 runs - GPU latency: 2.41694 ms - Host latency: 2.41694 ms (enqueue 0.0303711 ms)
[09/30/2026-18:28:28] [I] Average on 10 runs - GPU latency: 2.43164 ms - Host latency: 2.43164 ms (enqueue 0.0324463 ms)
[09/30/2026-18:28:28] [I] Average on 10 runs - GPU latency: 2.49946 ms - Host latency: 2.49946 ms (enqueue 0.0314941 ms)
[09/30/2026-18:28:28] [I] Average on 10 runs - GPU latency: 2.38892 ms - Host latency: 2.38892 ms (enqueue 0.0339355 ms)
[09/30/2026-18:28:28] [I] Average on 10 runs - GPU latency: 2.37188 ms - Host latency: 2.37188 ms (enqueue 0.0273682 ms)
[09/30/2026-18:28:28] [I] Average on 10 runs - GPU latency: 2.36099 ms - Host latency: 2.36099 ms (enqueue 0.0324463 ms)
[09/30/2026-18:28:28] [I] Average on 10 runs - GPU latency: 2.41172 ms - Host latency: 2.41172 ms (enqueue 0.0284912 ms)
[09/30/2026-18:28:28] [I] Average on 10 runs - GPU latency: 2.39949 ms - Host latency: 2.39949 ms (enqueue 0.0371338 ms)
[09/30/2026-18:28:28] [I] Average on 10 runs - GPU latency: 2.35398 ms - Host latency: 2.35398 ms (enqueue 0.0282227 ms)
[09/30/2026-18:28:28] [I] Average on 10 runs - GPU latency: 2.42349 ms - Host latency: 2.42349 ms (enqueue 0.0274658 ms)
[09/30/2026-18:28:28] [I] Average on 10 runs - GPU latency: 2.43101 ms - Host latency: 2.43101 ms (enqueue 0.0297607 ms)
[09/30/2026-18:28:28] [I] Average on 10 runs - GPU latency: 2.42751 ms - Host latency: 2.42751 ms (enqueue 0.030835 ms)
[09/30/2026-18:28:28] [I] Average on 10 runs - GPU latency: 2.3668 ms - Host latency: 2.3668 ms (enqueue 0.0233154 ms)
[09/30/2026-18:28:28] [I] Average on 10 runs - GPU latency: 2.41511 ms - Host latency: 2.41511 ms (enqueue 0.0336182 ms)
[09/30/2026-18:28:28] [I] Average on 10 runs - GPU latency: 2.40393 ms - Host latency: 2.40393 ms (enqueue 0.0317139 ms)
[09/30/2026-18:28:28] [I] Average on 10 runs - GPU latency: 2.41245 ms - Host latency: 2.41245 ms (enqueue 0.0326416 ms)
[09/30/2026-18:28:28] [I] Average on 10 runs - GPU latency: 2.41318 ms - Host latency: 2.41318 ms (enqueue 0.0316162 ms)
[09/30/2026-18:28:28] [I] Average on 10 runs - GPU latency: 2.41897 ms - Host latency: 2.41897 ms (enqueue 0.0295898 ms)
[09/30/2026-18:28:28] [I] Average on 10 runs - GPU latency: 2.40989 ms - Host latency: 2.40989 ms (enqueue 0.0303711 ms)
[09/30/2026-18:28:28] [I] Average on 10 runs - GPU latency: 2.41287 ms - Host latency: 2.41287 ms (enqueue 0.0307373 ms)
[09/30/2026-18:28:28] [I] Average on 10 runs - GPU latency: 2.34844 ms - Host latency: 2.34844 ms (enqueue 0.0321289 ms)
[09/30/2026-18:28:28] [I] Average on 10 runs - GPU latency: 2.41548 ms - Host latency: 2.41548 ms (enqueue 0.0311523 ms)
[09/30/2026-18:28:28] [I] Average on 10 runs - GPU latency: 2.41882 ms - Host latency: 2.41882 ms (enqueue 0.0312744 ms)
[09/30/2026-18:28:28] [I] Average on 10 runs - GPU latency: 2.46772 ms - Host latency: 2.46772 ms (enqueue 0.0371338 ms)
[09/30/2026-18:28:28] [I] Average on 10 runs - GPU latency: 2.42244 ms - Host latency: 2.42244 ms (enqueue 0.0305664 ms)
[09/30/2026-18:28:28] [I] Average on 10 runs - GPU latency: 2.50645 ms - Host latency: 2.50645 ms (enqueue 0.0319824 ms)
[09/30/2026-18:28:28] [I] Average on 10 runs - GPU latency: 2.5156 ms - Host latency: 2.5156 ms (enqueue 0.0328125 ms)
[09/30/2026-18:28:28] [I] Average on 10 runs - GPU latency: 2.40361 ms - Host latency: 2.40361 ms (enqueue 0.0375 ms)
[09/30/2026-18:28:28] [I] Average on 10 runs - GPU latency: 2.41426 ms - Host latency: 2.41426 ms (enqueue 0.031543 ms)
[09/30/2026-18:28:28] [I] Average on 10 runs - GPU latency: 2.49302 ms - Host latency: 2.49302 ms (enqueue 0.0336426 ms)
[09/30/2026-18:28:28] [I] Average on 10 runs - GPU latency: 2.41567 ms - Host latency: 2.41567 ms (enqueue 0.0311035 ms)
[09/30/2026-18:28:28] [I] Average on 10 runs - GPU latency: 2.47617 ms - Host latency: 2.47617 ms (enqueue 0.032666 ms)
[09/30/2026-18:28:28] [I] Average on 10 runs - GPU latency: 2.43271 ms - Host latency: 2.43271 ms (enqueue 0.0337891 ms)
[09/30/2026-18:28:28] [I] Average on 10 runs - GPU latency: 2.46626 ms - Host latency: 2.46626 ms (enqueue 0.0307617 ms)
[09/30/2026-18:28:28] [I] Average on 10 runs - GPU latency: 2.4312 ms - Host latency: 2.4312 ms (enqueue 0.0314941 ms)
[09/30/2026-18:28:28] [I] Average on 10 runs - GPU latency: 2.42808 ms - Host latency: 2.42808 ms (enqueue 0.0316406 ms)
[09/30/2026-18:28:28] [I] Average on 10 runs - GPU latency: 2.41045 ms - Host latency: 2.41045 ms (enqueue 0.0290527 ms)
[09/30/2026-18:28:28] [I] Average on 10 runs - GPU latency: 2.4084 ms - Host latency: 2.4084 ms (enqueue 0.03125 ms)
[09/30/2026-18:28:28] [I] Average on 10 runs - GPU latency: 2.34902 ms - Host latency: 2.34902 ms (enqueue 0.0306152 ms)
[09/30/2026-18:28:28] [I] Average on 10 runs - GPU latency: 2.41904 ms - Host latency: 2.41904 ms (enqueue 0.03125 ms)
[09/30/2026-18:28:28] [I] Average on 10 runs - GPU latency: 2.41509 ms - Host latency: 2.41509 ms (enqueue 0.0310059 ms)
[09/30/2026-18:28:28] [I] Average on 10 runs - GPU latency: 2.41465 ms - Host latency: 2.41465 ms (enqueue 0.0311523 ms)
[09/30/2026-18:28:28] [I] Average on 10 runs - GPU latency: 2.35068 ms - Host latency: 2.35068 ms (enqueue 0.029541 ms)
[09/30/2026-18:28:28] [I] Average on 10 runs - GPU latency: 2.41304 ms - Host latency: 2.41304 ms (enqueue 0.0272949 ms)
[09/30/2026-18:28:28] [I] Average on 10 runs - GPU latency: 2.43672 ms - Host latency: 2.43672 ms (enqueue 0.0248047 ms)
[09/30/2026-18:28:28] [I] Average on 10 runs - GPU latency: 2.36074 ms - Host latency: 2.36074 ms (enqueue 0.0305176 ms)
[09/30/2026-18:28:28] [I] Average on 10 runs - GPU latency: 2.41123 ms - Host latency: 2.41123 ms (enqueue 0.0317383 ms)
[09/30/2026-18:28:28] [I] Average on 10 runs - GPU latency: 2.41206 ms - Host latency: 2.41206 ms (enqueue 0.0300293 ms)
[09/30/2026-18:28:28] [I] Average on 10 runs - GPU latency: 2.35493 ms - Host latency: 2.35493 ms (enqueue 0.0298828 ms)
[09/30/2026-18:28:28] [I] Average on 10 runs - GPU latency: 2.42285 ms - Host latency: 2.42285 ms (enqueue 0.0315918 ms)
[09/30/2026-18:28:28] [I] Average on 10 runs - GPU latency: 2.40522 ms - Host latency: 2.40522 ms (enqueue 0.0310547 ms)
[09/30/2026-18:28:28] [I] Average on 10 runs - GPU latency: 2.41035 ms - Host latency: 2.41035 ms (enqueue 0.031543 ms)
[09/30/2026-18:28:28] [I] Average on 10 runs - GPU latency: 2.35669 ms - Host latency: 2.35669 ms (enqueue 0.0291992 ms)
[09/30/2026-18:28:28] [I] Average on 10 runs - GPU latency: 2.44443 ms - Host latency: 2.44443 ms (enqueue 0.029248 ms)
[09/30/2026-18:28:28] [I] Average on 10 runs - GPU latency: 2.45161 ms - Host latency: 2.45161 ms (enqueue 0.0335449 ms)
[09/30/2026-18:28:28] [I] Average on 10 runs - GPU latency: 2.42251 ms - Host latency: 2.42251 ms (enqueue 0.0296387 ms)
[09/30/2026-18:28:28] [I] Average on 10 runs - GPU latency: 2.42959 ms - Host latency: 2.42959 ms (enqueue 0.0335449 ms)
[09/30/2026-18:28:28] [I] Average on 10 runs - GPU latency: 2.41816 ms - Host latency: 2.41816 ms (enqueue 0.028418 ms)
[09/30/2026-18:28:28] [I] Average on 10 runs - GPU latency: 2.40439 ms - Host latency: 2.40439 ms (enqueue 0.0352051 ms)
[09/30/2026-18:28:28] [I] Average on 10 runs - GPU latency: 2.35269 ms - Host latency: 2.35269 ms (enqueue 0.0311523 ms)
[09/30/2026-18:28:28] [I] Average on 10 runs - GPU latency: 2.42231 ms - Host latency: 2.42231 ms (enqueue 0.0306152 ms)
[09/30/2026-18:28:28] [I] Average on 10 runs - GPU latency: 2.41704 ms - Host latency: 2.41704 ms (enqueue 0.031543 ms)
[09/30/2026-18:28:28] [I] Average on 10 runs - GPU latency: 2.41118 ms - Host latency: 2.41118 ms (enqueue 0.0333008 ms)
[09/30/2026-18:28:28] [I] Average on 10 runs - GPU latency: 2.34946 ms - Host latency: 2.34946 ms (enqueue 0.0285156 ms)
[09/30/2026-18:28:28] [I] Average on 10 runs - GPU latency: 2.42368 ms - Host latency: 2.42368 ms (enqueue 0.0291504 ms)
[09/30/2026-18:28:28] [I] Average on 10 runs - GPU latency: 2.41792 ms - Host latency: 2.41792 ms (enqueue 0.0356445 ms)
[09/30/2026-18:28:28] [I] Average on 10 runs - GPU latency: 2.35547 ms - Host latency: 2.35547 ms (enqueue 0.0288086 ms)
[09/30/2026-18:28:28] [I] Average on 10 runs - GPU latency: 2.42031 ms - Host latency: 2.42031 ms (enqueue 0.0281738 ms)
[09/30/2026-18:28:28] [I] Average on 10 runs - GPU latency: 2.41646 ms - Host latency: 2.41646 ms (enqueue 0.028125 ms)
[09/30/2026-18:28:28] [I] Average on 10 runs - GPU latency: 2.41289 ms - Host latency: 2.41289 ms (enqueue 0.0294434 ms)
[09/30/2026-18:28:28] [I] Average on 10 runs - GPU latency: 2.35015 ms - Host latency: 2.35015 ms (enqueue 0.0277344 ms)
[09/30/2026-18:28:28] [I] Average on 10 runs - GPU latency: 2.41812 ms - Host latency: 2.41812 ms (enqueue 0.0341309 ms)
[09/30/2026-18:28:28] [I] Average on 10 runs - GPU latency: 2.4166 ms - Host latency: 2.4166 ms (enqueue 0.0219238 ms)
[09/30/2026-18:28:28] [I] Average on 10 runs - GPU latency: 2.35474 ms - Host latency: 2.35474 ms (enqueue 0.0211426 ms)
[09/30/2026-18:28:28] [I] Average on 10 runs - GPU latency: 2.41934 ms - Host latency: 2.41934 ms (enqueue 0.0214355 ms)
[09/30/2026-18:28:28] [I] Average on 10 runs - GPU latency: 2.42461 ms - Host latency: 2.42461 ms (enqueue 0.0279297 ms)
[09/30/2026-18:28:28] [I] Average on 10 runs - GPU latency: 2.48643 ms - Host latency: 2.48643 ms (enqueue 0.0335938 ms)
[09/30/2026-18:28:28] [I] Average on 10 runs - GPU latency: 2.35825 ms - Host latency: 2.35825 ms (enqueue 0.0313477 ms)
[09/30/2026-18:28:28] [I] Average on 10 runs - GPU latency: 2.42114 ms - Host latency: 2.42114 ms (enqueue 0.0327637 ms)
[09/30/2026-18:28:28] [I] Average on 10 runs - GPU latency: 2.4167 ms - Host latency: 2.4167 ms (enqueue 0.0294922 ms)
[09/30/2026-18:28:28] [I] Average on 10 runs - GPU latency: 2.42017 ms - Host latency: 2.42017 ms (enqueue 0.0289063 ms)
[09/30/2026-18:28:28] [I] Average on 10 runs - GPU latency: 2.35645 ms - Host latency: 2.35645 ms (enqueue 0.0254883 ms)
[09/30/2026-18:28:28] [I] Average on 10 runs - GPU latency: 2.41655 ms - Host latency: 2.41655 ms (enqueue 0.0268555 ms)
[09/30/2026-18:28:28] [I] Average on 10 runs - GPU latency: 2.42256 ms - Host latency: 2.42256 ms (enqueue 0.023291 ms)
[09/30/2026-18:28:28] [I] Average on 10 runs - GPU latency: 2.41836 ms - Host latency: 2.41836 ms (enqueue 0.028418 ms)
[09/30/2026-18:28:28] [I] Average on 10 runs - GPU latency: 2.34888 ms - Host latency: 2.34888 ms (enqueue 0.0313477 ms)
[09/30/2026-18:28:28] [I] Average on 10 runs - GPU latency: 2.41055 ms - Host latency: 2.41055 ms (enqueue 0.0255371 ms)
[09/30/2026-18:28:28] [I] Average on 10 runs - GPU latency: 2.42759 ms - Host latency: 2.42759 ms (enqueue 0.0289551 ms)
[09/30/2026-18:28:28] [I] Average on 10 runs - GPU latency: 2.38647 ms - Host latency: 2.38647 ms (enqueue 0.027002 ms)
[09/30/2026-18:28:28] [I] Average on 10 runs - GPU latency: 2.38604 ms - Host latency: 2.38604 ms (enqueue 0.033252 ms)
[09/30/2026-18:28:28] [I] Average on 10 runs - GPU latency: 2.41587 ms - Host latency: 2.41587 ms (enqueue 0.0270996 ms)
[09/30/2026-18:28:28] [I] Average on 10 runs - GPU latency: 2.41978 ms - Host latency: 2.41978 ms (enqueue 0.0297852 ms)
[09/30/2026-18:28:28] [I] Average on 10 runs - GPU latency: 2.36143 ms - Host latency: 2.36143 ms (enqueue 0.0263184 ms)
[09/30/2026-18:28:28] [I] Average on 10 runs - GPU latency: 2.43696 ms - Host latency: 2.43696 ms (enqueue 0.0306641 ms)
[09/30/2026-18:28:28] [I] Average on 10 runs - GPU latency: 2.42466 ms - Host latency: 2.42466 ms (enqueue 0.0306152 ms)
[09/30/2026-18:28:28] [I] Average on 10 runs - GPU latency: 2.41685 ms - Host latency: 2.41685 ms (enqueue 0.0302734 ms)
[09/30/2026-18:28:28] [I] Average on 10 runs - GPU latency: 2.34849 ms - Host latency: 2.34849 ms (enqueue 0.0303223 ms)
[09/30/2026-18:28:28] [I] Average on 10 runs - GPU latency: 2.42061 ms - Host latency: 2.42061 ms (enqueue 0.0306152 ms)
[09/30/2026-18:28:28] [I] Average on 10 runs - GPU latency: 2.41558 ms - Host latency: 2.41558 ms (enqueue 0.0345215 ms)
[09/30/2026-18:28:28] [I] Average on 10 runs - GPU latency: 2.34961 ms - Host latency: 2.34961 ms (enqueue 0.0297363 ms)
[09/30/2026-18:28:28] [I] ... Omitting 2202 lines
[09/30/2026-18:28:28] [I] Average on 10 runs - GPU latency: 2.43789 ms - Host latency: 2.43789 ms (enqueue 0.0317383 ms)
[09/30/2026-18:28:28] [I] Average on 10 runs - GPU latency: 2.50312 ms - Host latency: 2.50312 ms (enqueue 0.0286133 ms)
[09/30/2026-18:28:28] [I] Average on 10 runs - GPU latency: 2.46113 ms - Host latency: 2.46113 ms (enqueue 0.0291992 ms)
[09/30/2026-18:28:28] [I] Average on 10 runs - GPU latency: 2.41543 ms - Host latency: 2.41543 ms (enqueue 0.0319336 ms)
[09/30/2026-18:28:28] [I] Average on 10 runs - GPU latency: 2.46943 ms - Host latency: 2.46943 ms (enqueue 0.0322266 ms)
[09/30/2026-18:28:28] [I] Average on 10 runs - GPU latency: 2.34932 ms - Host latency: 2.34932 ms (enqueue 0.0324219 ms)
[09/30/2026-18:28:28] [I] Average on 10 runs - GPU latency: 2.42188 ms - Host latency: 2.42188 ms (enqueue 0.031543 ms)
[09/30/2026-18:28:28] [I] Average on 10 runs - GPU latency: 2.41992 ms - Host latency: 2.41992 ms (enqueue 0.0322266 ms)
[09/30/2026-18:28:28] [I] Average on 10 runs - GPU latency: 2.41602 ms - Host latency: 2.41602 ms (enqueue 0.0301758 ms)
[09/30/2026-18:28:28] [I] Average on 10 runs - GPU latency: 2.35869 ms - Host latency: 2.35869 ms (enqueue 0.0273438 ms)
[09/30/2026-18:28:28] [I] Average on 10 runs - GPU latency: 2.41553 ms - Host latency: 2.41553 ms (enqueue 0.0293945 ms)
[09/30/2026-18:28:28] [I] Average on 10 runs - GPU latency: 2.42539 ms - Host latency: 2.42539 ms (enqueue 0.0314453 ms)
[09/30/2026-18:28:28] [I] Average on 10 runs - GPU latency: 2.35342 ms - Host latency: 2.35342 ms (enqueue 0.0264648 ms)
[09/30/2026-18:28:28] [I] Average on 10 runs - GPU latency: 2.42695 ms - Host latency: 2.42695 ms (enqueue 0.0279297 ms)
[09/30/2026-18:28:28] [I] Average on 10 runs - GPU latency: 2.40732 ms - Host latency: 2.40732 ms (enqueue 0.0291016 ms)
[09/30/2026-18:28:28] [I] Average on 10 runs - GPU latency: 2.41152 ms - Host latency: 2.41152 ms (enqueue 0.0299805 ms)
[09/30/2026-18:28:28] [I] Average on 10 runs - GPU latency: 2.34834 ms - Host latency: 2.34834 ms (enqueue 0.0299805 ms)
[09/30/2026-18:28:28] [I] Average on 10 runs - GPU latency: 2.42803 ms - Host latency: 2.42803 ms (enqueue 0.0291016 ms)
[09/30/2026-18:28:28] [I] Average on 10 runs - GPU latency: 2.4127 ms - Host latency: 2.4127 ms (enqueue 0.0288086 ms)
[09/30/2026-18:28:28] [I] Average on 10 runs - GPU latency: 2.36953 ms - Host latency: 2.36953 ms (enqueue 0.0317383 ms)
[09/30/2026-18:28:28] [I] Average on 10 runs - GPU latency: 2.43193 ms - Host latency: 2.43193 ms (enqueue 0.0317383 ms)
[09/30/2026-18:28:28] [I] Average on 10 runs - GPU latency: 2.43994 ms - Host latency: 2.43994 ms (enqueue 0.0285156 ms)
[09/30/2026-18:28:28] [I] Average on 10 runs - GPU latency: 2.44727 ms - Host latency: 2.44727 ms (enqueue 0.0264648 ms)
[09/30/2026-18:28:28] [I] Average on 10 runs - GPU latency: 2.371 ms - Host latency: 2.371 ms (enqueue 0.0351562 ms)
[09/30/2026-18:28:28] [I] Average on 10 runs - GPU latency: 2.41221 ms - Host latency: 2.41221 ms (enqueue 0.0279297 ms)
[09/30/2026-18:28:28] [I] Average on 10 runs - GPU latency: 2.41553 ms - Host latency: 2.41553 ms (enqueue 0.0302734 ms)
[09/30/2026-18:28:28] [I] Average on 10 runs - GPU latency: 2.38965 ms - Host latency: 2.38965 ms (enqueue 0.0216797 ms)
[09/30/2026-18:28:28] [I] Average on 10 runs - GPU latency: 2.39395 ms - Host latency: 2.39395 ms (enqueue 0.0304688 ms)
[09/30/2026-18:28:28] [I] Average on 10 runs - GPU latency: 2.40771 ms - Host latency: 2.40771 ms (enqueue 0.0268555 ms)
[09/30/2026-18:28:28] [I] Average on 10 runs - GPU latency: 2.41846 ms - Host latency: 2.41846 ms (enqueue 0.0389648 ms)
[09/30/2026-18:28:28] [I] Average on 10 runs - GPU latency: 2.36396 ms - Host latency: 2.36396 ms (enqueue 0.0277344 ms)
[09/30/2026-18:28:28] [I] Average on 10 runs - GPU latency: 2.42383 ms - Host latency: 2.42383 ms (enqueue 0.025 ms)
[09/30/2026-18:28:28] [I] Average on 10 runs - GPU latency: 2.43232 ms - Host latency: 2.43232 ms (enqueue 0.0323242 ms)
[09/30/2026-18:28:28] [I] Average on 10 runs - GPU latency: 2.44551 ms - Host latency: 2.44551 ms (enqueue 0.0266602 ms)
[09/30/2026-18:28:28] [I] Average on 10 runs - GPU latency: 2.37949 ms - Host latency: 2.37949 ms (enqueue 0.0238281 ms)
[09/30/2026-18:28:28] [I] Average on 10 runs - GPU latency: 2.44707 ms - Host latency: 2.44707 ms (enqueue 0.0285156 ms)
[09/30/2026-18:28:28] [I] Average on 10 runs - GPU latency: 2.44316 ms - Host latency: 2.44316 ms (enqueue 0.0320312 ms)
[09/30/2026-18:28:28] [I] Average on 10 runs - GPU latency: 2.36934 ms - Host latency: 2.36934 ms (enqueue 0.0338867 ms)
[09/30/2026-18:28:28] [I] Average on 10 runs - GPU latency: 2.43584 ms - Host latency: 2.43584 ms (enqueue 0.0325195 ms)
[09/30/2026-18:28:28] [I] Average on 10 runs - GPU latency: 2.43652 ms - Host latency: 2.43652 ms (enqueue 0.0320312 ms)
[09/30/2026-18:28:28] [I] Average on 10 runs - GPU latency: 2.43721 ms - Host latency: 2.43721 ms (enqueue 0.0321289 ms)
[09/30/2026-18:28:28] [I] Average on 10 runs - GPU latency: 2.37012 ms - Host latency: 2.37012 ms (enqueue 0.0324219 ms)
[09/30/2026-18:28:28] [I] Average on 10 runs - GPU latency: 2.42793 ms - Host latency: 2.42793 ms (enqueue 0.0320312 ms)
[09/30/2026-18:28:28] [I] Average on 10 runs - GPU latency: 2.43633 ms - Host latency: 2.43633 ms (enqueue 0.0298828 ms)
[09/30/2026-18:28:28] [I] Average on 10 runs - GPU latency: 2.43496 ms - Host latency: 2.43496 ms (enqueue 0.0326172 ms)
[09/30/2026-18:28:28] [I] Average on 10 runs - GPU latency: 2.43242 ms - Host latency: 2.43242 ms (enqueue 0.0337891 ms)
[09/30/2026-18:28:28] [I] Average on 10 runs - GPU latency: 2.42607 ms - Host latency: 2.42607 ms (enqueue 0.0316406 ms)
[09/30/2026-18:28:28] [I] Average on 10 runs - GPU latency: 2.43643 ms - Host latency: 2.43643 ms (enqueue 0.0333008 ms)
[09/30/2026-18:28:28] [I] Average on 10 runs - GPU latency: 2.37168 ms - Host latency: 2.37168 ms (enqueue 0.0307617 ms)
[09/30/2026-18:28:28] [I] Average on 10 runs - GPU latency: 2.42549 ms - Host latency: 2.42549 ms (enqueue 0.0336914 ms)
[09/30/2026-18:28:28] [I] Average on 10 runs - GPU latency: 2.42676 ms - Host latency: 2.42676 ms (enqueue 0.0323242 ms)
[09/30/2026-18:28:28] [I] Average on 10 runs - GPU latency: 2.43652 ms - Host latency: 2.43652 ms (enqueue 0.030957 ms)
[09/30/2026-18:28:28] [I] Average on 10 runs - GPU latency: 2.37012 ms - Host latency: 2.37012 ms (enqueue 0.0324219 ms)
[09/30/2026-18:28:28] [I] Average on 10 runs - GPU latency: 2.4377 ms - Host latency: 2.4377 ms (enqueue 0.0331055 ms)
[09/30/2026-18:28:28] [I] Average on 10 runs - GPU latency: 2.43799 ms - Host latency: 2.43799 ms (enqueue 0.0324219 ms)
[09/30/2026-18:28:28] [I] Average on 10 runs - GPU latency: 2.43164 ms - Host latency: 2.43164 ms (enqueue 0.031543 ms)
[09/30/2026-18:28:28] [I] Average on 10 runs - GPU latency: 2.3752 ms - Host latency: 2.3752 ms (enqueue 0.0321289 ms)
[09/30/2026-18:28:28] [I] Average on 10 runs - GPU latency: 2.43975 ms - Host latency: 2.43975 ms (enqueue 0.0314453 ms)
[09/30/2026-18:28:28] [I] Average on 10 runs - GPU latency: 2.43086 ms - Host latency: 2.43086 ms (enqueue 0.0322266 ms)
[09/30/2026-18:28:28] [I] Average on 10 runs - GPU latency: 2.37002 ms - Host latency: 2.37002 ms (enqueue 0.0456055 ms)
[09/30/2026-18:28:28] [I] Average on 10 runs - GPU latency: 2.45937 ms - Host latency: 2.45937 ms (enqueue 0.0317383 ms)
[09/30/2026-18:28:28] [I] Average on 10 runs - GPU latency: 2.43115 ms - Host latency: 2.43115 ms (enqueue 0.0328125 ms)
[09/30/2026-18:28:28] [I] Average on 10 runs - GPU latency: 2.4292 ms - Host latency: 2.4292 ms (enqueue 0.031543 ms)
[09/30/2026-18:28:28] [I] Average on 10 runs - GPU latency: 2.36787 ms - Host latency: 2.36787 ms (enqueue 0.0322266 ms)
[09/30/2026-18:28:28] [I] Average on 10 runs - GPU latency: 2.42783 ms - Host latency: 2.42783 ms (enqueue 0.0313477 ms)
[09/30/2026-18:28:28] [I] Average on 10 runs - GPU latency: 2.42822 ms - Host latency: 2.42822 ms (enqueue 0.0285156 ms)
[09/30/2026-18:28:28] [I] Average on 10 runs - GPU latency: 2.37715 ms - Host latency: 2.37715 ms (enqueue 0.0277344 ms)
[09/30/2026-18:28:28] [I] Average on 10 runs - GPU latency: 2.43291 ms - Host latency: 2.43291 ms (enqueue 0.0499023 ms)
[09/30/2026-18:28:28] [I] Average on 10 runs - GPU latency: 2.43408 ms - Host latency: 2.43408 ms (enqueue 0.0305664 ms)
[09/30/2026-18:28:28] [I] Average on 10 runs - GPU latency: 2.4335 ms - Host latency: 2.4335 ms (enqueue 0.0318359 ms)
[09/30/2026-18:28:28] [I] Average on 10 runs - GPU latency: 2.36807 ms - Host latency: 2.36807 ms (enqueue 0.0308594 ms)
[09/30/2026-18:28:28] [I] Average on 10 runs - GPU latency: 2.43945 ms - Host latency: 2.43945 ms (enqueue 0.0320312 ms)
[09/30/2026-18:28:28] [I] Average on 10 runs - GPU latency: 2.43662 ms - Host latency: 2.43662 ms (enqueue 0.0318359 ms)
[09/30/2026-18:28:28] [I] Average on 10 runs - GPU latency: 2.43555 ms - Host latency: 2.43555 ms (enqueue 0.0273438 ms)
[09/30/2026-18:28:28] [I] Average on 10 runs - GPU latency: 2.37002 ms - Host latency: 2.37002 ms (enqueue 0.031543 ms)
[09/30/2026-18:28:28] [I] Average on 10 runs - GPU latency: 2.44199 ms - Host latency: 2.44199 ms (enqueue 0.0317383 ms)
[09/30/2026-18:28:28] [I] Average on 10 runs - GPU latency: 2.4373 ms - Host latency: 2.4373 ms (enqueue 0.0321289 ms)
[09/30/2026-18:28:28] [I] Average on 10 runs - GPU latency: 2.44023 ms - Host latency: 2.44023 ms (enqueue 0.030957 ms)
[09/30/2026-18:28:28] [I] Average on 10 runs - GPU latency: 2.37451 ms - Host latency: 2.37451 ms (enqueue 0.025293 ms)
[09/30/2026-18:28:28] [I] Average on 10 runs - GPU latency: 2.43545 ms - Host latency: 2.43545 ms (enqueue 0.0308594 ms)
[09/30/2026-18:28:28] [I] Average on 10 runs - GPU latency: 2.43232 ms - Host latency: 2.43232 ms (enqueue 0.0333008 ms)
[09/30/2026-18:28:28] [I] Average on 10 runs - GPU latency: 2.36895 ms - Host latency: 2.36895 ms (enqueue 0.0298828 ms)
[09/30/2026-18:28:28] [I] Average on 10 runs - GPU latency: 2.43662 ms - Host latency: 2.43662 ms (enqueue 0.0255859 ms)
[09/30/2026-18:28:28] [I] Average on 10 runs - GPU latency: 2.4293 ms - Host latency: 2.4293 ms (enqueue 0.0287109 ms)
[09/30/2026-18:28:28] [I] Average on 10 runs - GPU latency: 2.43428 ms - Host latency: 2.43428 ms (enqueue 0.0299805 ms)
[09/30/2026-18:28:28] [I] Average on 10 runs - GPU latency: 2.37119 ms - Host latency: 2.37119 ms (enqueue 0.0274414 ms)
[09/30/2026-18:28:28] [I] Average on 10 runs - GPU latency: 2.43574 ms - Host latency: 2.43574 ms (enqueue 0.0430664 ms)
[09/30/2026-18:28:28] [I] Average on 10 runs - GPU latency: 2.50127 ms - Host latency: 2.50127 ms (enqueue 0.0282227 ms)
[09/30/2026-18:28:28] [I] Average on 10 runs - GPU latency: 2.43398 ms - Host latency: 2.43398 ms (enqueue 0.0328125 ms)
[09/30/2026-18:28:28] [I] Average on 10 runs - GPU latency: 2.37646 ms - Host latency: 2.37646 ms (enqueue 0.028125 ms)
[09/30/2026-18:28:28] [I] Average on 10 runs - GPU latency: 2.4377 ms - Host latency: 2.4377 ms (enqueue 0.0249023 ms)
[09/30/2026-18:28:28] [I] Average on 10 runs - GPU latency: 2.43418 ms - Host latency: 2.43418 ms (enqueue 0.0318359 ms)
[09/30/2026-18:28:28] [I] Average on 10 runs - GPU latency: 2.36855 ms - Host latency: 2.36855 ms (enqueue 0.0311523 ms)
[09/30/2026-18:28:28] [I] Average on 10 runs - GPU latency: 2.42773 ms - Host latency: 2.42773 ms (enqueue 0.0323242 ms)
[09/30/2026-18:28:28] [I] Average on 10 runs - GPU latency: 2.42285 ms - Host latency: 2.42285 ms (enqueue 0.0265625 ms)
[09/30/2026-18:28:28] [I] Average on 10 runs - GPU latency: 2.43477 ms - Host latency: 2.43477 ms (enqueue 0.034082 ms)
[09/30/2026-18:28:28] [I] Average on 10 runs - GPU latency: 2.37461 ms - Host latency: 2.37461 ms (enqueue 0.0314453 ms)
[09/30/2026-18:28:28] [I] Average on 10 runs - GPU latency: 2.43975 ms - Host latency: 2.43975 ms (enqueue 0.0274414 ms)
[09/30/2026-18:28:28] [I] Average on 10 runs - GPU latency: 2.42842 ms - Host latency: 2.42842 ms (enqueue 0.0318359 ms)
[09/30/2026-18:28:28] [I] Average on 10 runs - GPU latency: 2.40371 ms - Host latency: 2.40371 ms (enqueue 0.031543 ms)
[09/30/2026-18:28:28] [I] Average on 10 runs - GPU latency: 2.40342 ms - Host latency: 2.40342 ms (enqueue 0.03125 ms)
[09/30/2026-18:28:28] [I] Average on 10 runs - GPU latency: 2.42861 ms - Host latency: 2.42861 ms (enqueue 0.0265625 ms)
[09/30/2026-18:28:28] [I] Average on 10 runs - GPU latency: 2.43135 ms - Host latency: 2.43135 ms (enqueue 0.0298828 ms)
[09/30/2026-18:28:28] [I] Average on 10 runs - GPU latency: 2.36816 ms - Host latency: 2.36816 ms (enqueue 0.028418 ms)
[09/30/2026-18:28:28] [I] Average on 10 runs - GPU latency: 2.42617 ms - Host latency: 2.42617 ms (enqueue 0.0263672 ms)
[09/30/2026-18:28:28] [I] Average on 10 runs - GPU latency: 2.42969 ms - Host latency: 2.42969 ms (enqueue 0.0320312 ms)
[09/30/2026-18:28:28] [I] Average on 10 runs - GPU latency: 2.43467 ms - Host latency: 2.43467 ms (enqueue 0.0323242 ms)
[09/30/2026-18:28:28] [I] Average on 10 runs - GPU latency: 2.36875 ms - Host latency: 2.36875 ms (enqueue 0.0335938 ms)
[09/30/2026-18:28:28] [I] Average on 10 runs - GPU latency: 2.43203 ms - Host latency: 2.43203 ms (enqueue 0.0223633 ms)
[09/30/2026-18:28:28] [I] Average on 10 runs - GPU latency: 2.43301 ms - Host latency: 2.43301 ms (enqueue 0.0220703 ms)
[09/30/2026-18:28:28] [I] Average on 10 runs - GPU latency: 2.37061 ms - Host latency: 2.37061 ms (enqueue 0.0211914 ms)
[09/30/2026-18:28:28] [I] Average on 10 runs - GPU latency: 2.43223 ms - Host latency: 2.43223 ms (enqueue 0.0242187 ms)
[09/30/2026-18:28:28] [I] Average on 10 runs - GPU latency: 2.43711 ms - Host latency: 2.43711 ms (enqueue 0.0328125 ms)
[09/30/2026-18:28:28] [I] Average on 10 runs - GPU latency: 2.4376 ms - Host latency: 2.4376 ms (enqueue 0.0310547 ms)
[09/30/2026-18:28:28] [I] Average on 10 runs - GPU latency: 2.37285 ms - Host latency: 2.37285 ms (enqueue 0.030957 ms)
[09/30/2026-18:28:28] [I] Average on 10 runs - GPU latency: 2.43887 ms - Host latency: 2.43887 ms (enqueue 0.0308594 ms)
[09/30/2026-18:28:28] [I] Average on 10 runs - GPU latency: 2.43711 ms - Host latency: 2.43711 ms (enqueue 0.0290039 ms)
[09/30/2026-18:28:28] [I] Average on 10 runs - GPU latency: 2.43496 ms - Host latency: 2.43496 ms (enqueue 0.0291016 ms)
[09/30/2026-18:28:28] [I] Average on 10 runs - GPU latency: 2.37139 ms - Host latency: 2.37139 ms (enqueue 0.0313477 ms)
[09/30/2026-18:28:28] [I] Average on 10 runs - GPU latency: 2.4373 ms - Host latency: 2.4373 ms (enqueue 0.0262695 ms)
[09/30/2026-18:28:28] [I] Average on 10 runs - GPU latency: 2.4165 ms - Host latency: 2.4165 ms (enqueue 0.0322266 ms)
[09/30/2026-18:28:28] [I] Average on 10 runs - GPU latency: 2.36973 ms - Host latency: 2.36973 ms (enqueue 0.0308594 ms)
[09/30/2026-18:28:28] [I] Average on 10 runs - GPU latency: 2.42939 ms - Host latency: 2.42939 ms (enqueue 0.030957 ms)
[09/30/2026-18:28:28] [I] Average on 10 runs - GPU latency: 2.4332 ms - Host latency: 2.4332 ms (enqueue 0.0321289 ms)
[09/30/2026-18:28:28] [I] Average on 10 runs - GPU latency: 2.44131 ms - Host latency: 2.44131 ms (enqueue 0.0349609 ms)
[09/30/2026-18:28:28] [I] Average on 10 runs - GPU latency: 2.51758 ms - Host latency: 2.51758 ms (enqueue 0.0318359 ms)
[09/30/2026-18:28:28] [I] Average on 10 runs - GPU latency: 2.51641 ms - Host latency: 2.51641 ms (enqueue 0.0337891 ms)
[09/30/2026-18:28:28] [I] Average on 10 runs - GPU latency: 2.41934 ms - Host latency: 2.41934 ms (enqueue 0.0304688 ms)
[09/30/2026-18:28:28] [I] Average on 10 runs - GPU latency: 2.49121 ms - Host latency: 2.49121 ms (enqueue 0.0370117 ms)
[09/30/2026-18:28:28] [I] Average on 10 runs - GPU latency: 2.41357 ms - Host latency: 2.41357 ms (enqueue 0.0300781 ms)
[09/30/2026-18:28:28] [I] Average on 10 runs - GPU latency: 2.48115 ms - Host latency: 2.48115 ms (enqueue 0.0336914 ms)
[09/30/2026-18:28:28] [I] Average on 10 runs - GPU latency: 2.42422 ms - Host latency: 2.42422 ms (enqueue 0.0320312 ms)
[09/30/2026-18:28:28] [I] Average on 10 runs - GPU latency: 2.43096 ms - Host latency: 2.43096 ms (enqueue 0.03125 ms)
[09/30/2026-18:28:28] [I] Average on 10 runs - GPU latency: 2.42119 ms - Host latency: 2.42119 ms (enqueue 0.0322266 ms)
[09/30/2026-18:28:28] [I] Average on 10 runs - GPU latency: 2.47354 ms - Host latency: 2.47354 ms (enqueue 0.0311523 ms)
[09/30/2026-18:28:28] [I] Average on 10 runs - GPU latency: 2.40371 ms - Host latency: 2.40371 ms (enqueue 0.0319336 ms)
[09/30/2026-18:28:28] [I] Average on 10 runs - GPU latency: 2.42939 ms - Host latency: 2.42939 ms (enqueue 0.0334961 ms)
[09/30/2026-18:28:28] [I] Average on 10 runs - GPU latency: 2.49326 ms - Host latency: 2.49326 ms (enqueue 0.0314453 ms)
[09/30/2026-18:28:28] [I] Average on 10 runs - GPU latency: 2.42803 ms - Host latency: 2.42803 ms (enqueue 0.0298828 ms)
[09/30/2026-18:28:28] [I] Average on 10 runs - GPU latency: 2.43037 ms - Host latency: 2.43037 ms (enqueue 0.0336914 ms)
[09/30/2026-18:28:28] [I] Average on 10 runs - GPU latency: 2.44336 ms - Host latency: 2.44336 ms (enqueue 0.0317383 ms)
[09/30/2026-18:28:28] [I] Average on 10 runs - GPU latency: 2.51211 ms - Host latency: 2.51211 ms (enqueue 0.0316406 ms)
[09/30/2026-18:28:28] [I] Average on 10 runs - GPU latency: 2.44717 ms - Host latency: 2.44717 ms (enqueue 0.0331055 ms)
[09/30/2026-18:28:28] [I] Average on 10 runs - GPU latency: 2.48779 ms - Host latency: 2.48779 ms (enqueue 0.0321289 ms)
[09/30/2026-18:28:28] [I] Average on 10 runs - GPU latency: 2.41621 ms - Host latency: 2.41621 ms (enqueue 0.0305664 ms)
[09/30/2026-18:28:28] [I] Average on 10 runs - GPU latency: 2.43574 ms - Host latency: 2.43574 ms (enqueue 0.0317383 ms)
[09/30/2026-18:28:28] [I] Average on 10 runs - GPU latency: 2.42881 ms - Host latency: 2.42881 ms (enqueue 0.0335938 ms)
[09/30/2026-18:28:28] [I] Average on 10 runs - GPU latency: 2.49688 ms - Host latency: 2.49688 ms (enqueue 0.0310547 ms)
[09/30/2026-18:28:28] [I] Average on 10 runs - GPU latency: 2.36729 ms - Host latency: 2.36729 ms (enqueue 0.0326172 ms)
[09/30/2026-18:28:28] [I] Average on 10 runs - GPU latency: 2.43906 ms - Host latency: 2.43906 ms (enqueue 0.0326172 ms)
[09/30/2026-18:28:28] [I] Average on 10 runs - GPU latency: 2.43281 ms - Host latency: 2.43281 ms (enqueue 0.0321289 ms)
[09/30/2026-18:28:28] [I] Average on 10 runs - GPU latency: 2.3832 ms - Host latency: 2.3832 ms (enqueue 0.0326172 ms)
[09/30/2026-18:28:28] [I] Average on 10 runs - GPU latency: 2.44443 ms - Host latency: 2.44443 ms (enqueue 0.0332031 ms)
[09/30/2026-18:28:28] [I] Average on 10 runs - GPU latency: 2.44873 ms - Host latency: 2.44873 ms (enqueue 0.0326172 ms)
[09/30/2026-18:28:28] [I] Average on 10 runs - GPU latency: 2.44492 ms - Host latency: 2.44492 ms (enqueue 0.0331055 ms)
[09/30/2026-18:28:28] [I] Average on 10 runs - GPU latency: 2.37881 ms - Host latency: 2.37881 ms (enqueue 0.0306641 ms)
[09/30/2026-18:28:28] [I] Average on 10 runs - GPU latency: 2.4375 ms - Host latency: 2.4375 ms (enqueue 0.0333984 ms)
[09/30/2026-18:28:28] [I] Average on 10 runs - GPU latency: 2.43779 ms - Host latency: 2.43779 ms (enqueue 0.0322266 ms)
[09/30/2026-18:28:28] [I] Average on 10 runs - GPU latency: 2.43984 ms - Host latency: 2.43984 ms (enqueue 0.0313477 ms)
[09/30/2026-18:28:28] [I] Average on 10 runs - GPU latency: 2.36738 ms - Host latency: 2.36738 ms (enqueue 0.0322266 ms)
[09/30/2026-18:28:28] [I] Average on 10 runs - GPU latency: 2.44316 ms - Host latency: 2.44316 ms (enqueue 0.0311523 ms)
[09/30/2026-18:28:28] [I] Average on 10 runs - GPU latency: 2.43818 ms - Host latency: 2.43818 ms (enqueue 0.0288086 ms)
[09/30/2026-18:28:28] [I] Average on 10 runs - GPU latency: 2.3667 ms - Host latency: 2.3667 ms (enqueue 0.0306641 ms)
[09/30/2026-18:28:28] [I] Average on 10 runs - GPU latency: 2.43535 ms - Host latency: 2.43535 ms (enqueue 0.0256836 ms)
[09/30/2026-18:28:28] [I] Average on 10 runs - GPU latency: 2.43672 ms - Host latency: 2.43672 ms (enqueue 0.0275391 ms)
[09/30/2026-18:28:28] [I] Average on 10 runs - GPU latency: 2.43584 ms - Host latency: 2.43584 ms (enqueue 0.0316406 ms)
[09/30/2026-18:28:28] [I] Average on 10 runs - GPU latency: 2.47197 ms - Host latency: 2.47197 ms (enqueue 0.0282227 ms)
[09/30/2026-18:28:28] [I] Average on 10 runs - GPU latency: 2.45293 ms - Host latency: 2.45293 ms (enqueue 0.030957 ms)
[09/30/2026-18:28:28] [I] Average on 10 runs - GPU latency: 2.43008 ms - Host latency: 2.43008 ms (enqueue 0.0332031 ms)
[09/30/2026-18:28:28] [I] Average on 10 runs - GPU latency: 2.50205 ms - Host latency: 2.50205 ms (enqueue 0.0350586 ms)
[09/30/2026-18:28:28] [I] Average on 10 runs - GPU latency: 2.36807 ms - Host latency: 2.36807 ms (enqueue 0.0328125 ms)
[09/30/2026-18:28:28] [I] Average on 10 runs - GPU latency: 2.44102 ms - Host latency: 2.44102 ms (enqueue 0.0321289 ms)
[09/30/2026-18:28:28] [I] Average on 10 runs - GPU latency: 2.43906 ms - Host latency: 2.43906 ms (enqueue 0.0303711 ms)
[09/30/2026-18:28:28] [I] Average on 10 runs - GPU latency: 2.43857 ms - Host latency: 2.43857 ms (enqueue 0.028125 ms)
[09/30/2026-18:28:28] [I] Average on 10 runs - GPU latency: 2.37598 ms - Host latency: 2.37598 ms (enqueue 0.0305664 ms)
[09/30/2026-18:28:28] [I] Average on 10 runs - GPU latency: 2.43887 ms - Host latency: 2.43887 ms (enqueue 0.030957 ms)
[09/30/2026-18:28:28] [I] Average on 10 runs - GPU latency: 2.4334 ms - Host latency: 2.4334 ms (enqueue 0.0514648 ms)
[09/30/2026-18:28:28] [I] Average on 10 runs - GPU latency: 2.37031 ms - Host latency: 2.37031 ms (enqueue 0.0318359 ms)
[09/30/2026-18:28:28] [I] Average on 10 runs - GPU latency: 2.44688 ms - Host latency: 2.44688 ms (enqueue 0.0303711 ms)
[09/30/2026-18:28:28] [I] Average on 10 runs - GPU latency: 2.43467 ms - Host latency: 2.43467 ms (enqueue 0.0306641 ms)
[09/30/2026-18:28:28] [I] Average on 10 runs - GPU latency: 2.44443 ms - Host latency: 2.44443 ms (enqueue 0.0301758 ms)
[09/30/2026-18:28:28] [I] Average on 10 runs - GPU latency: 2.36816 ms - Host latency: 2.36816 ms (enqueue 0.0325195 ms)
[09/30/2026-18:28:28] [I] Average on 10 runs - GPU latency: 2.44385 ms - Host latency: 2.44385 ms (enqueue 0.0319336 ms)
[09/30/2026-18:28:28] [I] Average on 10 runs - GPU latency: 2.43506 ms - Host latency: 2.43506 ms (enqueue 0.0307617 ms)
[09/30/2026-18:28:28] [I] Average on 10 runs - GPU latency: 2.43809 ms - Host latency: 2.43809 ms (enqueue 0.0305664 ms)
[09/30/2026-18:28:28] [I] Average on 10 runs - GPU latency: 2.36914 ms - Host latency: 2.36914 ms (enqueue 0.0292969 ms)
[09/30/2026-18:28:28] [I] Average on 10 runs - GPU latency: 2.43379 ms - Host latency: 2.43379 ms (enqueue 0.0232422 ms)
[09/30/2026-18:28:28] [I] Average on 10 runs - GPU latency: 2.43428 ms - Host latency: 2.43428 ms (enqueue 0.0272461 ms)
[09/30/2026-18:28:28] [I] Average on 10 runs - GPU latency: 2.36992 ms - Host latency: 2.36992 ms (enqueue 0.0298828 ms)
[09/30/2026-18:28:28] [I] Average on 10 runs - GPU latency: 2.42793 ms - Host latency: 2.42793 ms (enqueue 0.0324219 ms)
[09/30/2026-18:28:28] [I] Average on 10 runs - GPU latency: 2.44121 ms - Host latency: 2.44121 ms (enqueue 0.0324219 ms)
[09/30/2026-18:28:28] [I] Average on 10 runs - GPU latency: 2.421 ms - Host latency: 2.421 ms (enqueue 0.0366211 ms)
[09/30/2026-18:28:28] [I] Average on 10 runs - GPU latency: 2.37598 ms - Host latency: 2.37598 ms (enqueue 0.0325195 ms)
[09/30/2026-18:28:28] [I] Average on 10 runs - GPU latency: 2.43555 ms - Host latency: 2.43555 ms (enqueue 0.0316406 ms)
[09/30/2026-18:28:28] [I] Average on 10 runs - GPU latency: 2.43994 ms - Host latency: 2.43994 ms (enqueue 0.0337891 ms)
[09/30/2026-18:28:28] [I] Average on 10 runs - GPU latency: 2.40977 ms - Host latency: 2.40977 ms (enqueue 0.034082 ms)
[09/30/2026-18:28:28] [I] Average on 10 runs - GPU latency: 2.39736 ms - Host latency: 2.39736 ms (enqueue 0.0332031 ms)
[09/30/2026-18:28:28] [I] Average on 10 runs - GPU latency: 2.42441 ms - Host latency: 2.42441 ms (enqueue 0.0305664 ms)
[09/30/2026-18:28:28] [I] Average on 10 runs - GPU latency: 2.4377 ms - Host latency: 2.4377 ms (enqueue 0.0307617 ms)
[09/30/2026-18:28:28] [I] Average on 10 runs - GPU latency: 2.37422 ms - Host latency: 2.37422 ms (enqueue 0.0266602 ms)
[09/30/2026-18:28:28] [I] 
[09/30/2026-18:28:28] [I] === Performance summary ===
[09/30/2026-18:28:28] [I] Throughput: 413.33 qps
[09/30/2026-18:28:28] [I] Latency: min = 2.31323 ms, max = 3.65869 ms, mean = 2.41769 ms, median = 2.36035 ms, percentile(50%) = 2.36035 ms, percentile(95%) = 2.98804 ms
[09/30/2026-18:28:28] [I] Enqueue Time: min = 0.0185547 ms, max = 0.237305 ms, mean = 0.0306068 ms, median = 0.0305176 ms, percentile(50%) = 0.0305176 ms, percentile(95%) = 0.0380859 ms
[09/30/2026-18:28:28] [I] H2D Latency: min = 0 ms, max = 0 ms, mean = 0 ms, median = 0 ms, percentile(50%) = 0 ms, percentile(95%) = 0 ms
[09/30/2026-18:28:28] [I] GPU Compute Time: min = 2.31323 ms, max = 3.65869 ms, mean = 2.41769 ms, median = 2.36035 ms, percentile(50%) = 2.36035 ms, percentile(95%) = 2.98804 ms
[09/30/2026-18:28:28] [I] D2H Latency: min = 0 ms, max = 0 ms, mean = 0 ms, median = 0 ms, percentile(50%) = 0 ms, percentile(95%) = 0 ms
[09/30/2026-18:28:28] [I] Total Host Walltime: 15.005 s
[09/30/2026-18:28:28] [I] Total GPU Compute Time: 14.9945 s
[09/30/2026-18:28:28] [W] * GPU compute time is unstable, with coefficient of variance = 7.65502%.
[09/30/2026-18:28:28] [W]   If not already in use, locking GPU clock frequency may improve the stability.
[09/30/2026-18:28:28] [I] Explanations of the performance metrics are printed in the verbose logs.
[09/30/2026-18:28:28] [I] 
[09/30/2026-18:28:28] [I] Capturing CUDA graph for the current execution context
[09/30/2026-18:28:28] [I] Successfully captured CUDA graph for the current execution context. When profiling with Nsight Systems, add "--cuda-graph-trace=node" to the nsys command to see per-kernel execution times.
[09/30/2026-18:28:44] [I] 
[09/30/2026-18:28:44] [I] === Profile (3960 iterations ) ===
[09/30/2026-18:28:44] [I]    Time(ms)     Avg.(ms)   Median(ms)   Time(%)   Layer
[09/30/2026-18:28:44] [I]      183.11       0.0462       0.0460       1.3   Reformatting CopyNode for Input Tensor 0 to /model.0/conv/Conv
[09/30/2026-18:28:44] [I]      211.79       0.0535       0.0532       1.5   /model.0/conv/Conv
[09/30/2026-18:28:44] [I]      223.03       0.0563       0.0563       1.6   __myl_MoveNegExpAddDivMul_myl5_0
[09/30/2026-18:28:44] [I]      226.29       0.0571       0.0573       1.6   /model.1/conv/Conv
[09/30/2026-18:28:44] [I]      113.54       0.0287       0.0287       0.8   __myl_MoveNegExpAddDivMul_myl8_0
[09/30/2026-18:28:44] [I]      119.85       0.0303       0.0297       0.9   /model.2/cv1/conv/Conv
[09/30/2026-18:28:44] [I]      113.54       0.0287       0.0287       0.8   __myl_MoveNegExpAddDivMul_myl10_0
[09/30/2026-18:28:44] [I]      119.70       0.0302       0.0297       0.9   /model.2/m.0/cv1/conv/Conv
[09/30/2026-18:28:44] [I]       32.44       0.0082       0.0082       0.2   __myl_MoveNegExpAddDivMul_myl13_0
[09/30/2026-18:28:44] [I]       99.93       0.0252       0.0246       0.7   /model.2/m.0/cv2/conv/Conv
[09/30/2026-18:28:44] [I]      300.90       0.0760       0.0760       2.2   __myl_MoveNegExpAddDivMulAdd_myl16_0
[09/30/2026-18:28:44] [I]      133.68       0.0338       0.0195       1.0   /model.2/Split_output_0 copy
[09/30/2026-18:28:44] [I]       76.24       0.0193       0.0195       0.6   /model.2/Split_output_1 copy
[09/30/2026-18:28:44] [I]      140.47       0.0355       0.0357       1.0   /model.2/cv2/conv/Conv
[09/30/2026-18:28:44] [I]      113.54       0.0287       0.0287       0.8   __myl_MoveNegExpAddDivMul_myl20_0
[09/30/2026-18:28:44] [I]      134.34       0.0339       0.0338       1.0   /model.3/conv/Conv
[09/30/2026-18:28:44] [I]       36.50       0.0092       0.0092       0.3   __myl_MoveNegExpAddDivMul_myl22_0
[09/30/2026-18:28:44] [I]       62.75       0.0158       0.0154       0.5   /model.4/cv1/conv/Conv
[09/30/2026-18:28:44] [I]       28.39       0.0072       0.0072       0.2   __myl_MoveNegExpAddDivMul_myl24_0
[09/30/2026-18:28:44] [I]      205.01       0.0518       0.0492       1.5   /model.4/m.0/cv1/conv/Conv
[09/30/2026-18:28:44] [I]       28.38       0.0072       0.0072       0.2   __myl_MoveNegExpAddDivMul_myl26_0
[09/30/2026-18:28:44] [I]       83.18       0.0210       0.0205       0.6   /model.4/m.0/cv2/conv/Conv
[09/30/2026-18:28:44] [I]       24.33       0.0061       0.0061       0.2   __myl_MoveNegExpAddDivMulAdd_myl28_0
[09/30/2026-18:28:44] [I]      182.71       0.0461       0.0471       1.3   /model.4/m.1/cv1/conv/Conv
[09/30/2026-18:28:44] [I]       24.33       0.0061       0.0061       0.2   __myl_MoveNegExpAddDivMul_myl30_0
[09/30/2026-18:28:44] [I]       97.68       0.0247       0.0215       0.7   /model.4/m.1/cv2/conv/Conv
[09/30/2026-18:28:44] [I]       36.52       0.0092       0.0092       0.3   __myl_MoveNegExpAddDivMulAdd_myl34_0
[09/30/2026-18:28:44] [I]       49.20       0.0124       0.0123       0.4   /model.4/Split_output_0 copy
[09/30/2026-18:28:44] [I]       47.70       0.0120       0.0123       0.3   /model.4/Split_output_1 copy
[09/30/2026-18:28:44] [I]       78.76       0.0199       0.0133       0.6   /model.4/m.0/Add_output_0 copy
[09/30/2026-18:28:44] [I]      101.42       0.0256       0.0256       0.7   /model.4/cv2/conv/Conv
[09/30/2026-18:28:44] [I]       40.55       0.0102       0.0102       0.3   __myl_MoveNegExpAddDivMul_myl40_0
[09/30/2026-18:28:44] [I]      136.54       0.0345       0.0348       1.0   /model.5/conv/Conv
[09/30/2026-18:28:44] [I]       28.38       0.0072       0.0072       0.2   __myl_MoveNegExpAddDivMul_myl42_0
[09/30/2026-18:28:44] [I]       51.01       0.0129       0.0123       0.4   /model.6/cv1/conv/Conv
[09/30/2026-18:28:44] [I]       24.33       0.0061       0.0061       0.2   __myl_MoveNegExpAddDivMul_myl44_0
[09/30/2026-18:28:44] [I]      213.23       0.0538       0.0553       1.6   /model.6/m.0/cv1/conv/Conv
[09/30/2026-18:28:44] [I]       28.38       0.0072       0.0072       0.2   __myl_MoveNegExpAddDivMul_myl46_0
[09/30/2026-18:28:44] [I]       88.35       0.0223       0.0215       0.6   /model.6/m.0/cv2/conv/Conv
[09/30/2026-18:28:44] [I]       20.27       0.0051       0.0051       0.1   __myl_MoveNegExpAddDivMulAdd_myl48_0
[09/30/2026-18:28:44] [I]       92.30       0.0233       0.0225       0.7   /model.6/m.1/cv1/conv/Conv
[09/30/2026-18:28:44] [I]      142.66       0.0360       0.0360       1.0   __myl_MoveNegExpAddDivMul_myl52_0
[09/30/2026-18:28:44] [I]       88.86       0.0224       0.0215       0.6   /model.6/m.1/cv2/conv/Conv
[09/30/2026-18:28:44] [I]       20.27       0.0051       0.0051       0.1   __myl_MoveNegExpAddDivMulAdd_myl55_0
[09/30/2026-18:28:44] [I]       39.69       0.0100       0.0082       0.3   /model.6/Split_output_0 copy
[09/30/2026-18:28:44] [I]       38.79       0.0098       0.0092       0.3   /model.6/Split_output_1 copy
[09/30/2026-18:28:44] [I]       68.47       0.0173       0.0072       0.5   /model.6/m.0/Add_output_0 copy
[09/30/2026-18:28:44] [I]       69.14       0.0175       0.0164       0.5   /model.6/cv2/conv/Conv
[09/30/2026-18:28:44] [I]       28.38       0.0072       0.0072       0.2   __myl_MoveNegExpAddDivMul_myl61_0
[09/30/2026-18:28:44] [I]      233.78       0.0590       0.0584       1.7   /model.7/conv/Conv
[09/30/2026-18:28:44] [I]       20.27       0.0051       0.0051       0.1   __myl_MoveNegExpAddDivMul_myl63_0
[09/30/2026-18:28:44] [I]       58.22       0.0147       0.0143       0.4   /model.8/cv1/conv/Conv
[09/30/2026-18:28:44] [I]       20.27       0.0051       0.0051       0.1   __myl_MoveNegExpAddDivMul_myl65_0
[09/30/2026-18:28:44] [I]       24.61       0.0062       0.0060       0.2   Reformatting CopyNode for Input Tensor 0 to /model.8/m.0/cv1/conv/Conv
[09/30/2026-18:28:44] [I]      125.86       0.0318       0.0317       0.9   /model.8/m.0/cv1/conv/Conv
[09/30/2026-18:28:44] [I]       16.22       0.0041       0.0041       0.1   __myl_MoveNegExpAddDivMul_myl70_0
[09/30/2026-18:28:44] [I]      124.18       0.0314       0.0307       0.9   /model.8/m.0/cv2/conv/Conv
[09/30/2026-18:28:44] [I]       23.12       0.0058       0.0061       0.2   Reformatting CopyNode for Input Tensor 0 to PWN(PWN(PWN(/model.8/m.0/cv2/act/Sigmoid), PWN(/model.8/m.0/cv2/act/Mul)), PWN(/model.8/m.0/Add))
[09/30/2026-18:28:44] [I]       85.42       0.0216       0.0216       0.6   __myl_MoveNegExpAddDivMulAdd_myl74_0
[09/30/2026-18:28:44] [I]       31.79       0.0080       0.0061       0.2   /model.8/Split_output_0 copy
[09/30/2026-18:28:44] [I]       52.83       0.0133       0.0061       0.4   /model.8/Split_output_1 copy
[09/30/2026-18:28:44] [I]       77.78       0.0196       0.0184       0.6   /model.8/cv2/conv/Conv
[09/30/2026-18:28:44] [I]       20.27       0.0051       0.0051       0.1   __myl_MoveNegExpAddDivMul_myl79_0
[09/30/2026-18:28:44] [I]       53.05       0.0134       0.0123       0.4   /model.9/cv1/conv/Conv
[09/30/2026-18:28:44] [I]       97.48       0.0246       0.0143       0.7   /model.9/m/MaxPool
[09/30/2026-18:28:44] [I]      112.94       0.0285       0.0317       0.8   /model.9/m_1/MaxPool
[09/30/2026-18:28:44] [I]       57.30       0.0145       0.0143       0.4   /model.9/m_2/MaxPool
[09/30/2026-18:28:44] [I]       25.39       0.0064       0.0061       0.2   /model.9/cv1/conv/Conv_output_0 copy
[09/30/2026-18:28:44] [I]       28.09       0.0071       0.0061       0.2   /model.9/m/MaxPool_output_0 copy
[09/30/2026-18:28:44] [I]       30.58       0.0077       0.0072       0.2   /model.9/m_1/MaxPool_output_0 copy
[09/30/2026-18:28:44] [I]       84.62       0.0214       0.0205       0.6   /model.9/cv2/conv/Conv
[09/30/2026-18:28:44] [I]       20.28       0.0051       0.0051       0.1   __myl_MoveNegExpAddDivMul_myl90_0
[09/30/2026-18:28:44] [I]       24.87       0.0063       0.0051       0.2   Reformatting CopyNode for Output Tensor 0 to PWN(PWN(/model.9/cv2/act/Sigmoid), PWN(/model.9/cv2/act/Mul))
[09/30/2026-18:28:44] [I]       44.07       0.0111       0.0102       0.3   /model.10/Resize
[09/30/2026-18:28:44] [I]       53.99       0.0136       0.0113       0.4   /model.10/Resize_output_0 copy
[09/30/2026-18:28:44] [I]      180.06       0.0455       0.0481       1.3   /model.12/cv1/conv/Conv
[09/30/2026-18:28:44] [I]       24.33       0.0061       0.0061       0.2   __myl_MoveNegExpAddDivMul_myl95_0
[09/30/2026-18:28:44] [I]       91.15       0.0230       0.0225       0.7   /model.12/m.0/cv1/conv/Conv
[09/30/2026-18:28:44] [I]       85.16       0.0215       0.0215       0.6   __myl_MoveNegExpAddDivMul_myl97_0
[09/30/2026-18:28:44] [I]      183.83       0.0464       0.0512       1.3   /model.12/m.0/cv2/conv/Conv
[09/30/2026-18:28:44] [I]       20.91       0.0053       0.0053       0.2   __myl_MoveNegExpAddDivMul_myl100_0
[09/30/2026-18:28:44] [I]       40.16       0.0101       0.0082       0.3   /model.12/Split_output_0 copy
[09/30/2026-18:28:44] [I]       34.79       0.0088       0.0082       0.3   /model.12/Split_output_1 copy
[09/30/2026-18:28:44] [I]      172.74       0.0436       0.0481       1.3   /model.12/cv2/conv/Conv
[09/30/2026-18:28:44] [I]       28.40       0.0072       0.0072       0.2   __myl_MoveNegExpAddDivMul_myl105_0
[09/30/2026-18:28:44] [I]       78.02       0.0197       0.0184       0.6   /model.13/Resize
[09/30/2026-18:28:44] [I]      121.64       0.0307       0.0297       0.9   /model.13/Resize_output_0 copy
[09/30/2026-18:28:44] [I]      129.91       0.0328       0.0328       0.9   /model.15/cv1/conv/Conv
[09/30/2026-18:28:44] [I]       32.44       0.0082       0.0082       0.2   __myl_MoveNegExpAddDivMul_myl109_0
[09/30/2026-18:28:44] [I]       85.23       0.0215       0.0215       0.6   /model.15/m.0/cv1/conv/Conv
[09/30/2026-18:28:44] [I]       24.33       0.0061       0.0061       0.2   __myl_MoveNegExpAddDivMul_myl111_0
[09/30/2026-18:28:44] [I]      176.86       0.0447       0.0481       1.3   /model.15/m.0/cv2/conv/Conv
[09/30/2026-18:28:44] [I]       24.33       0.0061       0.0061       0.2   __myl_MoveNegExpAddDivMul_myl114_0
[09/30/2026-18:28:44] [I]       54.02       0.0136       0.0123       0.4   /model.15/Split_output_0 copy
[09/30/2026-18:28:44] [I]       49.58       0.0125       0.0123       0.4   /model.15/Split_output_1 copy
[09/30/2026-18:28:44] [I]      173.49       0.0438       0.0471       1.3   /model.15/cv2/conv/Conv
[09/30/2026-18:28:44] [I]       35.61       0.0090       0.0090       0.3   __myl_MoveNegExpAddDivMul_myl119_0
[09/30/2026-18:28:44] [I]      130.42       0.0329       0.0317       1.0   /model.16/conv/Conv
[09/30/2026-18:28:44] [I]      280.17       0.0708       0.0707       2.0   /model.22/cv2.0/cv2.0.0/conv/Conv || /model.22/cv3.0/cv3.0.0/conv/Conv
[09/30/2026-18:28:44] [I]       28.39       0.0072       0.0072       0.2   __myl_MoveNegExpAddDivMul_myl123_0
[09/30/2026-18:28:44] [I]       56.77       0.0143       0.0143       0.4   __myl_MoveNegExpAddDivMul_myl124_0
[09/30/2026-18:28:44] [I]      308.13       0.0778       0.0778       2.2   __myl_MoveNegExpAddDivMul_myl125_0
[09/30/2026-18:28:44] [I]       43.49       0.0110       0.0113       0.3   /model.12/cv2/act/Mul_output_0 copy
[09/30/2026-18:28:44] [I]      224.34       0.0567       0.0573       1.6   /model.22/cv2.0/cv2.0.1/conv/Conv
[09/30/2026-18:28:44] [I]      218.48       0.0552       0.0553       1.6   /model.22/cv3.0/cv3.0.1/conv/Conv
[09/30/2026-18:28:44] [I]       72.82       0.0184       0.0184       0.5   /model.18/cv1/conv/Conv
[09/30/2026-18:28:44] [I]       60.83       0.0154       0.0154       0.4   __myl_MoveNegExpAddDivMul_myl133_0
[09/30/2026-18:28:44] [I]       64.88       0.0164       0.0164       0.5   __myl_MoveNegExpAddDivMul_myl135_0
[09/30/2026-18:28:44] [I]       40.55       0.0102       0.0102       0.3   __myl_MoveNegExpAddDivMul_myl136_0
[09/30/2026-18:28:44] [I]       91.80       0.0232       0.0215       0.7   /model.22/cv2.0/cv2.0.2/Conv
[09/30/2026-18:28:44] [I]       70.19       0.0177       0.0174       0.5   /model.22/cv3.0/cv3.0.2/Conv
[09/30/2026-18:28:44] [I]       65.75       0.0166       0.0164       0.5   /model.22/Reshape_copy_output
[09/30/2026-18:28:44] [I]       27.09       0.0068       0.0061       0.2   /model.22/Reshape_3_copy_output
[09/30/2026-18:28:44] [I]      113.29       0.0286       0.0236       0.8   /model.18/m.0/cv1/conv/Conv
[09/30/2026-18:28:44] [I]       20.29       0.0051       0.0051       0.1   __myl_MoveNegExpAddDivMul_myl146_0
[09/30/2026-18:28:44] [I]      123.39       0.0312       0.0225       0.9   /model.18/m.0/cv2/conv/Conv
[09/30/2026-18:28:44] [I]       20.27       0.0051       0.0051       0.1   __myl_MoveNegExpAddDivMul_myl149_0
[09/30/2026-18:28:44] [I]       60.54       0.0153       0.0092       0.4   /model.18/Split_output_0 copy
[09/30/2026-18:28:44] [I]       56.68       0.0143       0.0082       0.4   /model.18/Split_output_1 copy
[09/30/2026-18:28:44] [I]      114.97       0.0290       0.0317       0.8   /model.18/cv2/conv/Conv
[09/30/2026-18:28:44] [I]       89.20       0.0225       0.0225       0.7   __myl_MoveNegExpAddDivMul_myl154_0
[09/30/2026-18:28:44] [I]       62.77       0.0159       0.0072       0.5   Reformatting CopyNode for Input Tensor 0 to /model.19/conv/Conv
[09/30/2026-18:28:44] [I]      202.01       0.0510       0.0492       1.5   /model.19/conv/Conv
[09/30/2026-18:28:44] [I]      227.78       0.0575       0.0573       1.7   /model.22/cv2.1/cv2.1.0/conv/Conv || /model.22/cv3.1/cv3.1.0/conv/Conv
[09/30/2026-18:28:44] [I]       16.22       0.0041       0.0041       0.1   __myl_MoveNegExpAddDivMul_myl161_0
[09/30/2026-18:28:44] [I]       32.79       0.0083       0.0082       0.2   Reformatting CopyNode for Input Tensor 0 to PWN(PWN(/model.22/cv2.1/cv2.1.0/act/Sigmoid), PWN(/model.22/cv2.1/cv2.1.0/act/Mul))
[09/30/2026-18:28:44] [I]       20.78       0.0052       0.0052       0.2   __myl_MoveNegExpAddDivMul_myl163_0
[09/30/2026-18:28:44] [I]       30.10       0.0076       0.0072       0.2   Reformatting CopyNode for Input Tensor 0 to PWN(PWN(/model.22/cv3.1/cv3.1.0/act/Sigmoid), PWN(/model.22/cv3.1/cv3.1.0/act/Mul))
[09/30/2026-18:28:44] [I]       20.27       0.0051       0.0051       0.1   __myl_MoveNegExpAddDivMul_myl165_0
[09/30/2026-18:28:44] [I]       74.89       0.0189       0.0195       0.5   /model.9/cv2/act/Mul_output_0 copy
[09/30/2026-18:28:44] [I]       91.88       0.0232       0.0225       0.7   /model.22/cv2.1/cv2.1.1/conv/Conv
[09/30/2026-18:28:44] [I]       91.15       0.0230       0.0215       0.7   /model.22/cv3.1/cv3.1.1/conv/Conv
[09/30/2026-18:28:44] [I]       24.72       0.0062       0.0061       0.2   Reformatting CopyNode for Input Tensor 0 to /model.21/cv1/conv/Conv
[09/30/2026-18:28:44] [I]       72.68       0.0184       0.0184       0.5   /model.21/cv1/conv/Conv
[09/30/2026-18:28:44] [I]       24.33       0.0061       0.0061       0.2   __myl_MoveNegExpAddDivMul_myl171_0
[09/30/2026-18:28:44] [I]       20.28       0.0051       0.0051       0.1   __myl_MoveNegExpAddDivMul_myl172_0
[09/30/2026-18:28:44] [I]       20.29       0.0051       0.0051       0.1   __myl_MoveNegExpAddDivMul_myl173_0
[09/30/2026-18:28:44] [I]       27.06       0.0068       0.0061       0.2   Reformatting CopyNode for Output Tensor 0 to PWN(PWN(/model.21/cv1/act/Sigmoid), PWN(/model.21/cv1/act/Mul))
[09/30/2026-18:28:44] [I]       61.37       0.0155       0.0154       0.4   /model.22/cv2.1/cv2.1.2/Conv
[09/30/2026-18:28:44] [I]       56.80       0.0143       0.0134       0.4   /model.22/cv3.1/cv3.1.2/Conv
[09/30/2026-18:28:44] [I]       34.54       0.0087       0.0072       0.3   /model.22/Reshape_1_copy_output
[09/30/2026-18:28:44] [I]       87.66       0.0221       0.0256       0.6   /model.22/Reshape_4_copy_output
[09/30/2026-18:28:44] [I]      135.75       0.0343       0.0317       1.0   /model.21/m.0/cv1/conv/Conv
[09/30/2026-18:28:44] [I]       16.22       0.0041       0.0041       0.1   __myl_MoveNegExpAddDivMul_myl183_0
[09/30/2026-18:28:44] [I]      126.17       0.0319       0.0307       0.9   /model.21/m.0/cv2/conv/Conv
[09/30/2026-18:28:44] [I]       20.27       0.0051       0.0051       0.1   __myl_MoveNegExpAddDivMul_myl186_0
[09/30/2026-18:28:44] [I]       40.68       0.0103       0.0061       0.3   /model.21/Split_output_0 copy
[09/30/2026-18:28:44] [I]       42.24       0.0107       0.0051       0.3   /model.21/Split_output_1 copy
[09/30/2026-18:28:44] [I]       49.82       0.0126       0.0061       0.4   Reformatting CopyNode for Input Tensor 0 to /model.21/cv2/conv/Conv
[09/30/2026-18:28:44] [I]      157.31       0.0397       0.0379       1.1   /model.21/cv2/conv/Conv
[09/30/2026-18:28:44] [I]       20.27       0.0051       0.0051       0.1   __myl_MoveNegExpAddDivMul_myl191_0
[09/30/2026-18:28:44] [I]       28.79       0.0073       0.0051       0.2   Reformatting CopyNode for Input Tensor 0 to /model.22/cv2.2/cv2.2.0/conv/Conv || /model.22/cv3.2/cv3.2.0/conv/Conv
[09/30/2026-18:28:44] [I]      217.56       0.0549       0.0532       1.6   /model.22/cv2.2/cv2.2.0/conv/Conv || /model.22/cv3.2/cv3.2.0/conv/Conv
[09/30/2026-18:28:44] [I]       20.27       0.0051       0.0051       0.1   __myl_MoveNegExpAddDivMul_myl195_0
[09/30/2026-18:28:44] [I]       16.35       0.0041       0.0041       0.1   __myl_MoveNegExpAddDivMul_myl196_0
[09/30/2026-18:28:44] [I]      200.37       0.0506       0.0461       1.5   /model.22/cv2.2/cv2.2.1/conv/Conv
[09/30/2026-18:28:44] [I]       77.19       0.0195       0.0195       0.6   /model.22/cv3.2/cv3.2.1/conv/Conv
[09/30/2026-18:28:44] [I]       20.27       0.0051       0.0051       0.1   __myl_MoveNegExpAddDivMul_myl202_0
[09/30/2026-18:28:44] [I]       16.73       0.0042       0.0042       0.1   __myl_MoveNegExpAddDivMul_myl204_0
[09/30/2026-18:28:44] [I]       50.33       0.0127       0.0123       0.4   /model.22/cv2.2/cv2.2.2/Conv
[09/30/2026-18:28:44] [I]       45.65       0.0115       0.0072       0.3   /model.22/cv3.2/cv3.2.2/Conv
[09/30/2026-18:28:44] [I]       29.32       0.0074       0.0061       0.2   /model.22/Reshape_2_copy_output
[09/30/2026-18:28:44] [I]       52.21       0.0132       0.0051       0.4   /model.22/Reshape_5_copy_output
[09/30/2026-18:28:44] [I]       82.92       0.0209       0.0205       0.6   /model.22/dfl/Reshape + /model.22/dfl/Transpose
[09/30/2026-18:28:44] [I]       24.33       0.0061       0.0061       0.2   __myl_NegExpAddDiv_myl216_0
[09/30/2026-18:28:44] [I]       98.23       0.0248       0.0225       0.7   /model.22/dfl/Softmax
[09/30/2026-18:28:44] [I]       99.51       0.0251       0.0205       0.7   /model.22/dfl/conv/Conv
[09/30/2026-18:28:44] [I]       16.22       0.0041       0.0041       0.1   __myl_Sub_myl220_0
[09/30/2026-18:28:44] [I]       16.22       0.0041       0.0041       0.1   __myl_Add_myl221_0
[09/30/2026-18:28:44] [I]      121.65       0.0307       0.0307       0.9   __myl_Sub_myl222_0
[09/30/2026-18:28:44] [I]       16.22       0.0041       0.0041       0.1   __myl_AddDiv_myl223_0
[09/30/2026-18:28:44] [I]       67.10       0.0169       0.0176       0.5   /model.22/Div_1_output_0 copy
[09/30/2026-18:28:44] [I]       16.24       0.0041       0.0041       0.1   __myl_Mul_myl225_0
[09/30/2026-18:28:44] [I]       45.85       0.0116       0.0051       0.3   /model.22/Mul_2_output_0 copy
[09/30/2026-18:28:44] [I]    13714.48       3.4633       3.4308     100.0   Total
[09/30/2026-18:28:44] [I] 
&&&& PASSED TensorRT.trtexec [TensorRT v110300] [b99] # C:\Users\dxu1\AppData\Local\NVIDIA\TensorRT-11.3-tools\bin\trtexec.exe --loadEngine=C:\Users\dxu1\Desktop\Dissertation\PTQ\profiling_results\trtexec\kitti.plan --loadInputs=images:PTQ/profiling_results/trtexec/kitti_images_fp32.bin --warmUp=1000 --duration=15 --iterations=200 --infStreams=1 --percentile=50,95 --dumpProfile --exportProfile=C:\Users\dxu1\Desktop\Dissertation\PTQ\profiling_results\trtexec\kitti_cooled_run2_profile.json --exportTimes=C:\Users\dxu1\Desktop\Dissertation\PTQ\profiling_results\trtexec\kitti_cooled_run2_times.json
