&&&& RUNNING TensorRT.trtexec [TensorRT v110300] [b99] # C:\Users\dxu1\AppData\Local\NVIDIA\TensorRT-11.3-tools\bin\trtexec.exe --loadEngine=C:\Users\dxu1\Desktop\Dissertation\PTQ\profiling_results\trtexec\voc.plan --loadInputs=images:PTQ/profiling_results/trtexec/voc_images_fp32.bin --warmUp=1000 --duration=15 --iterations=200 --infStreams=1 --percentile=50,95 --dumpProfile --exportProfile=C:\Users\dxu1\Desktop\Dissertation\PTQ\profiling_results\trtexec\voc_nograph_check_run1_profile.json --exportTimes=C:\Users\dxu1\Desktop\Dissertation\PTQ\profiling_results\trtexec\voc_nograph_check_run1_times.json --noCudaGraph
[09/30/2026-18:23:04] [I] === Model Options ===
[09/30/2026-18:23:04] [I] Format: *
[09/30/2026-18:23:04] [I] Model: 
[09/30/2026-18:23:04] [I] Output:
[09/30/2026-18:23:04] [I] 
[09/30/2026-18:23:04] [I] === System Options ===
[09/30/2026-18:23:04] [I] Device: 0
[09/30/2026-18:23:04] [I] DLACore: 
[09/30/2026-18:23:04] [I] Loaded static plugins:
[09/30/2026-18:23:04] [I] DLA Workspace Allocation Strategy: default
[09/30/2026-18:23:04] [I] setPluginsToSerialize:
[09/30/2026-18:23:04] [I] dynamicPlugins:
[09/30/2026-18:23:04] [I] ignoreParsedPluginLibs: 0
[09/30/2026-18:23:04] [I] 
[09/30/2026-18:23:04] [I] === Inference Options ===
[09/30/2026-18:23:04] [I] Batch: Explicit
[09/30/2026-18:23:04] [I] Input inference shapes: model
[09/30/2026-18:23:04] [I] Iterations: 200
[09/30/2026-18:23:04] [I] Duration: 15s (+ 1000ms warm up)
[09/30/2026-18:23:04] [I] Sleep time: 0ms
[09/30/2026-18:23:04] [I] Idle time: 0ms
[09/30/2026-18:23:04] [I] Inference Streams: 1
[09/30/2026-18:23:04] [I] ExposeDMA: Disabled
[09/30/2026-18:23:04] [I] Data transfers: Disabled
[09/30/2026-18:23:04] [I] Spin-wait: Enabled
[09/30/2026-18:23:04] [I] Multithreading: Disabled
[09/30/2026-18:23:04] [I] CUDA Graph: Disabled
[09/30/2026-18:23:04] [I] Time Deserialize: Disabled
[09/30/2026-18:23:04] [I] Time Refit: Disabled
[09/30/2026-18:23:04] [I] NVTX verbosity: 0
[09/30/2026-18:23:04] [I] Persistent Cache Ratio: 0
[09/30/2026-18:23:04] [I] Optimization Profile Index: 0
[09/30/2026-18:23:04] [I] Weight Streaming Budget: 100.000000%
[09/30/2026-18:23:04] [I] Accuracy Algorithm: L0
[09/30/2026-18:23:04] [I] Absolute Tolerance (atol): 1e-05
[09/30/2026-18:23:04] [I] Relative Tolerance (rtol): 1e-05
[09/30/2026-18:23:04] [I] Inputs:
[09/30/2026-18:23:04] [I] images<-PTQ/profiling_results/trtexec/voc_images_fp32.bin
[09/30/2026-18:23:04] [I] Debug Tensor Save Destinations:
[09/30/2026-18:23:04] [I] Dump All Debug Tensor in Formats: 
[09/30/2026-18:23:04] [I] === Reporting Options ===
[09/30/2026-18:23:04] [I] Verbose: Disabled
[09/30/2026-18:23:04] [I] Averages: 10 inferences
[09/30/2026-18:23:04] [I] Percentiles: 50,95
[09/30/2026-18:23:04] [I] Dump refittable layers:Disabled
[09/30/2026-18:23:04] [I] Dump output: Disabled
[09/30/2026-18:23:04] [I] Profile: Enabled
[09/30/2026-18:23:04] [I] Export timing to JSON file: C:\Users\dxu1\Desktop\Dissertation\PTQ\profiling_results\trtexec\voc_nograph_check_run1_times.json
[09/30/2026-18:23:04] [I] Export output to JSON file: 
[09/30/2026-18:23:04] [I] Export profile to JSON file: C:\Users\dxu1\Desktop\Dissertation\PTQ\profiling_results\trtexec\voc_nograph_check_run1_profile.json
[09/30/2026-18:23:04] [I] 
[09/30/2026-18:23:04] [I] === Device Information ===
[09/30/2026-18:23:04] [I] Available Devices: 
[09/30/2026-18:23:04] [I]   Device 0: "NVIDIA RTX A2000" UUID: GPU-a0aa0f21-a2f1-4018-b27b-236640f36d02
[09/30/2026-18:23:04] [I] Selected Device: NVIDIA RTX A2000
[09/30/2026-18:23:04] [I] Selected Device ID: 0
[09/30/2026-18:23:04] [I] Selected Device UUID: GPU-a0aa0f21-a2f1-4018-b27b-236640f36d02
[09/30/2026-18:23:04] [I] Compute Capability: 8.6
[09/30/2026-18:23:04] [I] SMs: 26
[09/30/2026-18:23:04] [I] Device Global Memory: 6137 MiB
[09/30/2026-18:23:04] [I] Shared Memory per SM: 100 KiB
[09/30/2026-18:23:04] [I] Memory Bus Width: 192 bits (ECC disabled)
[09/30/2026-18:23:04] [I] Application Compute Clock Rate: 1.2 GHz
[09/30/2026-18:23:04] [I] Application Memory Clock Rate: 6.001 GHz
[09/30/2026-18:23:04] [I] 
[09/30/2026-18:23:04] [I] Note: The application clock rates do not reflect the actual clock rates that the GPU is currently running at.
[09/30/2026-18:23:04] [I] 
[09/30/2026-18:23:04] [I] TensorRT version: 11.3.0
[09/30/2026-18:23:04] [I] Loading standard plugins
[09/30/2026-18:23:04] [I] Engine deserialized in 0.130853 sec.
[09/30/2026-18:23:05] [I] [TRT] [MemUsageChange] TensorRT-managed allocation in IExecutionContext creation: CPU +0, GPU +17, now: CPU 0, GPU 104 (MiB)
[09/30/2026-18:23:05] [I] Setting persistentCacheLimit to 0 bytes.
[09/30/2026-18:23:05] [I] Created execution context with device memory size: 17.1875 MiB
[09/30/2026-18:23:05] [I] Using values loaded from PTQ/profiling_results/trtexec/voc_images_fp32.bin for input images
[09/30/2026-18:23:05] [I] Input binding for images with dimensions 1x3x640x640 and type fp32 is created.
[09/30/2026-18:23:05] [I] Output binding for output0 with dimensions 1x24x8400 and type fp32 is created.
[09/30/2026-18:23:05] [I] Starting inference
[09/30/2026-18:23:21] [I] Warmup completed 351 queries over 1000 ms
[09/30/2026-18:23:21] [I] Timing trace has 5676 queries over 15.004 s
[09/30/2026-18:23:21] [I] 
[09/30/2026-18:23:21] [I] === Trace details ===
[09/30/2026-18:23:21] [I] Trace averages of 10 runs:
[09/30/2026-18:23:21] [I] Average on 10 runs - GPU latency: 2.61192 ms - Host latency: 2.61192 ms (enqueue 0.847284 ms)
[09/30/2026-18:23:21] [I] Average on 10 runs - GPU latency: 2.62974 ms - Host latency: 2.62974 ms (enqueue 0.799463 ms)
[09/30/2026-18:23:21] [I] Average on 10 runs - GPU latency: 2.61879 ms - Host latency: 2.61879 ms (enqueue 0.91322 ms)
[09/30/2026-18:23:21] [I] Average on 10 runs - GPU latency: 2.61445 ms - Host latency: 2.61445 ms (enqueue 0.802258 ms)
[09/30/2026-18:23:21] [I] Average on 10 runs - GPU latency: 2.58065 ms - Host latency: 2.58065 ms (enqueue 0.831128 ms)
[09/30/2026-18:23:21] [I] Average on 10 runs - GPU latency: 2.64742 ms - Host latency: 2.64742 ms (enqueue 1.35103 ms)
[09/30/2026-18:23:21] [I] Average on 10 runs - GPU latency: 2.63151 ms - Host latency: 2.63151 ms (enqueue 0.892798 ms)
[09/30/2026-18:23:21] [I] Average on 10 runs - GPU latency: 2.61813 ms - Host latency: 2.61813 ms (enqueue 0.861047 ms)
[09/30/2026-18:23:21] [I] Average on 10 runs - GPU latency: 2.65216 ms - Host latency: 2.65216 ms (enqueue 1.05005 ms)
[09/30/2026-18:23:21] [I] Average on 10 runs - GPU latency: 2.6306 ms - Host latency: 2.6306 ms (enqueue 1.08624 ms)
[09/30/2026-18:23:21] [I] Average on 10 runs - GPU latency: 2.63331 ms - Host latency: 2.63331 ms (enqueue 1.1833 ms)
[09/30/2026-18:23:21] [I] Average on 10 runs - GPU latency: 2.63135 ms - Host latency: 2.63135 ms (enqueue 0.956299 ms)
[09/30/2026-18:23:21] [I] Average on 10 runs - GPU latency: 2.64038 ms - Host latency: 2.64038 ms (enqueue 0.877344 ms)
[09/30/2026-18:23:21] [I] Average on 10 runs - GPU latency: 2.57617 ms - Host latency: 2.57617 ms (enqueue 0.818213 ms)
[09/30/2026-18:23:21] [I] Average on 10 runs - GPU latency: 2.63254 ms - Host latency: 2.63254 ms (enqueue 0.818054 ms)
[09/30/2026-18:23:21] [I] Average on 10 runs - GPU latency: 2.64132 ms - Host latency: 2.64132 ms (enqueue 0.811267 ms)
[09/30/2026-18:23:21] [I] Average on 10 runs - GPU latency: 2.63695 ms - Host latency: 2.63695 ms (enqueue 1.0358 ms)
[09/30/2026-18:23:21] [I] Average on 10 runs - GPU latency: 2.61624 ms - Host latency: 2.61624 ms (enqueue 0.879968 ms)
[09/30/2026-18:23:21] [I] Average on 10 runs - GPU latency: 2.58005 ms - Host latency: 2.58005 ms (enqueue 0.807178 ms)
[09/30/2026-18:23:21] [I] Average on 10 runs - GPU latency: 2.63361 ms - Host latency: 2.63361 ms (enqueue 1.19106 ms)
[09/30/2026-18:23:21] [I] Average on 10 runs - GPU latency: 2.63729 ms - Host latency: 2.63729 ms (enqueue 0.792908 ms)
[09/30/2026-18:23:21] [I] Average on 10 runs - GPU latency: 2.62958 ms - Host latency: 2.62958 ms (enqueue 0.978064 ms)
[09/30/2026-18:23:21] [I] Average on 10 runs - GPU latency: 2.62126 ms - Host latency: 2.62126 ms (enqueue 0.917163 ms)
[09/30/2026-18:23:21] [I] Average on 10 runs - GPU latency: 2.56687 ms - Host latency: 2.56687 ms (enqueue 1.02341 ms)
[09/30/2026-18:23:21] [I] Average on 10 runs - GPU latency: 2.6199 ms - Host latency: 2.6199 ms (enqueue 0.906555 ms)
[09/30/2026-18:23:21] [I] Average on 10 runs - GPU latency: 2.62806 ms - Host latency: 2.62806 ms (enqueue 0.938232 ms)
[09/30/2026-18:23:21] [I] Average on 10 runs - GPU latency: 2.63856 ms - Host latency: 2.63856 ms (enqueue 1.02714 ms)
[09/30/2026-18:23:21] [I] Average on 10 runs - GPU latency: 2.57938 ms - Host latency: 2.57938 ms (enqueue 0.889417 ms)
[09/30/2026-18:23:21] [I] Average on 10 runs - GPU latency: 2.63033 ms - Host latency: 2.63033 ms (enqueue 0.855713 ms)
[09/30/2026-18:23:21] [I] Average on 10 runs - GPU latency: 2.67517 ms - Host latency: 2.67517 ms (enqueue 0.834998 ms)
[09/30/2026-18:23:21] [I] Average on 10 runs - GPU latency: 2.63298 ms - Host latency: 2.63298 ms (enqueue 0.776245 ms)
[09/30/2026-18:23:21] [I] Average on 10 runs - GPU latency: 2.65471 ms - Host latency: 2.65471 ms (enqueue 0.901172 ms)
[09/30/2026-18:23:21] [I] Average on 10 runs - GPU latency: 2.56827 ms - Host latency: 2.56827 ms (enqueue 1.50553 ms)
[09/30/2026-18:23:21] [I] Average on 10 runs - GPU latency: 2.64263 ms - Host latency: 2.64263 ms (enqueue 0.895886 ms)
[09/30/2026-18:23:21] [I] Average on 10 runs - GPU latency: 2.63406 ms - Host latency: 2.63406 ms (enqueue 1.01295 ms)
[09/30/2026-18:23:21] [I] Average on 10 runs - GPU latency: 2.78003 ms - Host latency: 2.78003 ms (enqueue 0.915747 ms)
[09/30/2026-18:23:21] [I] Average on 10 runs - GPU latency: 2.61807 ms - Host latency: 2.61807 ms (enqueue 0.844202 ms)
[09/30/2026-18:23:21] [I] Average on 10 runs - GPU latency: 2.62305 ms - Host latency: 2.62305 ms (enqueue 0.802319 ms)
[09/30/2026-18:23:21] [I] Average on 10 runs - GPU latency: 2.65327 ms - Host latency: 2.65327 ms (enqueue 0.797888 ms)
[09/30/2026-18:23:21] [I] Average on 10 runs - GPU latency: 2.65583 ms - Host latency: 2.65583 ms (enqueue 0.766589 ms)
[09/30/2026-18:23:21] [I] Average on 10 runs - GPU latency: 2.58621 ms - Host latency: 2.58621 ms (enqueue 0.876123 ms)
[09/30/2026-18:23:21] [I] Average on 10 runs - GPU latency: 2.64631 ms - Host latency: 2.64631 ms (enqueue 0.98562 ms)
[09/30/2026-18:23:21] [I] Average on 10 runs - GPU latency: 2.59504 ms - Host latency: 2.59504 ms (enqueue 1.5343 ms)
[09/30/2026-18:23:21] [I] Average on 10 runs - GPU latency: 2.65591 ms - Host latency: 2.65591 ms (enqueue 1.67583 ms)
[09/30/2026-18:23:21] [I] Average on 10 runs - GPU latency: 2.6272 ms - Host latency: 2.6272 ms (enqueue 1.62136 ms)
[09/30/2026-18:23:21] [I] Average on 10 runs - GPU latency: 2.6376 ms - Host latency: 2.6376 ms (enqueue 0.987842 ms)
[09/30/2026-18:23:21] [I] Average on 10 runs - GPU latency: 2.66663 ms - Host latency: 2.66663 ms (enqueue 1.73679 ms)
[09/30/2026-18:23:21] [I] Average on 10 runs - GPU latency: 2.59365 ms - Host latency: 2.59365 ms (enqueue 1.44121 ms)
[09/30/2026-18:23:21] [I] Average on 10 runs - GPU latency: 2.65227 ms - Host latency: 2.65227 ms (enqueue 1.18936 ms)
[09/30/2026-18:23:21] [I] Average on 10 runs - GPU latency: 2.61636 ms - Host latency: 2.61636 ms (enqueue 0.940698 ms)
[09/30/2026-18:23:21] [I] Average on 10 runs - GPU latency: 2.66313 ms - Host latency: 2.66313 ms (enqueue 0.954321 ms)
[09/30/2026-18:23:21] [I] Average on 10 runs - GPU latency: 2.6509 ms - Host latency: 2.6509 ms (enqueue 0.954565 ms)
[09/30/2026-18:23:21] [I] Average on 10 runs - GPU latency: 2.6054 ms - Host latency: 2.6054 ms (enqueue 0.911523 ms)
[09/30/2026-18:23:21] [I] Average on 10 runs - GPU latency: 2.62485 ms - Host latency: 2.62485 ms (enqueue 0.860181 ms)
[09/30/2026-18:23:21] [I] Average on 10 runs - GPU latency: 2.61465 ms - Host latency: 2.61465 ms (enqueue 0.794922 ms)
[09/30/2026-18:23:21] [I] Average on 10 runs - GPU latency: 2.61382 ms - Host latency: 2.61382 ms (enqueue 0.853101 ms)
[09/30/2026-18:23:21] [I] Average on 10 runs - GPU latency: 2.58596 ms - Host latency: 2.58596 ms (enqueue 0.796045 ms)
[09/30/2026-18:23:21] [I] Average on 10 runs - GPU latency: 2.62949 ms - Host latency: 2.62949 ms (enqueue 1.07556 ms)
[09/30/2026-18:23:21] [I] Average on 10 runs - GPU latency: 2.63455 ms - Host latency: 2.63455 ms (enqueue 0.774097 ms)
[09/30/2026-18:23:21] [I] Average on 10 runs - GPU latency: 2.63672 ms - Host latency: 2.63672 ms (enqueue 0.797144 ms)
[09/30/2026-18:23:21] [I] Average on 10 runs - GPU latency: 2.64124 ms - Host latency: 2.64124 ms (enqueue 0.804517 ms)
[09/30/2026-18:23:21] [I] Average on 10 runs - GPU latency: 2.56838 ms - Host latency: 2.56838 ms (enqueue 0.788574 ms)
[09/30/2026-18:23:21] [I] Average on 10 runs - GPU latency: 2.62156 ms - Host latency: 2.62156 ms (enqueue 0.789917 ms)
[09/30/2026-18:23:21] [I] Average on 10 runs - GPU latency: 2.62549 ms - Host latency: 2.62549 ms (enqueue 0.781714 ms)
[09/30/2026-18:23:21] [I] Average on 10 runs - GPU latency: 2.63643 ms - Host latency: 2.63643 ms (enqueue 0.77168 ms)
[09/30/2026-18:23:21] [I] Average on 10 runs - GPU latency: 2.60625 ms - Host latency: 2.60625 ms (enqueue 0.764526 ms)
[09/30/2026-18:23:21] [I] Average on 10 runs - GPU latency: 2.59727 ms - Host latency: 2.59727 ms (enqueue 0.829736 ms)
[09/30/2026-18:23:21] [I] Average on 10 runs - GPU latency: 2.62754 ms - Host latency: 2.62754 ms (enqueue 0.788452 ms)
[09/30/2026-18:23:21] [I] Average on 10 runs - GPU latency: 2.63027 ms - Host latency: 2.63027 ms (enqueue 0.878662 ms)
[09/30/2026-18:23:21] [I] Average on 10 runs - GPU latency: 2.64548 ms - Host latency: 2.64548 ms (enqueue 0.829663 ms)
[09/30/2026-18:23:21] [I] Average on 10 runs - GPU latency: 2.59587 ms - Host latency: 2.59587 ms (enqueue 0.833643 ms)
[09/30/2026-18:23:21] [I] Average on 10 runs - GPU latency: 2.60972 ms - Host latency: 2.60972 ms (enqueue 0.859985 ms)
[09/30/2026-18:23:21] [I] Average on 10 runs - GPU latency: 2.63801 ms - Host latency: 2.63801 ms (enqueue 0.804785 ms)
[09/30/2026-18:23:21] [I] Average on 10 runs - GPU latency: 2.75837 ms - Host latency: 2.75837 ms (enqueue 0.894751 ms)
[09/30/2026-18:23:21] [I] Average on 10 runs - GPU latency: 2.62336 ms - Host latency: 2.62336 ms (enqueue 0.821265 ms)
[09/30/2026-18:23:21] [I] Average on 10 runs - GPU latency: 2.57449 ms - Host latency: 2.57449 ms (enqueue 0.779956 ms)
[09/30/2026-18:23:21] [I] Average on 10 runs - GPU latency: 2.63132 ms - Host latency: 2.63132 ms (enqueue 0.774414 ms)
[09/30/2026-18:23:21] [I] Average on 10 runs - GPU latency: 2.62446 ms - Host latency: 2.62446 ms (enqueue 0.780664 ms)
[09/30/2026-18:23:21] [I] Average on 10 runs - GPU latency: 2.6281 ms - Host latency: 2.6281 ms (enqueue 0.795093 ms)
[09/30/2026-18:23:21] [I] Average on 10 runs - GPU latency: 2.6458 ms - Host latency: 2.6458 ms (enqueue 0.781055 ms)
[09/30/2026-18:23:21] [I] Average on 10 runs - GPU latency: 2.57075 ms - Host latency: 2.57075 ms (enqueue 0.793652 ms)
[09/30/2026-18:23:21] [I] Average on 10 runs - GPU latency: 2.65977 ms - Host latency: 2.65977 ms (enqueue 0.827124 ms)
[09/30/2026-18:23:21] [I] Average on 10 runs - GPU latency: 2.63191 ms - Host latency: 2.63191 ms (enqueue 0.881885 ms)
[09/30/2026-18:23:21] [I] Average on 10 runs - GPU latency: 2.64368 ms - Host latency: 2.64368 ms (enqueue 0.786499 ms)
[09/30/2026-18:23:21] [I] Average on 10 runs - GPU latency: 2.6281 ms - Host latency: 2.6281 ms (enqueue 0.889722 ms)
[09/30/2026-18:23:21] [I] Average on 10 runs - GPU latency: 2.60073 ms - Host latency: 2.60073 ms (enqueue 1.822 ms)
[09/30/2026-18:23:21] [I] Average on 10 runs - GPU latency: 2.62446 ms - Host latency: 2.62446 ms (enqueue 2.14553 ms)
[09/30/2026-18:23:21] [I] Average on 10 runs - GPU latency: 2.63005 ms - Host latency: 2.63005 ms (enqueue 2.52822 ms)
[09/30/2026-18:23:21] [I] Average on 10 runs - GPU latency: 2.64006 ms - Host latency: 2.64006 ms (enqueue 1.01411 ms)
[09/30/2026-18:23:21] [I] Average on 10 runs - GPU latency: 2.57859 ms - Host latency: 2.57859 ms (enqueue 0.836792 ms)
[09/30/2026-18:23:21] [I] Average on 10 runs - GPU latency: 2.67251 ms - Host latency: 2.67251 ms (enqueue 1.10081 ms)
[09/30/2026-18:23:21] [I] Average on 10 runs - GPU latency: 2.6304 ms - Host latency: 2.6304 ms (enqueue 0.831201 ms)
[09/30/2026-18:23:21] [I] Average on 10 runs - GPU latency: 2.63721 ms - Host latency: 2.63721 ms (enqueue 1.75666 ms)
[09/30/2026-18:23:21] [I] Average on 10 runs - GPU latency: 2.60667 ms - Host latency: 2.60667 ms (enqueue 2.396 ms)
[09/30/2026-18:23:21] [I] Average on 10 runs - GPU latency: 2.57329 ms - Host latency: 2.57329 ms (enqueue 1.19556 ms)
[09/30/2026-18:23:21] [I] Average on 10 runs - GPU latency: 2.63044 ms - Host latency: 2.63044 ms (enqueue 1.17837 ms)
[09/30/2026-18:23:21] [I] Average on 10 runs - GPU latency: 2.64099 ms - Host latency: 2.64099 ms (enqueue 2.18962 ms)
[09/30/2026-18:23:21] [I] Average on 10 runs - GPU latency: 2.62378 ms - Host latency: 2.62378 ms (enqueue 1.88901 ms)
[09/30/2026-18:23:21] [I] Average on 10 runs - GPU latency: 2.62246 ms - Host latency: 2.62246 ms (enqueue 1.68425 ms)
[09/30/2026-18:23:21] [I] Average on 10 runs - GPU latency: 2.57905 ms - Host latency: 2.57905 ms (enqueue 0.824487 ms)
[09/30/2026-18:23:21] [I] Average on 10 runs - GPU latency: 2.63882 ms - Host latency: 2.63882 ms (enqueue 0.822144 ms)
[09/30/2026-18:23:21] [I] Average on 10 runs - GPU latency: 2.63562 ms - Host latency: 2.63562 ms (enqueue 0.801562 ms)
[09/30/2026-18:23:21] [I] Average on 10 runs - GPU latency: 2.63069 ms - Host latency: 2.63069 ms (enqueue 1.17568 ms)
[09/30/2026-18:23:21] [I] Average on 10 runs - GPU latency: 2.57595 ms - Host latency: 2.57595 ms (enqueue 2.18416 ms)
[09/30/2026-18:23:21] [I] Average on 10 runs - GPU latency: 2.64556 ms - Host latency: 2.64556 ms (enqueue 1.05376 ms)
[09/30/2026-18:23:21] [I] Average on 10 runs - GPU latency: 2.66277 ms - Host latency: 2.66277 ms (enqueue 0.797754 ms)
[09/30/2026-18:23:21] [I] Average on 10 runs - GPU latency: 2.62034 ms - Host latency: 2.62034 ms (enqueue 0.794019 ms)
[09/30/2026-18:23:21] [I] Average on 10 runs - GPU latency: 2.65454 ms - Host latency: 2.65454 ms (enqueue 0.790845 ms)
[09/30/2026-18:23:21] [I] Average on 10 runs - GPU latency: 2.56584 ms - Host latency: 2.56584 ms (enqueue 0.782886 ms)
[09/30/2026-18:23:21] [I] Average on 10 runs - GPU latency: 2.63418 ms - Host latency: 2.63418 ms (enqueue 0.831714 ms)
[09/30/2026-18:23:21] [I] Average on 10 runs - GPU latency: 2.69971 ms - Host latency: 2.69971 ms (enqueue 0.84248 ms)
[09/30/2026-18:23:21] [I] Average on 10 runs - GPU latency: 2.58926 ms - Host latency: 2.58926 ms (enqueue 1.62175 ms)
[09/30/2026-18:23:21] [I] Average on 10 runs - GPU latency: 2.63525 ms - Host latency: 2.63525 ms (enqueue 1.35989 ms)
[09/30/2026-18:23:21] [I] Average on 10 runs - GPU latency: 2.58953 ms - Host latency: 2.58953 ms (enqueue 1.19912 ms)
[09/30/2026-18:23:21] [I] Average on 10 runs - GPU latency: 2.62393 ms - Host latency: 2.62393 ms (enqueue 0.986353 ms)
[09/30/2026-18:23:21] [I] Average on 10 runs - GPU latency: 2.63914 ms - Host latency: 2.63914 ms (enqueue 1.20417 ms)
[09/30/2026-18:23:21] [I] Average on 10 runs - GPU latency: 2.64939 ms - Host latency: 2.64939 ms (enqueue 1.17356 ms)
[09/30/2026-18:23:21] [I] Average on 10 runs - GPU latency: 2.65457 ms - Host latency: 2.65457 ms (enqueue 1.21697 ms)
[09/30/2026-18:23:21] [I] Average on 10 runs - GPU latency: 2.59385 ms - Host latency: 2.59385 ms (enqueue 1.19897 ms)
[09/30/2026-18:23:21] [I] Average on 10 runs - GPU latency: 2.63804 ms - Host latency: 2.63804 ms (enqueue 1.22393 ms)
[09/30/2026-18:23:21] [I] Average on 10 runs - GPU latency: 2.62598 ms - Host latency: 2.62598 ms (enqueue 1.01875 ms)
[09/30/2026-18:23:21] [I] Average on 10 runs - GPU latency: 2.62969 ms - Host latency: 2.62969 ms (enqueue 0.855713 ms)
[09/30/2026-18:23:21] [I] Average on 10 runs - GPU latency: 2.62212 ms - Host latency: 2.62212 ms (enqueue 0.838965 ms)
[09/30/2026-18:23:21] [I] Average on 10 runs - GPU latency: 2.58784 ms - Host latency: 2.58784 ms (enqueue 0.852588 ms)
[09/30/2026-18:23:21] [I] Average on 10 runs - GPU latency: 2.64756 ms - Host latency: 2.64756 ms (enqueue 0.861523 ms)
[09/30/2026-18:23:21] [I] Average on 10 runs - GPU latency: 2.62915 ms - Host latency: 2.62915 ms (enqueue 0.825781 ms)
[09/30/2026-18:23:21] [I] Average on 10 runs - GPU latency: 2.63906 ms - Host latency: 2.63906 ms (enqueue 0.812305 ms)
[09/30/2026-18:23:21] [I] Average on 10 runs - GPU latency: 2.57417 ms - Host latency: 2.57417 ms (enqueue 1.57979 ms)
[09/30/2026-18:23:21] [I] Average on 10 runs - GPU latency: 2.63804 ms - Host latency: 2.63804 ms (enqueue 1.04688 ms)
[09/30/2026-18:23:21] [I] Average on 10 runs - GPU latency: 2.71069 ms - Host latency: 2.71069 ms (enqueue 0.797412 ms)
[09/30/2026-18:23:21] [I] Average on 10 runs - GPU latency: 2.63516 ms - Host latency: 2.63516 ms (enqueue 2.5874 ms)
[09/30/2026-18:23:21] [I] Average on 10 runs - GPU latency: 2.62432 ms - Host latency: 2.62432 ms (enqueue 2.4707 ms)
[09/30/2026-18:23:21] [I] Average on 10 runs - GPU latency: 2.59409 ms - Host latency: 2.59409 ms (enqueue 1.5667 ms)
[09/30/2026-18:23:21] [I] Average on 10 runs - GPU latency: 2.66782 ms - Host latency: 2.66782 ms (enqueue 1.02954 ms)
[09/30/2026-18:23:21] [I] Average on 10 runs - GPU latency: 2.65894 ms - Host latency: 2.65894 ms (enqueue 0.855225 ms)
[09/30/2026-18:23:21] [I] Average on 10 runs - GPU latency: 2.64341 ms - Host latency: 2.64341 ms (enqueue 1.20044 ms)
[09/30/2026-18:23:21] [I] Average on 10 runs - GPU latency: 2.6334 ms - Host latency: 2.6334 ms (enqueue 0.777148 ms)
[09/30/2026-18:23:21] [I] Average on 10 runs - GPU latency: 2.57178 ms - Host latency: 2.57178 ms (enqueue 2.24141 ms)
[09/30/2026-18:23:21] [I] Average on 10 runs - GPU latency: 2.63882 ms - Host latency: 2.63882 ms (enqueue 1.07031 ms)
[09/30/2026-18:23:21] [I] Average on 10 runs - GPU latency: 2.6436 ms - Host latency: 2.6436 ms (enqueue 0.803564 ms)
[09/30/2026-18:23:21] [I] Average on 10 runs - GPU latency: 2.65591 ms - Host latency: 2.65591 ms (enqueue 0.817041 ms)
[09/30/2026-18:23:21] [I] Average on 10 runs - GPU latency: 2.64443 ms - Host latency: 2.64443 ms (enqueue 0.757471 ms)
[09/30/2026-18:23:21] [I] Average on 10 runs - GPU latency: 2.5602 ms - Host latency: 2.5602 ms (enqueue 0.828711 ms)
[09/30/2026-18:23:21] [I] Average on 10 runs - GPU latency: 2.64995 ms - Host latency: 2.64995 ms (enqueue 0.85293 ms)
[09/30/2026-18:23:21] [I] Average on 10 runs - GPU latency: 2.61787 ms - Host latency: 2.61787 ms (enqueue 1.3813 ms)
[09/30/2026-18:23:21] [I] Average on 10 runs - GPU latency: 2.62554 ms - Host latency: 2.62554 ms (enqueue 1.08003 ms)
[09/30/2026-18:23:21] [I] Average on 10 runs - GPU latency: 2.58501 ms - Host latency: 2.58501 ms (enqueue 0.817041 ms)
[09/30/2026-18:23:21] [I] Average on 10 runs - GPU latency: 2.63271 ms - Host latency: 2.63271 ms (enqueue 0.80127 ms)
[09/30/2026-18:23:21] [I] Average on 10 runs - GPU latency: 2.63843 ms - Host latency: 2.63843 ms (enqueue 0.765137 ms)
[09/30/2026-18:23:21] [I] Average on 10 runs - GPU latency: 2.6273 ms - Host latency: 2.6273 ms (enqueue 0.808398 ms)
[09/30/2026-18:23:21] [I] Average on 10 runs - GPU latency: 2.72427 ms - Host latency: 2.72427 ms (enqueue 0.981641 ms)
[09/30/2026-18:23:21] [I] Average on 10 runs - GPU latency: 2.57803 ms - Host latency: 2.57803 ms (enqueue 1.47212 ms)
[09/30/2026-18:23:21] [I] Average on 10 runs - GPU latency: 2.63618 ms - Host latency: 2.63618 ms (enqueue 0.816797 ms)
[09/30/2026-18:23:21] [I] Average on 10 runs - GPU latency: 2.63408 ms - Host latency: 2.63408 ms (enqueue 1.56948 ms)
[09/30/2026-18:23:21] [I] Average on 10 runs - GPU latency: 2.63818 ms - Host latency: 2.63818 ms (enqueue 0.797949 ms)
[09/30/2026-18:23:21] [I] Average on 10 runs - GPU latency: 2.65601 ms - Host latency: 2.65601 ms (enqueue 1.66064 ms)
[09/30/2026-18:23:21] [I] Average on 10 runs - GPU latency: 2.58228 ms - Host latency: 2.58228 ms (enqueue 0.80083 ms)
[09/30/2026-18:23:21] [I] Average on 10 runs - GPU latency: 2.63569 ms - Host latency: 2.63569 ms (enqueue 1.66338 ms)
[09/30/2026-18:23:21] [I] Average on 10 runs - GPU latency: 2.63848 ms - Host latency: 2.63848 ms (enqueue 0.869922 ms)
[09/30/2026-18:23:21] [I] Average on 10 runs - GPU latency: 2.63359 ms - Host latency: 2.63359 ms (enqueue 0.846533 ms)
[09/30/2026-18:23:21] [I] Average on 10 runs - GPU latency: 2.64722 ms - Host latency: 2.64722 ms (enqueue 0.815088 ms)
[09/30/2026-18:23:21] [I] Average on 10 runs - GPU latency: 2.58657 ms - Host latency: 2.58657 ms (enqueue 0.899951 ms)
[09/30/2026-18:23:21] [I] Average on 10 runs - GPU latency: 2.6292 ms - Host latency: 2.6292 ms (enqueue 0.833301 ms)
[09/30/2026-18:23:21] [I] Average on 10 runs - GPU latency: 2.65952 ms - Host latency: 2.65952 ms (enqueue 0.800879 ms)
[09/30/2026-18:23:21] [I] Average on 10 runs - GPU latency: 2.6459 ms - Host latency: 2.6459 ms (enqueue 0.848828 ms)
[09/30/2026-18:23:21] [I] Average on 10 runs - GPU latency: 2.6022 ms - Host latency: 2.6022 ms (enqueue 0.844287 ms)
[09/30/2026-18:23:21] [I] Average on 10 runs - GPU latency: 2.63882 ms - Host latency: 2.63882 ms (enqueue 0.818994 ms)
[09/30/2026-18:23:21] [I] Average on 10 runs - GPU latency: 2.63945 ms - Host latency: 2.63945 ms (enqueue 2.7541 ms)
[09/30/2026-18:23:21] [I] Average on 10 runs - GPU latency: 2.65864 ms - Host latency: 2.65864 ms (enqueue 1.69644 ms)
[09/30/2026-18:23:21] [I] Average on 10 runs - GPU latency: 2.61567 ms - Host latency: 2.61567 ms (enqueue 0.806787 ms)
[09/30/2026-18:23:21] [I] Average on 10 runs - GPU latency: 2.63599 ms - Host latency: 2.63599 ms (enqueue 0.843457 ms)
[09/30/2026-18:23:21] [I] Average on 10 runs - GPU latency: 2.63652 ms - Host latency: 2.63652 ms (enqueue 0.922852 ms)
[09/30/2026-18:23:21] [I] Average on 10 runs - GPU latency: 2.6335 ms - Host latency: 2.6335 ms (enqueue 0.917822 ms)
[09/30/2026-18:23:21] [I] Average on 10 runs - GPU latency: 2.63706 ms - Host latency: 2.63706 ms (enqueue 0.827197 ms)
[09/30/2026-18:23:21] [I] Average on 10 runs - GPU latency: 2.61855 ms - Host latency: 2.61855 ms (enqueue 0.843359 ms)
[09/30/2026-18:23:21] [I] Average on 10 runs - GPU latency: 2.57515 ms - Host latency: 2.57515 ms (enqueue 0.811914 ms)
[09/30/2026-18:23:21] [I] Average on 10 runs - GPU latency: 2.67251 ms - Host latency: 2.67251 ms (enqueue 0.865527 ms)
[09/30/2026-18:23:21] [I] Average on 10 runs - GPU latency: 2.6541 ms - Host latency: 2.6541 ms (enqueue 0.860107 ms)
[09/30/2026-18:23:21] [I] Average on 10 runs - GPU latency: 2.66133 ms - Host latency: 2.66133 ms (enqueue 0.804688 ms)
[09/30/2026-18:23:21] [I] Average on 10 runs - GPU latency: 2.68501 ms - Host latency: 2.68501 ms (enqueue 0.825928 ms)
[09/30/2026-18:23:21] [I] Average on 10 runs - GPU latency: 2.58853 ms - Host latency: 2.58853 ms (enqueue 0.822461 ms)
[09/30/2026-18:23:21] [I] Average on 10 runs - GPU latency: 2.65264 ms - Host latency: 2.65264 ms (enqueue 0.884131 ms)
[09/30/2026-18:23:21] [I] Average on 10 runs - GPU latency: 2.64033 ms - Host latency: 2.64033 ms (enqueue 0.787842 ms)
[09/30/2026-18:23:21] [I] Average on 10 runs - GPU latency: 2.63223 ms - Host latency: 2.63223 ms (enqueue 0.802295 ms)
[09/30/2026-18:23:21] [I] Average on 10 runs - GPU latency: 2.66001 ms - Host latency: 2.66001 ms (enqueue 0.786768 ms)
[09/30/2026-18:23:21] [I] Average on 10 runs - GPU latency: 2.58828 ms - Host latency: 2.58828 ms (enqueue 0.930908 ms)
[09/30/2026-18:23:21] [I] Average on 10 runs - GPU latency: 2.63984 ms - Host latency: 2.63984 ms (enqueue 0.838379 ms)
[09/30/2026-18:23:21] [I] Average on 10 runs - GPU latency: 2.73604 ms - Host latency: 2.73604 ms (enqueue 0.903467 ms)
[09/30/2026-18:23:21] [I] Average on 10 runs - GPU latency: 2.67896 ms - Host latency: 2.67896 ms (enqueue 0.909033 ms)
[09/30/2026-18:23:21] [I] Average on 10 runs - GPU latency: 2.67646 ms - Host latency: 2.67646 ms (enqueue 0.815283 ms)
[09/30/2026-18:23:21] [I] Average on 10 runs - GPU latency: 2.6564 ms - Host latency: 2.6564 ms (enqueue 0.834961 ms)
[09/30/2026-18:23:21] [I] Average on 10 runs - GPU latency: 2.67778 ms - Host latency: 2.67778 ms (enqueue 0.806348 ms)
[09/30/2026-18:23:21] [I] Average on 10 runs - GPU latency: 2.60161 ms - Host latency: 2.60161 ms (enqueue 0.800732 ms)
[09/30/2026-18:23:21] [I] Average on 10 runs - GPU latency: 2.66724 ms - Host latency: 2.66724 ms (enqueue 0.811572 ms)
[09/30/2026-18:23:21] [I] Average on 10 runs - GPU latency: 2.6458 ms - Host latency: 2.6458 ms (enqueue 1.4854 ms)
[09/30/2026-18:23:21] [I] Average on 10 runs - GPU latency: 2.63477 ms - Host latency: 2.63477 ms (enqueue 1.97354 ms)
[09/30/2026-18:23:21] [I] Average on 10 runs - GPU latency: 2.66758 ms - Host latency: 2.66758 ms (enqueue 0.878662 ms)
[09/30/2026-18:23:21] [I] Average on 10 runs - GPU latency: 2.60078 ms - Host latency: 2.60078 ms (enqueue 0.790186 ms)
[09/30/2026-18:23:21] [I] Average on 10 runs - GPU latency: 2.65898 ms - Host latency: 2.65898 ms (enqueue 0.783545 ms)
[09/30/2026-18:23:21] [I] Average on 10 runs - GPU latency: 2.6334 ms - Host latency: 2.6334 ms (enqueue 0.768701 ms)
[09/30/2026-18:23:21] [I] ... Omitting 1676 lines
[09/30/2026-18:23:21] [I] Average on 10 runs - GPU latency: 2.64668 ms - Host latency: 2.64668 ms (enqueue 0.768359 ms)
[09/30/2026-18:23:21] [I] Average on 10 runs - GPU latency: 2.65693 ms - Host latency: 2.65693 ms (enqueue 0.86875 ms)
[09/30/2026-18:23:21] [I] Average on 10 runs - GPU latency: 2.66328 ms - Host latency: 2.66328 ms (enqueue 1.24834 ms)
[09/30/2026-18:23:21] [I] Average on 10 runs - GPU latency: 2.72227 ms - Host latency: 2.72227 ms (enqueue 1.91826 ms)
[09/30/2026-18:23:21] [I] Average on 10 runs - GPU latency: 2.63379 ms - Host latency: 2.63379 ms (enqueue 0.794727 ms)
[09/30/2026-18:23:21] [I] Average on 10 runs - GPU latency: 2.60645 ms - Host latency: 2.60645 ms (enqueue 0.979395 ms)
[09/30/2026-18:23:21] [I] Average on 10 runs - GPU latency: 2.63682 ms - Host latency: 2.63682 ms (enqueue 1.20371 ms)
[09/30/2026-18:23:21] [I] Average on 10 runs - GPU latency: 2.63867 ms - Host latency: 2.63867 ms (enqueue 1.45518 ms)
[09/30/2026-18:23:21] [I] Average on 10 runs - GPU latency: 2.63096 ms - Host latency: 2.63096 ms (enqueue 1.38926 ms)
[09/30/2026-18:23:21] [I] Average on 10 runs - GPU latency: 2.67578 ms - Host latency: 2.67578 ms (enqueue 0.899902 ms)
[09/30/2026-18:23:21] [I] Average on 10 runs - GPU latency: 2.67842 ms - Host latency: 2.67842 ms (enqueue 0.813867 ms)
[09/30/2026-18:23:21] [I] Average on 10 runs - GPU latency: 2.65762 ms - Host latency: 2.65762 ms (enqueue 0.857715 ms)
[09/30/2026-18:23:21] [I] Average on 10 runs - GPU latency: 2.65313 ms - Host latency: 2.65313 ms (enqueue 1.52021 ms)
[09/30/2026-18:23:21] [I] Average on 10 runs - GPU latency: 2.64551 ms - Host latency: 2.64551 ms (enqueue 1.1665 ms)
[09/30/2026-18:23:21] [I] Average on 10 runs - GPU latency: 2.59619 ms - Host latency: 2.59619 ms (enqueue 1.69824 ms)
[09/30/2026-18:23:21] [I] Average on 10 runs - GPU latency: 2.65928 ms - Host latency: 2.65928 ms (enqueue 1.77197 ms)
[09/30/2026-18:23:21] [I] Average on 10 runs - GPU latency: 2.65557 ms - Host latency: 2.65557 ms (enqueue 1.34443 ms)
[09/30/2026-18:23:21] [I] Average on 10 runs - GPU latency: 2.65352 ms - Host latency: 2.65352 ms (enqueue 0.794531 ms)
[09/30/2026-18:23:21] [I] Average on 10 runs - GPU latency: 2.64072 ms - Host latency: 2.64072 ms (enqueue 1.49824 ms)
[09/30/2026-18:23:21] [I] Average on 10 runs - GPU latency: 2.58486 ms - Host latency: 2.58486 ms (enqueue 2.29092 ms)
[09/30/2026-18:23:21] [I] Average on 10 runs - GPU latency: 2.65586 ms - Host latency: 2.65586 ms (enqueue 1.07969 ms)
[09/30/2026-18:23:21] [I] Average on 10 runs - GPU latency: 2.66992 ms - Host latency: 2.66992 ms (enqueue 0.779199 ms)
[09/30/2026-18:23:21] [I] Average on 10 runs - GPU latency: 2.64287 ms - Host latency: 2.64287 ms (enqueue 0.803809 ms)
[09/30/2026-18:23:21] [I] Average on 10 runs - GPU latency: 2.72988 ms - Host latency: 2.72988 ms (enqueue 0.802051 ms)
[09/30/2026-18:23:21] [I] Average on 10 runs - GPU latency: 2.58535 ms - Host latency: 2.58535 ms (enqueue 0.784668 ms)
[09/30/2026-18:23:21] [I] Average on 10 runs - GPU latency: 2.63838 ms - Host latency: 2.63838 ms (enqueue 0.814258 ms)
[09/30/2026-18:23:21] [I] Average on 10 runs - GPU latency: 2.66602 ms - Host latency: 2.66602 ms (enqueue 0.766992 ms)
[09/30/2026-18:23:21] [I] Average on 10 runs - GPU latency: 2.64248 ms - Host latency: 2.64248 ms (enqueue 0.752148 ms)
[09/30/2026-18:23:21] [I] Average on 10 runs - GPU latency: 2.65039 ms - Host latency: 2.65039 ms (enqueue 0.771973 ms)
[09/30/2026-18:23:21] [I] Average on 10 runs - GPU latency: 2.59287 ms - Host latency: 2.59287 ms (enqueue 1.3792 ms)
[09/30/2026-18:23:21] [I] Average on 10 runs - GPU latency: 2.65576 ms - Host latency: 2.65576 ms (enqueue 2.10273 ms)
[09/30/2026-18:23:21] [I] Average on 10 runs - GPU latency: 2.64736 ms - Host latency: 2.64736 ms (enqueue 1.47275 ms)
[09/30/2026-18:23:21] [I] Average on 10 runs - GPU latency: 2.64814 ms - Host latency: 2.64814 ms (enqueue 2.09961 ms)
[09/30/2026-18:23:21] [I] Average on 10 runs - GPU latency: 2.67705 ms - Host latency: 2.67705 ms (enqueue 1.23574 ms)
[09/30/2026-18:23:21] [I] Average on 10 runs - GPU latency: 2.60234 ms - Host latency: 2.60234 ms (enqueue 0.816016 ms)
[09/30/2026-18:23:21] [I] Average on 10 runs - GPU latency: 2.66367 ms - Host latency: 2.66367 ms (enqueue 0.766602 ms)
[09/30/2026-18:23:21] [I] Average on 10 runs - GPU latency: 2.64131 ms - Host latency: 2.64131 ms (enqueue 0.802832 ms)
[09/30/2026-18:23:21] [I] Average on 10 runs - GPU latency: 2.64385 ms - Host latency: 2.64385 ms (enqueue 1.88242 ms)
[09/30/2026-18:23:21] [I] Average on 10 runs - GPU latency: 2.59541 ms - Host latency: 2.59541 ms (enqueue 1.27363 ms)
[09/30/2026-18:23:21] [I] Average on 10 runs - GPU latency: 2.63896 ms - Host latency: 2.63896 ms (enqueue 1.82031 ms)
[09/30/2026-18:23:21] [I] Average on 10 runs - GPU latency: 2.6499 ms - Host latency: 2.6499 ms (enqueue 2.03008 ms)
[09/30/2026-18:23:21] [I] Average on 10 runs - GPU latency: 2.64238 ms - Host latency: 2.64238 ms (enqueue 1.58369 ms)
[09/30/2026-18:23:21] [I] Average on 10 runs - GPU latency: 2.64687 ms - Host latency: 2.64687 ms (enqueue 1.66514 ms)
[09/30/2026-18:23:21] [I] Average on 10 runs - GPU latency: 2.63076 ms - Host latency: 2.63076 ms (enqueue 0.714941 ms)
[09/30/2026-18:23:21] [I] Average on 10 runs - GPU latency: 2.64043 ms - Host latency: 2.64043 ms (enqueue 0.946582 ms)
[09/30/2026-18:23:21] [I] Average on 10 runs - GPU latency: 2.64062 ms - Host latency: 2.64062 ms (enqueue 1.504 ms)
[09/30/2026-18:23:21] [I] Average on 10 runs - GPU latency: 2.63975 ms - Host latency: 2.63975 ms (enqueue 1.03311 ms)
[09/30/2026-18:23:21] [I] Average on 10 runs - GPU latency: 2.6457 ms - Host latency: 2.6457 ms (enqueue 0.795508 ms)
[09/30/2026-18:23:21] [I] Average on 10 runs - GPU latency: 2.59385 ms - Host latency: 2.59385 ms (enqueue 1.51543 ms)
[09/30/2026-18:23:21] [I] Average on 10 runs - GPU latency: 2.65391 ms - Host latency: 2.65391 ms (enqueue 0.765723 ms)
[09/30/2026-18:23:21] [I] Average on 10 runs - GPU latency: 2.64736 ms - Host latency: 2.64736 ms (enqueue 1.53545 ms)
[09/30/2026-18:23:21] [I] Average on 10 runs - GPU latency: 2.64961 ms - Host latency: 2.64961 ms (enqueue 0.773828 ms)
[09/30/2026-18:23:21] [I] Average on 10 runs - GPU latency: 2.64824 ms - Host latency: 2.64824 ms (enqueue 1.69814 ms)
[09/30/2026-18:23:21] [I] Average on 10 runs - GPU latency: 2.61631 ms - Host latency: 2.61631 ms (enqueue 1.69121 ms)
[09/30/2026-18:23:21] [I] Average on 10 runs - GPU latency: 2.65244 ms - Host latency: 2.65244 ms (enqueue 1.74287 ms)
[09/30/2026-18:23:21] [I] Average on 10 runs - GPU latency: 2.65723 ms - Host latency: 2.65723 ms (enqueue 1.10557 ms)
[09/30/2026-18:23:21] [I] Average on 10 runs - GPU latency: 2.64453 ms - Host latency: 2.64453 ms (enqueue 1.08213 ms)
[09/30/2026-18:23:21] [I] Average on 10 runs - GPU latency: 2.65645 ms - Host latency: 2.65645 ms (enqueue 1.17207 ms)
[09/30/2026-18:23:21] [I] Average on 10 runs - GPU latency: 2.58613 ms - Host latency: 2.58613 ms (enqueue 1.51172 ms)
[09/30/2026-18:23:21] [I] Average on 10 runs - GPU latency: 2.66621 ms - Host latency: 2.66621 ms (enqueue 1.77227 ms)
[09/30/2026-18:23:21] [I] Average on 10 runs - GPU latency: 2.6377 ms - Host latency: 2.6377 ms (enqueue 0.768555 ms)
[09/30/2026-18:23:21] [I] Average on 10 runs - GPU latency: 2.6458 ms - Host latency: 2.6458 ms (enqueue 0.808301 ms)
[09/30/2026-18:23:21] [I] Average on 10 runs - GPU latency: 2.63701 ms - Host latency: 2.63701 ms (enqueue 0.989453 ms)
[09/30/2026-18:23:21] [I] Average on 10 runs - GPU latency: 2.64238 ms - Host latency: 2.64238 ms (enqueue 1.85 ms)
[09/30/2026-18:23:21] [I] Average on 10 runs - GPU latency: 2.63945 ms - Host latency: 2.63945 ms (enqueue 1.70127 ms)
[09/30/2026-18:23:21] [I] Average on 10 runs - GPU latency: 2.62744 ms - Host latency: 2.62744 ms (enqueue 1.28525 ms)
[09/30/2026-18:23:21] [I] Average on 10 runs - GPU latency: 2.6502 ms - Host latency: 2.6502 ms (enqueue 2.08984 ms)
[09/30/2026-18:23:21] [I] Average on 10 runs - GPU latency: 2.58418 ms - Host latency: 2.58418 ms (enqueue 2.1583 ms)
[09/30/2026-18:23:21] [I] Average on 10 runs - GPU latency: 2.65596 ms - Host latency: 2.65596 ms (enqueue 1.04131 ms)
[09/30/2026-18:23:21] [I] Average on 10 runs - GPU latency: 2.65508 ms - Host latency: 2.65508 ms (enqueue 0.998438 ms)
[09/30/2026-18:23:21] [I] Average on 10 runs - GPU latency: 2.66924 ms - Host latency: 2.66924 ms (enqueue 0.730664 ms)
[09/30/2026-18:23:21] [I] Average on 10 runs - GPU latency: 2.6582 ms - Host latency: 2.6582 ms (enqueue 0.737305 ms)
[09/30/2026-18:23:21] [I] Average on 10 runs - GPU latency: 2.61211 ms - Host latency: 2.61211 ms (enqueue 0.727539 ms)
[09/30/2026-18:23:21] [I] Average on 10 runs - GPU latency: 2.66758 ms - Host latency: 2.66758 ms (enqueue 1.81885 ms)
[09/30/2026-18:23:21] [I] Average on 10 runs - GPU latency: 2.65811 ms - Host latency: 2.65811 ms (enqueue 1.36553 ms)
[09/30/2026-18:23:21] [I] Average on 10 runs - GPU latency: 2.66318 ms - Host latency: 2.66318 ms (enqueue 0.970508 ms)
[09/30/2026-18:23:21] [I] Average on 10 runs - GPU latency: 2.6627 ms - Host latency: 2.6627 ms (enqueue 0.976074 ms)
[09/30/2026-18:23:21] [I] Average on 10 runs - GPU latency: 2.60264 ms - Host latency: 2.60264 ms (enqueue 0.985547 ms)
[09/30/2026-18:23:21] [I] Average on 10 runs - GPU latency: 2.65225 ms - Host latency: 2.65225 ms (enqueue 1.9502 ms)
[09/30/2026-18:23:21] [I] Average on 10 runs - GPU latency: 2.64668 ms - Host latency: 2.64668 ms (enqueue 2.146 ms)
[09/30/2026-18:23:21] [I] Average on 10 runs - GPU latency: 2.64531 ms - Host latency: 2.64531 ms (enqueue 2.16221 ms)
[09/30/2026-18:23:21] [I] Average on 10 runs - GPU latency: 2.64844 ms - Host latency: 2.64844 ms (enqueue 1.12812 ms)
[09/30/2026-18:23:21] [I] Average on 10 runs - GPU latency: 2.60293 ms - Host latency: 2.60293 ms (enqueue 0.739355 ms)
[09/30/2026-18:23:21] [I] Average on 10 runs - GPU latency: 2.73613 ms - Host latency: 2.73613 ms (enqueue 1.1291 ms)
[09/30/2026-18:23:21] [I] Average on 10 runs - GPU latency: 2.63477 ms - Host latency: 2.63477 ms (enqueue 1.02598 ms)
[09/30/2026-18:23:21] [I] Average on 10 runs - GPU latency: 2.63154 ms - Host latency: 2.63154 ms (enqueue 1.18604 ms)
[09/30/2026-18:23:21] [I] Average on 10 runs - GPU latency: 2.63867 ms - Host latency: 2.63867 ms (enqueue 1.16592 ms)
[09/30/2026-18:23:21] [I] Average on 10 runs - GPU latency: 2.58477 ms - Host latency: 2.58477 ms (enqueue 0.73252 ms)
[09/30/2026-18:23:21] [I] Average on 10 runs - GPU latency: 2.6459 ms - Host latency: 2.6459 ms (enqueue 0.762109 ms)
[09/30/2026-18:23:21] [I] Average on 10 runs - GPU latency: 2.64248 ms - Host latency: 2.64248 ms (enqueue 1.38506 ms)
[09/30/2026-18:23:21] [I] Average on 10 runs - GPU latency: 2.64785 ms - Host latency: 2.64785 ms (enqueue 0.867773 ms)
[09/30/2026-18:23:21] [I] Average on 10 runs - GPU latency: 2.5999 ms - Host latency: 2.5999 ms (enqueue 0.852051 ms)
[09/30/2026-18:23:21] [I] Average on 10 runs - GPU latency: 2.63643 ms - Host latency: 2.63643 ms (enqueue 1.45889 ms)
[09/30/2026-18:23:21] [I] Average on 10 runs - GPU latency: 2.64717 ms - Host latency: 2.64717 ms (enqueue 0.782324 ms)
[09/30/2026-18:23:21] [I] Average on 10 runs - GPU latency: 2.63662 ms - Host latency: 2.63662 ms (enqueue 0.787891 ms)
[09/30/2026-18:23:21] [I] Average on 10 runs - GPU latency: 2.65615 ms - Host latency: 2.65615 ms (enqueue 0.727148 ms)
[09/30/2026-18:23:21] [I] Average on 10 runs - GPU latency: 2.59111 ms - Host latency: 2.59111 ms (enqueue 0.724316 ms)
[09/30/2026-18:23:21] [I] Average on 10 runs - GPU latency: 2.65361 ms - Host latency: 2.65361 ms (enqueue 0.715918 ms)
[09/30/2026-18:23:21] [I] Average on 10 runs - GPU latency: 2.65176 ms - Host latency: 2.65176 ms (enqueue 1.48486 ms)
[09/30/2026-18:23:21] [I] Average on 10 runs - GPU latency: 2.63877 ms - Host latency: 2.63877 ms (enqueue 0.702246 ms)
[09/30/2026-18:23:21] [I] Average on 10 runs - GPU latency: 2.66475 ms - Host latency: 2.66475 ms (enqueue 0.725 ms)
[09/30/2026-18:23:21] [I] Average on 10 runs - GPU latency: 2.59619 ms - Host latency: 2.59619 ms (enqueue 0.698438 ms)
[09/30/2026-18:23:21] [I] Average on 10 runs - GPU latency: 2.65869 ms - Host latency: 2.65869 ms (enqueue 0.698438 ms)
[09/30/2026-18:23:21] [I] Average on 10 runs - GPU latency: 2.70205 ms - Host latency: 2.70205 ms (enqueue 0.755176 ms)
[09/30/2026-18:23:21] [I] Average on 10 runs - GPU latency: 2.6373 ms - Host latency: 2.6373 ms (enqueue 0.719922 ms)
[09/30/2026-18:23:21] [I] Average on 10 runs - GPU latency: 2.64687 ms - Host latency: 2.64687 ms (enqueue 0.893555 ms)
[09/30/2026-18:23:21] [I] Average on 10 runs - GPU latency: 2.59043 ms - Host latency: 2.59043 ms (enqueue 1.51865 ms)
[09/30/2026-18:23:21] [I] Average on 10 runs - GPU latency: 2.65439 ms - Host latency: 2.65439 ms (enqueue 0.792969 ms)
[09/30/2026-18:23:21] [I] Average on 10 runs - GPU latency: 2.64385 ms - Host latency: 2.64385 ms (enqueue 0.714941 ms)
[09/30/2026-18:23:21] [I] Average on 10 runs - GPU latency: 2.64316 ms - Host latency: 2.64316 ms (enqueue 1.14727 ms)
[09/30/2026-18:23:21] [I] Average on 10 runs - GPU latency: 2.65068 ms - Host latency: 2.65068 ms (enqueue 1.10322 ms)
[09/30/2026-18:23:21] [I] Average on 10 runs - GPU latency: 2.58896 ms - Host latency: 2.58896 ms (enqueue 1.2502 ms)
[09/30/2026-18:23:21] [I] Average on 10 runs - GPU latency: 2.68086 ms - Host latency: 2.68086 ms (enqueue 1.02393 ms)
[09/30/2026-18:23:21] [I] Average on 10 runs - GPU latency: 2.64199 ms - Host latency: 2.64199 ms (enqueue 0.729297 ms)
[09/30/2026-18:23:21] [I] Average on 10 runs - GPU latency: 2.6459 ms - Host latency: 2.6459 ms (enqueue 1.53281 ms)
[09/30/2026-18:23:21] [I] Average on 10 runs - GPU latency: 2.64727 ms - Host latency: 2.64727 ms (enqueue 0.697363 ms)
[09/30/2026-18:23:21] [I] Average on 10 runs - GPU latency: 2.58437 ms - Host latency: 2.58437 ms (enqueue 0.741016 ms)
[09/30/2026-18:23:21] [I] Average on 10 runs - GPU latency: 2.63857 ms - Host latency: 2.63857 ms (enqueue 0.703027 ms)
[09/30/2026-18:23:21] [I] Average on 10 runs - GPU latency: 2.64326 ms - Host latency: 2.64326 ms (enqueue 0.707422 ms)
[09/30/2026-18:23:21] [I] Average on 10 runs - GPU latency: 2.64141 ms - Host latency: 2.64141 ms (enqueue 0.771387 ms)
[09/30/2026-18:23:21] [I] Average on 10 runs - GPU latency: 2.58916 ms - Host latency: 2.58916 ms (enqueue 0.733887 ms)
[09/30/2026-18:23:21] [I] Average on 10 runs - GPU latency: 2.65195 ms - Host latency: 2.65195 ms (enqueue 0.744336 ms)
[09/30/2026-18:23:21] [I] Average on 10 runs - GPU latency: 2.86943 ms - Host latency: 2.86943 ms (enqueue 0.809961 ms)
[09/30/2026-18:23:21] [I] Average on 10 runs - GPU latency: 2.62275 ms - Host latency: 2.62275 ms (enqueue 0.754492 ms)
[09/30/2026-18:23:21] [I] Average on 10 runs - GPU latency: 2.6833 ms - Host latency: 2.6833 ms (enqueue 1.42861 ms)
[09/30/2026-18:23:21] [I] Average on 10 runs - GPU latency: 2.71836 ms - Host latency: 2.71836 ms (enqueue 0.913379 ms)
[09/30/2026-18:23:21] [I] Average on 10 runs - GPU latency: 2.6377 ms - Host latency: 2.6377 ms (enqueue 0.773926 ms)
[09/30/2026-18:23:21] [I] Average on 10 runs - GPU latency: 2.63701 ms - Host latency: 2.63701 ms (enqueue 0.707715 ms)
[09/30/2026-18:23:21] [I] Average on 10 runs - GPU latency: 2.63408 ms - Host latency: 2.63408 ms (enqueue 0.719141 ms)
[09/30/2026-18:23:21] [I] Average on 10 runs - GPU latency: 2.65811 ms - Host latency: 2.65811 ms (enqueue 0.741309 ms)
[09/30/2026-18:23:21] [I] Average on 10 runs - GPU latency: 2.66357 ms - Host latency: 2.66357 ms (enqueue 1.10117 ms)
[09/30/2026-18:23:21] [I] Average on 10 runs - GPU latency: 2.66543 ms - Host latency: 2.66543 ms (enqueue 1.65322 ms)
[09/30/2026-18:23:21] [I] Average on 10 runs - GPU latency: 2.66875 ms - Host latency: 2.66875 ms (enqueue 0.755957 ms)
[09/30/2026-18:23:21] [I] Average on 10 runs - GPU latency: 2.62373 ms - Host latency: 2.62373 ms (enqueue 0.734766 ms)
[09/30/2026-18:23:21] [I] Average on 10 runs - GPU latency: 2.68135 ms - Host latency: 2.68135 ms (enqueue 2.00664 ms)
[09/30/2026-18:23:21] [I] Average on 10 runs - GPU latency: 2.62842 ms - Host latency: 2.62842 ms (enqueue 2.06299 ms)
[09/30/2026-18:23:21] [I] Average on 10 runs - GPU latency: 2.67236 ms - Host latency: 2.67236 ms (enqueue 0.856738 ms)
[09/30/2026-18:23:21] [I] Average on 10 runs - GPU latency: 2.68916 ms - Host latency: 2.68916 ms (enqueue 0.761328 ms)
[09/30/2026-18:23:21] [I] Average on 10 runs - GPU latency: 2.61172 ms - Host latency: 2.61172 ms (enqueue 0.943359 ms)
[09/30/2026-18:23:21] [I] Average on 10 runs - GPU latency: 2.68662 ms - Host latency: 2.68662 ms (enqueue 1.76963 ms)
[09/30/2026-18:23:21] [I] Average on 10 runs - GPU latency: 2.62549 ms - Host latency: 2.62549 ms (enqueue 0.754492 ms)
[09/30/2026-18:23:21] [I] Average on 10 runs - GPU latency: 2.68535 ms - Host latency: 2.68535 ms (enqueue 0.720801 ms)
[09/30/2026-18:23:21] [I] Average on 10 runs - GPU latency: 2.69424 ms - Host latency: 2.69424 ms (enqueue 0.73877 ms)
[09/30/2026-18:23:21] [I] Average on 10 runs - GPU latency: 2.6541 ms - Host latency: 2.6541 ms (enqueue 0.770215 ms)
[09/30/2026-18:23:21] [I] Average on 10 runs - GPU latency: 2.6874 ms - Host latency: 2.6874 ms (enqueue 0.735547 ms)
[09/30/2026-18:23:21] [I] Average on 10 runs - GPU latency: 2.59092 ms - Host latency: 2.59092 ms (enqueue 0.692187 ms)
[09/30/2026-18:23:21] [I] Average on 10 runs - GPU latency: 2.64941 ms - Host latency: 2.64941 ms (enqueue 0.710352 ms)
[09/30/2026-18:23:21] [I] Average on 10 runs - GPU latency: 2.64238 ms - Host latency: 2.64238 ms (enqueue 1.50986 ms)
[09/30/2026-18:23:21] [I] Average on 10 runs - GPU latency: 2.64668 ms - Host latency: 2.64668 ms (enqueue 0.728223 ms)
[09/30/2026-18:23:21] [I] Average on 10 runs - GPU latency: 2.65605 ms - Host latency: 2.65605 ms (enqueue 0.714746 ms)
[09/30/2026-18:23:21] [I] Average on 10 runs - GPU latency: 2.59326 ms - Host latency: 2.59326 ms (enqueue 1.07852 ms)
[09/30/2026-18:23:21] [I] Average on 10 runs - GPU latency: 2.70059 ms - Host latency: 2.70059 ms (enqueue 1.29131 ms)
[09/30/2026-18:23:21] [I] Average on 10 runs - GPU latency: 2.65029 ms - Host latency: 2.65029 ms (enqueue 1.15566 ms)
[09/30/2026-18:23:21] [I] Average on 10 runs - GPU latency: 2.65068 ms - Host latency: 2.65068 ms (enqueue 1.63711 ms)
[09/30/2026-18:23:21] [I] Average on 10 runs - GPU latency: 2.67002 ms - Host latency: 2.67002 ms (enqueue 0.851074 ms)
[09/30/2026-18:23:21] [I] Average on 10 runs - GPU latency: 2.60693 ms - Host latency: 2.60693 ms (enqueue 0.714648 ms)
[09/30/2026-18:23:21] [I] Average on 10 runs - GPU latency: 2.6585 ms - Host latency: 2.6585 ms (enqueue 0.868945 ms)
[09/30/2026-18:23:21] [I] Average on 10 runs - GPU latency: 2.65654 ms - Host latency: 2.65654 ms (enqueue 0.826074 ms)
[09/30/2026-18:23:21] [I] Average on 10 runs - GPU latency: 2.65391 ms - Host latency: 2.65391 ms (enqueue 0.837207 ms)
[09/30/2026-18:23:21] [I] Average on 10 runs - GPU latency: 2.81416 ms - Host latency: 2.81416 ms (enqueue 0.816113 ms)
[09/30/2026-18:23:21] [I] Average on 10 runs - GPU latency: 2.57852 ms - Host latency: 2.57852 ms (enqueue 0.759082 ms)
[09/30/2026-18:23:21] [I] Average on 10 runs - GPU latency: 2.64883 ms - Host latency: 2.64883 ms (enqueue 0.789258 ms)
[09/30/2026-18:23:21] [I] Average on 10 runs - GPU latency: 2.6959 ms - Host latency: 2.6959 ms (enqueue 0.764063 ms)
[09/30/2026-18:23:21] [I] Average on 10 runs - GPU latency: 2.65332 ms - Host latency: 2.65332 ms (enqueue 0.876074 ms)
[09/30/2026-18:23:21] [I] Average on 10 runs - GPU latency: 2.65352 ms - Host latency: 2.65352 ms (enqueue 0.812793 ms)
[09/30/2026-18:23:21] [I] Average on 10 runs - GPU latency: 2.58545 ms - Host latency: 2.58545 ms (enqueue 0.739648 ms)
[09/30/2026-18:23:21] [I] Average on 10 runs - GPU latency: 2.65928 ms - Host latency: 2.65928 ms (enqueue 0.743945 ms)
[09/30/2026-18:23:21] [I] Average on 10 runs - GPU latency: 2.6627 ms - Host latency: 2.6627 ms (enqueue 0.722754 ms)
[09/30/2026-18:23:21] [I] Average on 10 runs - GPU latency: 2.66104 ms - Host latency: 2.66104 ms (enqueue 0.761035 ms)
[09/30/2026-18:23:21] [I] Average on 10 runs - GPU latency: 2.65566 ms - Host latency: 2.65566 ms (enqueue 0.721094 ms)
[09/30/2026-18:23:21] [I] Average on 10 runs - GPU latency: 2.60781 ms - Host latency: 2.60781 ms (enqueue 0.756055 ms)
[09/30/2026-18:23:21] [I] Average on 10 runs - GPU latency: 2.67969 ms - Host latency: 2.67969 ms (enqueue 0.73291 ms)
[09/30/2026-18:23:21] [I] Average on 10 runs - GPU latency: 2.66504 ms - Host latency: 2.66504 ms (enqueue 0.900977 ms)
[09/30/2026-18:23:21] [I] Average on 10 runs - GPU latency: 2.66309 ms - Host latency: 2.66309 ms (enqueue 1.70176 ms)
[09/30/2026-18:23:21] [I] Average on 10 runs - GPU latency: 2.67119 ms - Host latency: 2.67119 ms (enqueue 0.757812 ms)
[09/30/2026-18:23:21] [I] Average on 10 runs - GPU latency: 2.59268 ms - Host latency: 2.59268 ms (enqueue 0.717871 ms)
[09/30/2026-18:23:21] [I] Average on 10 runs - GPU latency: 2.64727 ms - Host latency: 2.64727 ms (enqueue 1.01104 ms)
[09/30/2026-18:23:21] [I] Average on 10 runs - GPU latency: 2.66729 ms - Host latency: 2.66729 ms (enqueue 0.735645 ms)
[09/30/2026-18:23:21] [I] Average on 10 runs - GPU latency: 2.6749 ms - Host latency: 2.6749 ms (enqueue 0.745996 ms)
[09/30/2026-18:23:21] [I] Average on 10 runs - GPU latency: 2.65781 ms - Host latency: 2.65781 ms (enqueue 0.715137 ms)
[09/30/2026-18:23:21] [I] Average on 10 runs - GPU latency: 2.59238 ms - Host latency: 2.59238 ms (enqueue 0.73291 ms)
[09/30/2026-18:23:21] [I] Average on 10 runs - GPU latency: 2.65225 ms - Host latency: 2.65225 ms (enqueue 1.90811 ms)
[09/30/2026-18:23:21] [I] Average on 10 runs - GPU latency: 2.64609 ms - Host latency: 2.64609 ms (enqueue 2.11992 ms)
[09/30/2026-18:23:21] [I] Average on 10 runs - GPU latency: 2.65322 ms - Host latency: 2.65322 ms (enqueue 1.82705 ms)
[09/30/2026-18:23:21] [I] Average on 10 runs - GPU latency: 2.69307 ms - Host latency: 2.69307 ms (enqueue 0.925586 ms)
[09/30/2026-18:23:21] [I] Average on 10 runs - GPU latency: 2.59424 ms - Host latency: 2.59424 ms (enqueue 2.07334 ms)
[09/30/2026-18:23:21] [I] Average on 10 runs - GPU latency: 2.64629 ms - Host latency: 2.64629 ms (enqueue 1.17471 ms)
[09/30/2026-18:23:21] [I] Average on 10 runs - GPU latency: 2.66221 ms - Host latency: 2.66221 ms (enqueue 0.755078 ms)
[09/30/2026-18:23:21] [I] Average on 10 runs - GPU latency: 2.6707 ms - Host latency: 2.6707 ms (enqueue 1.16797 ms)
[09/30/2026-18:23:21] [I] Average on 10 runs - GPU latency: 2.59775 ms - Host latency: 2.59775 ms (enqueue 0.821582 ms)
[09/30/2026-18:23:21] [I] Average on 10 runs - GPU latency: 2.65713 ms - Host latency: 2.65713 ms (enqueue 0.689746 ms)
[09/30/2026-18:23:21] [I] Average on 10 runs - GPU latency: 2.66172 ms - Host latency: 2.66172 ms (enqueue 0.736426 ms)
[09/30/2026-18:23:21] [I] Average on 10 runs - GPU latency: 2.67275 ms - Host latency: 2.67275 ms (enqueue 0.706348 ms)
[09/30/2026-18:23:21] [I] Average on 10 runs - GPU latency: 2.66016 ms - Host latency: 2.66016 ms (enqueue 0.732129 ms)
[09/30/2026-18:23:21] [I] Average on 10 runs - GPU latency: 2.63418 ms - Host latency: 2.63418 ms (enqueue 0.702344 ms)
[09/30/2026-18:23:21] [I] Average on 10 runs - GPU latency: 2.6167 ms - Host latency: 2.6167 ms (enqueue 0.713281 ms)
[09/30/2026-18:23:21] [I] Average on 10 runs - GPU latency: 2.67324 ms - Host latency: 2.67324 ms (enqueue 0.707031 ms)
[09/30/2026-18:23:21] [I] Average on 10 runs - GPU latency: 2.63066 ms - Host latency: 2.63066 ms (enqueue 0.724023 ms)
[09/30/2026-18:23:21] [I] Average on 10 runs - GPU latency: 2.66221 ms - Host latency: 2.66221 ms (enqueue 1.64727 ms)
[09/30/2026-18:23:21] [I] Average on 10 runs - GPU latency: 2.62812 ms - Host latency: 2.62812 ms (enqueue 1.45547 ms)
[09/30/2026-18:23:21] [I] 
[09/30/2026-18:23:21] [I] === Performance summary ===
[09/30/2026-18:23:21] [I] Throughput: 378.298 qps
[09/30/2026-18:23:21] [I] Latency: min = 2.52722 ms, max = 3.88867 ms, mean = 2.64037 ms, median = 2.58569 ms, percentile(50%) = 2.58569 ms, percentile(95%) = 3.09375 ms
[09/30/2026-18:23:21] [I] Enqueue Time: min = 0.652344 ms, max = 4.67383 ms, mean = 1.03717 ms, median = 0.789062 ms, percentile(50%) = 0.789062 ms, percentile(95%) = 2.31006 ms
[09/30/2026-18:23:21] [I] H2D Latency: min = 0 ms, max = 0 ms, mean = 0 ms, median = 0 ms, percentile(50%) = 0 ms, percentile(95%) = 0 ms
[09/30/2026-18:23:21] [I] GPU Compute Time: min = 2.52722 ms, max = 3.88867 ms, mean = 2.64037 ms, median = 2.58569 ms, percentile(50%) = 2.58569 ms, percentile(95%) = 3.09375 ms
[09/30/2026-18:23:21] [I] D2H Latency: min = 0 ms, max = 0 ms, mean = 0 ms, median = 0 ms, percentile(50%) = 0 ms, percentile(95%) = 0 ms
[09/30/2026-18:23:21] [I] Total Host Walltime: 15.004 s
[09/30/2026-18:23:21] [I] Total GPU Compute Time: 14.9867 s
[09/30/2026-18:23:21] [W] * GPU compute time is unstable, with coefficient of variance = 5.95814%.
[09/30/2026-18:23:21] [W]   If not already in use, locking GPU clock frequency may improve the stability.
[09/30/2026-18:23:21] [I] Explanations of the performance metrics are printed in the verbose logs.
[09/30/2026-18:23:21] [I] 
[09/30/2026-18:23:37] [I] 
[09/30/2026-18:23:37] [I] === Profile (3868 iterations ) ===
[09/30/2026-18:23:37] [I]    Time(ms)     Avg.(ms)   Median(ms)   Time(%)   Layer
[09/30/2026-18:23:37] [I]      276.97       0.0716       0.0676       2.1   Reformatting CopyNode for Input Tensor 0 to /model.0/conv/Conv
[09/30/2026-18:23:37] [I]      202.33       0.0523       0.0522       1.5   /model.0/conv/Conv
[09/30/2026-18:23:37] [I]      216.95       0.0561       0.0553       1.6   __myl_MoveNegExpAddDivMul_myl5_0
[09/30/2026-18:23:37] [I]      216.97       0.0561       0.0563       1.6   /model.1/conv/Conv
[09/30/2026-18:23:37] [I]      112.43       0.0291       0.0287       0.8   __myl_MoveNegExpAddDivMul_myl9_0
[09/30/2026-18:23:37] [I]      111.63       0.0289       0.0287       0.8   /model.2/cv1/conv/Conv
[09/30/2026-18:23:37] [I]      112.72       0.0291       0.0287       0.8   __myl_MoveNegExpAddDivMul_myl13_0
[09/30/2026-18:23:37] [I]      112.02       0.0290       0.0287       0.8   /model.2/m.0/cv1/conv/Conv
[09/30/2026-18:23:37] [I]       34.09       0.0088       0.0082       0.3   __myl_MoveNegExpAddDivMul_myl17_0
[09/30/2026-18:23:37] [I]       91.47       0.0236       0.0236       0.7   /model.2/m.0/cv2/conv/Conv
[09/30/2026-18:23:37] [I]       95.69       0.0247       0.0236       0.7   __myl_MoveNegExpAddDivMulAdd_myl20_0
[09/30/2026-18:23:37] [I]      119.42       0.0309       0.0184       0.9   /model.2/Split_output_0 copy
[09/30/2026-18:23:37] [I]       72.82       0.0188       0.0184       0.5   /model.2/Split_output_1 copy
[09/30/2026-18:23:37] [I]      131.91       0.0341       0.0338       1.0   /model.2/cv2/conv/Conv
[09/30/2026-18:23:37] [I]      113.89       0.0294       0.0297       0.8   __myl_MoveNegExpAddDivMul_myl25_0
[09/30/2026-18:23:37] [I]      126.23       0.0326       0.0328       0.9   /model.3/conv/Conv
[09/30/2026-18:23:37] [I]       34.67       0.0090       0.0092       0.3   __myl_MoveNegExpAddDivMul_myl29_0
[09/30/2026-18:23:37] [I]       56.72       0.0147       0.0143       0.4   /model.4/cv1/conv/Conv
[09/30/2026-18:23:37] [I]      109.84       0.0284       0.0266       0.8   __myl_MoveNegExpAddDivMul_myl33_0
[09/30/2026-18:23:37] [I]       79.42       0.0205       0.0205       0.6   /model.4/m.0/cv1/conv/Conv
[09/30/2026-18:23:37] [I]       27.06       0.0070       0.0063       0.2   __myl_MoveNegExpAddDivMul_myl37_0
[09/30/2026-18:23:37] [I]       78.83       0.0204       0.0195       0.6   /model.4/m.0/cv2/conv/Conv
[09/30/2026-18:23:37] [I]       88.32       0.0228       0.0226       0.7   __myl_MoveNegExpAddDivMulAdd_myl40_0
[09/30/2026-18:23:37] [I]       87.44       0.0226       0.0195       0.6   /model.4/m.1/cv1/conv/Conv
[09/30/2026-18:23:37] [I]       30.39       0.0079       0.0072       0.2   __myl_MoveNegExpAddDivMul_myl43_0
[09/30/2026-18:23:37] [I]       85.24       0.0220       0.0195       0.6   /model.4/m.1/cv2/conv/Conv
[09/30/2026-18:23:37] [I]       65.12       0.0168       0.0092       0.5   __myl_MoveNegExpAddDivMulAdd_myl48_0
[09/30/2026-18:23:37] [I]       62.33       0.0161       0.0113       0.5   /model.4/Split_output_0 copy
[09/30/2026-18:23:37] [I]       56.72       0.0147       0.0113       0.4   /model.4/Split_output_1 copy
[09/30/2026-18:23:37] [I]       94.66       0.0245       0.0266       0.7   /model.4/m.0/Add_output_0 copy
[09/30/2026-18:23:37] [I]      114.37       0.0296       0.0246       0.8   /model.4/cv2/conv/Conv
[09/30/2026-18:23:37] [I]       42.10       0.0109       0.0102       0.3   __myl_MoveNegExpAddDivMul_myl54_0
[09/30/2026-18:23:37] [I]      133.01       0.0344       0.0338       1.0   /model.5/conv/Conv
[09/30/2026-18:23:37] [I]       28.20       0.0073       0.0061       0.2   __myl_MoveNegExpAddDivMul_myl57_0
[09/30/2026-18:23:37] [I]       60.38       0.0156       0.0113       0.4   /model.6/cv1/conv/Conv
[09/30/2026-18:23:37] [I]      135.46       0.0350       0.0358       1.0   __myl_MoveNegExpAddDivMul_myl61_0
[09/30/2026-18:23:37] [I]       98.34       0.0254       0.0215       0.7   /model.6/m.0/cv1/conv/Conv
[09/30/2026-18:23:37] [I]       21.95       0.0057       0.0051       0.2   __myl_MoveNegExpAddDivMul_myl64_0
[09/30/2026-18:23:37] [I]       93.93       0.0243       0.0205       0.7   /model.6/m.0/cv2/conv/Conv
[09/30/2026-18:23:37] [I]       31.44       0.0081       0.0051       0.2   __myl_MoveNegExpAddDivMulAdd_myl66_0
[09/30/2026-18:23:37] [I]      131.63       0.0340       0.0225       1.0   /model.6/m.1/cv1/conv/Conv
[09/30/2026-18:23:37] [I]       23.87       0.0062       0.0051       0.2   __myl_MoveNegExpAddDivMul_myl68_0
[09/30/2026-18:23:37] [I]       90.33       0.0234       0.0205       0.7   /model.6/m.1/cv2/conv/Conv
[09/30/2026-18:23:37] [I]       53.22       0.0138       0.0052       0.4   __myl_MoveNegExpAddDivMulAdd_myl72_0
[09/30/2026-18:23:37] [I]       45.61       0.0118       0.0082       0.3   /model.6/Split_output_0 copy
[09/30/2026-18:23:37] [I]       38.29       0.0099       0.0081       0.3   /model.6/Split_output_1 copy
[09/30/2026-18:23:37] [I]      114.33       0.0296       0.0338       0.8   /model.6/m.0/Add_output_0 copy
[09/30/2026-18:23:37] [I]       75.18       0.0194       0.0143       0.6   /model.6/cv2/conv/Conv
[09/30/2026-18:23:37] [I]       38.05       0.0098       0.0072       0.3   __myl_MoveNegExpAddDivMul_myl78_0
[09/30/2026-18:23:37] [I]      225.25       0.0582       0.0563       1.7   /model.7/conv/Conv
[09/30/2026-18:23:37] [I]       21.60       0.0056       0.0051       0.2   __myl_MoveNegExpAddDivMul_myl80_0
[09/30/2026-18:23:37] [I]       81.69       0.0211       0.0215       0.6   /model.8/cv1/conv/Conv
[09/30/2026-18:23:37] [I]       20.19       0.0052       0.0051       0.1   __myl_MoveNegExpAddDivMul_myl83_0
[09/30/2026-18:23:37] [I]      127.14       0.0329       0.0317       0.9   /model.8/m.0/cv1/conv/Conv
[09/30/2026-18:23:37] [I]       21.57       0.0056       0.0041       0.2   __myl_MoveNegExpAddDivMul_myl86_0
[09/30/2026-18:23:37] [I]      120.62       0.0312       0.0307       0.9   /model.8/m.0/cv2/conv/Conv
[09/30/2026-18:23:37] [I]       20.04       0.0052       0.0051       0.1   __myl_MoveNegExpAddDivMulAdd_myl88_0
[09/30/2026-18:23:37] [I]       32.14       0.0083       0.0051       0.2   /model.8/Split_output_0 copy
[09/30/2026-18:23:37] [I]       43.02       0.0111       0.0051       0.3   /model.8/Split_output_1 copy
[09/30/2026-18:23:37] [I]       46.70       0.0121       0.0061       0.3   Reformatting CopyNode for Input Tensor 0 to /model.8/cv2/conv/Conv
[09/30/2026-18:23:37] [I]      161.10       0.0416       0.0420       1.2   /model.8/cv2/conv/Conv
[09/30/2026-18:23:37] [I]       31.70       0.0082       0.0051       0.2   __myl_MoveNegExpAddDivMul_myl93_0
[09/30/2026-18:23:37] [I]       64.47       0.0167       0.0123       0.5   /model.9/cv1/conv/Conv
[09/30/2026-18:23:37] [I]       47.37       0.0122       0.0113       0.4   /model.9/m/MaxPool
[09/30/2026-18:23:37] [I]       63.35       0.0164       0.0113       0.5   /model.9/m_1/MaxPool
[09/30/2026-18:23:37] [I]      100.11       0.0259       0.0143       0.7   /model.9/m_2/MaxPool
[09/30/2026-18:23:37] [I]       34.55       0.0089       0.0061       0.3   /model.9/cv1/conv/Conv_output_0 copy
[09/30/2026-18:23:37] [I]       49.52       0.0128       0.0061       0.4   /model.9/m/MaxPool_output_0 copy
[09/30/2026-18:23:37] [I]       67.20       0.0174       0.0177       0.5   /model.9/m_1/MaxPool_output_0 copy
[09/30/2026-18:23:37] [I]       79.74       0.0206       0.0184       0.6   /model.9/cv2/conv/Conv
[09/30/2026-18:23:37] [I]       39.44       0.0102       0.0051       0.3   __myl_MoveNegExpAddDivMul_myl103_0
[09/30/2026-18:23:37] [I]       37.57       0.0097       0.0051       0.3   Reformatting CopyNode for Output Tensor 0 to PWN(PWN(/model.9/cv2/act/Sigmoid), PWN(/model.9/cv2/act/Mul))
[09/30/2026-18:23:37] [I]       62.63       0.0162       0.0092       0.5   /model.10/Resize
[09/30/2026-18:23:37] [I]      134.44       0.0348       0.0369       1.0   /model.10/Resize_output_0 copy
[09/30/2026-18:23:37] [I]       85.02       0.0220       0.0184       0.6   /model.12/cv1/conv/Conv
[09/30/2026-18:23:37] [I]       38.70       0.0100       0.0072       0.3   __myl_MoveNegExpAddDivMul_myl109_0
[09/30/2026-18:23:37] [I]      102.89       0.0266       0.0215       0.8   /model.12/m.0/cv1/conv/Conv
[09/30/2026-18:23:37] [I]       46.98       0.0121       0.0061       0.3   __myl_MoveNegExpAddDivMul_myl112_0
[09/30/2026-18:23:37] [I]       85.81       0.0222       0.0205       0.6   /model.12/m.0/cv2/conv/Conv
[09/30/2026-18:23:37] [I]       35.69       0.0092       0.0051       0.3   __myl_MoveNegExpAddDivMul_myl115_0
[09/30/2026-18:23:37] [I]       45.93       0.0119       0.0072       0.3   /model.12/Split_output_0 copy
[09/30/2026-18:23:37] [I]       35.35       0.0091       0.0072       0.3   /model.12/Split_output_1 copy
[09/30/2026-18:23:37] [I]      149.35       0.0386       0.0399       1.1   /model.12/cv2/conv/Conv
[09/30/2026-18:23:37] [I]       36.90       0.0095       0.0072       0.3   __myl_MoveNegExpAddDivMul_myl121_0
[09/30/2026-18:23:37] [I]       85.51       0.0221       0.0184       0.6   /model.13/Resize
[09/30/2026-18:23:37] [I]      118.16       0.0305       0.0297       0.9   /model.13/Resize_output_0 copy
[09/30/2026-18:23:37] [I]      126.14       0.0326       0.0317       0.9   /model.15/cv1/conv/Conv
[09/30/2026-18:23:37] [I]       34.70       0.0090       0.0092       0.3   __myl_MoveNegExpAddDivMul_myl127_0
[09/30/2026-18:23:37] [I]       77.61       0.0201       0.0195       0.6   /model.15/m.0/cv1/conv/Conv
[09/30/2026-18:23:37] [I]       65.67       0.0170       0.0188       0.5   __myl_MoveNegExpAddDivMul_myl131_0
[09/30/2026-18:23:37] [I]       95.02       0.0246       0.0195       0.7   /model.15/m.0/cv2/conv/Conv
[09/30/2026-18:23:37] [I]       50.22       0.0130       0.0072       0.4   __myl_MoveNegExpAddDivMul_myl134_0
[09/30/2026-18:23:37] [I]       63.75       0.0165       0.0123       0.5   /model.15/Split_output_0 copy
[09/30/2026-18:23:37] [I]       60.39       0.0156       0.0113       0.4   /model.15/Split_output_1 copy
[09/30/2026-18:23:37] [I]       78.10       0.0202       0.0174       0.6   /model.15/cv2/conv/Conv
[09/30/2026-18:23:37] [I]       50.43       0.0130       0.0092       0.4   __myl_MoveNegExpAddDivMul_myl139_0
[09/30/2026-18:23:37] [I]      130.51       0.0337       0.0297       1.0   /model.16/conv/Conv
[09/30/2026-18:23:37] [I]      267.08       0.0690       0.0686       2.0   /model.22/cv2.0/cv2.0.0/conv/Conv || /model.22/cv3.0/cv3.0.0/conv/Conv
[09/30/2026-18:23:37] [I]       33.00       0.0085       0.0082       0.2   __myl_MoveNegExpAddDivMul_myl143_0
[09/30/2026-18:23:37] [I]       55.80       0.0144       0.0143       0.4   __myl_MoveNegExpAddDivMul_myl144_0
[09/30/2026-18:23:37] [I]      123.19       0.0318       0.0361       0.9   __myl_MoveNegExpAddDivMul_myl145_0
[09/30/2026-18:23:37] [I]       42.53       0.0110       0.0102       0.3   /model.12/cv2/act/Mul_output_0 copy
[09/30/2026-18:23:37] [I]      221.18       0.0572       0.0563       1.6   /model.22/cv2.0/cv2.0.1/conv/Conv
[09/30/2026-18:23:37] [I]      207.36       0.0536       0.0532       1.5   /model.22/cv3.0/cv3.0.1/conv/Conv
[09/30/2026-18:23:37] [I]       67.94       0.0176       0.0174       0.5   /model.18/cv1/conv/Conv
[09/30/2026-18:23:37] [I]       60.67       0.0157       0.0154       0.4   __myl_MoveNegExpAddDivMul_myl151_0
[09/30/2026-18:23:37] [I]       67.08       0.0173       0.0164       0.5   __myl_MoveNegExpAddDivMul_myl153_0
[09/30/2026-18:23:37] [I]       41.72       0.0108       0.0102       0.3   __myl_MoveNegExpAddDivMul_myl155_0
[09/30/2026-18:23:37] [I]       79.19       0.0205       0.0195       0.6   /model.22/cv2.0/cv2.0.2/Conv
[09/30/2026-18:23:37] [I]       66.14       0.0171       0.0164       0.5   /model.22/cv3.0/cv3.0.2/Conv
[09/30/2026-18:23:37] [I]       61.07       0.0158       0.0143       0.5   /model.22/Reshape_copy_output
[09/30/2026-18:23:37] [I]       43.97       0.0114       0.0082       0.3   /model.22/Reshape_3_copy_output
[09/30/2026-18:23:37] [I]       95.96       0.0248       0.0215       0.7   /model.18/m.0/cv1/conv/Conv
[09/30/2026-18:23:37] [I]       45.63       0.0118       0.0051       0.3   __myl_MoveNegExpAddDivMul_myl166_0
[09/30/2026-18:23:37] [I]      133.16       0.0344       0.0234       1.0   /model.18/m.0/cv2/conv/Conv
[09/30/2026-18:23:37] [I]       28.26       0.0073       0.0051       0.2   __myl_MoveNegExpAddDivMul_myl169_0
[09/30/2026-18:23:37] [I]       58.76       0.0152       0.0082       0.4   /model.18/Split_output_0 copy
[09/30/2026-18:23:37] [I]       47.94       0.0124       0.0072       0.4   /model.18/Split_output_1 copy
[09/30/2026-18:23:37] [I]      112.37       0.0291       0.0266       0.8   /model.18/cv2/conv/Conv
[09/30/2026-18:23:37] [I]       37.70       0.0097       0.0072       0.3   __myl_MoveNegExpAddDivMul_myl175_0
[09/30/2026-18:23:37] [I]      312.28       0.0807       0.0768       2.3   /model.19/conv/Conv
[09/30/2026-18:23:37] [I]      217.95       0.0563       0.0563       1.6   /model.22/cv2.1/cv2.1.0/conv/Conv || /model.22/cv3.1/cv3.1.0/conv/Conv
[09/30/2026-18:23:37] [I]       18.80       0.0049       0.0051       0.1   __myl_MoveNegExpAddDivMul_myl180_0
[09/30/2026-18:23:37] [I]       21.48       0.0056       0.0051       0.2   __myl_MoveNegExpAddDivMul_myl181_0
[09/30/2026-18:23:37] [I]      134.28       0.0347       0.0297       1.0   __myl_MoveNegExpAddDivMul_myl182_0
[09/30/2026-18:23:37] [I]       29.01       0.0075       0.0072       0.2   /model.9/cv2/act/Mul_output_0 copy
[09/30/2026-18:23:37] [I]       82.56       0.0213       0.0215       0.6   /model.22/cv2.1/cv2.1.1/conv/Conv
[09/30/2026-18:23:37] [I]       80.03       0.0207       0.0205       0.6   /model.22/cv3.1/cv3.1.1/conv/Conv
[09/30/2026-18:23:37] [I]       64.00       0.0165       0.0164       0.5   /model.21/cv1/conv/Conv
[09/30/2026-18:23:37] [I]       33.32       0.0086       0.0061       0.2   __myl_MoveNegExpAddDivMul_myl187_0
[09/30/2026-18:23:37] [I]       25.58       0.0066       0.0051       0.2   __myl_MoveNegExpAddDivMul_myl188_0
[09/30/2026-18:23:37] [I]      106.34       0.0275       0.0276       0.8   __myl_MoveNegExpAddDivMul_myl189_0
[09/30/2026-18:23:37] [I]       66.18       0.0171       0.0123       0.5   /model.22/cv2.1/cv2.1.2/Conv
[09/30/2026-18:23:37] [I]       51.85       0.0134       0.0123       0.4   /model.22/cv3.1/cv3.1.2/Conv
[09/30/2026-18:23:37] [I]       35.87       0.0093       0.0051       0.3   /model.22/Reshape_1_copy_output
[09/30/2026-18:23:37] [I]       86.09       0.0223       0.0267       0.6   /model.22/Reshape_4_copy_output
[09/30/2026-18:23:37] [I]       73.90       0.0191       0.0215       0.5   Reformatting CopyNode for Input Tensor 0 to /model.21/m.0/cv1/conv/Conv
[09/30/2026-18:23:37] [I]      139.11       0.0360       0.0317       1.0   /model.21/m.0/cv1/conv/Conv
[09/30/2026-18:23:37] [I]       18.77       0.0049       0.0041       0.1   __myl_MoveNegExpAddDivMul_myl198_0
[09/30/2026-18:23:37] [I]      118.32       0.0306       0.0297       0.9   /model.21/m.0/cv2/conv/Conv
[09/30/2026-18:23:37] [I]       23.84       0.0062       0.0041       0.2   __myl_MoveNegExpAddDivMul_myl201_0
[09/30/2026-18:23:37] [I]       38.64       0.0100       0.0072       0.3   /model.21/Split_output_0 copy
[09/30/2026-18:23:37] [I]       38.23       0.0099       0.0072       0.3   /model.21/Split_output_1 copy
[09/30/2026-18:23:37] [I]      228.78       0.0591       0.0584       1.7   /model.21/cv2/conv/Conv
[09/30/2026-18:23:37] [I]       26.47       0.0068       0.0051       0.2   __myl_MoveNegExpAddDivMul_myl207_0
[09/30/2026-18:23:37] [I]      208.81       0.0540       0.0522       1.5   /model.22/cv2.2/cv2.2.0/conv/Conv || /model.22/cv3.2/cv3.2.0/conv/Conv
[09/30/2026-18:23:37] [I]       18.96       0.0049       0.0041       0.1   __myl_MoveNegExpAddDivMul_myl211_0
[09/30/2026-18:23:37] [I]       19.83       0.0051       0.0041       0.1   __myl_MoveNegExpAddDivMul_myl212_0
[09/30/2026-18:23:37] [I]      195.91       0.0506       0.0461       1.5   /model.22/cv2.2/cv2.2.1/conv/Conv
[09/30/2026-18:23:37] [I]       73.96       0.0191       0.0184       0.5   /model.22/cv3.2/cv3.2.1/conv/Conv
[09/30/2026-18:23:37] [I]       24.29       0.0063       0.0041       0.2   __myl_MoveNegExpAddDivMul_myl218_0
[09/30/2026-18:23:37] [I]       45.50       0.0118       0.0041       0.3   __myl_MoveNegExpAddDivMul_myl220_0
[09/30/2026-18:23:37] [I]       47.86       0.0124       0.0090       0.4   /model.22/cv2.2/cv2.2.2/Conv
[09/30/2026-18:23:37] [I]       62.66       0.0162       0.0082       0.5   /model.22/cv3.2/cv3.2.2/Conv
[09/30/2026-18:23:37] [I]       38.92       0.0101       0.0041       0.3   /model.22/Reshape_2_copy_output
[09/30/2026-18:23:37] [I]       63.88       0.0165       0.0143       0.5   /model.22/Reshape_5_copy_output
[09/30/2026-18:23:37] [I]      145.65       0.0377       0.0358       1.1   /model.22/dfl/Reshape + /model.22/dfl/Transpose
[09/30/2026-18:23:37] [I]       41.10       0.0106       0.0102       0.3   __myl_NegExpAddDiv_myl231_0
[09/30/2026-18:23:37] [I]      106.20       0.0275       0.0236       0.8   /model.22/dfl/Softmax
[09/30/2026-18:23:37] [I]       73.70       0.0191       0.0184       0.5   /model.22/dfl/conv/Conv
[09/30/2026-18:23:37] [I]       23.45       0.0061       0.0051       0.2   __myl_Sub_myl235_0
[09/30/2026-18:23:37] [I]       36.69       0.0095       0.0041       0.3   __myl_Add_myl236_0
[09/30/2026-18:23:37] [I]       95.29       0.0246       0.0246       0.7   __myl_Sub_myl237_0
[09/30/2026-18:23:37] [I]       35.72       0.0092       0.0041       0.3   __myl_AddDiv_myl238_0
[09/30/2026-18:23:37] [I]       47.08       0.0122       0.0041       0.3   /model.22/Div_1_output_0 copy
[09/30/2026-18:23:37] [I]       71.35       0.0184       0.0174       0.5   __myl_Mul_myl240_0
[09/30/2026-18:23:37] [I]       37.79       0.0098       0.0041       0.3   /model.22/Mul_2_output_0 copy
[09/30/2026-18:23:37] [I]    13489.95       3.4876       3.2679     100.0   Total
[09/30/2026-18:23:37] [I] 
&&&& PASSED TensorRT.trtexec [TensorRT v110300] [b99] # C:\Users\dxu1\AppData\Local\NVIDIA\TensorRT-11.3-tools\bin\trtexec.exe --loadEngine=C:\Users\dxu1\Desktop\Dissertation\PTQ\profiling_results\trtexec\voc.plan --loadInputs=images:PTQ/profiling_results/trtexec/voc_images_fp32.bin --warmUp=1000 --duration=15 --iterations=200 --infStreams=1 --percentile=50,95 --dumpProfile --exportProfile=C:\Users\dxu1\Desktop\Dissertation\PTQ\profiling_results\trtexec\voc_nograph_check_run1_profile.json --exportTimes=C:\Users\dxu1\Desktop\Dissertation\PTQ\profiling_results\trtexec\voc_nograph_check_run1_times.json --noCudaGraph
