&&&& RUNNING TensorRT.trtexec [TensorRT v110300] [b99] # C:\Users\dxu1\AppData\Local\NVIDIA\TensorRT-11.3-tools\bin\trtexec.exe --loadEngine=C:\Users\dxu1\Desktop\Dissertation\PTQ\profiling_results\trtexec\voc.plan --loadInputs=images:PTQ/profiling_results/trtexec/voc_images_fp32.bin --warmUp=1000 --duration=15 --iterations=200 --infStreams=1 --percentile=50,95 --dumpProfile --exportProfile=C:\Users\dxu1\Desktop\Dissertation\PTQ\profiling_results\trtexec\voc_cooled_run2_profile.json --exportTimes=C:\Users\dxu1\Desktop\Dissertation\PTQ\profiling_results\trtexec\voc_cooled_run2_times.json
[09/30/2026-18:30:15] [I] === Model Options ===
[09/30/2026-18:30:15] [I] Format: *
[09/30/2026-18:30:15] [I] Model: 
[09/30/2026-18:30:15] [I] Output:
[09/30/2026-18:30:15] [I] 
[09/30/2026-18:30:15] [I] === System Options ===
[09/30/2026-18:30:15] [I] Device: 0
[09/30/2026-18:30:15] [I] DLACore: 
[09/30/2026-18:30:15] [I] Loaded static plugins:
[09/30/2026-18:30:15] [I] DLA Workspace Allocation Strategy: default
[09/30/2026-18:30:15] [I] setPluginsToSerialize:
[09/30/2026-18:30:15] [I] dynamicPlugins:
[09/30/2026-18:30:15] [I] ignoreParsedPluginLibs: 0
[09/30/2026-18:30:15] [I] 
[09/30/2026-18:30:15] [I] === Inference Options ===
[09/30/2026-18:30:15] [I] Batch: Explicit
[09/30/2026-18:30:15] [I] Input inference shapes: model
[09/30/2026-18:30:15] [I] Iterations: 200
[09/30/2026-18:30:15] [I] Duration: 15s (+ 1000ms warm up)
[09/30/2026-18:30:15] [I] Sleep time: 0ms
[09/30/2026-18:30:15] [I] Idle time: 0ms
[09/30/2026-18:30:15] [I] Inference Streams: 1
[09/30/2026-18:30:15] [I] ExposeDMA: Disabled
[09/30/2026-18:30:15] [I] Data transfers: Disabled
[09/30/2026-18:30:15] [I] Spin-wait: Enabled
[09/30/2026-18:30:15] [I] Multithreading: Disabled
[09/30/2026-18:30:15] [I] CUDA Graph: Enabled
[09/30/2026-18:30:15] [I] Time Deserialize: Disabled
[09/30/2026-18:30:15] [I] Time Refit: Disabled
[09/30/2026-18:30:15] [I] NVTX verbosity: 0
[09/30/2026-18:30:15] [I] Persistent Cache Ratio: 0
[09/30/2026-18:30:15] [I] Optimization Profile Index: 0
[09/30/2026-18:30:15] [I] Weight Streaming Budget: 100.000000%
[09/30/2026-18:30:15] [I] Accuracy Algorithm: L0
[09/30/2026-18:30:15] [I] Absolute Tolerance (atol): 1e-05
[09/30/2026-18:30:15] [I] Relative Tolerance (rtol): 1e-05
[09/30/2026-18:30:15] [I] Inputs:
[09/30/2026-18:30:15] [I] images<-PTQ/profiling_results/trtexec/voc_images_fp32.bin
[09/30/2026-18:30:15] [I] Debug Tensor Save Destinations:
[09/30/2026-18:30:15] [I] Dump All Debug Tensor in Formats: 
[09/30/2026-18:30:15] [I] === Reporting Options ===
[09/30/2026-18:30:15] [I] Verbose: Disabled
[09/30/2026-18:30:15] [I] Averages: 10 inferences
[09/30/2026-18:30:15] [I] Percentiles: 50,95
[09/30/2026-18:30:15] [I] Dump refittable layers:Disabled
[09/30/2026-18:30:15] [I] Dump output: Disabled
[09/30/2026-18:30:15] [I] Profile: Enabled
[09/30/2026-18:30:15] [I] Export timing to JSON file: C:\Users\dxu1\Desktop\Dissertation\PTQ\profiling_results\trtexec\voc_cooled_run2_times.json
[09/30/2026-18:30:15] [I] Export output to JSON file: 
[09/30/2026-18:30:15] [I] Export profile to JSON file: C:\Users\dxu1\Desktop\Dissertation\PTQ\profiling_results\trtexec\voc_cooled_run2_profile.json
[09/30/2026-18:30:15] [I] 
[09/30/2026-18:30:15] [I] === Device Information ===
[09/30/2026-18:30:15] [I] Available Devices: 
[09/30/2026-18:30:15] [I]   Device 0: "NVIDIA RTX A2000" UUID: GPU-a0aa0f21-a2f1-4018-b27b-236640f36d02
[09/30/2026-18:30:15] [I] Selected Device: NVIDIA RTX A2000
[09/30/2026-18:30:15] [I] Selected Device ID: 0
[09/30/2026-18:30:15] [I] Selected Device UUID: GPU-a0aa0f21-a2f1-4018-b27b-236640f36d02
[09/30/2026-18:30:15] [I] Compute Capability: 8.6
[09/30/2026-18:30:15] [I] SMs: 26
[09/30/2026-18:30:15] [I] Device Global Memory: 6137 MiB
[09/30/2026-18:30:15] [I] Shared Memory per SM: 100 KiB
[09/30/2026-18:30:15] [I] Memory Bus Width: 192 bits (ECC disabled)
[09/30/2026-18:30:15] [I] Application Compute Clock Rate: 1.2 GHz
[09/30/2026-18:30:15] [I] Application Memory Clock Rate: 6.001 GHz
[09/30/2026-18:30:15] [I] 
[09/30/2026-18:30:15] [I] Note: The application clock rates do not reflect the actual clock rates that the GPU is currently running at.
[09/30/2026-18:30:15] [I] 
[09/30/2026-18:30:15] [I] TensorRT version: 11.3.0
[09/30/2026-18:30:15] [I] Loading standard plugins
[09/30/2026-18:30:15] [I] Engine deserialized in 0.150111 sec.
[09/30/2026-18:30:15] [I] [TRT] [MemUsageChange] TensorRT-managed allocation in IExecutionContext creation: CPU +0, GPU +17, now: CPU 0, GPU 104 (MiB)
[09/30/2026-18:30:15] [I] Setting persistentCacheLimit to 0 bytes.
[09/30/2026-18:30:15] [I] Created execution context with device memory size: 17.1875 MiB
[09/30/2026-18:30:15] [I] Using values loaded from PTQ/profiling_results/trtexec/voc_images_fp32.bin for input images
[09/30/2026-18:30:15] [I] Input binding for images with dimensions 1x3x640x640 and type fp32 is created.
[09/30/2026-18:30:15] [I] Output binding for output0 with dimensions 1x24x8400 and type fp32 is created.
[09/30/2026-18:30:15] [I] Starting inference
[09/30/2026-18:30:15] [I] Capturing CUDA graph for the current execution context
[09/30/2026-18:30:15] [I] Successfully captured CUDA graph for the current execution context. When profiling with Nsight Systems, add "--cuda-graph-trace=node" to the nsys command to see per-kernel execution times.
[09/30/2026-18:30:31] [I] Warmup completed 382 queries over 1000 ms
[09/30/2026-18:30:31] [I] Timing trace has 6150 queries over 15.0053 s
[09/30/2026-18:30:31] [I] 
[09/30/2026-18:30:31] [I] === Trace details ===
[09/30/2026-18:30:31] [I] Trace averages of 10 runs:
[09/30/2026-18:30:31] [I] Average on 10 runs - GPU latency: 2.3944 ms - Host latency: 2.3944 ms (enqueue 0.0270142 ms)
[09/30/2026-18:30:31] [I] Average on 10 runs - GPU latency: 2.46989 ms - Host latency: 2.46989 ms (enqueue 0.0268494 ms)
[09/30/2026-18:30:31] [I] Average on 10 runs - GPU latency: 2.41467 ms - Host latency: 2.41467 ms (enqueue 0.029126 ms)
[09/30/2026-18:30:31] [I] Average on 10 runs - GPU latency: 2.41317 ms - Host latency: 2.41317 ms (enqueue 0.0280273 ms)
[09/30/2026-18:30:31] [I] Average on 10 runs - GPU latency: 2.48986 ms - Host latency: 2.48986 ms (enqueue 0.029834 ms)
[09/30/2026-18:30:31] [I] Average on 10 runs - GPU latency: 2.39564 ms - Host latency: 2.39564 ms (enqueue 0.0284546 ms)
[09/30/2026-18:30:31] [I] Average on 10 runs - GPU latency: 2.47584 ms - Host latency: 2.47584 ms (enqueue 0.0275269 ms)
[09/30/2026-18:30:31] [I] Average on 10 runs - GPU latency: 2.41195 ms - Host latency: 2.41195 ms (enqueue 0.0269409 ms)
[09/30/2026-18:30:31] [I] Average on 10 runs - GPU latency: 2.48022 ms - Host latency: 2.48022 ms (enqueue 0.0288574 ms)
[09/30/2026-18:30:31] [I] Average on 10 runs - GPU latency: 2.40813 ms - Host latency: 2.40813 ms (enqueue 0.0297119 ms)
[09/30/2026-18:30:31] [I] Average on 10 runs - GPU latency: 2.40743 ms - Host latency: 2.40743 ms (enqueue 0.0288208 ms)
[09/30/2026-18:30:31] [I] Average on 10 runs - GPU latency: 2.41674 ms - Host latency: 2.41674 ms (enqueue 0.0276978 ms)
[09/30/2026-18:30:31] [I] Average on 10 runs - GPU latency: 2.50327 ms - Host latency: 2.50327 ms (enqueue 0.0292603 ms)
[09/30/2026-18:30:31] [I] Average on 10 runs - GPU latency: 2.41112 ms - Host latency: 2.41112 ms (enqueue 0.0256714 ms)
[09/30/2026-18:30:31] [I] Average on 10 runs - GPU latency: 2.47891 ms - Host latency: 2.47891 ms (enqueue 0.0237305 ms)
[09/30/2026-18:30:31] [I] Average on 10 runs - GPU latency: 2.41602 ms - Host latency: 2.41602 ms (enqueue 0.027002 ms)
[09/30/2026-18:30:31] [I] Average on 10 runs - GPU latency: 2.42299 ms - Host latency: 2.42299 ms (enqueue 0.0271606 ms)
[09/30/2026-18:30:31] [I] Average on 10 runs - GPU latency: 2.47787 ms - Host latency: 2.47787 ms (enqueue 0.0291626 ms)
[09/30/2026-18:30:31] [I] Average on 10 runs - GPU latency: 2.4149 ms - Host latency: 2.4149 ms (enqueue 0.0276611 ms)
[09/30/2026-18:30:31] [I] Average on 10 runs - GPU latency: 2.47706 ms - Host latency: 2.47706 ms (enqueue 0.0296875 ms)
[09/30/2026-18:30:31] [I] Average on 10 runs - GPU latency: 2.42135 ms - Host latency: 2.42135 ms (enqueue 0.0286743 ms)
[09/30/2026-18:30:31] [I] Average on 10 runs - GPU latency: 2.48102 ms - Host latency: 2.48102 ms (enqueue 0.0262329 ms)
[09/30/2026-18:30:31] [I] Average on 10 runs - GPU latency: 2.40692 ms - Host latency: 2.40692 ms (enqueue 0.0278076 ms)
[09/30/2026-18:30:31] [I] Average on 10 runs - GPU latency: 2.47931 ms - Host latency: 2.47931 ms (enqueue 0.0313355 ms)
[09/30/2026-18:30:31] [I] Average on 10 runs - GPU latency: 2.40505 ms - Host latency: 2.40505 ms (enqueue 0.0263062 ms)
[09/30/2026-18:30:31] [I] Average on 10 runs - GPU latency: 2.48352 ms - Host latency: 2.48352 ms (enqueue 0.0265381 ms)
[09/30/2026-18:30:31] [I] Average on 10 runs - GPU latency: 2.41715 ms - Host latency: 2.41715 ms (enqueue 0.0287598 ms)
[09/30/2026-18:30:31] [I] Average on 10 runs - GPU latency: 2.47419 ms - Host latency: 2.47419 ms (enqueue 0.0255371 ms)
[09/30/2026-18:30:31] [I] Average on 10 runs - GPU latency: 2.34304 ms - Host latency: 2.34304 ms (enqueue 0.0275269 ms)
[09/30/2026-18:30:31] [I] Average on 10 runs - GPU latency: 2.46387 ms - Host latency: 2.46387 ms (enqueue 0.027832 ms)
[09/30/2026-18:30:31] [I] Average on 10 runs - GPU latency: 2.41245 ms - Host latency: 2.41245 ms (enqueue 0.0282959 ms)
[09/30/2026-18:30:31] [I] Average on 10 runs - GPU latency: 2.34476 ms - Host latency: 2.34476 ms (enqueue 0.0276123 ms)
[09/30/2026-18:30:31] [I] Average on 10 runs - GPU latency: 2.42424 ms - Host latency: 2.42424 ms (enqueue 0.0341187 ms)
[09/30/2026-18:30:31] [I] Average on 10 runs - GPU latency: 2.56368 ms - Host latency: 2.56368 ms (enqueue 0.0369141 ms)
[09/30/2026-18:30:31] [I] Average on 10 runs - GPU latency: 2.57905 ms - Host latency: 2.57905 ms (enqueue 0.031897 ms)
[09/30/2026-18:30:31] [I] Average on 10 runs - GPU latency: 2.41345 ms - Host latency: 2.41345 ms (enqueue 0.0252563 ms)
[09/30/2026-18:30:31] [I] Average on 10 runs - GPU latency: 2.48453 ms - Host latency: 2.48453 ms (enqueue 0.0340454 ms)
[09/30/2026-18:30:31] [I] Average on 10 runs - GPU latency: 2.41542 ms - Host latency: 2.41542 ms (enqueue 0.0303589 ms)
[09/30/2026-18:30:31] [I] Average on 10 runs - GPU latency: 2.51737 ms - Host latency: 2.51737 ms (enqueue 0.0366211 ms)
[09/30/2026-18:30:31] [I] Average on 10 runs - GPU latency: 2.40627 ms - Host latency: 2.40627 ms (enqueue 0.0321777 ms)
[09/30/2026-18:30:31] [I] Average on 10 runs - GPU latency: 2.42419 ms - Host latency: 2.42419 ms (enqueue 0.0300903 ms)
[09/30/2026-18:30:31] [I] Average on 10 runs - GPU latency: 2.47419 ms - Host latency: 2.47419 ms (enqueue 0.0324707 ms)
[09/30/2026-18:30:31] [I] Average on 10 runs - GPU latency: 2.48319 ms - Host latency: 2.48319 ms (enqueue 0.0306274 ms)
[09/30/2026-18:30:31] [I] Average on 10 runs - GPU latency: 2.4116 ms - Host latency: 2.4116 ms (enqueue 0.0297363 ms)
[09/30/2026-18:30:31] [I] Average on 10 runs - GPU latency: 2.46992 ms - Host latency: 2.46992 ms (enqueue 0.0289063 ms)
[09/30/2026-18:30:31] [I] Average on 10 runs - GPU latency: 2.40313 ms - Host latency: 2.40313 ms (enqueue 0.0266357 ms)
[09/30/2026-18:30:31] [I] Average on 10 runs - GPU latency: 2.47317 ms - Host latency: 2.47317 ms (enqueue 0.0270996 ms)
[09/30/2026-18:30:31] [I] Average on 10 runs - GPU latency: 2.41184 ms - Host latency: 2.41184 ms (enqueue 0.0277588 ms)
[09/30/2026-18:30:31] [I] Average on 10 runs - GPU latency: 2.41162 ms - Host latency: 2.41162 ms (enqueue 0.0279541 ms)
[09/30/2026-18:30:31] [I] Average on 10 runs - GPU latency: 2.4717 ms - Host latency: 2.4717 ms (enqueue 0.0299316 ms)
[09/30/2026-18:30:31] [I] Average on 10 runs - GPU latency: 2.41152 ms - Host latency: 2.41152 ms (enqueue 0.0241943 ms)
[09/30/2026-18:30:31] [I] Average on 10 runs - GPU latency: 2.48777 ms - Host latency: 2.48777 ms (enqueue 0.0298584 ms)
[09/30/2026-18:30:31] [I] Average on 10 runs - GPU latency: 2.40964 ms - Host latency: 2.40964 ms (enqueue 0.0265869 ms)
[09/30/2026-18:30:31] [I] Average on 10 runs - GPU latency: 2.476 ms - Host latency: 2.476 ms (enqueue 0.0294922 ms)
[09/30/2026-18:30:31] [I] Average on 10 runs - GPU latency: 2.42085 ms - Host latency: 2.42085 ms (enqueue 0.0286865 ms)
[09/30/2026-18:30:31] [I] Average on 10 runs - GPU latency: 2.40933 ms - Host latency: 2.40933 ms (enqueue 0.0282227 ms)
[09/30/2026-18:30:31] [I] Average on 10 runs - GPU latency: 2.47739 ms - Host latency: 2.47739 ms (enqueue 0.027417 ms)
[09/30/2026-18:30:31] [I] Average on 10 runs - GPU latency: 2.42144 ms - Host latency: 2.42144 ms (enqueue 0.0302246 ms)
[09/30/2026-18:30:31] [I] Average on 10 runs - GPU latency: 2.35408 ms - Host latency: 2.35408 ms (enqueue 0.0279541 ms)
[09/30/2026-18:30:31] [I] Average on 10 runs - GPU latency: 2.4271 ms - Host latency: 2.4271 ms (enqueue 0.0233398 ms)
[09/30/2026-18:30:31] [I] Average on 10 runs - GPU latency: 2.4217 ms - Host latency: 2.4217 ms (enqueue 0.0320801 ms)
[09/30/2026-18:30:31] [I] Average on 10 runs - GPU latency: 2.36348 ms - Host latency: 2.36348 ms (enqueue 0.0299316 ms)
[09/30/2026-18:30:31] [I] Average on 10 runs - GPU latency: 2.41824 ms - Host latency: 2.41824 ms (enqueue 0.0317627 ms)
[09/30/2026-18:30:31] [I] Average on 10 runs - GPU latency: 2.43228 ms - Host latency: 2.43228 ms (enqueue 0.0291992 ms)
[09/30/2026-18:30:31] [I] Average on 10 runs - GPU latency: 2.49016 ms - Host latency: 2.49016 ms (enqueue 0.0275635 ms)
[09/30/2026-18:30:31] [I] Average on 10 runs - GPU latency: 2.41553 ms - Host latency: 2.41553 ms (enqueue 0.0258057 ms)
[09/30/2026-18:30:31] [I] Average on 10 runs - GPU latency: 2.47715 ms - Host latency: 2.47715 ms (enqueue 0.0256592 ms)
[09/30/2026-18:30:31] [I] Average on 10 runs - GPU latency: 2.41887 ms - Host latency: 2.41887 ms (enqueue 0.0276611 ms)
[09/30/2026-18:30:31] [I] Average on 10 runs - GPU latency: 2.4874 ms - Host latency: 2.4874 ms (enqueue 0.027124 ms)
[09/30/2026-18:30:31] [I] Average on 10 runs - GPU latency: 2.42419 ms - Host latency: 2.42419 ms (enqueue 0.0288818 ms)
[09/30/2026-18:30:31] [I] Average on 10 runs - GPU latency: 2.41653 ms - Host latency: 2.41653 ms (enqueue 0.0276611 ms)
[09/30/2026-18:30:31] [I] Average on 10 runs - GPU latency: 2.42043 ms - Host latency: 2.42043 ms (enqueue 0.0338867 ms)
[09/30/2026-18:30:31] [I] Average on 10 runs - GPU latency: 2.4752 ms - Host latency: 2.4752 ms (enqueue 0.0303467 ms)
[09/30/2026-18:30:31] [I] Average on 10 runs - GPU latency: 2.44031 ms - Host latency: 2.44031 ms (enqueue 0.0349365 ms)
[09/30/2026-18:30:31] [I] Average on 10 runs - GPU latency: 2.4762 ms - Host latency: 2.4762 ms (enqueue 0.0273438 ms)
[09/30/2026-18:30:31] [I] Average on 10 runs - GPU latency: 2.41575 ms - Host latency: 2.41575 ms (enqueue 0.028833 ms)
[09/30/2026-18:30:31] [I] Average on 10 runs - GPU latency: 2.41204 ms - Host latency: 2.41204 ms (enqueue 0.0271484 ms)
[09/30/2026-18:30:31] [I] Average on 10 runs - GPU latency: 2.48608 ms - Host latency: 2.48608 ms (enqueue 0.0293457 ms)
[09/30/2026-18:30:31] [I] Average on 10 runs - GPU latency: 2.42556 ms - Host latency: 2.42556 ms (enqueue 0.0271484 ms)
[09/30/2026-18:30:31] [I] Average on 10 runs - GPU latency: 2.48972 ms - Host latency: 2.48972 ms (enqueue 0.0300537 ms)
[09/30/2026-18:30:31] [I] Average on 10 runs - GPU latency: 2.41389 ms - Host latency: 2.41389 ms (enqueue 0.0285889 ms)
[09/30/2026-18:30:31] [I] Average on 10 runs - GPU latency: 2.48152 ms - Host latency: 2.48152 ms (enqueue 0.0282227 ms)
[09/30/2026-18:30:31] [I] Average on 10 runs - GPU latency: 2.4188 ms - Host latency: 2.4188 ms (enqueue 0.0286133 ms)
[09/30/2026-18:30:31] [I] Average on 10 runs - GPU latency: 2.47786 ms - Host latency: 2.47786 ms (enqueue 0.0284668 ms)
[09/30/2026-18:30:31] [I] Average on 10 runs - GPU latency: 2.41514 ms - Host latency: 2.41514 ms (enqueue 0.0286377 ms)
[09/30/2026-18:30:31] [I] Average on 10 runs - GPU latency: 2.41394 ms - Host latency: 2.41394 ms (enqueue 0.0377441 ms)
[09/30/2026-18:30:31] [I] Average on 10 runs - GPU latency: 2.42673 ms - Host latency: 2.42673 ms (enqueue 0.0287109 ms)
[09/30/2026-18:30:31] [I] Average on 10 runs - GPU latency: 2.49565 ms - Host latency: 2.49565 ms (enqueue 0.0256836 ms)
[09/30/2026-18:30:31] [I] Average on 10 runs - GPU latency: 2.41062 ms - Host latency: 2.41062 ms (enqueue 0.0254639 ms)
[09/30/2026-18:30:31] [I] Average on 10 runs - GPU latency: 2.47297 ms - Host latency: 2.47297 ms (enqueue 0.0314209 ms)
[09/30/2026-18:30:31] [I] Average on 10 runs - GPU latency: 2.45137 ms - Host latency: 2.45137 ms (enqueue 0.0289551 ms)
[09/30/2026-18:30:31] [I] Average on 10 runs - GPU latency: 2.39397 ms - Host latency: 2.39397 ms (enqueue 0.0274414 ms)
[09/30/2026-18:30:31] [I] Average on 10 runs - GPU latency: 2.4884 ms - Host latency: 2.4884 ms (enqueue 0.028418 ms)
[09/30/2026-18:30:31] [I] Average on 10 runs - GPU latency: 2.3999 ms - Host latency: 2.3999 ms (enqueue 0.0349854 ms)
[09/30/2026-18:30:31] [I] Average on 10 runs - GPU latency: 2.41284 ms - Host latency: 2.41284 ms (enqueue 0.0307373 ms)
[09/30/2026-18:30:31] [I] Average on 10 runs - GPU latency: 2.47595 ms - Host latency: 2.47595 ms (enqueue 0.032373 ms)
[09/30/2026-18:30:31] [I] Average on 10 runs - GPU latency: 2.50444 ms - Host latency: 2.50444 ms (enqueue 0.024585 ms)
[09/30/2026-18:30:31] [I] Average on 10 runs - GPU latency: 2.41152 ms - Host latency: 2.41152 ms (enqueue 0.0291504 ms)
[09/30/2026-18:30:31] [I] Average on 10 runs - GPU latency: 2.48516 ms - Host latency: 2.48516 ms (enqueue 0.0241943 ms)
[09/30/2026-18:30:31] [I] Average on 10 runs - GPU latency: 2.40811 ms - Host latency: 2.40811 ms (enqueue 0.0266113 ms)
[09/30/2026-18:30:31] [I] Average on 10 runs - GPU latency: 2.48569 ms - Host latency: 2.48569 ms (enqueue 0.030249 ms)
[09/30/2026-18:30:31] [I] Average on 10 runs - GPU latency: 2.42407 ms - Host latency: 2.42407 ms (enqueue 0.0317139 ms)
[09/30/2026-18:30:31] [I] Average on 10 runs - GPU latency: 2.48984 ms - Host latency: 2.48984 ms (enqueue 0.028418 ms)
[09/30/2026-18:30:31] [I] Average on 10 runs - GPU latency: 2.41953 ms - Host latency: 2.41953 ms (enqueue 0.0286133 ms)
[09/30/2026-18:30:31] [I] Average on 10 runs - GPU latency: 2.47896 ms - Host latency: 2.47896 ms (enqueue 0.0279541 ms)
[09/30/2026-18:30:31] [I] Average on 10 runs - GPU latency: 2.41536 ms - Host latency: 2.41536 ms (enqueue 0.0280762 ms)
[09/30/2026-18:30:31] [I] Average on 10 runs - GPU latency: 2.41853 ms - Host latency: 2.41853 ms (enqueue 0.0278564 ms)
[09/30/2026-18:30:31] [I] Average on 10 runs - GPU latency: 2.48296 ms - Host latency: 2.48296 ms (enqueue 0.0311279 ms)
[09/30/2026-18:30:31] [I] Average on 10 runs - GPU latency: 2.4311 ms - Host latency: 2.4311 ms (enqueue 0.028418 ms)
[09/30/2026-18:30:31] [I] Average on 10 runs - GPU latency: 2.42556 ms - Host latency: 2.42556 ms (enqueue 0.0266357 ms)
[09/30/2026-18:30:31] [I] Average on 10 runs - GPU latency: 2.61636 ms - Host latency: 2.61636 ms (enqueue 0.0327881 ms)
[09/30/2026-18:30:31] [I] Average on 10 runs - GPU latency: 2.4489 ms - Host latency: 2.4489 ms (enqueue 0.0288086 ms)
[09/30/2026-18:30:31] [I] Average on 10 runs - GPU latency: 2.40823 ms - Host latency: 2.40823 ms (enqueue 0.0271484 ms)
[09/30/2026-18:30:31] [I] Average on 10 runs - GPU latency: 2.48857 ms - Host latency: 2.48857 ms (enqueue 0.0287842 ms)
[09/30/2026-18:30:31] [I] Average on 10 runs - GPU latency: 2.40972 ms - Host latency: 2.40972 ms (enqueue 0.0299805 ms)
[09/30/2026-18:30:31] [I] Average on 10 runs - GPU latency: 2.48345 ms - Host latency: 2.48345 ms (enqueue 0.0298828 ms)
[09/30/2026-18:30:31] [I] Average on 10 runs - GPU latency: 2.4179 ms - Host latency: 2.4179 ms (enqueue 0.0333984 ms)
[09/30/2026-18:30:31] [I] Average on 10 runs - GPU latency: 2.50657 ms - Host latency: 2.50657 ms (enqueue 0.0279297 ms)
[09/30/2026-18:30:31] [I] Average on 10 runs - GPU latency: 2.41411 ms - Host latency: 2.41411 ms (enqueue 0.0248291 ms)
[09/30/2026-18:30:31] [I] Average on 10 runs - GPU latency: 2.46797 ms - Host latency: 2.46797 ms (enqueue 0.0278809 ms)
[09/30/2026-18:30:31] [I] Average on 10 runs - GPU latency: 2.42273 ms - Host latency: 2.42273 ms (enqueue 0.0294189 ms)
[09/30/2026-18:30:31] [I] Average on 10 runs - GPU latency: 2.50444 ms - Host latency: 2.50444 ms (enqueue 0.028418 ms)
[09/30/2026-18:30:31] [I] Average on 10 runs - GPU latency: 2.41506 ms - Host latency: 2.41506 ms (enqueue 0.0284668 ms)
[09/30/2026-18:30:31] [I] Average on 10 runs - GPU latency: 2.48074 ms - Host latency: 2.48074 ms (enqueue 0.0281006 ms)
[09/30/2026-18:30:31] [I] Average on 10 runs - GPU latency: 2.41611 ms - Host latency: 2.41611 ms (enqueue 0.0313477 ms)
[09/30/2026-18:30:31] [I] Average on 10 runs - GPU latency: 2.3813 ms - Host latency: 2.3813 ms (enqueue 0.032251 ms)
[09/30/2026-18:30:31] [I] Average on 10 runs - GPU latency: 2.43723 ms - Host latency: 2.43723 ms (enqueue 0.0316406 ms)
[09/30/2026-18:30:31] [I] Average on 10 runs - GPU latency: 2.42412 ms - Host latency: 2.42412 ms (enqueue 0.0265625 ms)
[09/30/2026-18:30:31] [I] Average on 10 runs - GPU latency: 2.4397 ms - Host latency: 2.4397 ms (enqueue 0.0291016 ms)
[09/30/2026-18:30:31] [I] Average on 10 runs - GPU latency: 2.36211 ms - Host latency: 2.36211 ms (enqueue 0.0231445 ms)
[09/30/2026-18:30:31] [I] Average on 10 runs - GPU latency: 2.43477 ms - Host latency: 2.43477 ms (enqueue 0.0287598 ms)
[09/30/2026-18:30:31] [I] Average on 10 runs - GPU latency: 2.42993 ms - Host latency: 2.42993 ms (enqueue 0.029541 ms)
[09/30/2026-18:30:31] [I] Average on 10 runs - GPU latency: 2.43071 ms - Host latency: 2.43071 ms (enqueue 0.0289551 ms)
[09/30/2026-18:30:31] [I] Average on 10 runs - GPU latency: 2.37075 ms - Host latency: 2.37075 ms (enqueue 0.0273438 ms)
[09/30/2026-18:30:31] [I] Average on 10 runs - GPU latency: 2.42979 ms - Host latency: 2.42979 ms (enqueue 0.0275879 ms)
[09/30/2026-18:30:31] [I] Average on 10 runs - GPU latency: 2.44067 ms - Host latency: 2.44067 ms (enqueue 0.027832 ms)
[09/30/2026-18:30:31] [I] Average on 10 runs - GPU latency: 2.36938 ms - Host latency: 2.36938 ms (enqueue 0.0236816 ms)
[09/30/2026-18:30:31] [I] Average on 10 runs - GPU latency: 2.43545 ms - Host latency: 2.43545 ms (enqueue 0.0282227 ms)
[09/30/2026-18:30:31] [I] Average on 10 runs - GPU latency: 2.43945 ms - Host latency: 2.43945 ms (enqueue 0.0246582 ms)
[09/30/2026-18:30:31] [I] Average on 10 runs - GPU latency: 2.43008 ms - Host latency: 2.43008 ms (enqueue 0.0275391 ms)
[09/30/2026-18:30:31] [I] Average on 10 runs - GPU latency: 2.37109 ms - Host latency: 2.37109 ms (enqueue 0.0273926 ms)
[09/30/2026-18:30:31] [I] Average on 10 runs - GPU latency: 2.43613 ms - Host latency: 2.43613 ms (enqueue 0.0283691 ms)
[09/30/2026-18:30:31] [I] Average on 10 runs - GPU latency: 2.43296 ms - Host latency: 2.43296 ms (enqueue 0.028125 ms)
[09/30/2026-18:30:31] [I] Average on 10 runs - GPU latency: 2.43442 ms - Host latency: 2.43442 ms (enqueue 0.0287598 ms)
[09/30/2026-18:30:31] [I] Average on 10 runs - GPU latency: 2.3687 ms - Host latency: 2.3687 ms (enqueue 0.0233887 ms)
[09/30/2026-18:30:31] [I] Average on 10 runs - GPU latency: 2.43711 ms - Host latency: 2.43711 ms (enqueue 0.0279297 ms)
[09/30/2026-18:30:31] [I] Average on 10 runs - GPU latency: 2.42852 ms - Host latency: 2.42852 ms (enqueue 0.026416 ms)
[09/30/2026-18:30:31] [I] Average on 10 runs - GPU latency: 2.3731 ms - Host latency: 2.3731 ms (enqueue 0.0298828 ms)
[09/30/2026-18:30:31] [I] Average on 10 runs - GPU latency: 2.43413 ms - Host latency: 2.43413 ms (enqueue 0.0248535 ms)
[09/30/2026-18:30:31] [I] Average on 10 runs - GPU latency: 2.43159 ms - Host latency: 2.43159 ms (enqueue 0.0413086 ms)
[09/30/2026-18:30:31] [I] Average on 10 runs - GPU latency: 2.43516 ms - Host latency: 2.43516 ms (enqueue 0.0271484 ms)
[09/30/2026-18:30:31] [I] Average on 10 runs - GPU latency: 2.36821 ms - Host latency: 2.36821 ms (enqueue 0.0254395 ms)
[09/30/2026-18:30:31] [I] Average on 10 runs - GPU latency: 2.42559 ms - Host latency: 2.42559 ms (enqueue 0.0276855 ms)
[09/30/2026-18:30:31] [I] Average on 10 runs - GPU latency: 2.43511 ms - Host latency: 2.43511 ms (enqueue 0.0214844 ms)
[09/30/2026-18:30:31] [I] Average on 10 runs - GPU latency: 2.44194 ms - Host latency: 2.44194 ms (enqueue 0.0248047 ms)
[09/30/2026-18:30:31] [I] Average on 10 runs - GPU latency: 2.36714 ms - Host latency: 2.36714 ms (enqueue 0.0277832 ms)
[09/30/2026-18:30:31] [I] Average on 10 runs - GPU latency: 2.42349 ms - Host latency: 2.42349 ms (enqueue 0.0294922 ms)
[09/30/2026-18:30:31] [I] Average on 10 runs - GPU latency: 2.51553 ms - Host latency: 2.51553 ms (enqueue 0.0293457 ms)
[09/30/2026-18:30:31] [I] Average on 10 runs - GPU latency: 2.36064 ms - Host latency: 2.36064 ms (enqueue 0.0611328 ms)
[09/30/2026-18:30:31] [I] Average on 10 runs - GPU latency: 2.51313 ms - Host latency: 2.51313 ms (enqueue 0.053125 ms)
[09/30/2026-18:30:31] [I] Average on 10 runs - GPU latency: 2.42227 ms - Host latency: 2.42227 ms (enqueue 0.0330566 ms)
[09/30/2026-18:30:31] [I] Average on 10 runs - GPU latency: 2.41763 ms - Host latency: 2.41763 ms (enqueue 0.0307129 ms)
[09/30/2026-18:30:31] [I] Average on 10 runs - GPU latency: 2.43096 ms - Host latency: 2.43096 ms (enqueue 0.0299805 ms)
[09/30/2026-18:30:31] [I] Average on 10 runs - GPU latency: 2.49355 ms - Host latency: 2.49355 ms (enqueue 0.0278809 ms)
[09/30/2026-18:30:31] [I] Average on 10 runs - GPU latency: 2.41406 ms - Host latency: 2.41406 ms (enqueue 0.0280762 ms)
[09/30/2026-18:30:31] [I] Average on 10 runs - GPU latency: 2.48086 ms - Host latency: 2.48086 ms (enqueue 0.0273438 ms)
[09/30/2026-18:30:31] [I] Average on 10 runs - GPU latency: 2.41665 ms - Host latency: 2.41665 ms (enqueue 0.0311523 ms)
[09/30/2026-18:30:31] [I] Average on 10 runs - GPU latency: 2.4248 ms - Host latency: 2.4248 ms (enqueue 0.0248535 ms)
[09/30/2026-18:30:31] [I] Average on 10 runs - GPU latency: 2.44321 ms - Host latency: 2.44321 ms (enqueue 0.0266113 ms)
[09/30/2026-18:30:31] [I] Average on 10 runs - GPU latency: 2.50034 ms - Host latency: 2.50034 ms (enqueue 0.0240234 ms)
[09/30/2026-18:30:31] [I] Average on 10 runs - GPU latency: 2.42295 ms - Host latency: 2.42295 ms (enqueue 0.025293 ms)
[09/30/2026-18:30:31] [I] Average on 10 runs - GPU latency: 2.43374 ms - Host latency: 2.43374 ms (enqueue 0.0280762 ms)
[09/30/2026-18:30:31] [I] Average on 10 runs - GPU latency: 2.48813 ms - Host latency: 2.48813 ms (enqueue 0.0283691 ms)
[09/30/2026-18:30:31] [I] Average on 10 runs - GPU latency: 2.44429 ms - Host latency: 2.44429 ms (enqueue 0.0258301 ms)
[09/30/2026-18:30:31] [I] Average on 10 runs - GPU latency: 2.38301 ms - Host latency: 2.38301 ms (enqueue 0.028418 ms)
[09/30/2026-18:30:31] [I] Average on 10 runs - GPU latency: 2.42324 ms - Host latency: 2.42324 ms (enqueue 0.0281738 ms)
[09/30/2026-18:30:31] [I] Average on 10 runs - GPU latency: 2.52163 ms - Host latency: 2.52163 ms (enqueue 0.0278809 ms)
[09/30/2026-18:30:31] [I] Average on 10 runs - GPU latency: 2.4145 ms - Host latency: 2.4145 ms (enqueue 0.026123 ms)
[09/30/2026-18:30:31] [I] Average on 10 runs - GPU latency: 2.48447 ms - Host latency: 2.48447 ms (enqueue 0.0288086 ms)
[09/30/2026-18:30:31] [I] Average on 10 runs - GPU latency: 2.42153 ms - Host latency: 2.42153 ms (enqueue 0.0317383 ms)
[09/30/2026-18:30:31] [I] Average on 10 runs - GPU latency: 2.48872 ms - Host latency: 2.48872 ms (enqueue 0.0291992 ms)
[09/30/2026-18:30:31] [I] Average on 10 runs - GPU latency: 2.35889 ms - Host latency: 2.35889 ms (enqueue 0.0277832 ms)
[09/30/2026-18:30:31] [I] Average on 10 runs - GPU latency: 2.5127 ms - Host latency: 2.5127 ms (enqueue 0.0289551 ms)
[09/30/2026-18:30:31] [I] Average on 10 runs - GPU latency: 2.44282 ms - Host latency: 2.44282 ms (enqueue 0.0249023 ms)
[09/30/2026-18:30:31] [I] Average on 10 runs - GPU latency: 2.48984 ms - Host latency: 2.48984 ms (enqueue 0.0290039 ms)
[09/30/2026-18:30:31] [I] Average on 10 runs - GPU latency: 2.40879 ms - Host latency: 2.40879 ms (enqueue 0.0269531 ms)
[09/30/2026-18:30:31] [I] Average on 10 runs - GPU latency: 2.49258 ms - Host latency: 2.49258 ms (enqueue 0.0269531 ms)
[09/30/2026-18:30:31] [I] Average on 10 runs - GPU latency: 2.42285 ms - Host latency: 2.42285 ms (enqueue 0.030127 ms)
[09/30/2026-18:30:31] [I] Average on 10 runs - GPU latency: 2.39546 ms - Host latency: 2.39546 ms (enqueue 0.0276367 ms)
[09/30/2026-18:30:31] [I] Average on 10 runs - GPU latency: 2.46123 ms - Host latency: 2.46123 ms (enqueue 0.0330078 ms)
[09/30/2026-18:30:31] [I] Average on 10 runs - GPU latency: 2.45093 ms - Host latency: 2.45093 ms (enqueue 0.0287598 ms)
[09/30/2026-18:30:31] [I] Average on 10 runs - GPU latency: 2.50679 ms - Host latency: 2.50679 ms (enqueue 0.0295898 ms)
[09/30/2026-18:30:31] [I] Average on 10 runs - GPU latency: 2.42725 ms - Host latency: 2.42725 ms (enqueue 0.0288574 ms)
[09/30/2026-18:30:31] [I] Average on 10 runs - GPU latency: 2.48257 ms - Host latency: 2.48257 ms (enqueue 0.0269531 ms)
[09/30/2026-18:30:31] [I] Average on 10 runs - GPU latency: 2.41851 ms - Host latency: 2.41851 ms (enqueue 0.0247559 ms)
[09/30/2026-18:30:31] [I] Average on 10 runs - GPU latency: 2.42031 ms - Host latency: 2.42031 ms (enqueue 0.0296875 ms)
[09/30/2026-18:30:31] [I] Average on 10 runs - GPU latency: 2.36904 ms - Host latency: 2.36904 ms (enqueue 0.0283691 ms)
[09/30/2026-18:30:31] [I] Average on 10 runs - GPU latency: 2.43936 ms - Host latency: 2.43936 ms (enqueue 0.0273438 ms)
[09/30/2026-18:30:31] [I] Average on 10 runs - GPU latency: 2.55703 ms - Host latency: 2.55703 ms (enqueue 0.0288574 ms)
[09/30/2026-18:30:31] [I] Average on 10 runs - GPU latency: 2.44062 ms - Host latency: 2.44062 ms (enqueue 0.0287598 ms)
[09/30/2026-18:30:31] [I] ... Omitting 2150 lines
[09/30/2026-18:30:31] [I] Average on 10 runs - GPU latency: 2.36719 ms - Host latency: 2.36719 ms (enqueue 0.0251953 ms)
[09/30/2026-18:30:31] [I] Average on 10 runs - GPU latency: 2.43008 ms - Host latency: 2.43008 ms (enqueue 0.0235352 ms)
[09/30/2026-18:30:31] [I] Average on 10 runs - GPU latency: 2.43965 ms - Host latency: 2.43965 ms (enqueue 0.0288086 ms)
[09/30/2026-18:30:31] [I] Average on 10 runs - GPU latency: 2.37695 ms - Host latency: 2.37695 ms (enqueue 0.03125 ms)
[09/30/2026-18:30:31] [I] Average on 10 runs - GPU latency: 2.44277 ms - Host latency: 2.44277 ms (enqueue 0.0416992 ms)
[09/30/2026-18:30:31] [I] Average on 10 runs - GPU latency: 2.4373 ms - Host latency: 2.4373 ms (enqueue 0.0290039 ms)
[09/30/2026-18:30:31] [I] Average on 10 runs - GPU latency: 2.43066 ms - Host latency: 2.43066 ms (enqueue 0.0317383 ms)
[09/30/2026-18:30:31] [I] Average on 10 runs - GPU latency: 2.37734 ms - Host latency: 2.37734 ms (enqueue 0.0277344 ms)
[09/30/2026-18:30:31] [I] Average on 10 runs - GPU latency: 2.43994 ms - Host latency: 2.43994 ms (enqueue 0.0283203 ms)
[09/30/2026-18:30:31] [I] Average on 10 runs - GPU latency: 2.44775 ms - Host latency: 2.44775 ms (enqueue 0.0291016 ms)
[09/30/2026-18:30:31] [I] Average on 10 runs - GPU latency: 2.45781 ms - Host latency: 2.45781 ms (enqueue 0.0301758 ms)
[09/30/2026-18:30:31] [I] Average on 10 runs - GPU latency: 2.38145 ms - Host latency: 2.38145 ms (enqueue 0.0279297 ms)
[09/30/2026-18:30:31] [I] Average on 10 runs - GPU latency: 2.44502 ms - Host latency: 2.44502 ms (enqueue 0.0279297 ms)
[09/30/2026-18:30:31] [I] Average on 10 runs - GPU latency: 2.4415 ms - Host latency: 2.4415 ms (enqueue 0.0287109 ms)
[09/30/2026-18:30:31] [I] Average on 10 runs - GPU latency: 2.43457 ms - Host latency: 2.43457 ms (enqueue 0.0274414 ms)
[09/30/2026-18:30:31] [I] Average on 10 runs - GPU latency: 2.3832 ms - Host latency: 2.3832 ms (enqueue 0.0254883 ms)
[09/30/2026-18:30:31] [I] Average on 10 runs - GPU latency: 2.44727 ms - Host latency: 2.44727 ms (enqueue 0.0286133 ms)
[09/30/2026-18:30:31] [I] Average on 10 runs - GPU latency: 2.45371 ms - Host latency: 2.45371 ms (enqueue 0.030957 ms)
[09/30/2026-18:30:31] [I] Average on 10 runs - GPU latency: 2.38125 ms - Host latency: 2.38125 ms (enqueue 0.028125 ms)
[09/30/2026-18:30:31] [I] Average on 10 runs - GPU latency: 2.44814 ms - Host latency: 2.44814 ms (enqueue 0.0302734 ms)
[09/30/2026-18:30:31] [I] Average on 10 runs - GPU latency: 2.43955 ms - Host latency: 2.43955 ms (enqueue 0.028125 ms)
[09/30/2026-18:30:31] [I] Average on 10 runs - GPU latency: 2.45049 ms - Host latency: 2.45049 ms (enqueue 0.0275391 ms)
[09/30/2026-18:30:31] [I] Average on 10 runs - GPU latency: 2.454 ms - Host latency: 2.454 ms (enqueue 0.0279297 ms)
[09/30/2026-18:30:31] [I] Average on 10 runs - GPU latency: 2.45469 ms - Host latency: 2.45469 ms (enqueue 0.0307617 ms)
[09/30/2026-18:30:31] [I] Average on 10 runs - GPU latency: 2.44941 ms - Host latency: 2.44941 ms (enqueue 0.0256836 ms)
[09/30/2026-18:30:31] [I] Average on 10 runs - GPU latency: 2.44434 ms - Host latency: 2.44434 ms (enqueue 0.0287109 ms)
[09/30/2026-18:30:31] [I] Average on 10 runs - GPU latency: 2.38213 ms - Host latency: 2.38213 ms (enqueue 0.0290039 ms)
[09/30/2026-18:30:31] [I] Average on 10 runs - GPU latency: 2.44541 ms - Host latency: 2.44541 ms (enqueue 0.0417969 ms)
[09/30/2026-18:30:31] [I] Average on 10 runs - GPU latency: 2.45322 ms - Host latency: 2.45322 ms (enqueue 0.028125 ms)
[09/30/2026-18:30:31] [I] Average on 10 runs - GPU latency: 2.38184 ms - Host latency: 2.38184 ms (enqueue 0.0297852 ms)
[09/30/2026-18:30:31] [I] Average on 10 runs - GPU latency: 2.46484 ms - Host latency: 2.46484 ms (enqueue 0.0292969 ms)
[09/30/2026-18:30:31] [I] Average on 10 runs - GPU latency: 2.4417 ms - Host latency: 2.4417 ms (enqueue 0.0299805 ms)
[09/30/2026-18:30:31] [I] Average on 10 runs - GPU latency: 2.43408 ms - Host latency: 2.43408 ms (enqueue 0.0286133 ms)
[09/30/2026-18:30:31] [I] Average on 10 runs - GPU latency: 2.38281 ms - Host latency: 2.38281 ms (enqueue 0.0304688 ms)
[09/30/2026-18:30:31] [I] Average on 10 runs - GPU latency: 2.43779 ms - Host latency: 2.43779 ms (enqueue 0.0291016 ms)
[09/30/2026-18:30:31] [I] Average on 10 runs - GPU latency: 2.4418 ms - Host latency: 2.4418 ms (enqueue 0.0271484 ms)
[09/30/2026-18:30:31] [I] Average on 10 runs - GPU latency: 2.43584 ms - Host latency: 2.43584 ms (enqueue 0.0294922 ms)
[09/30/2026-18:30:31] [I] Average on 10 runs - GPU latency: 2.38125 ms - Host latency: 2.38125 ms (enqueue 0.0310547 ms)
[09/30/2026-18:30:31] [I] Average on 10 runs - GPU latency: 2.43516 ms - Host latency: 2.43516 ms (enqueue 0.0273438 ms)
[09/30/2026-18:30:31] [I] Average on 10 runs - GPU latency: 2.43828 ms - Host latency: 2.43828 ms (enqueue 0.0287109 ms)
[09/30/2026-18:30:31] [I] Average on 10 runs - GPU latency: 2.39258 ms - Host latency: 2.39258 ms (enqueue 0.0285156 ms)
[09/30/2026-18:30:31] [I] Average on 10 runs - GPU latency: 2.46836 ms - Host latency: 2.46836 ms (enqueue 0.0291992 ms)
[09/30/2026-18:30:31] [I] Average on 10 runs - GPU latency: 2.46006 ms - Host latency: 2.46006 ms (enqueue 0.028125 ms)
[09/30/2026-18:30:31] [I] Average on 10 runs - GPU latency: 2.45693 ms - Host latency: 2.45693 ms (enqueue 0.0304688 ms)
[09/30/2026-18:30:31] [I] Average on 10 runs - GPU latency: 2.44678 ms - Host latency: 2.44678 ms (enqueue 0.0299805 ms)
[09/30/2026-18:30:31] [I] Average on 10 runs - GPU latency: 2.45117 ms - Host latency: 2.45117 ms (enqueue 0.0306641 ms)
[09/30/2026-18:30:31] [I] Average on 10 runs - GPU latency: 2.45234 ms - Host latency: 2.45234 ms (enqueue 0.0294922 ms)
[09/30/2026-18:30:31] [I] Average on 10 runs - GPU latency: 2.44248 ms - Host latency: 2.44248 ms (enqueue 0.028418 ms)
[09/30/2026-18:30:31] [I] Average on 10 runs - GPU latency: 2.38545 ms - Host latency: 2.38545 ms (enqueue 0.0287109 ms)
[09/30/2026-18:30:31] [I] Average on 10 runs - GPU latency: 2.44609 ms - Host latency: 2.44609 ms (enqueue 0.0255859 ms)
[09/30/2026-18:30:31] [I] Average on 10 runs - GPU latency: 2.45332 ms - Host latency: 2.45332 ms (enqueue 0.0219727 ms)
[09/30/2026-18:30:31] [I] Average on 10 runs - GPU latency: 2.4499 ms - Host latency: 2.4499 ms (enqueue 0.0207031 ms)
[09/30/2026-18:30:31] [I] Average on 10 runs - GPU latency: 2.3875 ms - Host latency: 2.3875 ms (enqueue 0.0211914 ms)
[09/30/2026-18:30:31] [I] Average on 10 runs - GPU latency: 2.44971 ms - Host latency: 2.44971 ms (enqueue 0.0208984 ms)
[09/30/2026-18:30:31] [I] Average on 10 runs - GPU latency: 2.44805 ms - Host latency: 2.44805 ms (enqueue 0.0207031 ms)
[09/30/2026-18:30:31] [I] Average on 10 runs - GPU latency: 2.3875 ms - Host latency: 2.3875 ms (enqueue 0.0198242 ms)
[09/30/2026-18:30:31] [I] Average on 10 runs - GPU latency: 2.45127 ms - Host latency: 2.45127 ms (enqueue 0.0206055 ms)
[09/30/2026-18:30:31] [I] Average on 10 runs - GPU latency: 2.45322 ms - Host latency: 2.45322 ms (enqueue 0.0208984 ms)
[09/30/2026-18:30:31] [I] Average on 10 runs - GPU latency: 2.45078 ms - Host latency: 2.45078 ms (enqueue 0.0219727 ms)
[09/30/2026-18:30:31] [I] Average on 10 runs - GPU latency: 2.38721 ms - Host latency: 2.38721 ms (enqueue 0.0323242 ms)
[09/30/2026-18:30:31] [I] Average on 10 runs - GPU latency: 2.45283 ms - Host latency: 2.45283 ms (enqueue 0.0292969 ms)
[09/30/2026-18:30:31] [I] Average on 10 runs - GPU latency: 2.44902 ms - Host latency: 2.44902 ms (enqueue 0.0287109 ms)
[09/30/2026-18:30:31] [I] Average on 10 runs - GPU latency: 2.4498 ms - Host latency: 2.4498 ms (enqueue 0.0305664 ms)
[09/30/2026-18:30:31] [I] Average on 10 runs - GPU latency: 2.44912 ms - Host latency: 2.44912 ms (enqueue 0.0240234 ms)
[09/30/2026-18:30:31] [I] Average on 10 runs - GPU latency: 2.44453 ms - Host latency: 2.44453 ms (enqueue 0.0275391 ms)
[09/30/2026-18:30:31] [I] Average on 10 runs - GPU latency: 2.44609 ms - Host latency: 2.44609 ms (enqueue 0.0301758 ms)
[09/30/2026-18:30:31] [I] Average on 10 runs - GPU latency: 2.45527 ms - Host latency: 2.45527 ms (enqueue 0.028125 ms)
[09/30/2026-18:30:31] [I] Average on 10 runs - GPU latency: 2.38574 ms - Host latency: 2.38574 ms (enqueue 0.0290039 ms)
[09/30/2026-18:30:31] [I] Average on 10 runs - GPU latency: 2.45107 ms - Host latency: 2.45107 ms (enqueue 0.0283203 ms)
[09/30/2026-18:30:31] [I] Average on 10 runs - GPU latency: 2.45547 ms - Host latency: 2.45547 ms (enqueue 0.0387695 ms)
[09/30/2026-18:30:31] [I] Average on 10 runs - GPU latency: 2.39053 ms - Host latency: 2.39053 ms (enqueue 0.0290039 ms)
[09/30/2026-18:30:31] [I] Average on 10 runs - GPU latency: 2.55879 ms - Host latency: 2.55879 ms (enqueue 0.0316406 ms)
[09/30/2026-18:30:31] [I] Average on 10 runs - GPU latency: 2.46162 ms - Host latency: 2.46162 ms (enqueue 0.028125 ms)
[09/30/2026-18:30:31] [I] Average on 10 runs - GPU latency: 2.49746 ms - Host latency: 2.49746 ms (enqueue 0.0325195 ms)
[09/30/2026-18:30:31] [I] Average on 10 runs - GPU latency: 2.38369 ms - Host latency: 2.38369 ms (enqueue 0.0293945 ms)
[09/30/2026-18:30:31] [I] Average on 10 runs - GPU latency: 2.52197 ms - Host latency: 2.52197 ms (enqueue 0.0297852 ms)
[09/30/2026-18:30:31] [I] Average on 10 runs - GPU latency: 2.44453 ms - Host latency: 2.44453 ms (enqueue 0.0296875 ms)
[09/30/2026-18:30:31] [I] Average on 10 runs - GPU latency: 2.51494 ms - Host latency: 2.51494 ms (enqueue 0.0301758 ms)
[09/30/2026-18:30:31] [I] Average on 10 runs - GPU latency: 2.38428 ms - Host latency: 2.38428 ms (enqueue 0.027832 ms)
[09/30/2026-18:30:31] [I] Average on 10 runs - GPU latency: 2.51084 ms - Host latency: 2.51084 ms (enqueue 0.0321289 ms)
[09/30/2026-18:30:31] [I] Average on 10 runs - GPU latency: 2.44473 ms - Host latency: 2.44473 ms (enqueue 0.0276367 ms)
[09/30/2026-18:30:31] [I] Average on 10 runs - GPU latency: 2.5208 ms - Host latency: 2.5208 ms (enqueue 0.0274414 ms)
[09/30/2026-18:30:31] [I] Average on 10 runs - GPU latency: 2.44316 ms - Host latency: 2.44316 ms (enqueue 0.0299805 ms)
[09/30/2026-18:30:31] [I] Average on 10 runs - GPU latency: 2.50537 ms - Host latency: 2.50537 ms (enqueue 0.0288086 ms)
[09/30/2026-18:30:31] [I] Average on 10 runs - GPU latency: 2.43125 ms - Host latency: 2.43125 ms (enqueue 0.0310547 ms)
[09/30/2026-18:30:31] [I] Average on 10 runs - GPU latency: 2.49951 ms - Host latency: 2.49951 ms (enqueue 0.0300781 ms)
[09/30/2026-18:30:31] [I] Average on 10 runs - GPU latency: 2.4501 ms - Host latency: 2.4501 ms (enqueue 0.0270508 ms)
[09/30/2026-18:30:31] [I] Average on 10 runs - GPU latency: 2.43525 ms - Host latency: 2.43525 ms (enqueue 0.0279297 ms)
[09/30/2026-18:30:31] [I] Average on 10 runs - GPU latency: 2.43662 ms - Host latency: 2.43662 ms (enqueue 0.028125 ms)
[09/30/2026-18:30:31] [I] Average on 10 runs - GPU latency: 2.53486 ms - Host latency: 2.53486 ms (enqueue 0.0291016 ms)
[09/30/2026-18:30:31] [I] Average on 10 runs - GPU latency: 2.4543 ms - Host latency: 2.4543 ms (enqueue 0.0277344 ms)
[09/30/2026-18:30:31] [I] Average on 10 runs - GPU latency: 2.44229 ms - Host latency: 2.44229 ms (enqueue 0.0276367 ms)
[09/30/2026-18:30:31] [I] Average on 10 runs - GPU latency: 2.45293 ms - Host latency: 2.45293 ms (enqueue 0.0282227 ms)
[09/30/2026-18:30:31] [I] Average on 10 runs - GPU latency: 2.43232 ms - Host latency: 2.43232 ms (enqueue 0.0286133 ms)
[09/30/2026-18:30:31] [I] Average on 10 runs - GPU latency: 2.43281 ms - Host latency: 2.43281 ms (enqueue 0.030957 ms)
[09/30/2026-18:30:31] [I] Average on 10 runs - GPU latency: 2.44531 ms - Host latency: 2.44531 ms (enqueue 0.0311523 ms)
[09/30/2026-18:30:31] [I] Average on 10 runs - GPU latency: 2.50635 ms - Host latency: 2.50635 ms (enqueue 0.03125 ms)
[09/30/2026-18:30:31] [I] Average on 10 runs - GPU latency: 2.44229 ms - Host latency: 2.44229 ms (enqueue 0.027832 ms)
[09/30/2026-18:30:31] [I] Average on 10 runs - GPU latency: 2.46104 ms - Host latency: 2.46104 ms (enqueue 0.0336914 ms)
[09/30/2026-18:30:31] [I] Average on 10 runs - GPU latency: 2.44941 ms - Host latency: 2.44941 ms (enqueue 0.0280273 ms)
[09/30/2026-18:30:31] [I] Average on 10 runs - GPU latency: 2.52236 ms - Host latency: 2.52236 ms (enqueue 0.0270508 ms)
[09/30/2026-18:30:31] [I] Average on 10 runs - GPU latency: 2.45293 ms - Host latency: 2.45293 ms (enqueue 0.0275391 ms)
[09/30/2026-18:30:31] [I] Average on 10 runs - GPU latency: 2.50889 ms - Host latency: 2.50889 ms (enqueue 0.0290039 ms)
[09/30/2026-18:30:31] [I] Average on 10 runs - GPU latency: 2.42393 ms - Host latency: 2.42393 ms (enqueue 0.0279297 ms)
[09/30/2026-18:30:31] [I] Average on 10 runs - GPU latency: 2.50283 ms - Host latency: 2.50283 ms (enqueue 0.0267578 ms)
[09/30/2026-18:30:31] [I] Average on 10 runs - GPU latency: 2.44375 ms - Host latency: 2.44375 ms (enqueue 0.0283203 ms)
[09/30/2026-18:30:31] [I] Average on 10 runs - GPU latency: 2.52256 ms - Host latency: 2.52256 ms (enqueue 0.0323242 ms)
[09/30/2026-18:30:31] [I] Average on 10 runs - GPU latency: 2.44141 ms - Host latency: 2.44141 ms (enqueue 0.0275391 ms)
[09/30/2026-18:30:31] [I] Average on 10 runs - GPU latency: 2.44814 ms - Host latency: 2.44814 ms (enqueue 0.0273438 ms)
[09/30/2026-18:30:31] [I] Average on 10 runs - GPU latency: 2.38799 ms - Host latency: 2.38799 ms (enqueue 0.0236328 ms)
[09/30/2026-18:30:31] [I] Average on 10 runs - GPU latency: 2.45127 ms - Host latency: 2.45127 ms (enqueue 0.0267578 ms)
[09/30/2026-18:30:31] [I] Average on 10 runs - GPU latency: 2.51748 ms - Host latency: 2.51748 ms (enqueue 0.0304688 ms)
[09/30/2026-18:30:31] [I] Average on 10 runs - GPU latency: 2.4624 ms - Host latency: 2.4624 ms (enqueue 0.0277344 ms)
[09/30/2026-18:30:31] [I] Average on 10 runs - GPU latency: 2.37822 ms - Host latency: 2.37822 ms (enqueue 0.0269531 ms)
[09/30/2026-18:30:31] [I] Average on 10 runs - GPU latency: 2.44072 ms - Host latency: 2.44072 ms (enqueue 0.0254883 ms)
[09/30/2026-18:30:31] [I] Average on 10 runs - GPU latency: 2.47861 ms - Host latency: 2.47861 ms (enqueue 0.0240234 ms)
[09/30/2026-18:30:31] [I] Average on 10 runs - GPU latency: 2.38535 ms - Host latency: 2.38535 ms (enqueue 0.0319336 ms)
[09/30/2026-18:30:31] [I] Average on 10 runs - GPU latency: 2.4542 ms - Host latency: 2.4542 ms (enqueue 0.0270508 ms)
[09/30/2026-18:30:31] [I] Average on 10 runs - GPU latency: 2.45566 ms - Host latency: 2.45566 ms (enqueue 0.0298828 ms)
[09/30/2026-18:30:31] [I] Average on 10 runs - GPU latency: 2.45723 ms - Host latency: 2.45723 ms (enqueue 0.0272461 ms)
[09/30/2026-18:30:31] [I] Average on 10 runs - GPU latency: 2.38887 ms - Host latency: 2.38887 ms (enqueue 0.0279297 ms)
[09/30/2026-18:30:31] [I] Average on 10 runs - GPU latency: 2.44756 ms - Host latency: 2.44756 ms (enqueue 0.0295898 ms)
[09/30/2026-18:30:31] [I] Average on 10 runs - GPU latency: 2.45049 ms - Host latency: 2.45049 ms (enqueue 0.030957 ms)
[09/30/2026-18:30:31] [I] Average on 10 runs - GPU latency: 2.45342 ms - Host latency: 2.45342 ms (enqueue 0.0276367 ms)
[09/30/2026-18:30:31] [I] Average on 10 runs - GPU latency: 2.38877 ms - Host latency: 2.38877 ms (enqueue 0.0268555 ms)
[09/30/2026-18:30:31] [I] Average on 10 runs - GPU latency: 2.45264 ms - Host latency: 2.45264 ms (enqueue 0.0271484 ms)
[09/30/2026-18:30:31] [I] Average on 10 runs - GPU latency: 2.4458 ms - Host latency: 2.4458 ms (enqueue 0.0225586 ms)
[09/30/2026-18:30:31] [I] Average on 10 runs - GPU latency: 2.41748 ms - Host latency: 2.41748 ms (enqueue 0.0209961 ms)
[09/30/2026-18:30:31] [I] Average on 10 runs - GPU latency: 2.42148 ms - Host latency: 2.42148 ms (enqueue 0.025293 ms)
[09/30/2026-18:30:31] [I] Average on 10 runs - GPU latency: 2.45596 ms - Host latency: 2.45596 ms (enqueue 0.024707 ms)
[09/30/2026-18:30:31] [I] Average on 10 runs - GPU latency: 2.45176 ms - Host latency: 2.45176 ms (enqueue 0.0263672 ms)
[09/30/2026-18:30:31] [I] Average on 10 runs - GPU latency: 2.3876 ms - Host latency: 2.3876 ms (enqueue 0.0299805 ms)
[09/30/2026-18:30:31] [I] Average on 10 runs - GPU latency: 2.44717 ms - Host latency: 2.44717 ms (enqueue 0.0290039 ms)
[09/30/2026-18:30:31] [I] Average on 10 runs - GPU latency: 2.45127 ms - Host latency: 2.45127 ms (enqueue 0.0279297 ms)
[09/30/2026-18:30:31] [I] Average on 10 runs - GPU latency: 2.45352 ms - Host latency: 2.45352 ms (enqueue 0.0260742 ms)
[09/30/2026-18:30:31] [I] Average on 10 runs - GPU latency: 2.38906 ms - Host latency: 2.38906 ms (enqueue 0.0263672 ms)
[09/30/2026-18:30:31] [I] Average on 10 runs - GPU latency: 2.44248 ms - Host latency: 2.44248 ms (enqueue 0.0304688 ms)
[09/30/2026-18:30:31] [I] Average on 10 runs - GPU latency: 2.4707 ms - Host latency: 2.4707 ms (enqueue 0.0266602 ms)
[09/30/2026-18:30:31] [I] Average on 10 runs - GPU latency: 2.4585 ms - Host latency: 2.4585 ms (enqueue 0.0269531 ms)
[09/30/2026-18:30:31] [I] Average on 10 runs - GPU latency: 2.39209 ms - Host latency: 2.39209 ms (enqueue 0.0287109 ms)
[09/30/2026-18:30:31] [I] Average on 10 runs - GPU latency: 2.45498 ms - Host latency: 2.45498 ms (enqueue 0.0277344 ms)
[09/30/2026-18:30:31] [I] Average on 10 runs - GPU latency: 2.44375 ms - Host latency: 2.44375 ms (enqueue 0.0288086 ms)
[09/30/2026-18:30:31] [I] Average on 10 runs - GPU latency: 2.39131 ms - Host latency: 2.39131 ms (enqueue 0.0254883 ms)
[09/30/2026-18:30:31] [I] Average on 10 runs - GPU latency: 2.45557 ms - Host latency: 2.45557 ms (enqueue 0.0244141 ms)
[09/30/2026-18:30:31] [I] Average on 10 runs - GPU latency: 2.45146 ms - Host latency: 2.45146 ms (enqueue 0.0380859 ms)
[09/30/2026-18:30:31] [I] Average on 10 runs - GPU latency: 2.44756 ms - Host latency: 2.44756 ms (enqueue 0.0246094 ms)
[09/30/2026-18:30:31] [I] Average on 10 runs - GPU latency: 2.39297 ms - Host latency: 2.39297 ms (enqueue 0.0276367 ms)
[09/30/2026-18:30:31] [I] Average on 10 runs - GPU latency: 2.4625 ms - Host latency: 2.4625 ms (enqueue 0.0297852 ms)
[09/30/2026-18:30:31] [I] Average on 10 runs - GPU latency: 2.446 ms - Host latency: 2.446 ms (enqueue 0.0273438 ms)
[09/30/2026-18:30:31] [I] Average on 10 runs - GPU latency: 2.446 ms - Host latency: 2.446 ms (enqueue 0.0239258 ms)
[09/30/2026-18:30:31] [I] Average on 10 runs - GPU latency: 2.39004 ms - Host latency: 2.39004 ms (enqueue 0.0290039 ms)
[09/30/2026-18:30:31] [I] Average on 10 runs - GPU latency: 2.45908 ms - Host latency: 2.45908 ms (enqueue 0.0294922 ms)
[09/30/2026-18:30:31] [I] Average on 10 runs - GPU latency: 2.45566 ms - Host latency: 2.45566 ms (enqueue 0.0300781 ms)
[09/30/2026-18:30:31] [I] Average on 10 runs - GPU latency: 2.44043 ms - Host latency: 2.44043 ms (enqueue 0.028125 ms)
[09/30/2026-18:30:31] [I] Average on 10 runs - GPU latency: 2.39082 ms - Host latency: 2.39082 ms (enqueue 0.0291992 ms)
[09/30/2026-18:30:31] [I] Average on 10 runs - GPU latency: 2.45156 ms - Host latency: 2.45156 ms (enqueue 0.0268555 ms)
[09/30/2026-18:30:31] [I] Average on 10 runs - GPU latency: 2.45312 ms - Host latency: 2.45312 ms (enqueue 0.0243164 ms)
[09/30/2026-18:30:31] [I] Average on 10 runs - GPU latency: 2.39111 ms - Host latency: 2.39111 ms (enqueue 0.0283203 ms)
[09/30/2026-18:30:31] [I] Average on 10 runs - GPU latency: 2.44551 ms - Host latency: 2.44551 ms (enqueue 0.0270508 ms)
[09/30/2026-18:30:31] [I] Average on 10 runs - GPU latency: 2.4459 ms - Host latency: 2.4459 ms (enqueue 0.0269531 ms)
[09/30/2026-18:30:31] [I] Average on 10 runs - GPU latency: 2.45596 ms - Host latency: 2.45596 ms (enqueue 0.0310547 ms)
[09/30/2026-18:30:31] [I] Average on 10 runs - GPU latency: 2.3875 ms - Host latency: 2.3875 ms (enqueue 0.0237305 ms)
[09/30/2026-18:30:31] [I] Average on 10 runs - GPU latency: 2.44082 ms - Host latency: 2.44082 ms (enqueue 0.0274414 ms)
[09/30/2026-18:30:31] [I] Average on 10 runs - GPU latency: 2.45732 ms - Host latency: 2.45732 ms (enqueue 0.027832 ms)
[09/30/2026-18:30:31] [I] Average on 10 runs - GPU latency: 2.44727 ms - Host latency: 2.44727 ms (enqueue 0.0254883 ms)
[09/30/2026-18:30:31] [I] Average on 10 runs - GPU latency: 2.3874 ms - Host latency: 2.3874 ms (enqueue 0.0274414 ms)
[09/30/2026-18:30:31] [I] Average on 10 runs - GPU latency: 2.45195 ms - Host latency: 2.45195 ms (enqueue 0.0255859 ms)
[09/30/2026-18:30:31] [I] Average on 10 runs - GPU latency: 2.44346 ms - Host latency: 2.44346 ms (enqueue 0.0416016 ms)
[09/30/2026-18:30:31] [I] Average on 10 runs - GPU latency: 2.40293 ms - Host latency: 2.40293 ms (enqueue 0.0299805 ms)
[09/30/2026-18:30:31] [I] Average on 10 runs - GPU latency: 2.454 ms - Host latency: 2.454 ms (enqueue 0.0288086 ms)
[09/30/2026-18:30:31] [I] Average on 10 runs - GPU latency: 2.45391 ms - Host latency: 2.45391 ms (enqueue 0.0291016 ms)
[09/30/2026-18:30:31] [I] Average on 10 runs - GPU latency: 2.46123 ms - Host latency: 2.46123 ms (enqueue 0.028418 ms)
[09/30/2026-18:30:31] [I] Average on 10 runs - GPU latency: 2.40859 ms - Host latency: 2.40859 ms (enqueue 0.0283203 ms)
[09/30/2026-18:30:31] [I] Average on 10 runs - GPU latency: 2.46621 ms - Host latency: 2.46621 ms (enqueue 0.0288086 ms)
[09/30/2026-18:30:31] [I] Average on 10 runs - GPU latency: 2.45596 ms - Host latency: 2.45596 ms (enqueue 0.0299805 ms)
[09/30/2026-18:30:31] [I] Average on 10 runs - GPU latency: 2.45967 ms - Host latency: 2.45967 ms (enqueue 0.028125 ms)
[09/30/2026-18:30:31] [I] Average on 10 runs - GPU latency: 2.39131 ms - Host latency: 2.39131 ms (enqueue 0.0287109 ms)
[09/30/2026-18:30:31] [I] Average on 10 runs - GPU latency: 2.4543 ms - Host latency: 2.4543 ms (enqueue 0.0334961 ms)
[09/30/2026-18:30:31] [I] Average on 10 runs - GPU latency: 2.45869 ms - Host latency: 2.45869 ms (enqueue 0.028418 ms)
[09/30/2026-18:30:31] [I] Average on 10 runs - GPU latency: 2.46025 ms - Host latency: 2.46025 ms (enqueue 0.0285156 ms)
[09/30/2026-18:30:31] [I] Average on 10 runs - GPU latency: 2.39238 ms - Host latency: 2.39238 ms (enqueue 0.0292969 ms)
[09/30/2026-18:30:31] [I] Average on 10 runs - GPU latency: 2.45762 ms - Host latency: 2.45762 ms (enqueue 0.0289063 ms)
[09/30/2026-18:30:31] [I] Average on 10 runs - GPU latency: 2.44434 ms - Host latency: 2.44434 ms (enqueue 0.0273438 ms)
[09/30/2026-18:30:31] [I] Average on 10 runs - GPU latency: 2.38857 ms - Host latency: 2.38857 ms (enqueue 0.0295898 ms)
[09/30/2026-18:30:31] [I] Average on 10 runs - GPU latency: 2.45889 ms - Host latency: 2.45889 ms (enqueue 0.0300781 ms)
[09/30/2026-18:30:31] [I] Average on 10 runs - GPU latency: 2.44971 ms - Host latency: 2.44971 ms (enqueue 0.0293945 ms)
[09/30/2026-18:30:31] [I] Average on 10 runs - GPU latency: 2.44561 ms - Host latency: 2.44561 ms (enqueue 0.028418 ms)
[09/30/2026-18:30:31] [I] Average on 10 runs - GPU latency: 2.39258 ms - Host latency: 2.39258 ms (enqueue 0.03125 ms)
[09/30/2026-18:30:31] [I] Average on 10 runs - GPU latency: 2.45684 ms - Host latency: 2.45684 ms (enqueue 0.0283203 ms)
[09/30/2026-18:30:31] [I] Average on 10 runs - GPU latency: 2.44639 ms - Host latency: 2.44639 ms (enqueue 0.0283203 ms)
[09/30/2026-18:30:31] [I] Average on 10 runs - GPU latency: 2.44414 ms - Host latency: 2.44414 ms (enqueue 0.0273438 ms)
[09/30/2026-18:30:31] [I] Average on 10 runs - GPU latency: 2.3874 ms - Host latency: 2.3874 ms (enqueue 0.0271484 ms)
[09/30/2026-18:30:31] [I] Average on 10 runs - GPU latency: 2.46045 ms - Host latency: 2.46045 ms (enqueue 0.0298828 ms)
[09/30/2026-18:30:31] [I] Average on 10 runs - GPU latency: 2.44795 ms - Host latency: 2.44795 ms (enqueue 0.034082 ms)
[09/30/2026-18:30:31] [I] Average on 10 runs - GPU latency: 2.42275 ms - Host latency: 2.42275 ms (enqueue 0.0300781 ms)
[09/30/2026-18:30:31] [I] Average on 10 runs - GPU latency: 2.4207 ms - Host latency: 2.4207 ms (enqueue 0.0410156 ms)
[09/30/2026-18:30:31] [I] Average on 10 runs - GPU latency: 2.45752 ms - Host latency: 2.45752 ms (enqueue 0.027832 ms)
[09/30/2026-18:30:31] [I] Average on 10 runs - GPU latency: 2.446 ms - Host latency: 2.446 ms (enqueue 0.0290039 ms)
[09/30/2026-18:30:31] [I] Average on 10 runs - GPU latency: 2.38721 ms - Host latency: 2.38721 ms (enqueue 0.0238281 ms)
[09/30/2026-18:30:31] [I] Average on 10 runs - GPU latency: 2.45566 ms - Host latency: 2.45566 ms (enqueue 0.0298828 ms)
[09/30/2026-18:30:31] [I] 
[09/30/2026-18:30:31] [I] === Performance summary ===
[09/30/2026-18:30:31] [I] Throughput: 409.856 qps
[09/30/2026-18:30:31] [I] Latency: min = 2.32855 ms, max = 3.82666 ms, mean = 2.43815 ms, median = 2.37695 ms, percentile(50%) = 2.37695 ms, percentile(95%) = 3.00757 ms
[09/30/2026-18:30:31] [I] Enqueue Time: min = 0.0175781 ms, max = 0.200684 ms, mean = 0.0285336 ms, median = 0.0283203 ms, percentile(50%) = 0.0283203 ms, percentile(95%) = 0.0361328 ms
[09/30/2026-18:30:31] [I] H2D Latency: min = 0 ms, max = 0 ms, mean = 0 ms, median = 0 ms, percentile(50%) = 0 ms, percentile(95%) = 0 ms
[09/30/2026-18:30:31] [I] GPU Compute Time: min = 2.32855 ms, max = 3.82666 ms, mean = 2.43815 ms, median = 2.37695 ms, percentile(50%) = 2.37695 ms, percentile(95%) = 3.00757 ms
[09/30/2026-18:30:31] [I] D2H Latency: min = 0 ms, max = 0 ms, mean = 0 ms, median = 0 ms, percentile(50%) = 0 ms, percentile(95%) = 0 ms
[09/30/2026-18:30:31] [I] Total Host Walltime: 15.0053 s
[09/30/2026-18:30:31] [I] Total GPU Compute Time: 14.9946 s
[09/30/2026-18:30:31] [W] * GPU compute time is unstable, with coefficient of variance = 7.83861%.
[09/30/2026-18:30:31] [W]   If not already in use, locking GPU clock frequency may improve the stability.
[09/30/2026-18:30:31] [I] Explanations of the performance metrics are printed in the verbose logs.
[09/30/2026-18:30:31] [I] 
[09/30/2026-18:30:31] [I] Capturing CUDA graph for the current execution context
[09/30/2026-18:30:31] [I] Successfully captured CUDA graph for the current execution context. When profiling with Nsight Systems, add "--cuda-graph-trace=node" to the nsys command to see per-kernel execution times.
[09/30/2026-18:30:47] [I] 
[09/30/2026-18:30:47] [I] === Profile (3976 iterations ) ===
[09/30/2026-18:30:47] [I]    Time(ms)     Avg.(ms)   Median(ms)   Time(%)   Layer
[09/30/2026-18:30:47] [I]      185.07       0.0465       0.0461       1.3   Reformatting CopyNode for Input Tensor 0 to /model.0/conv/Conv
[09/30/2026-18:30:47] [I]      212.26       0.0534       0.0532       1.5   /model.0/conv/Conv
[09/30/2026-18:30:47] [I]      219.86       0.0553       0.0553       1.6   __myl_MoveNegExpAddDivMul_myl5_0
[09/30/2026-18:30:47] [I]      227.81       0.0573       0.0573       1.6   /model.1/conv/Conv
[09/30/2026-18:30:47] [I]      114.00       0.0287       0.0287       0.8   __myl_MoveNegExpAddDivMul_myl9_0
[09/30/2026-18:30:47] [I]      119.78       0.0301       0.0297       0.8   /model.2/cv1/conv/Conv
[09/30/2026-18:30:47] [I]      252.40       0.0635       0.0635       1.8   __myl_MoveNegExpAddDivMul_myl13_0
[09/30/2026-18:30:47] [I]      119.07       0.0299       0.0297       0.8   /model.2/m.0/cv1/conv/Conv
[09/30/2026-18:30:47] [I]       77.34       0.0195       0.0195       0.5   __myl_MoveNegExpAddDivMul_myl17_0
[09/30/2026-18:30:47] [I]      102.15       0.0257       0.0246       0.7   /model.2/m.0/cv2/conv/Conv
[09/30/2026-18:30:47] [I]       89.58       0.0225       0.0225       0.6   __myl_MoveNegExpAddDivMulAdd_myl20_0
[09/30/2026-18:30:47] [I]      107.91       0.0271       0.0195       0.8   /model.2/Split_output_0 copy
[09/30/2026-18:30:47] [I]       76.38       0.0192       0.0195       0.5   /model.2/Split_output_1 copy
[09/30/2026-18:30:47] [I]      140.96       0.0355       0.0348       1.0   /model.2/cv2/conv/Conv
[09/30/2026-18:30:47] [I]      114.00       0.0287       0.0287       0.8   __myl_MoveNegExpAddDivMul_myl25_0
[09/30/2026-18:30:47] [I]      134.32       0.0338       0.0338       0.9   /model.3/conv/Conv
[09/30/2026-18:30:47] [I]       32.57       0.0082       0.0082       0.2   __myl_MoveNegExpAddDivMul_myl29_0
[09/30/2026-18:30:47] [I]       61.76       0.0155       0.0154       0.4   /model.4/cv1/conv/Conv
[09/30/2026-18:30:47] [I]      305.32       0.0768       0.0768       2.2   __myl_MoveNegExpAddDivMul_myl33_0
[09/30/2026-18:30:47] [I]       86.06       0.0216       0.0215       0.6   /model.4/m.0/cv1/conv/Conv
[09/30/2026-18:30:47] [I]       28.53       0.0072       0.0072       0.2   __myl_MoveNegExpAddDivMul_myl37_0
[09/30/2026-18:30:47] [I]       86.66       0.0218       0.0205       0.6   /model.4/m.0/cv2/conv/Conv
[09/30/2026-18:30:47] [I]       24.70       0.0062       0.0062       0.2   __myl_MoveNegExpAddDivMulAdd_myl40_0
[09/30/2026-18:30:47] [I]       87.08       0.0219       0.0205       0.6   /model.4/m.1/cv1/conv/Conv
[09/30/2026-18:30:47] [I]       28.50       0.0072       0.0072       0.2   __myl_MoveNegExpAddDivMul_myl43_0
[09/30/2026-18:30:47] [I]       83.64       0.0210       0.0205       0.6   /model.4/m.1/cv2/conv/Conv
[09/30/2026-18:30:47] [I]       36.66       0.0092       0.0092       0.3   __myl_MoveNegExpAddDivMulAdd_myl48_0
[09/30/2026-18:30:47] [I]       47.98       0.0121       0.0123       0.3   /model.4/Split_output_0 copy
[09/30/2026-18:30:47] [I]       48.62       0.0122       0.0123       0.3   /model.4/Split_output_1 copy
[09/30/2026-18:30:47] [I]      123.16       0.0310       0.0317       0.9   /model.4/m.0/Add_output_0 copy
[09/30/2026-18:30:47] [I]      106.69       0.0268       0.0256       0.8   /model.4/cv2/conv/Conv
[09/30/2026-18:30:47] [I]       44.79       0.0113       0.0113       0.3   __myl_MoveNegExpAddDivMul_myl54_0
[09/30/2026-18:30:47] [I]      137.46       0.0346       0.0348       1.0   /model.5/conv/Conv
[09/30/2026-18:30:47] [I]       28.50       0.0072       0.0072       0.2   __myl_MoveNegExpAddDivMul_myl57_0
[09/30/2026-18:30:47] [I]       48.32       0.0122       0.0123       0.3   /model.6/cv1/conv/Conv
[09/30/2026-18:30:47] [I]      150.63       0.0379       0.0379       1.1   __myl_MoveNegExpAddDivMul_myl61_0
[09/30/2026-18:30:47] [I]       89.19       0.0224       0.0225       0.6   /model.6/m.0/cv1/conv/Conv
[09/30/2026-18:30:47] [I]       20.36       0.0051       0.0051       0.1   __myl_MoveNegExpAddDivMul_myl64_0
[09/30/2026-18:30:47] [I]       87.10       0.0219       0.0215       0.6   /model.6/m.0/cv2/conv/Conv
[09/30/2026-18:30:47] [I]       20.37       0.0051       0.0051       0.1   __myl_MoveNegExpAddDivMulAdd_myl66_0
[09/30/2026-18:30:47] [I]      191.41       0.0481       0.0502       1.4   /model.6/m.1/cv1/conv/Conv
[09/30/2026-18:30:47] [I]       20.38       0.0051       0.0051       0.1   __myl_MoveNegExpAddDivMul_myl68_0
[09/30/2026-18:30:47] [I]       96.20       0.0242       0.0215       0.7   /model.6/m.1/cv2/conv/Conv
[09/30/2026-18:30:47] [I]      127.71       0.0321       0.0321       0.9   __myl_MoveNegExpAddDivMulAdd_myl72_0
[09/30/2026-18:30:47] [I]       40.02       0.0101       0.0082       0.3   /model.6/Split_output_0 copy
[09/30/2026-18:30:47] [I]       37.15       0.0093       0.0082       0.3   /model.6/Split_output_1 copy
[09/30/2026-18:30:47] [I]       65.37       0.0164       0.0082       0.5   /model.6/m.0/Add_output_0 copy
[09/30/2026-18:30:47] [I]       99.26       0.0250       0.0317       0.7   /model.6/cv2/conv/Conv
[09/30/2026-18:30:47] [I]       24.43       0.0061       0.0061       0.2   __myl_MoveNegExpAddDivMul_myl78_0
[09/30/2026-18:30:47] [I]      231.93       0.0583       0.0584       1.6   /model.7/conv/Conv
[09/30/2026-18:30:47] [I]       20.36       0.0051       0.0051       0.1   __myl_MoveNegExpAddDivMul_myl80_0
[09/30/2026-18:30:47] [I]       88.89       0.0224       0.0225       0.6   /model.8/cv1/conv/Conv
[09/30/2026-18:30:47] [I]       20.36       0.0051       0.0051       0.1   __myl_MoveNegExpAddDivMul_myl83_0
[09/30/2026-18:30:47] [I]      135.81       0.0342       0.0328       1.0   /model.8/m.0/cv1/conv/Conv
[09/30/2026-18:30:47] [I]       20.36       0.0051       0.0051       0.1   __myl_MoveNegExpAddDivMul_myl86_0
[09/30/2026-18:30:47] [I]      124.03       0.0312       0.0307       0.9   /model.8/m.0/cv2/conv/Conv
[09/30/2026-18:30:47] [I]       20.36       0.0051       0.0051       0.1   __myl_MoveNegExpAddDivMulAdd_myl88_0
[09/30/2026-18:30:47] [I]       30.76       0.0077       0.0061       0.2   /model.8/Split_output_0 copy
[09/30/2026-18:30:47] [I]       25.34       0.0064       0.0051       0.2   /model.8/Split_output_1 copy
[09/30/2026-18:30:47] [I]       42.65       0.0107       0.0061       0.3   Reformatting CopyNode for Input Tensor 0 to /model.8/cv2/conv/Conv
[09/30/2026-18:30:47] [I]      159.46       0.0401       0.0369       1.1   /model.8/cv2/conv/Conv
[09/30/2026-18:30:47] [I]       20.36       0.0051       0.0051       0.1   __myl_MoveNegExpAddDivMul_myl93_0
[09/30/2026-18:30:47] [I]       53.73       0.0135       0.0133       0.4   /model.9/cv1/conv/Conv
[09/30/2026-18:30:47] [I]       47.83       0.0120       0.0113       0.3   /model.9/m/MaxPool
[09/30/2026-18:30:47] [I]       57.78       0.0145       0.0113       0.4   /model.9/m_1/MaxPool
[09/30/2026-18:30:47] [I]      153.18       0.0385       0.0389       1.1   /model.9/m_2/MaxPool
[09/30/2026-18:30:47] [I]       27.34       0.0069       0.0061       0.2   /model.9/cv1/conv/Conv_output_0 copy
[09/30/2026-18:30:47] [I]       27.44       0.0069       0.0061       0.2   /model.9/m/MaxPool_output_0 copy
[09/30/2026-18:30:47] [I]       33.86       0.0085       0.0061       0.2   /model.9/m_1/MaxPool_output_0 copy
[09/30/2026-18:30:47] [I]       83.04       0.0209       0.0205       0.6   /model.9/cv2/conv/Conv
[09/30/2026-18:30:47] [I]       20.38       0.0051       0.0051       0.1   __myl_MoveNegExpAddDivMul_myl103_0
[09/30/2026-18:30:47] [I]       25.36       0.0064       0.0061       0.2   Reformatting CopyNode for Output Tensor 0 to PWN(PWN(/model.9/cv2/act/Sigmoid), PWN(/model.9/cv2/act/Mul))
[09/30/2026-18:30:47] [I]       42.25       0.0106       0.0092       0.3   /model.10/Resize
[09/30/2026-18:30:47] [I]      158.82       0.0399       0.0430       1.1   /model.10/Resize_output_0 copy
[09/30/2026-18:30:47] [I]       84.50       0.0213       0.0195       0.6   /model.12/cv1/conv/Conv
[09/30/2026-18:30:47] [I]       28.50       0.0072       0.0072       0.2   __myl_MoveNegExpAddDivMul_myl109_0
[09/30/2026-18:30:47] [I]       92.37       0.0232       0.0225       0.7   /model.12/m.0/cv1/conv/Conv
[09/30/2026-18:30:47] [I]       20.36       0.0051       0.0051       0.1   __myl_MoveNegExpAddDivMul_myl112_0
[09/30/2026-18:30:47] [I]       89.37       0.0225       0.0225       0.6   /model.12/m.0/cv2/conv/Conv
[09/30/2026-18:30:47] [I]       20.36       0.0051       0.0051       0.1   __myl_MoveNegExpAddDivMul_myl115_0
[09/30/2026-18:30:47] [I]       37.79       0.0095       0.0082       0.3   /model.12/Split_output_0 copy
[09/30/2026-18:30:47] [I]       38.25       0.0096       0.0082       0.3   /model.12/Split_output_1 copy
[09/30/2026-18:30:47] [I]      162.22       0.0408       0.0461       1.1   /model.12/cv2/conv/Conv
[09/30/2026-18:30:47] [I]       28.50       0.0072       0.0072       0.2   __myl_MoveNegExpAddDivMul_myl121_0
[09/30/2026-18:30:47] [I]       77.77       0.0196       0.0184       0.5   /model.13/Resize
[09/30/2026-18:30:47] [I]      124.63       0.0313       0.0307       0.9   /model.13/Resize_output_0 copy
[09/30/2026-18:30:47] [I]      135.99       0.0342       0.0328       1.0   /model.15/cv1/conv/Conv
[09/30/2026-18:30:47] [I]       32.57       0.0082       0.0082       0.2   __myl_MoveNegExpAddDivMul_myl127_0
[09/30/2026-18:30:47] [I]       83.56       0.0210       0.0205       0.6   /model.15/m.0/cv1/conv/Conv
[09/30/2026-18:30:47] [I]      236.11       0.0594       0.0594       1.7   __myl_MoveNegExpAddDivMul_myl131_0
[09/30/2026-18:30:47] [I]       86.88       0.0219       0.0205       0.6   /model.15/m.0/cv2/conv/Conv
[09/30/2026-18:30:47] [I]       24.44       0.0061       0.0061       0.2   __myl_MoveNegExpAddDivMul_myl134_0
[09/30/2026-18:30:47] [I]       55.19       0.0139       0.0123       0.4   /model.15/Split_output_0 copy
[09/30/2026-18:30:47] [I]       65.19       0.0164       0.0133       0.5   /model.15/Split_output_1 copy
[09/30/2026-18:30:47] [I]       82.76       0.0208       0.0184       0.6   /model.15/cv2/conv/Conv
[09/30/2026-18:30:47] [I]       36.67       0.0092       0.0092       0.3   __myl_MoveNegExpAddDivMul_myl139_0
[09/30/2026-18:30:47] [I]      140.17       0.0353       0.0317       1.0   /model.16/conv/Conv
[09/30/2026-18:30:47] [I]      285.32       0.0718       0.0717       2.0   /model.22/cv2.0/cv2.0.0/conv/Conv || /model.22/cv3.0/cv3.0.0/conv/Conv
[09/30/2026-18:30:47] [I]       32.57       0.0082       0.0082       0.2   __myl_MoveNegExpAddDivMul_myl143_0
[09/30/2026-18:30:47] [I]       57.00       0.0143       0.0143       0.4   __myl_MoveNegExpAddDivMul_myl144_0
[09/30/2026-18:30:47] [I]      329.75       0.0829       0.0829       2.3   __myl_MoveNegExpAddDivMul_myl145_0
[09/30/2026-18:30:47] [I]       44.93       0.0113       0.0113       0.3   /model.12/cv2/act/Mul_output_0 copy
[09/30/2026-18:30:47] [I]      239.23       0.0602       0.0584       1.7   /model.22/cv2.0/cv2.0.1/conv/Conv
[09/30/2026-18:30:47] [I]      219.34       0.0552       0.0553       1.5   /model.22/cv3.0/cv3.0.1/conv/Conv
[09/30/2026-18:30:47] [I]       72.10       0.0181       0.0184       0.5   /model.18/cv1/conv/Conv
[09/30/2026-18:30:47] [I]       65.14       0.0164       0.0164       0.5   __myl_MoveNegExpAddDivMul_myl151_0
[09/30/2026-18:30:47] [I]       65.14       0.0164       0.0164       0.5   __myl_MoveNegExpAddDivMul_myl153_0
[09/30/2026-18:30:47] [I]       40.74       0.0102       0.0102       0.3   __myl_MoveNegExpAddDivMul_myl155_0
[09/30/2026-18:30:47] [I]       87.60       0.0220       0.0205       0.6   /model.22/cv2.0/cv2.0.2/Conv
[09/30/2026-18:30:47] [I]       75.91       0.0191       0.0184       0.5   /model.22/cv3.0/cv3.0.2/Conv
[09/30/2026-18:30:47] [I]       61.21       0.0154       0.0154       0.4   /model.22/Reshape_copy_output
[09/30/2026-18:30:47] [I]       38.88       0.0098       0.0092       0.3   /model.22/Reshape_3_copy_output
[09/30/2026-18:30:47] [I]      104.96       0.0264       0.0225       0.7   /model.18/m.0/cv1/conv/Conv
[09/30/2026-18:30:47] [I]       24.43       0.0061       0.0061       0.2   __myl_MoveNegExpAddDivMul_myl166_0
[09/30/2026-18:30:47] [I]      122.00       0.0307       0.0225       0.9   /model.18/m.0/cv2/conv/Conv
[09/30/2026-18:30:47] [I]       96.54       0.0243       0.0243       0.7   __myl_MoveNegExpAddDivMul_myl169_0
[09/30/2026-18:30:47] [I]       54.28       0.0137       0.0082       0.4   /model.18/Split_output_0 copy
[09/30/2026-18:30:47] [I]       54.11       0.0136       0.0082       0.4   /model.18/Split_output_1 copy
[09/30/2026-18:30:47] [I]      115.66       0.0291       0.0287       0.8   /model.18/cv2/conv/Conv
[09/30/2026-18:30:47] [I]       28.27       0.0071       0.0071       0.2   __myl_MoveNegExpAddDivMul_myl175_0
[09/30/2026-18:30:47] [I]      334.56       0.0841       0.0788       2.4   /model.19/conv/Conv
[09/30/2026-18:30:47] [I]      232.69       0.0585       0.0584       1.6   /model.22/cv2.1/cv2.1.0/conv/Conv || /model.22/cv3.1/cv3.1.0/conv/Conv
[09/30/2026-18:30:47] [I]       16.29       0.0041       0.0041       0.1   __myl_MoveNegExpAddDivMul_myl180_0
[09/30/2026-18:30:47] [I]       20.36       0.0051       0.0051       0.1   __myl_MoveNegExpAddDivMul_myl181_0
[09/30/2026-18:30:47] [I]      101.79       0.0256       0.0256       0.7   __myl_MoveNegExpAddDivMul_myl182_0
[09/30/2026-18:30:47] [I]       35.01       0.0088       0.0082       0.2   /model.9/cv2/act/Mul_output_0 copy
[09/30/2026-18:30:47] [I]       92.09       0.0232       0.0225       0.7   /model.22/cv2.1/cv2.1.1/conv/Conv
[09/30/2026-18:30:47] [I]       91.13       0.0229       0.0225       0.6   /model.22/cv3.1/cv3.1.1/conv/Conv
[09/30/2026-18:30:47] [I]       69.29       0.0174       0.0174       0.5   /model.21/cv1/conv/Conv
[09/30/2026-18:30:47] [I]       24.43       0.0061       0.0061       0.2   __myl_MoveNegExpAddDivMul_myl187_0
[09/30/2026-18:30:47] [I]       20.36       0.0051       0.0051       0.1   __myl_MoveNegExpAddDivMul_myl188_0
[09/30/2026-18:30:47] [I]       20.38       0.0051       0.0051       0.1   __myl_MoveNegExpAddDivMul_myl189_0
[09/30/2026-18:30:47] [I]       55.83       0.0140       0.0133       0.4   /model.22/cv2.1/cv2.1.2/Conv
[09/30/2026-18:30:47] [I]       58.20       0.0146       0.0133       0.4   /model.22/cv3.1/cv3.1.2/Conv
[09/30/2026-18:30:47] [I]       44.85       0.0113       0.0061       0.3   /model.22/Reshape_1_copy_output
[09/30/2026-18:30:47] [I]       71.20       0.0179       0.0061       0.5   /model.22/Reshape_4_copy_output
[09/30/2026-18:30:47] [I]       38.13       0.0096       0.0051       0.3   Reformatting CopyNode for Input Tensor 0 to /model.21/m.0/cv1/conv/Conv
[09/30/2026-18:30:47] [I]      156.77       0.0394       0.0328       1.1   /model.21/m.0/cv1/conv/Conv
[09/30/2026-18:30:47] [I]       20.36       0.0051       0.0051       0.1   __myl_MoveNegExpAddDivMul_myl198_0
[09/30/2026-18:30:47] [I]      123.34       0.0310       0.0307       0.9   /model.21/m.0/cv2/conv/Conv
[09/30/2026-18:30:47] [I]       20.39       0.0051       0.0051       0.1   __myl_MoveNegExpAddDivMul_myl201_0
[09/30/2026-18:30:47] [I]       45.05       0.0113       0.0082       0.3   /model.21/Split_output_0 copy
[09/30/2026-18:30:47] [I]       41.25       0.0104       0.0072       0.3   /model.21/Split_output_1 copy
[09/30/2026-18:30:47] [I]      224.98       0.0566       0.0584       1.6   /model.21/cv2/conv/Conv
[09/30/2026-18:30:47] [I]       20.36       0.0051       0.0051       0.1   __myl_MoveNegExpAddDivMul_myl207_0
[09/30/2026-18:30:47] [I]      216.95       0.0546       0.0543       1.5   /model.22/cv2.2/cv2.2.0/conv/Conv || /model.22/cv3.2/cv3.2.0/conv/Conv
[09/30/2026-18:30:47] [I]       20.36       0.0051       0.0051       0.1   __myl_MoveNegExpAddDivMul_myl211_0
[09/30/2026-18:30:47] [I]       16.29       0.0041       0.0041       0.1   __myl_MoveNegExpAddDivMul_myl212_0
[09/30/2026-18:30:47] [I]      199.97       0.0503       0.0461       1.4   /model.22/cv2.2/cv2.2.1/conv/Conv
[09/30/2026-18:30:47] [I]       81.32       0.0205       0.0205       0.6   /model.22/cv3.2/cv3.2.1/conv/Conv
[09/30/2026-18:30:47] [I]       16.29       0.0041       0.0041       0.1   __myl_MoveNegExpAddDivMul_myl218_0
[09/30/2026-18:30:47] [I]      134.35       0.0338       0.0338       0.9   __myl_MoveNegExpAddDivMul_myl220_0
[09/30/2026-18:30:47] [I]       41.59       0.0105       0.0102       0.3   /model.22/cv2.2/cv2.2.2/Conv
[09/30/2026-18:30:47] [I]       58.13       0.0146       0.0083       0.4   /model.22/cv3.2/cv3.2.2/Conv
[09/30/2026-18:30:47] [I]       26.39       0.0066       0.0051       0.2   /model.22/Reshape_2_copy_output
[09/30/2026-18:30:47] [I]       44.20       0.0111       0.0051       0.3   /model.22/Reshape_5_copy_output
[09/30/2026-18:30:47] [I]      178.77       0.0450       0.0471       1.3   /model.22/dfl/Reshape + /model.22/dfl/Transpose
[09/30/2026-18:30:47] [I]       36.64       0.0092       0.0092       0.3   __myl_NegExpAddDiv_myl231_0
[09/30/2026-18:30:47] [I]      100.86       0.0254       0.0246       0.7   /model.22/dfl/Softmax
[09/30/2026-18:30:47] [I]       77.61       0.0195       0.0195       0.5   /model.22/dfl/conv/Conv
[09/30/2026-18:30:47] [I]       20.37       0.0051       0.0051       0.1   __myl_Sub_myl235_0
[09/30/2026-18:30:47] [I]       20.38       0.0051       0.0051       0.1   __myl_Add_myl236_0
[09/30/2026-18:30:47] [I]       89.58       0.0225       0.0225       0.6   __myl_Sub_myl237_0
[09/30/2026-18:30:47] [I]       16.31       0.0041       0.0041       0.1   __myl_AddDiv_myl238_0
[09/30/2026-18:30:47] [I]       85.34       0.0215       0.0266       0.6   /model.22/Div_1_output_0 copy
[09/30/2026-18:30:47] [I]       85.50       0.0215       0.0215       0.6   __myl_Mul_myl240_0
[09/30/2026-18:30:47] [I]       27.12       0.0068       0.0051       0.2   /model.22/Mul_2_output_0 copy
[09/30/2026-18:30:47] [I]    14153.68       3.5598       3.5269     100.0   Total
[09/30/2026-18:30:47] [I] 
&&&& PASSED TensorRT.trtexec [TensorRT v110300] [b99] # C:\Users\dxu1\AppData\Local\NVIDIA\TensorRT-11.3-tools\bin\trtexec.exe --loadEngine=C:\Users\dxu1\Desktop\Dissertation\PTQ\profiling_results\trtexec\voc.plan --loadInputs=images:PTQ/profiling_results/trtexec/voc_images_fp32.bin --warmUp=1000 --duration=15 --iterations=200 --infStreams=1 --percentile=50,95 --dumpProfile --exportProfile=C:\Users\dxu1\Desktop\Dissertation\PTQ\profiling_results\trtexec\voc_cooled_run2_profile.json --exportTimes=C:\Users\dxu1\Desktop\Dissertation\PTQ\profiling_results\trtexec\voc_cooled_run2_times.json
