&&&& RUNNING TensorRT.trtexec [TensorRT v110300] [b99] # C:\Users\dxu1\AppData\Local\NVIDIA\TensorRT-11.3-tools\bin\trtexec.exe --loadEngine=C:\Users\dxu1\Desktop\Dissertation\PTQ\profiling_results\trtexec\voc.plan --loadInputs=images:PTQ/profiling_results/trtexec/voc_images_fp32.bin --warmUp=1000 --duration=15 --iterations=200 --infStreams=1 --percentile=50,95 --dumpProfile --exportProfile=C:\Users\dxu1\Desktop\Dissertation\PTQ\profiling_results\trtexec\voc_run2_profile.json --exportTimes=C:\Users\dxu1\Desktop\Dissertation\PTQ\profiling_results\trtexec\voc_run2_times.json
[09/30/2026-18:17:00] [I] === Model Options ===
[09/30/2026-18:17:00] [I] Format: *
[09/30/2026-18:17:00] [I] Model: 
[09/30/2026-18:17:00] [I] Output:
[09/30/2026-18:17:00] [I] 
[09/30/2026-18:17:00] [I] === System Options ===
[09/30/2026-18:17:00] [I] Device: 0
[09/30/2026-18:17:00] [I] DLACore: 
[09/30/2026-18:17:00] [I] Loaded static plugins:
[09/30/2026-18:17:00] [I] DLA Workspace Allocation Strategy: default
[09/30/2026-18:17:00] [I] setPluginsToSerialize:
[09/30/2026-18:17:00] [I] dynamicPlugins:
[09/30/2026-18:17:00] [I] ignoreParsedPluginLibs: 0
[09/30/2026-18:17:00] [I] 
[09/30/2026-18:17:00] [I] === Inference Options ===
[09/30/2026-18:17:00] [I] Batch: Explicit
[09/30/2026-18:17:00] [I] Input inference shapes: model
[09/30/2026-18:17:00] [I] Iterations: 200
[09/30/2026-18:17:00] [I] Duration: 15s (+ 1000ms warm up)
[09/30/2026-18:17:00] [I] Sleep time: 0ms
[09/30/2026-18:17:00] [I] Idle time: 0ms
[09/30/2026-18:17:00] [I] Inference Streams: 1
[09/30/2026-18:17:00] [I] ExposeDMA: Disabled
[09/30/2026-18:17:00] [I] Data transfers: Disabled
[09/30/2026-18:17:00] [I] Spin-wait: Enabled
[09/30/2026-18:17:00] [I] Multithreading: Disabled
[09/30/2026-18:17:00] [I] CUDA Graph: Enabled
[09/30/2026-18:17:00] [I] Time Deserialize: Disabled
[09/30/2026-18:17:00] [I] Time Refit: Disabled
[09/30/2026-18:17:00] [I] NVTX verbosity: 0
[09/30/2026-18:17:00] [I] Persistent Cache Ratio: 0
[09/30/2026-18:17:00] [I] Optimization Profile Index: 0
[09/30/2026-18:17:00] [I] Weight Streaming Budget: 100.000000%
[09/30/2026-18:17:00] [I] Accuracy Algorithm: L0
[09/30/2026-18:17:00] [I] Absolute Tolerance (atol): 1e-05
[09/30/2026-18:17:00] [I] Relative Tolerance (rtol): 1e-05
[09/30/2026-18:17:00] [I] Inputs:
[09/30/2026-18:17:00] [I] images<-PTQ/profiling_results/trtexec/voc_images_fp32.bin
[09/30/2026-18:17:00] [I] Debug Tensor Save Destinations:
[09/30/2026-18:17:00] [I] Dump All Debug Tensor in Formats: 
[09/30/2026-18:17:00] [I] === Reporting Options ===
[09/30/2026-18:17:00] [I] Verbose: Disabled
[09/30/2026-18:17:00] [I] Averages: 10 inferences
[09/30/2026-18:17:00] [I] Percentiles: 50,95
[09/30/2026-18:17:00] [I] Dump refittable layers:Disabled
[09/30/2026-18:17:00] [I] Dump output: Disabled
[09/30/2026-18:17:00] [I] Profile: Enabled
[09/30/2026-18:17:00] [I] Export timing to JSON file: C:\Users\dxu1\Desktop\Dissertation\PTQ\profiling_results\trtexec\voc_run2_times.json
[09/30/2026-18:17:00] [I] Export output to JSON file: 
[09/30/2026-18:17:00] [I] Export profile to JSON file: C:\Users\dxu1\Desktop\Dissertation\PTQ\profiling_results\trtexec\voc_run2_profile.json
[09/30/2026-18:17:00] [I] 
[09/30/2026-18:17:00] [I] === Device Information ===
[09/30/2026-18:17:00] [I] Available Devices: 
[09/30/2026-18:17:00] [I]   Device 0: "NVIDIA RTX A2000" UUID: GPU-a0aa0f21-a2f1-4018-b27b-236640f36d02
[09/30/2026-18:17:00] [I] Selected Device: NVIDIA RTX A2000
[09/30/2026-18:17:00] [I] Selected Device ID: 0
[09/30/2026-18:17:00] [I] Selected Device UUID: GPU-a0aa0f21-a2f1-4018-b27b-236640f36d02
[09/30/2026-18:17:00] [I] Compute Capability: 8.6
[09/30/2026-18:17:00] [I] SMs: 26
[09/30/2026-18:17:00] [I] Device Global Memory: 6137 MiB
[09/30/2026-18:17:00] [I] Shared Memory per SM: 100 KiB
[09/30/2026-18:17:00] [I] Memory Bus Width: 192 bits (ECC disabled)
[09/30/2026-18:17:00] [I] Application Compute Clock Rate: 1.2 GHz
[09/30/2026-18:17:00] [I] Application Memory Clock Rate: 6.001 GHz
[09/30/2026-18:17:00] [I] 
[09/30/2026-18:17:00] [I] Note: The application clock rates do not reflect the actual clock rates that the GPU is currently running at.
[09/30/2026-18:17:00] [I] 
[09/30/2026-18:17:00] [I] TensorRT version: 11.3.0
[09/30/2026-18:17:00] [I] Loading standard plugins
[09/30/2026-18:17:00] [I] Engine deserialized in 0.115009 sec.
[09/30/2026-18:17:00] [I] [TRT] [MemUsageChange] TensorRT-managed allocation in IExecutionContext creation: CPU +0, GPU +17, now: CPU 0, GPU 104 (MiB)
[09/30/2026-18:17:00] [I] Setting persistentCacheLimit to 0 bytes.
[09/30/2026-18:17:00] [I] Created execution context with device memory size: 17.1875 MiB
[09/30/2026-18:17:00] [I] Using values loaded from PTQ/profiling_results/trtexec/voc_images_fp32.bin for input images
[09/30/2026-18:17:00] [I] Input binding for images with dimensions 1x3x640x640 and type fp32 is created.
[09/30/2026-18:17:00] [I] Output binding for output0 with dimensions 1x24x8400 and type fp32 is created.
[09/30/2026-18:17:00] [I] Starting inference
[09/30/2026-18:17:00] [I] Capturing CUDA graph for the current execution context
[09/30/2026-18:17:00] [I] Successfully captured CUDA graph for the current execution context. When profiling with Nsight Systems, add "--cuda-graph-trace=node" to the nsys command to see per-kernel execution times.
[09/30/2026-18:17:16] [I] Warmup completed 387 queries over 1000 ms
[09/30/2026-18:17:16] [I] Timing trace has 5995 queries over 15.0054 s
[09/30/2026-18:17:16] [I] 
[09/30/2026-18:17:16] [I] === Trace details ===
[09/30/2026-18:17:16] [I] Trace averages of 10 runs:
[09/30/2026-18:17:16] [I] Average on 10 runs - GPU latency: 2.42513 ms - Host latency: 2.42513 ms (enqueue 0.0316589 ms)
[09/30/2026-18:17:16] [I] Average on 10 runs - GPU latency: 2.4843 ms - Host latency: 2.4843 ms (enqueue 0.0329102 ms)
[09/30/2026-18:17:16] [I] Average on 10 runs - GPU latency: 2.48127 ms - Host latency: 2.48127 ms (enqueue 0.0322876 ms)
[09/30/2026-18:17:16] [I] Average on 10 runs - GPU latency: 2.49076 ms - Host latency: 2.49076 ms (enqueue 0.0326294 ms)
[09/30/2026-18:17:16] [I] Average on 10 runs - GPU latency: 2.42441 ms - Host latency: 2.42441 ms (enqueue 0.0333008 ms)
[09/30/2026-18:17:16] [I] Average on 10 runs - GPU latency: 2.49496 ms - Host latency: 2.49496 ms (enqueue 0.0337891 ms)
[09/30/2026-18:17:16] [I] Average on 10 runs - GPU latency: 2.48956 ms - Host latency: 2.48956 ms (enqueue 0.0335327 ms)
[09/30/2026-18:17:16] [I] Average on 10 runs - GPU latency: 2.49347 ms - Host latency: 2.49347 ms (enqueue 0.0351685 ms)
[09/30/2026-18:17:16] [I] Average on 10 runs - GPU latency: 2.4226 ms - Host latency: 2.4226 ms (enqueue 0.0285278 ms)
[09/30/2026-18:17:16] [I] Average on 10 runs - GPU latency: 2.49592 ms - Host latency: 2.49592 ms (enqueue 0.0267822 ms)
[09/30/2026-18:17:16] [I] Average on 10 runs - GPU latency: 2.49567 ms - Host latency: 2.49567 ms (enqueue 0.05177 ms)
[09/30/2026-18:17:16] [I] Average on 10 runs - GPU latency: 2.4963 ms - Host latency: 2.4963 ms (enqueue 0.0287476 ms)
[09/30/2026-18:17:16] [I] Average on 10 runs - GPU latency: 2.42544 ms - Host latency: 2.42544 ms (enqueue 0.0338745 ms)
[09/30/2026-18:17:16] [I] Average on 10 runs - GPU latency: 2.4912 ms - Host latency: 2.4912 ms (enqueue 0.0318237 ms)
[09/30/2026-18:17:16] [I] Average on 10 runs - GPU latency: 2.49078 ms - Host latency: 2.49078 ms (enqueue 0.033313 ms)
[09/30/2026-18:17:16] [I] Average on 10 runs - GPU latency: 2.49325 ms - Host latency: 2.49325 ms (enqueue 0.0306641 ms)
[09/30/2026-18:17:16] [I] Average on 10 runs - GPU latency: 2.42803 ms - Host latency: 2.42803 ms (enqueue 0.0279419 ms)
[09/30/2026-18:17:16] [I] Average on 10 runs - GPU latency: 2.48318 ms - Host latency: 2.48318 ms (enqueue 0.0299316 ms)
[09/30/2026-18:17:16] [I] Average on 10 runs - GPU latency: 2.48782 ms - Host latency: 2.48782 ms (enqueue 0.0332397 ms)
[09/30/2026-18:17:16] [I] Average on 10 runs - GPU latency: 2.42667 ms - Host latency: 2.42667 ms (enqueue 0.0243408 ms)
[09/30/2026-18:17:16] [I] Average on 10 runs - GPU latency: 2.49087 ms - Host latency: 2.49087 ms (enqueue 0.0396729 ms)
[09/30/2026-18:17:16] [I] Average on 10 runs - GPU latency: 2.49509 ms - Host latency: 2.49509 ms (enqueue 0.0289673 ms)
[09/30/2026-18:17:16] [I] Average on 10 runs - GPU latency: 2.49344 ms - Host latency: 2.49344 ms (enqueue 0.0285034 ms)
[09/30/2026-18:17:16] [I] Average on 10 runs - GPU latency: 2.42157 ms - Host latency: 2.42157 ms (enqueue 0.0296265 ms)
[09/30/2026-18:17:16] [I] Average on 10 runs - GPU latency: 2.4873 ms - Host latency: 2.4873 ms (enqueue 0.0470703 ms)
[09/30/2026-18:17:16] [I] Average on 10 runs - GPU latency: 2.487 ms - Host latency: 2.487 ms (enqueue 0.0242554 ms)
[09/30/2026-18:17:16] [I] Average on 10 runs - GPU latency: 2.48619 ms - Host latency: 2.48619 ms (enqueue 0.0310913 ms)
[09/30/2026-18:17:16] [I] Average on 10 runs - GPU latency: 2.42297 ms - Host latency: 2.42297 ms (enqueue 0.0268555 ms)
[09/30/2026-18:17:16] [I] Average on 10 runs - GPU latency: 2.49404 ms - Host latency: 2.49404 ms (enqueue 0.0341675 ms)
[09/30/2026-18:17:16] [I] Average on 10 runs - GPU latency: 2.49376 ms - Host latency: 2.49376 ms (enqueue 0.0323975 ms)
[09/30/2026-18:17:16] [I] Average on 10 runs - GPU latency: 2.49203 ms - Host latency: 2.49203 ms (enqueue 0.044043 ms)
[09/30/2026-18:17:16] [I] Average on 10 runs - GPU latency: 2.42361 ms - Host latency: 2.42361 ms (enqueue 0.0312744 ms)
[09/30/2026-18:17:16] [I] Average on 10 runs - GPU latency: 2.49834 ms - Host latency: 2.49834 ms (enqueue 0.0307129 ms)
[09/30/2026-18:17:16] [I] Average on 10 runs - GPU latency: 2.48485 ms - Host latency: 2.48485 ms (enqueue 0.031897 ms)
[09/30/2026-18:17:16] [I] Average on 10 runs - GPU latency: 2.49386 ms - Host latency: 2.49386 ms (enqueue 0.0572754 ms)
[09/30/2026-18:17:16] [I] Average on 10 runs - GPU latency: 2.42565 ms - Host latency: 2.42565 ms (enqueue 0.0312866 ms)
[09/30/2026-18:17:16] [I] Average on 10 runs - GPU latency: 2.49692 ms - Host latency: 2.49692 ms (enqueue 0.0302246 ms)
[09/30/2026-18:17:16] [I] Average on 10 runs - GPU latency: 2.47943 ms - Host latency: 2.47943 ms (enqueue 0.0307861 ms)
[09/30/2026-18:17:16] [I] Average on 10 runs - GPU latency: 2.49569 ms - Host latency: 2.49569 ms (enqueue 0.03302 ms)
[09/30/2026-18:17:16] [I] Average on 10 runs - GPU latency: 2.42708 ms - Host latency: 2.42708 ms (enqueue 0.0337402 ms)
[09/30/2026-18:17:16] [I] Average on 10 runs - GPU latency: 2.49172 ms - Host latency: 2.49172 ms (enqueue 0.0313232 ms)
[09/30/2026-18:17:16] [I] Average on 10 runs - GPU latency: 2.49517 ms - Host latency: 2.49517 ms (enqueue 0.0326172 ms)
[09/30/2026-18:17:16] [I] Average on 10 runs - GPU latency: 2.48812 ms - Host latency: 2.48812 ms (enqueue 0.0317505 ms)
[09/30/2026-18:17:16] [I] Average on 10 runs - GPU latency: 2.42432 ms - Host latency: 2.42432 ms (enqueue 0.0358643 ms)
[09/30/2026-18:17:16] [I] Average on 10 runs - GPU latency: 2.49739 ms - Host latency: 2.49739 ms (enqueue 0.0271729 ms)
[09/30/2026-18:17:16] [I] Average on 10 runs - GPU latency: 2.48889 ms - Host latency: 2.48889 ms (enqueue 0.0274658 ms)
[09/30/2026-18:17:16] [I] Average on 10 runs - GPU latency: 2.49326 ms - Host latency: 2.49326 ms (enqueue 0.0264893 ms)
[09/30/2026-18:17:16] [I] Average on 10 runs - GPU latency: 2.42354 ms - Host latency: 2.42354 ms (enqueue 0.0289795 ms)
[09/30/2026-18:17:16] [I] Average on 10 runs - GPU latency: 2.49082 ms - Host latency: 2.49082 ms (enqueue 0.0272949 ms)
[09/30/2026-18:17:16] [I] Average on 10 runs - GPU latency: 2.48682 ms - Host latency: 2.48682 ms (enqueue 0.0342285 ms)
[09/30/2026-18:17:16] [I] Average on 10 runs - GPU latency: 2.48643 ms - Host latency: 2.48643 ms (enqueue 0.0280029 ms)
[09/30/2026-18:17:16] [I] Average on 10 runs - GPU latency: 2.425 ms - Host latency: 2.425 ms (enqueue 0.0281006 ms)
[09/30/2026-18:17:16] [I] Average on 10 runs - GPU latency: 2.48804 ms - Host latency: 2.48804 ms (enqueue 0.0281494 ms)
[09/30/2026-18:17:16] [I] Average on 10 runs - GPU latency: 2.48491 ms - Host latency: 2.48491 ms (enqueue 0.0260742 ms)
[09/30/2026-18:17:16] [I] Average on 10 runs - GPU latency: 2.42944 ms - Host latency: 2.42944 ms (enqueue 0.029126 ms)
[09/30/2026-18:17:16] [I] Average on 10 runs - GPU latency: 2.48792 ms - Host latency: 2.48792 ms (enqueue 0.0297852 ms)
[09/30/2026-18:17:16] [I] Average on 10 runs - GPU latency: 2.49346 ms - Host latency: 2.49346 ms (enqueue 0.0323486 ms)
[09/30/2026-18:17:16] [I] Average on 10 runs - GPU latency: 2.48816 ms - Host latency: 2.48816 ms (enqueue 0.0321533 ms)
[09/30/2026-18:17:16] [I] Average on 10 runs - GPU latency: 2.42363 ms - Host latency: 2.42363 ms (enqueue 0.0289063 ms)
[09/30/2026-18:17:16] [I] Average on 10 runs - GPU latency: 2.49043 ms - Host latency: 2.49043 ms (enqueue 0.0332275 ms)
[09/30/2026-18:17:16] [I] Average on 10 runs - GPU latency: 2.4885 ms - Host latency: 2.4885 ms (enqueue 0.0319336 ms)
[09/30/2026-18:17:16] [I] Average on 10 runs - GPU latency: 2.49048 ms - Host latency: 2.49048 ms (enqueue 0.0312988 ms)
[09/30/2026-18:17:16] [I] Average on 10 runs - GPU latency: 2.42517 ms - Host latency: 2.42517 ms (enqueue 0.0294922 ms)
[09/30/2026-18:17:16] [I] Average on 10 runs - GPU latency: 2.49067 ms - Host latency: 2.49067 ms (enqueue 0.0290039 ms)
[09/30/2026-18:17:16] [I] Average on 10 runs - GPU latency: 2.49768 ms - Host latency: 2.49768 ms (enqueue 0.0311035 ms)
[09/30/2026-18:17:16] [I] Average on 10 runs - GPU latency: 2.49304 ms - Host latency: 2.49304 ms (enqueue 0.0286621 ms)
[09/30/2026-18:17:16] [I] Average on 10 runs - GPU latency: 2.42678 ms - Host latency: 2.42678 ms (enqueue 0.0413086 ms)
[09/30/2026-18:17:16] [I] Average on 10 runs - GPU latency: 2.49585 ms - Host latency: 2.49585 ms (enqueue 0.0333984 ms)
[09/30/2026-18:17:16] [I] Average on 10 runs - GPU latency: 2.49778 ms - Host latency: 2.49778 ms (enqueue 0.0310791 ms)
[09/30/2026-18:17:16] [I] Average on 10 runs - GPU latency: 2.50515 ms - Host latency: 2.50515 ms (enqueue 0.0305908 ms)
[09/30/2026-18:17:16] [I] Average on 10 runs - GPU latency: 2.42798 ms - Host latency: 2.42798 ms (enqueue 0.0292969 ms)
[09/30/2026-18:17:16] [I] Average on 10 runs - GPU latency: 2.49536 ms - Host latency: 2.49536 ms (enqueue 0.0283447 ms)
[09/30/2026-18:17:16] [I] Average on 10 runs - GPU latency: 2.49678 ms - Host latency: 2.49678 ms (enqueue 0.0280029 ms)
[09/30/2026-18:17:16] [I] Average on 10 runs - GPU latency: 2.49126 ms - Host latency: 2.49126 ms (enqueue 0.030835 ms)
[09/30/2026-18:17:16] [I] Average on 10 runs - GPU latency: 2.42375 ms - Host latency: 2.42375 ms (enqueue 0.033252 ms)
[09/30/2026-18:17:16] [I] Average on 10 runs - GPU latency: 2.49895 ms - Host latency: 2.49895 ms (enqueue 0.0302979 ms)
[09/30/2026-18:17:16] [I] Average on 10 runs - GPU latency: 2.49246 ms - Host latency: 2.49246 ms (enqueue 0.0296143 ms)
[09/30/2026-18:17:16] [I] Average on 10 runs - GPU latency: 2.50295 ms - Host latency: 2.50295 ms (enqueue 0.0291016 ms)
[09/30/2026-18:17:16] [I] Average on 10 runs - GPU latency: 2.42917 ms - Host latency: 2.42917 ms (enqueue 0.0312744 ms)
[09/30/2026-18:17:16] [I] Average on 10 runs - GPU latency: 2.50591 ms - Host latency: 2.50591 ms (enqueue 0.0299561 ms)
[09/30/2026-18:17:16] [I] Average on 10 runs - GPU latency: 2.49561 ms - Host latency: 2.49561 ms (enqueue 0.0284668 ms)
[09/30/2026-18:17:16] [I] Average on 10 runs - GPU latency: 2.43091 ms - Host latency: 2.43091 ms (enqueue 0.0297607 ms)
[09/30/2026-18:17:16] [I] Average on 10 runs - GPU latency: 2.49727 ms - Host latency: 2.49727 ms (enqueue 0.0291748 ms)
[09/30/2026-18:17:16] [I] Average on 10 runs - GPU latency: 2.57212 ms - Host latency: 2.57212 ms (enqueue 0.0391357 ms)
[09/30/2026-18:17:16] [I] Average on 10 runs - GPU latency: 2.53647 ms - Host latency: 2.53647 ms (enqueue 0.0310303 ms)
[09/30/2026-18:17:16] [I] Average on 10 runs - GPU latency: 2.53777 ms - Host latency: 2.53777 ms (enqueue 0.0290039 ms)
[09/30/2026-18:17:16] [I] Average on 10 runs - GPU latency: 2.47705 ms - Host latency: 2.47705 ms (enqueue 0.0281494 ms)
[09/30/2026-18:17:16] [I] Average on 10 runs - GPU latency: 2.53401 ms - Host latency: 2.53401 ms (enqueue 0.031958 ms)
[09/30/2026-18:17:16] [I] Average on 10 runs - GPU latency: 2.4801 ms - Host latency: 2.4801 ms (enqueue 0.0266846 ms)
[09/30/2026-18:17:16] [I] Average on 10 runs - GPU latency: 2.55305 ms - Host latency: 2.55305 ms (enqueue 0.0257324 ms)
[09/30/2026-18:17:16] [I] Average on 10 runs - GPU latency: 2.41082 ms - Host latency: 2.41082 ms (enqueue 0.0280518 ms)
[09/30/2026-18:17:16] [I] Average on 10 runs - GPU latency: 2.55039 ms - Host latency: 2.55039 ms (enqueue 0.0293457 ms)
[09/30/2026-18:17:16] [I] Average on 10 runs - GPU latency: 2.4825 ms - Host latency: 2.4825 ms (enqueue 0.0275146 ms)
[09/30/2026-18:17:16] [I] Average on 10 runs - GPU latency: 2.53877 ms - Host latency: 2.53877 ms (enqueue 0.0306152 ms)
[09/30/2026-18:17:16] [I] Average on 10 runs - GPU latency: 2.48 ms - Host latency: 2.48 ms (enqueue 0.0265381 ms)
[09/30/2026-18:17:16] [I] Average on 10 runs - GPU latency: 2.54519 ms - Host latency: 2.54519 ms (enqueue 0.0263184 ms)
[09/30/2026-18:17:16] [I] Average on 10 runs - GPU latency: 2.47695 ms - Host latency: 2.47695 ms (enqueue 0.0287354 ms)
[09/30/2026-18:17:16] [I] Average on 10 runs - GPU latency: 2.56348 ms - Host latency: 2.56348 ms (enqueue 0.0304443 ms)
[09/30/2026-18:17:16] [I] Average on 10 runs - GPU latency: 2.47576 ms - Host latency: 2.47576 ms (enqueue 0.0291016 ms)
[09/30/2026-18:17:16] [I] Average on 10 runs - GPU latency: 2.55173 ms - Host latency: 2.55173 ms (enqueue 0.0294922 ms)
[09/30/2026-18:17:16] [I] Average on 10 runs - GPU latency: 2.48057 ms - Host latency: 2.48057 ms (enqueue 0.0291016 ms)
[09/30/2026-18:17:16] [I] Average on 10 runs - GPU latency: 2.5415 ms - Host latency: 2.5415 ms (enqueue 0.0309082 ms)
[09/30/2026-18:17:16] [I] Average on 10 runs - GPU latency: 2.47935 ms - Host latency: 2.47935 ms (enqueue 0.0290039 ms)
[09/30/2026-18:17:16] [I] Average on 10 runs - GPU latency: 2.48035 ms - Host latency: 2.48035 ms (enqueue 0.0284912 ms)
[09/30/2026-18:17:16] [I] Average on 10 runs - GPU latency: 2.47253 ms - Host latency: 2.47253 ms (enqueue 0.0278076 ms)
[09/30/2026-18:17:16] [I] Average on 10 runs - GPU latency: 2.54531 ms - Host latency: 2.54531 ms (enqueue 0.0252441 ms)
[09/30/2026-18:17:16] [I] Average on 10 runs - GPU latency: 2.47603 ms - Host latency: 2.47603 ms (enqueue 0.0259033 ms)
[09/30/2026-18:17:16] [I] Average on 10 runs - GPU latency: 2.4718 ms - Host latency: 2.4718 ms (enqueue 0.026709 ms)
[09/30/2026-18:17:16] [I] Average on 10 runs - GPU latency: 2.47986 ms - Host latency: 2.47986 ms (enqueue 0.0275391 ms)
[09/30/2026-18:17:16] [I] Average on 10 runs - GPU latency: 2.47646 ms - Host latency: 2.47646 ms (enqueue 0.0255615 ms)
[09/30/2026-18:17:16] [I] Average on 10 runs - GPU latency: 2.41694 ms - Host latency: 2.41694 ms (enqueue 0.0294189 ms)
[09/30/2026-18:17:16] [I] Average on 10 runs - GPU latency: 2.49631 ms - Host latency: 2.49631 ms (enqueue 0.0301025 ms)
[09/30/2026-18:17:16] [I] Average on 10 runs - GPU latency: 2.50012 ms - Host latency: 2.50012 ms (enqueue 0.0233887 ms)
[09/30/2026-18:17:16] [I] Average on 10 runs - GPU latency: 2.50933 ms - Host latency: 2.50933 ms (enqueue 0.0297607 ms)
[09/30/2026-18:17:16] [I] Average on 10 runs - GPU latency: 2.45012 ms - Host latency: 2.45012 ms (enqueue 0.0287109 ms)
[09/30/2026-18:17:16] [I] Average on 10 runs - GPU latency: 2.50747 ms - Host latency: 2.50747 ms (enqueue 0.028833 ms)
[09/30/2026-18:17:16] [I] Average on 10 runs - GPU latency: 2.49851 ms - Host latency: 2.49851 ms (enqueue 0.0304199 ms)
[09/30/2026-18:17:16] [I] Average on 10 runs - GPU latency: 2.49675 ms - Host latency: 2.49675 ms (enqueue 0.0288574 ms)
[09/30/2026-18:17:16] [I] Average on 10 runs - GPU latency: 2.4292 ms - Host latency: 2.4292 ms (enqueue 0.0288818 ms)
[09/30/2026-18:17:16] [I] Average on 10 runs - GPU latency: 2.49895 ms - Host latency: 2.49895 ms (enqueue 0.0292725 ms)
[09/30/2026-18:17:16] [I] Average on 10 runs - GPU latency: 2.49375 ms - Host latency: 2.49375 ms (enqueue 0.0247803 ms)
[09/30/2026-18:17:16] [I] Average on 10 runs - GPU latency: 2.43254 ms - Host latency: 2.43254 ms (enqueue 0.0299072 ms)
[09/30/2026-18:17:16] [I] Average on 10 runs - GPU latency: 2.48528 ms - Host latency: 2.48528 ms (enqueue 0.0304688 ms)
[09/30/2026-18:17:16] [I] Average on 10 runs - GPU latency: 2.56997 ms - Host latency: 2.56997 ms (enqueue 0.0318359 ms)
[09/30/2026-18:17:16] [I] Average on 10 runs - GPU latency: 2.49956 ms - Host latency: 2.49956 ms (enqueue 0.0298828 ms)
[09/30/2026-18:17:16] [I] Average on 10 runs - GPU latency: 2.49492 ms - Host latency: 2.49492 ms (enqueue 0.0287109 ms)
[09/30/2026-18:17:16] [I] Average on 10 runs - GPU latency: 2.4249 ms - Host latency: 2.4249 ms (enqueue 0.0293457 ms)
[09/30/2026-18:17:16] [I] Average on 10 runs - GPU latency: 2.49258 ms - Host latency: 2.49258 ms (enqueue 0.0298828 ms)
[09/30/2026-18:17:16] [I] Average on 10 runs - GPU latency: 2.49604 ms - Host latency: 2.49604 ms (enqueue 0.029834 ms)
[09/30/2026-18:17:16] [I] Average on 10 runs - GPU latency: 2.48911 ms - Host latency: 2.48911 ms (enqueue 0.0290527 ms)
[09/30/2026-18:17:16] [I] Average on 10 runs - GPU latency: 2.42739 ms - Host latency: 2.42739 ms (enqueue 0.0263672 ms)
[09/30/2026-18:17:16] [I] Average on 10 runs - GPU latency: 2.49287 ms - Host latency: 2.49287 ms (enqueue 0.025 ms)
[09/30/2026-18:17:16] [I] Average on 10 runs - GPU latency: 2.48477 ms - Host latency: 2.48477 ms (enqueue 0.0226563 ms)
[09/30/2026-18:17:16] [I] Average on 10 runs - GPU latency: 2.42378 ms - Host latency: 2.42378 ms (enqueue 0.0250488 ms)
[09/30/2026-18:17:16] [I] Average on 10 runs - GPU latency: 2.49438 ms - Host latency: 2.49438 ms (enqueue 0.0297363 ms)
[09/30/2026-18:17:16] [I] Average on 10 runs - GPU latency: 2.48618 ms - Host latency: 2.48618 ms (enqueue 0.0288086 ms)
[09/30/2026-18:17:16] [I] Average on 10 runs - GPU latency: 2.49487 ms - Host latency: 2.49487 ms (enqueue 0.029541 ms)
[09/30/2026-18:17:16] [I] Average on 10 runs - GPU latency: 2.45781 ms - Host latency: 2.45781 ms (enqueue 0.0288574 ms)
[09/30/2026-18:17:16] [I] Average on 10 runs - GPU latency: 2.49766 ms - Host latency: 2.49766 ms (enqueue 0.0325195 ms)
[09/30/2026-18:17:16] [I] Average on 10 runs - GPU latency: 2.48599 ms - Host latency: 2.48599 ms (enqueue 0.0228516 ms)
[09/30/2026-18:17:16] [I] Average on 10 runs - GPU latency: 2.49087 ms - Host latency: 2.49087 ms (enqueue 0.0292969 ms)
[09/30/2026-18:17:16] [I] Average on 10 runs - GPU latency: 2.43188 ms - Host latency: 2.43188 ms (enqueue 0.0307129 ms)
[09/30/2026-18:17:16] [I] Average on 10 runs - GPU latency: 2.49888 ms - Host latency: 2.49888 ms (enqueue 0.026416 ms)
[09/30/2026-18:17:16] [I] Average on 10 runs - GPU latency: 2.49849 ms - Host latency: 2.49849 ms (enqueue 0.0262695 ms)
[09/30/2026-18:17:16] [I] Average on 10 runs - GPU latency: 2.49492 ms - Host latency: 2.49492 ms (enqueue 0.0300781 ms)
[09/30/2026-18:17:16] [I] Average on 10 runs - GPU latency: 2.42705 ms - Host latency: 2.42705 ms (enqueue 0.0281738 ms)
[09/30/2026-18:17:16] [I] Average on 10 runs - GPU latency: 2.49458 ms - Host latency: 2.49458 ms (enqueue 0.0281738 ms)
[09/30/2026-18:17:16] [I] Average on 10 runs - GPU latency: 2.49829 ms - Host latency: 2.49829 ms (enqueue 0.0287109 ms)
[09/30/2026-18:17:16] [I] Average on 10 runs - GPU latency: 2.50132 ms - Host latency: 2.50132 ms (enqueue 0.0272461 ms)
[09/30/2026-18:17:16] [I] Average on 10 runs - GPU latency: 2.43022 ms - Host latency: 2.43022 ms (enqueue 0.0287109 ms)
[09/30/2026-18:17:16] [I] Average on 10 runs - GPU latency: 2.49443 ms - Host latency: 2.49443 ms (enqueue 0.0282227 ms)
[09/30/2026-18:17:16] [I] Average on 10 runs - GPU latency: 2.48247 ms - Host latency: 2.48247 ms (enqueue 0.0280273 ms)
[09/30/2026-18:17:16] [I] Average on 10 runs - GPU latency: 2.49194 ms - Host latency: 2.49194 ms (enqueue 0.0293457 ms)
[09/30/2026-18:17:16] [I] Average on 10 runs - GPU latency: 2.43052 ms - Host latency: 2.43052 ms (enqueue 0.0274902 ms)
[09/30/2026-18:17:16] [I] Average on 10 runs - GPU latency: 2.49473 ms - Host latency: 2.49473 ms (enqueue 0.0285645 ms)
[09/30/2026-18:17:16] [I] Average on 10 runs - GPU latency: 2.49956 ms - Host latency: 2.49956 ms (enqueue 0.0296875 ms)
[09/30/2026-18:17:16] [I] Average on 10 runs - GPU latency: 2.48862 ms - Host latency: 2.48862 ms (enqueue 0.028418 ms)
[09/30/2026-18:17:16] [I] Average on 10 runs - GPU latency: 2.42788 ms - Host latency: 2.42788 ms (enqueue 0.0320312 ms)
[09/30/2026-18:17:16] [I] Average on 10 runs - GPU latency: 2.48433 ms - Host latency: 2.48433 ms (enqueue 0.0293457 ms)
[09/30/2026-18:17:16] [I] Average on 10 runs - GPU latency: 2.49385 ms - Host latency: 2.49385 ms (enqueue 0.0266113 ms)
[09/30/2026-18:17:16] [I] Average on 10 runs - GPU latency: 2.49678 ms - Host latency: 2.49678 ms (enqueue 0.0224121 ms)
[09/30/2026-18:17:16] [I] Average on 10 runs - GPU latency: 2.43022 ms - Host latency: 2.43022 ms (enqueue 0.0288086 ms)
[09/30/2026-18:17:16] [I] Average on 10 runs - GPU latency: 2.49775 ms - Host latency: 2.49775 ms (enqueue 0.025293 ms)
[09/30/2026-18:17:16] [I] Average on 10 runs - GPU latency: 2.49741 ms - Host latency: 2.49741 ms (enqueue 0.0294922 ms)
[09/30/2026-18:17:16] [I] Average on 10 runs - GPU latency: 2.49067 ms - Host latency: 2.49067 ms (enqueue 0.0272461 ms)
[09/30/2026-18:17:16] [I] Average on 10 runs - GPU latency: 2.42798 ms - Host latency: 2.42798 ms (enqueue 0.0283203 ms)
[09/30/2026-18:17:16] [I] Average on 10 runs - GPU latency: 2.50239 ms - Host latency: 2.50239 ms (enqueue 0.0282715 ms)
[09/30/2026-18:17:16] [I] Average on 10 runs - GPU latency: 2.49521 ms - Host latency: 2.49521 ms (enqueue 0.0280762 ms)
[09/30/2026-18:17:16] [I] Average on 10 runs - GPU latency: 2.49814 ms - Host latency: 2.49814 ms (enqueue 0.0274902 ms)
[09/30/2026-18:17:16] [I] Average on 10 runs - GPU latency: 2.42759 ms - Host latency: 2.42759 ms (enqueue 0.0272949 ms)
[09/30/2026-18:17:16] [I] Average on 10 runs - GPU latency: 2.48716 ms - Host latency: 2.48716 ms (enqueue 0.0269043 ms)
[09/30/2026-18:17:16] [I] Average on 10 runs - GPU latency: 2.49004 ms - Host latency: 2.49004 ms (enqueue 0.0291016 ms)
[09/30/2026-18:17:16] [I] Average on 10 runs - GPU latency: 2.50781 ms - Host latency: 2.50781 ms (enqueue 0.0244629 ms)
[09/30/2026-18:17:16] [I] Average on 10 runs - GPU latency: 2.4332 ms - Host latency: 2.4332 ms (enqueue 0.0304688 ms)
[09/30/2026-18:17:16] [I] Average on 10 runs - GPU latency: 2.4998 ms - Host latency: 2.4998 ms (enqueue 0.0308105 ms)
[09/30/2026-18:17:16] [I] Average on 10 runs - GPU latency: 2.49082 ms - Host latency: 2.49082 ms (enqueue 0.0280273 ms)
[09/30/2026-18:17:16] [I] Average on 10 runs - GPU latency: 2.46436 ms - Host latency: 2.46436 ms (enqueue 0.0285156 ms)
[09/30/2026-18:17:16] [I] Average on 10 runs - GPU latency: 2.46353 ms - Host latency: 2.46353 ms (enqueue 0.029248 ms)
[09/30/2026-18:17:16] [I] Average on 10 runs - GPU latency: 2.49893 ms - Host latency: 2.49893 ms (enqueue 0.0287598 ms)
[09/30/2026-18:17:16] [I] Average on 10 runs - GPU latency: 2.49351 ms - Host latency: 2.49351 ms (enqueue 0.0286621 ms)
[09/30/2026-18:17:16] [I] Average on 10 runs - GPU latency: 2.42876 ms - Host latency: 2.42876 ms (enqueue 0.0285156 ms)
[09/30/2026-18:17:16] [I] Average on 10 runs - GPU latency: 2.48672 ms - Host latency: 2.48672 ms (enqueue 0.0291992 ms)
[09/30/2026-18:17:16] [I] Average on 10 runs - GPU latency: 2.49463 ms - Host latency: 2.49463 ms (enqueue 0.028125 ms)
[09/30/2026-18:17:16] [I] Average on 10 runs - GPU latency: 2.50293 ms - Host latency: 2.50293 ms (enqueue 0.0288574 ms)
[09/30/2026-18:17:16] [I] Average on 10 runs - GPU latency: 2.43984 ms - Host latency: 2.43984 ms (enqueue 0.0283203 ms)
[09/30/2026-18:17:16] [I] Average on 10 runs - GPU latency: 2.5061 ms - Host latency: 2.5061 ms (enqueue 0.0267578 ms)
[09/30/2026-18:17:16] [I] Average on 10 runs - GPU latency: 2.49858 ms - Host latency: 2.49858 ms (enqueue 0.0281738 ms)
[09/30/2026-18:17:16] [I] Average on 10 runs - GPU latency: 2.48403 ms - Host latency: 2.48403 ms (enqueue 0.0276855 ms)
[09/30/2026-18:17:16] [I] Average on 10 runs - GPU latency: 2.42769 ms - Host latency: 2.42769 ms (enqueue 0.0280273 ms)
[09/30/2026-18:17:16] [I] Average on 10 runs - GPU latency: 2.50073 ms - Host latency: 2.50073 ms (enqueue 0.0237793 ms)
[09/30/2026-18:17:16] [I] Average on 10 runs - GPU latency: 2.49429 ms - Host latency: 2.49429 ms (enqueue 0.029248 ms)
[09/30/2026-18:17:16] [I] Average on 10 runs - GPU latency: 2.49409 ms - Host latency: 2.49409 ms (enqueue 0.0293457 ms)
[09/30/2026-18:17:16] [I] Average on 10 runs - GPU latency: 2.43872 ms - Host latency: 2.43872 ms (enqueue 0.0278809 ms)
[09/30/2026-18:17:16] [I] Average on 10 runs - GPU latency: 2.49766 ms - Host latency: 2.49766 ms (enqueue 0.029248 ms)
[09/30/2026-18:17:16] [I] Average on 10 runs - GPU latency: 2.48882 ms - Host latency: 2.48882 ms (enqueue 0.029834 ms)
[09/30/2026-18:17:16] [I] Average on 10 runs - GPU latency: 2.49541 ms - Host latency: 2.49541 ms (enqueue 0.0290039 ms)
[09/30/2026-18:17:16] [I] Average on 10 runs - GPU latency: 2.43652 ms - Host latency: 2.43652 ms (enqueue 0.0294922 ms)
[09/30/2026-18:17:16] [I] Average on 10 runs - GPU latency: 2.49907 ms - Host latency: 2.49907 ms (enqueue 0.0289551 ms)
[09/30/2026-18:17:16] [I] Average on 10 runs - GPU latency: 2.50894 ms - Host latency: 2.50894 ms (enqueue 0.0300781 ms)
[09/30/2026-18:17:16] [I] Average on 10 runs - GPU latency: 2.50586 ms - Host latency: 2.50586 ms (enqueue 0.0282227 ms)
[09/30/2026-18:17:16] [I] ... Omitting 1995 lines
[09/30/2026-18:17:16] [I] Average on 10 runs - GPU latency: 2.43076 ms - Host latency: 2.43076 ms (enqueue 0.027832 ms)
[09/30/2026-18:17:16] [I] Average on 10 runs - GPU latency: 2.54961 ms - Host latency: 2.54961 ms (enqueue 0.0257812 ms)
[09/30/2026-18:17:16] [I] Average on 10 runs - GPU latency: 2.50254 ms - Host latency: 2.50254 ms (enqueue 0.0304688 ms)
[09/30/2026-18:17:16] [I] Average on 10 runs - GPU latency: 2.51289 ms - Host latency: 2.51289 ms (enqueue 0.0298828 ms)
[09/30/2026-18:17:16] [I] Average on 10 runs - GPU latency: 2.43818 ms - Host latency: 2.43818 ms (enqueue 0.0428711 ms)
[09/30/2026-18:17:16] [I] Average on 10 runs - GPU latency: 2.64443 ms - Host latency: 2.64443 ms (enqueue 0.034375 ms)
[09/30/2026-18:17:16] [I] Average on 10 runs - GPU latency: 2.50635 ms - Host latency: 2.50635 ms (enqueue 0.028418 ms)
[09/30/2026-18:17:16] [I] Average on 10 runs - GPU latency: 2.57012 ms - Host latency: 2.57012 ms (enqueue 0.0256836 ms)
[09/30/2026-18:17:16] [I] Average on 10 runs - GPU latency: 2.4916 ms - Host latency: 2.4916 ms (enqueue 0.0295898 ms)
[09/30/2026-18:17:16] [I] Average on 10 runs - GPU latency: 2.5626 ms - Host latency: 2.5626 ms (enqueue 0.0298828 ms)
[09/30/2026-18:17:16] [I] Average on 10 runs - GPU latency: 2.49395 ms - Host latency: 2.49395 ms (enqueue 0.0300781 ms)
[09/30/2026-18:17:16] [I] Average on 10 runs - GPU latency: 2.57168 ms - Host latency: 2.57168 ms (enqueue 0.0303711 ms)
[09/30/2026-18:17:16] [I] Average on 10 runs - GPU latency: 2.43525 ms - Host latency: 2.43525 ms (enqueue 0.0242187 ms)
[09/30/2026-18:17:16] [I] Average on 10 runs - GPU latency: 2.5624 ms - Host latency: 2.5624 ms (enqueue 0.0229492 ms)
[09/30/2026-18:17:16] [I] Average on 10 runs - GPU latency: 2.5623 ms - Host latency: 2.5623 ms (enqueue 0.021875 ms)
[09/30/2026-18:17:16] [I] Average on 10 runs - GPU latency: 2.49639 ms - Host latency: 2.49639 ms (enqueue 0.0223633 ms)
[09/30/2026-18:17:16] [I] Average on 10 runs - GPU latency: 2.57158 ms - Host latency: 2.57158 ms (enqueue 0.0289063 ms)
[09/30/2026-18:17:16] [I] Average on 10 runs - GPU latency: 2.49707 ms - Host latency: 2.49707 ms (enqueue 0.0246094 ms)
[09/30/2026-18:17:16] [I] Average on 10 runs - GPU latency: 2.50186 ms - Host latency: 2.50186 ms (enqueue 0.0301758 ms)
[09/30/2026-18:17:16] [I] Average on 10 runs - GPU latency: 2.4915 ms - Host latency: 2.4915 ms (enqueue 0.0304688 ms)
[09/30/2026-18:17:16] [I] Average on 10 runs - GPU latency: 2.57363 ms - Host latency: 2.57363 ms (enqueue 0.027832 ms)
[09/30/2026-18:17:16] [I] Average on 10 runs - GPU latency: 2.49971 ms - Host latency: 2.49971 ms (enqueue 0.0240234 ms)
[09/30/2026-18:17:16] [I] Average on 10 runs - GPU latency: 2.55605 ms - Host latency: 2.55605 ms (enqueue 0.0200195 ms)
[09/30/2026-18:17:16] [I] Average on 10 runs - GPU latency: 2.49619 ms - Host latency: 2.49619 ms (enqueue 0.0229492 ms)
[09/30/2026-18:17:16] [I] Average on 10 runs - GPU latency: 2.56309 ms - Host latency: 2.56309 ms (enqueue 0.0211914 ms)
[09/30/2026-18:17:16] [I] Average on 10 runs - GPU latency: 2.42539 ms - Host latency: 2.42539 ms (enqueue 0.0296875 ms)
[09/30/2026-18:17:16] [I] Average on 10 runs - GPU latency: 2.55781 ms - Host latency: 2.55781 ms (enqueue 0.0242187 ms)
[09/30/2026-18:17:16] [I] Average on 10 runs - GPU latency: 2.49512 ms - Host latency: 2.49512 ms (enqueue 0.0271484 ms)
[09/30/2026-18:17:16] [I] Average on 10 runs - GPU latency: 2.5501 ms - Host latency: 2.5501 ms (enqueue 0.021875 ms)
[09/30/2026-18:17:16] [I] Average on 10 runs - GPU latency: 2.42959 ms - Host latency: 2.42959 ms (enqueue 0.0242187 ms)
[09/30/2026-18:17:16] [I] Average on 10 runs - GPU latency: 2.50166 ms - Host latency: 2.50166 ms (enqueue 0.0272461 ms)
[09/30/2026-18:17:16] [I] Average on 10 runs - GPU latency: 2.49941 ms - Host latency: 2.49941 ms (enqueue 0.0248047 ms)
[09/30/2026-18:17:16] [I] Average on 10 runs - GPU latency: 2.50332 ms - Host latency: 2.50332 ms (enqueue 0.0285156 ms)
[09/30/2026-18:17:16] [I] Average on 10 runs - GPU latency: 2.44834 ms - Host latency: 2.44834 ms (enqueue 0.0290039 ms)
[09/30/2026-18:17:16] [I] Average on 10 runs - GPU latency: 2.50967 ms - Host latency: 2.50967 ms (enqueue 0.0249023 ms)
[09/30/2026-18:17:16] [I] Average on 10 runs - GPU latency: 2.5124 ms - Host latency: 2.5124 ms (enqueue 0.0277344 ms)
[09/30/2026-18:17:16] [I] Average on 10 runs - GPU latency: 2.50732 ms - Host latency: 2.50732 ms (enqueue 0.0268555 ms)
[09/30/2026-18:17:16] [I] Average on 10 runs - GPU latency: 2.44238 ms - Host latency: 2.44238 ms (enqueue 0.0290039 ms)
[09/30/2026-18:17:16] [I] Average on 10 runs - GPU latency: 2.5043 ms - Host latency: 2.5043 ms (enqueue 0.0244141 ms)
[09/30/2026-18:17:16] [I] Average on 10 runs - GPU latency: 2.50576 ms - Host latency: 2.50576 ms (enqueue 0.0292969 ms)
[09/30/2026-18:17:16] [I] Average on 10 runs - GPU latency: 2.50381 ms - Host latency: 2.50381 ms (enqueue 0.0265625 ms)
[09/30/2026-18:17:16] [I] Average on 10 runs - GPU latency: 2.43984 ms - Host latency: 2.43984 ms (enqueue 0.0276367 ms)
[09/30/2026-18:17:16] [I] Average on 10 runs - GPU latency: 2.50908 ms - Host latency: 2.50908 ms (enqueue 0.0294922 ms)
[09/30/2026-18:17:16] [I] Average on 10 runs - GPU latency: 2.51084 ms - Host latency: 2.51084 ms (enqueue 0.0335938 ms)
[09/30/2026-18:17:16] [I] Average on 10 runs - GPU latency: 2.44092 ms - Host latency: 2.44092 ms (enqueue 0.0291992 ms)
[09/30/2026-18:17:16] [I] Average on 10 runs - GPU latency: 2.57441 ms - Host latency: 2.57441 ms (enqueue 0.037793 ms)
[09/30/2026-18:17:16] [I] Average on 10 runs - GPU latency: 2.52842 ms - Host latency: 2.52842 ms (enqueue 0.0268555 ms)
[09/30/2026-18:17:16] [I] Average on 10 runs - GPU latency: 2.51152 ms - Host latency: 2.51152 ms (enqueue 0.0291992 ms)
[09/30/2026-18:17:16] [I] Average on 10 runs - GPU latency: 2.5041 ms - Host latency: 2.5041 ms (enqueue 0.0285156 ms)
[09/30/2026-18:17:16] [I] Average on 10 runs - GPU latency: 2.4415 ms - Host latency: 2.4415 ms (enqueue 0.0307617 ms)
[09/30/2026-18:17:16] [I] Average on 10 runs - GPU latency: 2.50879 ms - Host latency: 2.50879 ms (enqueue 0.0233398 ms)
[09/30/2026-18:17:16] [I] Average on 10 runs - GPU latency: 2.5082 ms - Host latency: 2.5082 ms (enqueue 0.0287109 ms)
[09/30/2026-18:17:16] [I] Average on 10 runs - GPU latency: 2.50547 ms - Host latency: 2.50547 ms (enqueue 0.0269531 ms)
[09/30/2026-18:17:16] [I] Average on 10 runs - GPU latency: 2.44531 ms - Host latency: 2.44531 ms (enqueue 0.0291992 ms)
[09/30/2026-18:17:16] [I] Average on 10 runs - GPU latency: 2.52275 ms - Host latency: 2.52275 ms (enqueue 0.0237305 ms)
[09/30/2026-18:17:16] [I] Average on 10 runs - GPU latency: 2.50742 ms - Host latency: 2.50742 ms (enqueue 0.0263672 ms)
[09/30/2026-18:17:16] [I] Average on 10 runs - GPU latency: 2.51768 ms - Host latency: 2.51768 ms (enqueue 0.0254883 ms)
[09/30/2026-18:17:16] [I] Average on 10 runs - GPU latency: 2.44443 ms - Host latency: 2.44443 ms (enqueue 0.0259766 ms)
[09/30/2026-18:17:16] [I] Average on 10 runs - GPU latency: 2.50322 ms - Host latency: 2.50322 ms (enqueue 0.0324219 ms)
[09/30/2026-18:17:16] [I] Average on 10 runs - GPU latency: 2.50488 ms - Host latency: 2.50488 ms (enqueue 0.028418 ms)
[09/30/2026-18:17:16] [I] Average on 10 runs - GPU latency: 2.49971 ms - Host latency: 2.49971 ms (enqueue 0.028418 ms)
[09/30/2026-18:17:16] [I] Average on 10 runs - GPU latency: 2.44014 ms - Host latency: 2.44014 ms (enqueue 0.0208008 ms)
[09/30/2026-18:17:16] [I] Average on 10 runs - GPU latency: 2.50205 ms - Host latency: 2.50205 ms (enqueue 0.0204102 ms)
[09/30/2026-18:17:16] [I] Average on 10 runs - GPU latency: 2.50225 ms - Host latency: 2.50225 ms (enqueue 0.028418 ms)
[09/30/2026-18:17:16] [I] Average on 10 runs - GPU latency: 2.50605 ms - Host latency: 2.50605 ms (enqueue 0.0248047 ms)
[09/30/2026-18:17:16] [I] Average on 10 runs - GPU latency: 2.4502 ms - Host latency: 2.4502 ms (enqueue 0.021875 ms)
[09/30/2026-18:17:16] [I] Average on 10 runs - GPU latency: 2.51943 ms - Host latency: 2.51943 ms (enqueue 0.0260742 ms)
[09/30/2026-18:17:16] [I] Average on 10 runs - GPU latency: 2.52129 ms - Host latency: 2.52129 ms (enqueue 0.0202148 ms)
[09/30/2026-18:17:16] [I] Average on 10 runs - GPU latency: 2.52295 ms - Host latency: 2.52295 ms (enqueue 0.0249023 ms)
[09/30/2026-18:17:16] [I] Average on 10 runs - GPU latency: 2.44229 ms - Host latency: 2.44229 ms (enqueue 0.0235352 ms)
[09/30/2026-18:17:16] [I] Average on 10 runs - GPU latency: 2.50801 ms - Host latency: 2.50801 ms (enqueue 0.0236328 ms)
[09/30/2026-18:17:16] [I] Average on 10 runs - GPU latency: 2.5085 ms - Host latency: 2.5085 ms (enqueue 0.028418 ms)
[09/30/2026-18:17:16] [I] Average on 10 runs - GPU latency: 2.4917 ms - Host latency: 2.4917 ms (enqueue 0.0237305 ms)
[09/30/2026-18:17:16] [I] Average on 10 runs - GPU latency: 2.43975 ms - Host latency: 2.43975 ms (enqueue 0.0238281 ms)
[09/30/2026-18:17:16] [I] Average on 10 runs - GPU latency: 2.51201 ms - Host latency: 2.51201 ms (enqueue 0.0286133 ms)
[09/30/2026-18:17:16] [I] Average on 10 runs - GPU latency: 2.49844 ms - Host latency: 2.49844 ms (enqueue 0.0282227 ms)
[09/30/2026-18:17:16] [I] Average on 10 runs - GPU latency: 2.49346 ms - Host latency: 2.49346 ms (enqueue 0.0277344 ms)
[09/30/2026-18:17:16] [I] Average on 10 runs - GPU latency: 2.44922 ms - Host latency: 2.44922 ms (enqueue 0.0210938 ms)
[09/30/2026-18:17:16] [I] Average on 10 runs - GPU latency: 2.5083 ms - Host latency: 2.5083 ms (enqueue 0.0196289 ms)
[09/30/2026-18:17:16] [I] Average on 10 runs - GPU latency: 2.51299 ms - Host latency: 2.51299 ms (enqueue 0.0275391 ms)
[09/30/2026-18:17:16] [I] Average on 10 runs - GPU latency: 2.47598 ms - Host latency: 2.47598 ms (enqueue 0.0286133 ms)
[09/30/2026-18:17:16] [I] Average on 10 runs - GPU latency: 2.47715 ms - Host latency: 2.47715 ms (enqueue 0.0288086 ms)
[09/30/2026-18:17:16] [I] Average on 10 runs - GPU latency: 2.50977 ms - Host latency: 2.50977 ms (enqueue 0.0280273 ms)
[09/30/2026-18:17:16] [I] Average on 10 runs - GPU latency: 2.49795 ms - Host latency: 2.49795 ms (enqueue 0.0297852 ms)
[09/30/2026-18:17:16] [I] Average on 10 runs - GPU latency: 2.5623 ms - Host latency: 2.5623 ms (enqueue 0.0303711 ms)
[09/30/2026-18:17:16] [I] Average on 10 runs - GPU latency: 2.43223 ms - Host latency: 2.43223 ms (enqueue 0.0245117 ms)
[09/30/2026-18:17:16] [I] Average on 10 runs - GPU latency: 2.52861 ms - Host latency: 2.52861 ms (enqueue 0.0255859 ms)
[09/30/2026-18:17:16] [I] Average on 10 runs - GPU latency: 2.50059 ms - Host latency: 2.50059 ms (enqueue 0.021875 ms)
[09/30/2026-18:17:16] [I] Average on 10 runs - GPU latency: 2.45742 ms - Host latency: 2.45742 ms (enqueue 0.0226563 ms)
[09/30/2026-18:17:16] [I] Average on 10 runs - GPU latency: 2.51572 ms - Host latency: 2.51572 ms (enqueue 0.0289063 ms)
[09/30/2026-18:17:16] [I] Average on 10 runs - GPU latency: 2.52021 ms - Host latency: 2.52021 ms (enqueue 0.0244141 ms)
[09/30/2026-18:17:16] [I] Average on 10 runs - GPU latency: 2.50977 ms - Host latency: 2.50977 ms (enqueue 0.0303711 ms)
[09/30/2026-18:17:16] [I] Average on 10 runs - GPU latency: 2.49668 ms - Host latency: 2.49668 ms (enqueue 0.0298828 ms)
[09/30/2026-18:17:16] [I] Average on 10 runs - GPU latency: 2.44766 ms - Host latency: 2.44766 ms (enqueue 0.0304688 ms)
[09/30/2026-18:17:16] [I] Average on 10 runs - GPU latency: 2.49824 ms - Host latency: 2.49824 ms (enqueue 0.0290039 ms)
[09/30/2026-18:17:16] [I] Average on 10 runs - GPU latency: 2.51289 ms - Host latency: 2.51289 ms (enqueue 0.0291016 ms)
[09/30/2026-18:17:16] [I] Average on 10 runs - GPU latency: 2.45703 ms - Host latency: 2.45703 ms (enqueue 0.0272461 ms)
[09/30/2026-18:17:16] [I] Average on 10 runs - GPU latency: 2.47529 ms - Host latency: 2.47529 ms (enqueue 0.0317383 ms)
[09/30/2026-18:17:16] [I] Average on 10 runs - GPU latency: 2.5043 ms - Host latency: 2.5043 ms (enqueue 0.0202148 ms)
[09/30/2026-18:17:16] [I] Average on 10 runs - GPU latency: 2.49902 ms - Host latency: 2.49902 ms (enqueue 0.0274414 ms)
[09/30/2026-18:17:16] [I] Average on 10 runs - GPU latency: 2.43359 ms - Host latency: 2.43359 ms (enqueue 0.0214844 ms)
[09/30/2026-18:17:16] [I] Average on 10 runs - GPU latency: 2.52119 ms - Host latency: 2.52119 ms (enqueue 0.0229492 ms)
[09/30/2026-18:17:16] [I] Average on 10 runs - GPU latency: 2.5166 ms - Host latency: 2.5166 ms (enqueue 0.0260742 ms)
[09/30/2026-18:17:16] [I] Average on 10 runs - GPU latency: 2.51318 ms - Host latency: 2.51318 ms (enqueue 0.028125 ms)
[09/30/2026-18:17:16] [I] Average on 10 runs - GPU latency: 2.45352 ms - Host latency: 2.45352 ms (enqueue 0.0289063 ms)
[09/30/2026-18:17:16] [I] Average on 10 runs - GPU latency: 2.50088 ms - Host latency: 2.50088 ms (enqueue 0.0295898 ms)
[09/30/2026-18:17:16] [I] Average on 10 runs - GPU latency: 2.51465 ms - Host latency: 2.51465 ms (enqueue 0.027832 ms)
[09/30/2026-18:17:16] [I] Average on 10 runs - GPU latency: 2.49678 ms - Host latency: 2.49678 ms (enqueue 0.0260742 ms)
[09/30/2026-18:17:16] [I] Average on 10 runs - GPU latency: 2.43105 ms - Host latency: 2.43105 ms (enqueue 0.0266602 ms)
[09/30/2026-18:17:16] [I] Average on 10 runs - GPU latency: 2.51084 ms - Host latency: 2.51084 ms (enqueue 0.0266602 ms)
[09/30/2026-18:17:16] [I] Average on 10 runs - GPU latency: 2.51211 ms - Host latency: 2.51211 ms (enqueue 0.0244141 ms)
[09/30/2026-18:17:16] [I] Average on 10 runs - GPU latency: 2.51523 ms - Host latency: 2.51523 ms (enqueue 0.0285156 ms)
[09/30/2026-18:17:16] [I] Average on 10 runs - GPU latency: 2.43066 ms - Host latency: 2.43066 ms (enqueue 0.027832 ms)
[09/30/2026-18:17:16] [I] Average on 10 runs - GPU latency: 2.52471 ms - Host latency: 2.52471 ms (enqueue 0.0292969 ms)
[09/30/2026-18:17:16] [I] Average on 10 runs - GPU latency: 2.51406 ms - Host latency: 2.51406 ms (enqueue 0.03125 ms)
[09/30/2026-18:17:16] [I] Average on 10 runs - GPU latency: 2.51289 ms - Host latency: 2.51289 ms (enqueue 0.0282227 ms)
[09/30/2026-18:17:16] [I] Average on 10 runs - GPU latency: 2.44277 ms - Host latency: 2.44277 ms (enqueue 0.0230469 ms)
[09/30/2026-18:17:16] [I] Average on 10 runs - GPU latency: 2.51523 ms - Host latency: 2.51523 ms (enqueue 0.028418 ms)
[09/30/2026-18:17:16] [I] Average on 10 runs - GPU latency: 2.50361 ms - Host latency: 2.50361 ms (enqueue 0.0257812 ms)
[09/30/2026-18:17:16] [I] Average on 10 runs - GPU latency: 2.50869 ms - Host latency: 2.50869 ms (enqueue 0.0206055 ms)
[09/30/2026-18:17:16] [I] Average on 10 runs - GPU latency: 2.43145 ms - Host latency: 2.43145 ms (enqueue 0.0202148 ms)
[09/30/2026-18:17:16] [I] Average on 10 runs - GPU latency: 2.50469 ms - Host latency: 2.50469 ms (enqueue 0.0235352 ms)
[09/30/2026-18:17:16] [I] Average on 10 runs - GPU latency: 2.5002 ms - Host latency: 2.5002 ms (enqueue 0.0291016 ms)
[09/30/2026-18:17:16] [I] Average on 10 runs - GPU latency: 2.50469 ms - Host latency: 2.50469 ms (enqueue 0.0335938 ms)
[09/30/2026-18:17:16] [I] Average on 10 runs - GPU latency: 2.42949 ms - Host latency: 2.42949 ms (enqueue 0.0258789 ms)
[09/30/2026-18:17:16] [I] Average on 10 runs - GPU latency: 2.52305 ms - Host latency: 2.52305 ms (enqueue 0.0224609 ms)
[09/30/2026-18:17:16] [I] Average on 10 runs - GPU latency: 2.5207 ms - Host latency: 2.5207 ms (enqueue 0.0257812 ms)
[09/30/2026-18:17:16] [I] Average on 10 runs - GPU latency: 2.53223 ms - Host latency: 2.53223 ms (enqueue 0.0225586 ms)
[09/30/2026-18:17:16] [I] Average on 10 runs - GPU latency: 2.45527 ms - Host latency: 2.45527 ms (enqueue 0.0199219 ms)
[09/30/2026-18:17:16] [I] Average on 10 runs - GPU latency: 2.5043 ms - Host latency: 2.5043 ms (enqueue 0.028125 ms)
[09/30/2026-18:17:16] [I] Average on 10 runs - GPU latency: 2.5084 ms - Host latency: 2.5084 ms (enqueue 0.0305664 ms)
[09/30/2026-18:17:16] [I] Average on 10 runs - GPU latency: 2.49854 ms - Host latency: 2.49854 ms (enqueue 0.0243164 ms)
[09/30/2026-18:17:16] [I] Average on 10 runs - GPU latency: 2.50586 ms - Host latency: 2.50586 ms (enqueue 0.0240234 ms)
[09/30/2026-18:17:16] [I] Average on 10 runs - GPU latency: 2.62129 ms - Host latency: 2.62129 ms (enqueue 0.0300781 ms)
[09/30/2026-18:17:16] [I] Average on 10 runs - GPU latency: 2.62217 ms - Host latency: 2.62217 ms (enqueue 0.0311523 ms)
[09/30/2026-18:17:16] [I] Average on 10 runs - GPU latency: 2.61016 ms - Host latency: 2.61016 ms (enqueue 0.0289063 ms)
[09/30/2026-18:17:16] [I] Average on 10 runs - GPU latency: 2.61807 ms - Host latency: 2.61807 ms (enqueue 0.0292969 ms)
[09/30/2026-18:17:16] [I] Average on 10 runs - GPU latency: 2.55273 ms - Host latency: 2.55273 ms (enqueue 0.0289063 ms)
[09/30/2026-18:17:16] [I] Average on 10 runs - GPU latency: 2.62383 ms - Host latency: 2.62383 ms (enqueue 0.0244141 ms)
[09/30/2026-18:17:16] [I] Average on 10 runs - GPU latency: 2.62471 ms - Host latency: 2.62471 ms (enqueue 0.0208984 ms)
[09/30/2026-18:17:16] [I] Average on 10 runs - GPU latency: 2.57627 ms - Host latency: 2.57627 ms (enqueue 0.0282227 ms)
[09/30/2026-18:17:16] [I] Average on 10 runs - GPU latency: 2.4668 ms - Host latency: 2.4668 ms (enqueue 0.0282227 ms)
[09/30/2026-18:17:16] [I] Average on 10 runs - GPU latency: 2.5208 ms - Host latency: 2.5208 ms (enqueue 0.0272461 ms)
[09/30/2026-18:17:16] [I] Average on 10 runs - GPU latency: 2.5251 ms - Host latency: 2.5251 ms (enqueue 0.0261719 ms)
[09/30/2026-18:17:16] [I] Average on 10 runs - GPU latency: 2.52471 ms - Host latency: 2.52471 ms (enqueue 0.0287109 ms)
[09/30/2026-18:17:16] [I] Average on 10 runs - GPU latency: 2.44014 ms - Host latency: 2.44014 ms (enqueue 0.0257812 ms)
[09/30/2026-18:17:16] [I] Average on 10 runs - GPU latency: 2.5124 ms - Host latency: 2.5124 ms (enqueue 0.0236328 ms)
[09/30/2026-18:17:16] [I] Average on 10 runs - GPU latency: 2.49922 ms - Host latency: 2.49922 ms (enqueue 0.0268555 ms)
[09/30/2026-18:17:16] [I] Average on 10 runs - GPU latency: 2.5375 ms - Host latency: 2.5375 ms (enqueue 0.0289063 ms)
[09/30/2026-18:17:16] [I] Average on 10 runs - GPU latency: 2.53467 ms - Host latency: 2.53467 ms (enqueue 0.0273438 ms)
[09/30/2026-18:17:16] [I] Average on 10 runs - GPU latency: 2.62383 ms - Host latency: 2.62383 ms (enqueue 0.0260742 ms)
[09/30/2026-18:17:16] [I] Average on 10 runs - GPU latency: 2.60605 ms - Host latency: 2.60605 ms (enqueue 0.0274414 ms)
[09/30/2026-18:17:16] [I] Average on 10 runs - GPU latency: 2.6043 ms - Host latency: 2.6043 ms (enqueue 0.0282227 ms)
[09/30/2026-18:17:16] [I] Average on 10 runs - GPU latency: 2.60313 ms - Host latency: 2.60313 ms (enqueue 0.0295898 ms)
[09/30/2026-18:17:16] [I] Average on 10 runs - GPU latency: 2.55654 ms - Host latency: 2.55654 ms (enqueue 0.0291992 ms)
[09/30/2026-18:17:16] [I] Average on 10 runs - GPU latency: 2.61553 ms - Host latency: 2.61553 ms (enqueue 0.0287109 ms)
[09/30/2026-18:17:16] [I] Average on 10 runs - GPU latency: 2.66953 ms - Host latency: 2.66953 ms (enqueue 0.0288086 ms)
[09/30/2026-18:17:16] [I] Average on 10 runs - GPU latency: 2.69834 ms - Host latency: 2.69834 ms (enqueue 0.0320312 ms)
[09/30/2026-18:17:16] [I] Average on 10 runs - GPU latency: 2.70215 ms - Host latency: 2.70215 ms (enqueue 0.0292969 ms)
[09/30/2026-18:17:16] [I] Average on 10 runs - GPU latency: 2.62891 ms - Host latency: 2.62891 ms (enqueue 0.0307617 ms)
[09/30/2026-18:17:16] [I] Average on 10 runs - GPU latency: 2.69805 ms - Host latency: 2.69805 ms (enqueue 0.0286133 ms)
[09/30/2026-18:17:16] [I] Average on 10 runs - GPU latency: 2.72559 ms - Host latency: 2.72559 ms (enqueue 0.0288086 ms)
[09/30/2026-18:17:16] [I] Average on 10 runs - GPU latency: 2.69229 ms - Host latency: 2.69229 ms (enqueue 0.0279297 ms)
[09/30/2026-18:17:16] [I] Average on 10 runs - GPU latency: 2.65977 ms - Host latency: 2.65977 ms (enqueue 0.0260742 ms)
[09/30/2026-18:17:16] [I] Average on 10 runs - GPU latency: 2.60107 ms - Host latency: 2.60107 ms (enqueue 0.030957 ms)
[09/30/2026-18:17:16] [I] Average on 10 runs - GPU latency: 2.64258 ms - Host latency: 2.64258 ms (enqueue 0.0296875 ms)
[09/30/2026-18:17:16] [I] Average on 10 runs - GPU latency: 2.49375 ms - Host latency: 2.49375 ms (enqueue 0.0290039 ms)
[09/30/2026-18:17:16] [I] Average on 10 runs - GPU latency: 2.55303 ms - Host latency: 2.55303 ms (enqueue 0.0293945 ms)
[09/30/2026-18:17:16] [I] Average on 10 runs - GPU latency: 2.48789 ms - Host latency: 2.48789 ms (enqueue 0.0291992 ms)
[09/30/2026-18:17:16] [I] Average on 10 runs - GPU latency: 2.58213 ms - Host latency: 2.58213 ms (enqueue 0.0287109 ms)
[09/30/2026-18:17:16] [I] Average on 10 runs - GPU latency: 2.50264 ms - Host latency: 2.50264 ms (enqueue 0.0289063 ms)
[09/30/2026-18:17:16] [I] Average on 10 runs - GPU latency: 2.52051 ms - Host latency: 2.52051 ms (enqueue 0.0292969 ms)
[09/30/2026-18:17:16] [I] Average on 10 runs - GPU latency: 2.6627 ms - Host latency: 2.6627 ms (enqueue 0.0295898 ms)
[09/30/2026-18:17:16] [I] Average on 10 runs - GPU latency: 2.63594 ms - Host latency: 2.63594 ms (enqueue 0.0307617 ms)
[09/30/2026-18:17:16] [I] Average on 10 runs - GPU latency: 2.67422 ms - Host latency: 2.67422 ms (enqueue 0.0257812 ms)
[09/30/2026-18:17:16] [I] Average on 10 runs - GPU latency: 2.60156 ms - Host latency: 2.60156 ms (enqueue 0.0248047 ms)
[09/30/2026-18:17:16] [I] Average on 10 runs - GPU latency: 2.67441 ms - Host latency: 2.67441 ms (enqueue 0.0280273 ms)
[09/30/2026-18:17:16] [I] Average on 10 runs - GPU latency: 2.60186 ms - Host latency: 2.60186 ms (enqueue 0.0229492 ms)
[09/30/2026-18:17:16] [I] Average on 10 runs - GPU latency: 2.68457 ms - Host latency: 2.68457 ms (enqueue 0.0238281 ms)
[09/30/2026-18:17:16] [I] Average on 10 runs - GPU latency: 2.68691 ms - Host latency: 2.68691 ms (enqueue 0.025293 ms)
[09/30/2026-18:17:16] [I] Average on 10 runs - GPU latency: 2.65811 ms - Host latency: 2.65811 ms (enqueue 0.0230469 ms)
[09/30/2026-18:17:16] [I] Average on 10 runs - GPU latency: 2.73115 ms - Host latency: 2.73115 ms (enqueue 0.0301758 ms)
[09/30/2026-18:17:16] [I] Average on 10 runs - GPU latency: 2.71514 ms - Host latency: 2.71514 ms (enqueue 0.0257812 ms)
[09/30/2026-18:17:16] [I] Average on 10 runs - GPU latency: 2.59951 ms - Host latency: 2.59951 ms (enqueue 0.0291016 ms)
[09/30/2026-18:17:16] [I] Average on 10 runs - GPU latency: 2.74736 ms - Host latency: 2.74736 ms (enqueue 0.0317383 ms)
[09/30/2026-18:17:16] [I] Average on 10 runs - GPU latency: 2.66582 ms - Host latency: 2.66582 ms (enqueue 0.0298828 ms)
[09/30/2026-18:17:16] [I] Average on 10 runs - GPU latency: 2.74053 ms - Host latency: 2.74053 ms (enqueue 0.0291016 ms)
[09/30/2026-18:17:16] [I] Average on 10 runs - GPU latency: 2.58213 ms - Host latency: 2.58213 ms (enqueue 0.0296875 ms)
[09/30/2026-18:17:16] [I] Average on 10 runs - GPU latency: 2.46729 ms - Host latency: 2.46729 ms (enqueue 0.0269531 ms)
[09/30/2026-18:17:16] [I] Average on 10 runs - GPU latency: 2.51709 ms - Host latency: 2.51709 ms (enqueue 0.0296875 ms)
[09/30/2026-18:17:16] [I] Average on 10 runs - GPU latency: 2.50859 ms - Host latency: 2.50859 ms (enqueue 0.0280273 ms)
[09/30/2026-18:17:16] [I] Average on 10 runs - GPU latency: 2.52178 ms - Host latency: 2.52178 ms (enqueue 0.0292969 ms)
[09/30/2026-18:17:16] [I] Average on 10 runs - GPU latency: 2.46943 ms - Host latency: 2.46943 ms (enqueue 0.03125 ms)
[09/30/2026-18:17:16] [I] Average on 10 runs - GPU latency: 2.52783 ms - Host latency: 2.52783 ms (enqueue 0.0291016 ms)
[09/30/2026-18:17:16] [I] Average on 10 runs - GPU latency: 2.51006 ms - Host latency: 2.51006 ms (enqueue 0.0244141 ms)
[09/30/2026-18:17:16] [I] Average on 10 runs - GPU latency: 2.58789 ms - Host latency: 2.58789 ms (enqueue 0.022168 ms)
[09/30/2026-18:17:16] [I] Average on 10 runs - GPU latency: 2.57871 ms - Host latency: 2.57871 ms (enqueue 0.0288086 ms)
[09/30/2026-18:17:16] [I] Average on 10 runs - GPU latency: 2.64053 ms - Host latency: 2.64053 ms (enqueue 0.0279297 ms)
[09/30/2026-18:17:16] [I] Average on 10 runs - GPU latency: 2.63115 ms - Host latency: 2.63115 ms (enqueue 0.028418 ms)
[09/30/2026-18:17:16] [I] Average on 10 runs - GPU latency: 2.63584 ms - Host latency: 2.63584 ms (enqueue 0.0285156 ms)
[09/30/2026-18:17:16] [I] 
[09/30/2026-18:17:16] [I] === Performance summary ===
[09/30/2026-18:17:16] [I] Throughput: 399.524 qps
[09/30/2026-18:17:16] [I] Latency: min = 2.39917 ms, max = 3.96582 ms, mean = 2.50123 ms, median = 2.43359 ms, percentile(50%) = 2.43359 ms, percentile(95%) = 3.0752 ms
[09/30/2026-18:17:16] [I] Enqueue Time: min = 0.0175781 ms, max = 0.287354 ms, mean = 0.0281545 ms, median = 0.0283203 ms, percentile(50%) = 0.0283203 ms, percentile(95%) = 0.0356445 ms
[09/30/2026-18:17:16] [I] H2D Latency: min = 0 ms, max = 0 ms, mean = 0 ms, median = 0 ms, percentile(50%) = 0 ms, percentile(95%) = 0 ms
[09/30/2026-18:17:16] [I] GPU Compute Time: min = 2.39917 ms, max = 3.96582 ms, mean = 2.50123 ms, median = 2.43359 ms, percentile(50%) = 2.43359 ms, percentile(95%) = 3.0752 ms
[09/30/2026-18:17:16] [I] D2H Latency: min = 0 ms, max = 0 ms, mean = 0 ms, median = 0 ms, percentile(50%) = 0 ms, percentile(95%) = 0 ms
[09/30/2026-18:17:16] [I] Total Host Walltime: 15.0054 s
[09/30/2026-18:17:16] [I] Total GPU Compute Time: 14.9948 s
[09/30/2026-18:17:16] [W] * GPU compute time is unstable, with coefficient of variance = 7.42213%.
[09/30/2026-18:17:16] [W]   If not already in use, locking GPU clock frequency may improve the stability.
[09/30/2026-18:17:16] [I] Explanations of the performance metrics are printed in the verbose logs.
[09/30/2026-18:17:16] [I] 
[09/30/2026-18:17:16] [I] Capturing CUDA graph for the current execution context
[09/30/2026-18:17:16] [I] Successfully captured CUDA graph for the current execution context. When profiling with Nsight Systems, add "--cuda-graph-trace=node" to the nsys command to see per-kernel execution times.
[09/30/2026-18:17:32] [I] 
[09/30/2026-18:17:32] [I] === Profile (3770 iterations ) ===
[09/30/2026-18:17:32] [I]    Time(ms)     Avg.(ms)   Median(ms)   Time(%)   Layer
[09/30/2026-18:17:32] [I]      189.93       0.0504       0.0481       1.4   Reformatting CopyNode for Input Tensor 0 to /model.0/conv/Conv
[09/30/2026-18:17:32] [I]      204.54       0.0543       0.0543       1.5   /model.0/conv/Conv
[09/30/2026-18:17:32] [I]      212.33       0.0563       0.0563       1.5   __myl_MoveNegExpAddDivMul_myl5_0
[09/30/2026-18:17:32] [I]      239.80       0.0636       0.0625       1.7   /model.1/conv/Conv
[09/30/2026-18:17:32] [I]      108.09       0.0287       0.0287       0.8   __myl_MoveNegExpAddDivMul_myl9_0
[09/30/2026-18:17:32] [I]      115.73       0.0307       0.0307       0.8   /model.2/cv1/conv/Conv
[09/30/2026-18:17:32] [I]      108.09       0.0287       0.0287       0.8   __myl_MoveNegExpAddDivMul_myl13_0
[09/30/2026-18:17:32] [I]      124.19       0.0329       0.0328       0.9   /model.2/m.0/cv1/conv/Conv
[09/30/2026-18:17:32] [I]       34.75       0.0092       0.0092       0.2   __myl_MoveNegExpAddDivMul_myl17_0
[09/30/2026-18:17:32] [I]      122.30       0.0324       0.0276       0.9   /model.2/m.0/cv2/conv/Conv
[09/30/2026-18:17:32] [I]       88.79       0.0236       0.0236       0.6   __myl_MoveNegExpAddDivMulAdd_myl20_0
[09/30/2026-18:17:32] [I]       82.20       0.0218       0.0215       0.6   /model.2/Split_output_0 copy
[09/30/2026-18:17:32] [I]       81.46       0.0216       0.0214       0.6   /model.2/Split_output_1 copy
[09/30/2026-18:17:32] [I]      137.97       0.0366       0.0369       1.0   /model.2/cv2/conv/Conv
[09/30/2026-18:17:32] [I]      108.09       0.0287       0.0287       0.8   __myl_MoveNegExpAddDivMul_myl25_0
[09/30/2026-18:17:32] [I]      143.68       0.0381       0.0369       1.0   /model.3/conv/Conv
[09/30/2026-18:17:32] [I]       34.74       0.0092       0.0092       0.2   __myl_MoveNegExpAddDivMul_myl29_0
[09/30/2026-18:17:32] [I]       63.57       0.0169       0.0164       0.5   /model.4/cv1/conv/Conv
[09/30/2026-18:17:32] [I]       96.52       0.0256       0.0256       0.7   __myl_MoveNegExpAddDivMul_myl33_0
[09/30/2026-18:17:32] [I]       94.38       0.0250       0.0236       0.7   /model.4/m.0/cv1/conv/Conv
[09/30/2026-18:17:32] [I]       23.16       0.0061       0.0061       0.2   __myl_MoveNegExpAddDivMul_myl37_0
[09/30/2026-18:17:32] [I]       89.78       0.0238       0.0225       0.6   /model.4/m.0/cv2/conv/Conv
[09/30/2026-18:17:32] [I]       27.05       0.0072       0.0072       0.2   __myl_MoveNegExpAddDivMulAdd_myl40_0
[09/30/2026-18:17:32] [I]       88.86       0.0236       0.0225       0.6   /model.4/m.1/cv1/conv/Conv
[09/30/2026-18:17:32] [I]       23.16       0.0061       0.0061       0.2   __myl_MoveNegExpAddDivMul_myl43_0
[09/30/2026-18:17:32] [I]       90.77       0.0241       0.0236       0.6   /model.4/m.1/cv2/conv/Conv
[09/30/2026-18:17:32] [I]       34.76       0.0092       0.0092       0.2   __myl_MoveNegExpAddDivMulAdd_myl48_0
[09/30/2026-18:17:32] [I]       50.69       0.0134       0.0133       0.4   /model.4/Split_output_0 copy
[09/30/2026-18:17:32] [I]       50.13       0.0133       0.0123       0.4   /model.4/Split_output_1 copy
[09/30/2026-18:17:32] [I]       80.50       0.0214       0.0143       0.6   /model.4/m.0/Add_output_0 copy
[09/30/2026-18:17:32] [I]      109.81       0.0291       0.0287       0.8   /model.4/cv2/conv/Conv
[09/30/2026-18:17:32] [I]       38.60       0.0102       0.0102       0.3   __myl_MoveNegExpAddDivMul_myl54_0
[09/30/2026-18:17:32] [I]      144.51       0.0383       0.0379       1.0   /model.5/conv/Conv
[09/30/2026-18:17:32] [I]       23.53       0.0062       0.0062       0.2   __myl_MoveNegExpAddDivMul_myl57_0
[09/30/2026-18:17:32] [I]       51.60       0.0137       0.0133       0.4   /model.6/cv1/conv/Conv
[09/30/2026-18:17:32] [I]      100.38       0.0266       0.0266       0.7   __myl_MoveNegExpAddDivMul_myl61_0
[09/30/2026-18:17:32] [I]       96.50       0.0256       0.0246       0.7   /model.6/m.0/cv1/conv/Conv
[09/30/2026-18:17:32] [I]       19.30       0.0051       0.0051       0.1   __myl_MoveNegExpAddDivMul_myl64_0
[09/30/2026-18:17:32] [I]       96.13       0.0255       0.0246       0.7   /model.6/m.0/cv2/conv/Conv
[09/30/2026-18:17:32] [I]       19.30       0.0051       0.0051       0.1   __myl_MoveNegExpAddDivMulAdd_myl66_0
[09/30/2026-18:17:32] [I]      153.11       0.0406       0.0471       1.1   /model.6/m.1/cv1/conv/Conv
[09/30/2026-18:17:32] [I]       19.30       0.0051       0.0051       0.1   __myl_MoveNegExpAddDivMul_myl68_0
[09/30/2026-18:17:32] [I]      126.61       0.0336       0.0256       0.9   /model.6/m.1/cv2/conv/Conv
[09/30/2026-18:17:32] [I]       19.30       0.0051       0.0051       0.1   __myl_MoveNegExpAddDivMulAdd_myl72_0
[09/30/2026-18:17:32] [I]       38.27       0.0102       0.0092       0.3   /model.6/Split_output_0 copy
[09/30/2026-18:17:32] [I]       41.45       0.0110       0.0092       0.3   /model.6/Split_output_1 copy
[09/30/2026-18:17:32] [I]      112.54       0.0299       0.0308       0.8   /model.6/m.0/Add_output_0 copy
[09/30/2026-18:17:32] [I]       68.11       0.0181       0.0164       0.5   /model.6/cv2/conv/Conv
[09/30/2026-18:17:32] [I]      108.07       0.0287       0.0287       0.8   __myl_MoveNegExpAddDivMul_myl78_0
[09/30/2026-18:17:32] [I]      272.21       0.0722       0.0717       1.9   /model.7/conv/Conv
[09/30/2026-18:17:32] [I]       23.16       0.0061       0.0061       0.2   __myl_MoveNegExpAddDivMul_myl80_0
[09/30/2026-18:17:32] [I]       99.72       0.0265       0.0256       0.7   /model.8/cv1/conv/Conv
[09/30/2026-18:17:32] [I]       15.44       0.0041       0.0041       0.1   __myl_MoveNegExpAddDivMul_myl83_0
[09/30/2026-18:17:32] [I]      149.36       0.0396       0.0369       1.1   /model.8/m.0/cv1/conv/Conv
[09/30/2026-18:17:32] [I]       19.30       0.0051       0.0051       0.1   __myl_MoveNegExpAddDivMul_myl86_0
[09/30/2026-18:17:32] [I]      138.51       0.0367       0.0358       1.0   /model.8/m.0/cv2/conv/Conv
[09/30/2026-18:17:32] [I]       15.44       0.0041       0.0041       0.1   __myl_MoveNegExpAddDivMulAdd_myl88_0
[09/30/2026-18:17:32] [I]       26.75       0.0071       0.0061       0.2   /model.8/Split_output_0 copy
[09/30/2026-18:17:32] [I]       21.08       0.0056       0.0051       0.2   /model.8/Split_output_1 copy
[09/30/2026-18:17:32] [I]       27.53       0.0073       0.0071       0.2   Reformatting CopyNode for Input Tensor 0 to /model.8/cv2/conv/Conv
[09/30/2026-18:17:32] [I]      173.56       0.0460       0.0389       1.2   /model.8/cv2/conv/Conv
[09/30/2026-18:17:32] [I]       19.30       0.0051       0.0051       0.1   __myl_MoveNegExpAddDivMul_myl93_0
[09/30/2026-18:17:32] [I]       57.09       0.0151       0.0143       0.4   /model.9/cv1/conv/Conv
[09/30/2026-18:17:32] [I]       53.71       0.0142       0.0133       0.4   /model.9/m/MaxPool
[09/30/2026-18:17:32] [I]       54.28       0.0144       0.0133       0.4   /model.9/m_1/MaxPool
[09/30/2026-18:17:32] [I]      147.15       0.0390       0.0410       1.0   /model.9/m_2/MaxPool
[09/30/2026-18:17:32] [I]       28.24       0.0075       0.0072       0.2   /model.9/cv1/conv/Conv_output_0 copy
[09/30/2026-18:17:32] [I]       28.67       0.0076       0.0072       0.2   /model.9/m/MaxPool_output_0 copy
[09/30/2026-18:17:32] [I]       31.71       0.0084       0.0072       0.2   /model.9/m_1/MaxPool_output_0 copy
[09/30/2026-18:17:32] [I]       91.22       0.0242       0.0236       0.7   /model.9/cv2/conv/Conv
[09/30/2026-18:17:32] [I]       22.20       0.0059       0.0059       0.2   __myl_MoveNegExpAddDivMul_myl103_0
[09/30/2026-18:17:32] [I]       25.58       0.0068       0.0061       0.2   Reformatting CopyNode for Output Tensor 0 to PWN(PWN(/model.9/cv2/act/Sigmoid), PWN(/model.9/cv2/act/Mul))
[09/30/2026-18:17:32] [I]       44.92       0.0119       0.0102       0.3   /model.10/Resize
[09/30/2026-18:17:32] [I]      141.38       0.0375       0.0410       1.0   /model.10/Resize_output_0 copy
[09/30/2026-18:17:32] [I]       85.20       0.0226       0.0215       0.6   /model.12/cv1/conv/Conv
[09/30/2026-18:17:32] [I]      107.46       0.0285       0.0285       0.8   __myl_MoveNegExpAddDivMul_myl109_0
[09/30/2026-18:17:32] [I]       99.19       0.0263       0.0256       0.7   /model.12/m.0/cv1/conv/Conv
[09/30/2026-18:17:32] [I]       23.16       0.0061       0.0061       0.2   __myl_MoveNegExpAddDivMul_myl112_0
[09/30/2026-18:17:32] [I]      105.19       0.0279       0.0256       0.8   /model.12/m.0/cv2/conv/Conv
[09/30/2026-18:17:32] [I]       92.88       0.0246       0.0246       0.7   __myl_MoveNegExpAddDivMul_myl115_0
[09/30/2026-18:17:32] [I]       47.92       0.0127       0.0092       0.3   /model.12/Split_output_0 copy
[09/30/2026-18:17:32] [I]       45.16       0.0120       0.0092       0.3   /model.12/Split_output_1 copy
[09/30/2026-18:17:32] [I]      146.46       0.0388       0.0410       1.0   /model.12/cv2/conv/Conv
[09/30/2026-18:17:32] [I]       23.28       0.0062       0.0062       0.2   __myl_MoveNegExpAddDivMul_myl121_0
[09/30/2026-18:17:32] [I]       77.52       0.0206       0.0195       0.6   /model.13/Resize
[09/30/2026-18:17:32] [I]      121.36       0.0322       0.0307       0.9   /model.13/Resize_output_0 copy
[09/30/2026-18:17:32] [I]      138.50       0.0367       0.0358       1.0   /model.15/cv1/conv/Conv
[09/30/2026-18:17:32] [I]       30.89       0.0082       0.0082       0.2   __myl_MoveNegExpAddDivMul_myl127_0
[09/30/2026-18:17:32] [I]       88.40       0.0234       0.0236       0.6   /model.15/m.0/cv1/conv/Conv
[09/30/2026-18:17:32] [I]       23.16       0.0061       0.0061       0.2   __myl_MoveNegExpAddDivMul_myl131_0
[09/30/2026-18:17:32] [I]       89.90       0.0238       0.0225       0.6   /model.15/m.0/cv2/conv/Conv
[09/30/2026-18:17:32] [I]       69.49       0.0184       0.0184       0.5   __myl_MoveNegExpAddDivMul_myl134_0
[09/30/2026-18:17:32] [I]       63.25       0.0168       0.0133       0.5   /model.15/Split_output_0 copy
[09/30/2026-18:17:32] [I]       67.75       0.0180       0.0143       0.5   /model.15/Split_output_1 copy
[09/30/2026-18:17:32] [I]       88.77       0.0235       0.0215       0.6   /model.15/cv2/conv/Conv
[09/30/2026-18:17:32] [I]       30.88       0.0082       0.0082       0.2   __myl_MoveNegExpAddDivMul_myl139_0
[09/30/2026-18:17:32] [I]      138.31       0.0367       0.0348       1.0   /model.16/conv/Conv
[09/30/2026-18:17:32] [I]      322.99       0.0857       0.0809       2.3   /model.22/cv2.0/cv2.0.0/conv/Conv || /model.22/cv3.0/cv3.0.0/conv/Conv
[09/30/2026-18:17:32] [I]       27.02       0.0072       0.0072       0.2   __myl_MoveNegExpAddDivMul_myl143_0
[09/30/2026-18:17:32] [I]       54.05       0.0143       0.0143       0.4   __myl_MoveNegExpAddDivMul_myl144_0
[09/30/2026-18:17:32] [I]      136.45       0.0362       0.0362       1.0   __myl_MoveNegExpAddDivMul_myl145_0
[09/30/2026-18:17:32] [I]       45.08       0.0120       0.0113       0.3   /model.12/cv2/act/Mul_output_0 copy
[09/30/2026-18:17:32] [I]      257.98       0.0684       0.0686       1.8   /model.22/cv2.0/cv2.0.1/conv/Conv
[09/30/2026-18:17:32] [I]      237.35       0.0630       0.0614       1.7   /model.22/cv3.0/cv3.0.1/conv/Conv
[09/30/2026-18:17:32] [I]       74.82       0.0198       0.0195       0.5   /model.18/cv1/conv/Conv
[09/30/2026-18:17:32] [I]       61.77       0.0164       0.0164       0.4   __myl_MoveNegExpAddDivMul_myl151_0
[09/30/2026-18:17:32] [I]       61.77       0.0164       0.0164       0.4   __myl_MoveNegExpAddDivMul_myl153_0
[09/30/2026-18:17:32] [I]       42.47       0.0113       0.0113       0.3   __myl_MoveNegExpAddDivMul_myl155_0
[09/30/2026-18:17:32] [I]       93.10       0.0247       0.0225       0.7   /model.22/cv2.0/cv2.0.2/Conv
[09/30/2026-18:17:32] [I]       76.62       0.0203       0.0195       0.5   /model.22/cv3.0/cv3.0.2/Conv
[09/30/2026-18:17:32] [I]       59.99       0.0159       0.0154       0.4   /model.22/Reshape_copy_output
[09/30/2026-18:17:32] [I]       38.59       0.0102       0.0092       0.3   /model.22/Reshape_3_copy_output
[09/30/2026-18:17:32] [I]      105.94       0.0281       0.0266       0.8   /model.18/m.0/cv1/conv/Conv
[09/30/2026-18:17:32] [I]       23.16       0.0061       0.0061       0.2   __myl_MoveNegExpAddDivMul_myl166_0
[09/30/2026-18:17:32] [I]      112.50       0.0298       0.0266       0.8   /model.18/m.0/cv2/conv/Conv
[09/30/2026-18:17:32] [I]       19.30       0.0051       0.0051       0.1   __myl_MoveNegExpAddDivMul_myl169_0
[09/30/2026-18:17:32] [I]       51.65       0.0137       0.0092       0.4   /model.18/Split_output_0 copy
[09/30/2026-18:17:32] [I]       47.92       0.0127       0.0092       0.3   /model.18/Split_output_1 copy
[09/30/2026-18:17:32] [I]      122.69       0.0325       0.0338       0.9   /model.18/cv2/conv/Conv
[09/30/2026-18:17:32] [I]       27.02       0.0072       0.0072       0.2   __myl_MoveNegExpAddDivMul_myl175_0
[09/30/2026-18:17:32] [I]      336.90       0.0894       0.0870       2.4   /model.19/conv/Conv
[09/30/2026-18:17:32] [I]      268.33       0.0712       0.0686       1.9   /model.22/cv2.1/cv2.1.0/conv/Conv || /model.22/cv3.1/cv3.1.0/conv/Conv
[09/30/2026-18:17:32] [I]       19.30       0.0051       0.0051       0.1   __myl_MoveNegExpAddDivMul_myl180_0
[09/30/2026-18:17:32] [I]       19.30       0.0051       0.0051       0.1   __myl_MoveNegExpAddDivMul_myl181_0
[09/30/2026-18:17:32] [I]      108.12       0.0287       0.0287       0.8   __myl_MoveNegExpAddDivMul_myl182_0
[09/30/2026-18:17:32] [I]       34.29       0.0091       0.0092       0.2   /model.9/cv2/act/Mul_output_0 copy
[09/30/2026-18:17:32] [I]       98.73       0.0262       0.0256       0.7   /model.22/cv2.1/cv2.1.1/conv/Conv
[09/30/2026-18:17:32] [I]       97.35       0.0258       0.0256       0.7   /model.22/cv3.1/cv3.1.1/conv/Conv
[09/30/2026-18:17:32] [I]       76.57       0.0203       0.0195       0.5   /model.21/cv1/conv/Conv
[09/30/2026-18:17:32] [I]       23.16       0.0061       0.0061       0.2   __myl_MoveNegExpAddDivMul_myl187_0
[09/30/2026-18:17:32] [I]       19.30       0.0051       0.0051       0.1   __myl_MoveNegExpAddDivMul_myl188_0
[09/30/2026-18:17:32] [I]      131.22       0.0348       0.0348       0.9   __myl_MoveNegExpAddDivMul_myl189_0
[09/30/2026-18:17:32] [I]       60.65       0.0161       0.0154       0.4   /model.22/cv2.1/cv2.1.2/Conv
[09/30/2026-18:17:32] [I]       61.02       0.0162       0.0154       0.4   /model.22/cv3.1/cv3.1.2/Conv
[09/30/2026-18:17:32] [I]       29.26       0.0078       0.0061       0.2   /model.22/Reshape_1_copy_output
[09/30/2026-18:17:32] [I]       67.09       0.0178       0.0072       0.5   /model.22/Reshape_4_copy_output
[09/30/2026-18:17:32] [I]       62.21       0.0165       0.0061       0.4   Reformatting CopyNode for Input Tensor 0 to /model.21/m.0/cv1/conv/Conv
[09/30/2026-18:17:32] [I]      160.12       0.0425       0.0399       1.1   /model.21/m.0/cv1/conv/Conv
[09/30/2026-18:17:32] [I]       15.44       0.0041       0.0041       0.1   __myl_MoveNegExpAddDivMul_myl198_0
[09/30/2026-18:17:32] [I]      138.56       0.0368       0.0358       1.0   /model.21/m.0/cv2/conv/Conv
[09/30/2026-18:17:32] [I]       15.44       0.0041       0.0041       0.1   __myl_MoveNegExpAddDivMul_myl201_0
[09/30/2026-18:17:32] [I]       37.89       0.0100       0.0092       0.3   /model.21/Split_output_0 copy
[09/30/2026-18:17:32] [I]       35.22       0.0093       0.0082       0.3   /model.21/Split_output_1 copy
[09/30/2026-18:17:32] [I]      238.98       0.0634       0.0625       1.7   /model.21/cv2/conv/Conv
[09/30/2026-18:17:32] [I]       15.44       0.0041       0.0041       0.1   __myl_MoveNegExpAddDivMul_myl207_0
[09/30/2026-18:17:32] [I]      244.10       0.0647       0.0625       1.7   /model.22/cv2.2/cv2.2.0/conv/Conv || /model.22/cv3.2/cv3.2.0/conv/Conv
[09/30/2026-18:17:32] [I]       15.44       0.0041       0.0041       0.1   __myl_MoveNegExpAddDivMul_myl211_0
[09/30/2026-18:17:32] [I]       15.44       0.0041       0.0041       0.1   __myl_MoveNegExpAddDivMul_myl212_0
[09/30/2026-18:17:32] [I]      205.85       0.0546       0.0481       1.5   /model.22/cv2.2/cv2.2.1/conv/Conv
[09/30/2026-18:17:32] [I]       86.66       0.0230       0.0225       0.6   /model.22/cv3.2/cv3.2.1/conv/Conv
[09/30/2026-18:17:32] [I]       15.44       0.0041       0.0041       0.1   __myl_MoveNegExpAddDivMul_myl218_0
[09/30/2026-18:17:32] [I]      142.80       0.0379       0.0379       1.0   __myl_MoveNegExpAddDivMul_myl220_0
[09/30/2026-18:17:32] [I]       42.66       0.0113       0.0113       0.3   /model.22/cv2.2/cv2.2.2/Conv
[09/30/2026-18:17:32] [I]       62.33       0.0165       0.0102       0.4   /model.22/cv3.2/cv3.2.2/Conv
[09/30/2026-18:17:32] [I]       23.96       0.0064       0.0051       0.2   /model.22/Reshape_2_copy_output
[09/30/2026-18:17:32] [I]       48.79       0.0129       0.0092       0.3   /model.22/Reshape_5_copy_output
[09/30/2026-18:17:32] [I]      163.48       0.0434       0.0420       1.2   /model.22/dfl/Reshape + /model.22/dfl/Transpose
[09/30/2026-18:17:32] [I]       38.60       0.0102       0.0102       0.3   __myl_NegExpAddDiv_myl231_0
[09/30/2026-18:17:32] [I]       95.72       0.0254       0.0246       0.7   /model.22/dfl/Softmax
[09/30/2026-18:17:32] [I]       85.33       0.0226       0.0225       0.6   /model.22/dfl/conv/Conv
[09/30/2026-18:17:32] [I]       92.63       0.0246       0.0246       0.7   __myl_Sub_myl235_0
[09/30/2026-18:17:32] [I]       98.92       0.0262       0.0262       0.7   __myl_Add_myl236_0
[09/30/2026-18:17:32] [I]      108.07       0.0287       0.0287       0.8   __myl_Sub_myl237_0
[09/30/2026-18:17:32] [I]      104.21       0.0276       0.0276       0.7   __myl_AddDiv_myl238_0
[09/30/2026-18:17:32] [I]       70.84       0.0188       0.0225       0.5   /model.22/Div_1_output_0 copy
[09/30/2026-18:17:32] [I]       92.63       0.0246       0.0246       0.7   __myl_Mul_myl240_0
[09/30/2026-18:17:32] [I]       30.44       0.0081       0.0051       0.2   /model.22/Mul_2_output_0 copy
[09/30/2026-18:17:32] [I]    14022.55       3.7195       3.6813     100.0   Total
[09/30/2026-18:17:32] [I] 
&&&& PASSED TensorRT.trtexec [TensorRT v110300] [b99] # C:\Users\dxu1\AppData\Local\NVIDIA\TensorRT-11.3-tools\bin\trtexec.exe --loadEngine=C:\Users\dxu1\Desktop\Dissertation\PTQ\profiling_results\trtexec\voc.plan --loadInputs=images:PTQ/profiling_results/trtexec/voc_images_fp32.bin --warmUp=1000 --duration=15 --iterations=200 --infStreams=1 --percentile=50,95 --dumpProfile --exportProfile=C:\Users\dxu1\Desktop\Dissertation\PTQ\profiling_results\trtexec\voc_run2_profile.json --exportTimes=C:\Users\dxu1\Desktop\Dissertation\PTQ\profiling_results\trtexec\voc_run2_times.json
