&&&& RUNNING TensorRT.trtexec [TensorRT v110300] [b99] # C:\Users\dxu1\AppData\Local\NVIDIA\TensorRT-11.3-tools\bin\trtexec.exe --loadEngine=C:\Users\dxu1\Desktop\Dissertation\PTQ\profiling_results\trtexec\voc.plan --loadInputs=images:PTQ/profiling_results/trtexec/voc_images_fp32.bin --warmUp=1000 --duration=15 --iterations=200 --infStreams=1 --percentile=50,95 --dumpProfile --exportProfile=C:\Users\dxu1\Desktop\Dissertation\PTQ\profiling_results\trtexec\voc_cooled_run1_profile.json --exportTimes=C:\Users\dxu1\Desktop\Dissertation\PTQ\profiling_results\trtexec\voc_cooled_run1_times.json
[09/30/2026-18:26:09] [I] === Model Options ===
[09/30/2026-18:26:09] [I] Format: *
[09/30/2026-18:26:09] [I] Model: 
[09/30/2026-18:26:09] [I] Output:
[09/30/2026-18:26:09] [I] 
[09/30/2026-18:26:09] [I] === System Options ===
[09/30/2026-18:26:09] [I] Device: 0
[09/30/2026-18:26:09] [I] DLACore: 
[09/30/2026-18:26:09] [I] Loaded static plugins:
[09/30/2026-18:26:09] [I] DLA Workspace Allocation Strategy: default
[09/30/2026-18:26:09] [I] setPluginsToSerialize:
[09/30/2026-18:26:09] [I] dynamicPlugins:
[09/30/2026-18:26:09] [I] ignoreParsedPluginLibs: 0
[09/30/2026-18:26:09] [I] 
[09/30/2026-18:26:09] [I] === Inference Options ===
[09/30/2026-18:26:09] [I] Batch: Explicit
[09/30/2026-18:26:09] [I] Input inference shapes: model
[09/30/2026-18:26:09] [I] Iterations: 200
[09/30/2026-18:26:09] [I] Duration: 15s (+ 1000ms warm up)
[09/30/2026-18:26:09] [I] Sleep time: 0ms
[09/30/2026-18:26:09] [I] Idle time: 0ms
[09/30/2026-18:26:09] [I] Inference Streams: 1
[09/30/2026-18:26:09] [I] ExposeDMA: Disabled
[09/30/2026-18:26:09] [I] Data transfers: Disabled
[09/30/2026-18:26:09] [I] Spin-wait: Enabled
[09/30/2026-18:26:09] [I] Multithreading: Disabled
[09/30/2026-18:26:09] [I] CUDA Graph: Enabled
[09/30/2026-18:26:09] [I] Time Deserialize: Disabled
[09/30/2026-18:26:09] [I] Time Refit: Disabled
[09/30/2026-18:26:09] [I] NVTX verbosity: 0
[09/30/2026-18:26:09] [I] Persistent Cache Ratio: 0
[09/30/2026-18:26:09] [I] Optimization Profile Index: 0
[09/30/2026-18:26:09] [I] Weight Streaming Budget: 100.000000%
[09/30/2026-18:26:09] [I] Accuracy Algorithm: L0
[09/30/2026-18:26:09] [I] Absolute Tolerance (atol): 1e-05
[09/30/2026-18:26:09] [I] Relative Tolerance (rtol): 1e-05
[09/30/2026-18:26:09] [I] Inputs:
[09/30/2026-18:26:09] [I] images<-PTQ/profiling_results/trtexec/voc_images_fp32.bin
[09/30/2026-18:26:09] [I] Debug Tensor Save Destinations:
[09/30/2026-18:26:09] [I] Dump All Debug Tensor in Formats: 
[09/30/2026-18:26:09] [I] === Reporting Options ===
[09/30/2026-18:26:09] [I] Verbose: Disabled
[09/30/2026-18:26:09] [I] Averages: 10 inferences
[09/30/2026-18:26:09] [I] Percentiles: 50,95
[09/30/2026-18:26:09] [I] Dump refittable layers:Disabled
[09/30/2026-18:26:09] [I] Dump output: Disabled
[09/30/2026-18:26:09] [I] Profile: Enabled
[09/30/2026-18:26:09] [I] Export timing to JSON file: C:\Users\dxu1\Desktop\Dissertation\PTQ\profiling_results\trtexec\voc_cooled_run1_times.json
[09/30/2026-18:26:09] [I] Export output to JSON file: 
[09/30/2026-18:26:09] [I] Export profile to JSON file: C:\Users\dxu1\Desktop\Dissertation\PTQ\profiling_results\trtexec\voc_cooled_run1_profile.json
[09/30/2026-18:26:09] [I] 
[09/30/2026-18:26:09] [I] === Device Information ===
[09/30/2026-18:26:09] [I] Available Devices: 
[09/30/2026-18:26:09] [I]   Device 0: "NVIDIA RTX A2000" UUID: GPU-a0aa0f21-a2f1-4018-b27b-236640f36d02
[09/30/2026-18:26:09] [I] Selected Device: NVIDIA RTX A2000
[09/30/2026-18:26:09] [I] Selected Device ID: 0
[09/30/2026-18:26:09] [I] Selected Device UUID: GPU-a0aa0f21-a2f1-4018-b27b-236640f36d02
[09/30/2026-18:26:09] [I] Compute Capability: 8.6
[09/30/2026-18:26:09] [I] SMs: 26
[09/30/2026-18:26:09] [I] Device Global Memory: 6137 MiB
[09/30/2026-18:26:09] [I] Shared Memory per SM: 100 KiB
[09/30/2026-18:26:09] [I] Memory Bus Width: 192 bits (ECC disabled)
[09/30/2026-18:26:09] [I] Application Compute Clock Rate: 1.2 GHz
[09/30/2026-18:26:09] [I] Application Memory Clock Rate: 6.001 GHz
[09/30/2026-18:26:09] [I] 
[09/30/2026-18:26:09] [I] Note: The application clock rates do not reflect the actual clock rates that the GPU is currently running at.
[09/30/2026-18:26:09] [I] 
[09/30/2026-18:26:09] [I] TensorRT version: 11.3.0
[09/30/2026-18:26:09] [I] Loading standard plugins
[09/30/2026-18:26:10] [I] Engine deserialized in 0.11824 sec.
[09/30/2026-18:26:10] [I] [TRT] [MemUsageChange] TensorRT-managed allocation in IExecutionContext creation: CPU +0, GPU +17, now: CPU 0, GPU 104 (MiB)
[09/30/2026-18:26:10] [I] Setting persistentCacheLimit to 0 bytes.
[09/30/2026-18:26:10] [I] Created execution context with device memory size: 17.1875 MiB
[09/30/2026-18:26:10] [I] Using values loaded from PTQ/profiling_results/trtexec/voc_images_fp32.bin for input images
[09/30/2026-18:26:10] [I] Input binding for images with dimensions 1x3x640x640 and type fp32 is created.
[09/30/2026-18:26:10] [I] Output binding for output0 with dimensions 1x24x8400 and type fp32 is created.
[09/30/2026-18:26:10] [I] Starting inference
[09/30/2026-18:26:10] [I] Capturing CUDA graph for the current execution context
[09/30/2026-18:26:10] [I] Successfully captured CUDA graph for the current execution context. When profiling with Nsight Systems, add "--cuda-graph-trace=node" to the nsys command to see per-kernel execution times.
[09/30/2026-18:26:26] [I] Warmup completed 383 queries over 1000 ms
[09/30/2026-18:26:26] [I] Timing trace has 6161 queries over 15.0044 s
[09/30/2026-18:26:26] [I] 
[09/30/2026-18:26:26] [I] === Trace details ===
[09/30/2026-18:26:26] [I] Trace averages of 10 runs:
[09/30/2026-18:26:26] [I] Average on 10 runs - GPU latency: 2.43558 ms - Host latency: 2.43558 ms (enqueue 0.0278198 ms)
[09/30/2026-18:26:26] [I] Average on 10 runs - GPU latency: 2.41069 ms - Host latency: 2.41069 ms (enqueue 0.0280579 ms)
[09/30/2026-18:26:26] [I] Average on 10 runs - GPU latency: 2.45449 ms - Host latency: 2.45449 ms (enqueue 0.0290161 ms)
[09/30/2026-18:26:26] [I] Average on 10 runs - GPU latency: 2.45604 ms - Host latency: 2.45604 ms (enqueue 0.029895 ms)
[09/30/2026-18:26:26] [I] Average on 10 runs - GPU latency: 2.45585 ms - Host latency: 2.45585 ms (enqueue 0.0284912 ms)
[09/30/2026-18:26:26] [I] Average on 10 runs - GPU latency: 2.37488 ms - Host latency: 2.37488 ms (enqueue 0.0296265 ms)
[09/30/2026-18:26:26] [I] Average on 10 runs - GPU latency: 2.42493 ms - Host latency: 2.42493 ms (enqueue 0.0273315 ms)
[09/30/2026-18:26:26] [I] Average on 10 runs - GPU latency: 2.44326 ms - Host latency: 2.44326 ms (enqueue 0.0285767 ms)
[09/30/2026-18:26:26] [I] Average on 10 runs - GPU latency: 2.42627 ms - Host latency: 2.42627 ms (enqueue 0.0282837 ms)
[09/30/2026-18:26:26] [I] Average on 10 runs - GPU latency: 2.44305 ms - Host latency: 2.44305 ms (enqueue 0.0286865 ms)
[09/30/2026-18:26:26] [I] Average on 10 runs - GPU latency: 2.37793 ms - Host latency: 2.37793 ms (enqueue 0.0315308 ms)
[09/30/2026-18:26:26] [I] Average on 10 runs - GPU latency: 2.45576 ms - Host latency: 2.45576 ms (enqueue 0.0252319 ms)
[09/30/2026-18:26:26] [I] Average on 10 runs - GPU latency: 2.43842 ms - Host latency: 2.43842 ms (enqueue 0.0325806 ms)
[09/30/2026-18:26:26] [I] Average on 10 runs - GPU latency: 2.44725 ms - Host latency: 2.44725 ms (enqueue 0.0280029 ms)
[09/30/2026-18:26:26] [I] Average on 10 runs - GPU latency: 2.40566 ms - Host latency: 2.40566 ms (enqueue 0.0268066 ms)
[09/30/2026-18:26:26] [I] Average on 10 runs - GPU latency: 2.3923 ms - Host latency: 2.3923 ms (enqueue 0.0228149 ms)
[09/30/2026-18:26:26] [I] Average on 10 runs - GPU latency: 2.43672 ms - Host latency: 2.43672 ms (enqueue 0.0303467 ms)
[09/30/2026-18:26:26] [I] Average on 10 runs - GPU latency: 2.42452 ms - Host latency: 2.42452 ms (enqueue 0.0279663 ms)
[09/30/2026-18:26:26] [I] Average on 10 runs - GPU latency: 2.415 ms - Host latency: 2.415 ms (enqueue 0.0282593 ms)
[09/30/2026-18:26:26] [I] Average on 10 runs - GPU latency: 2.34956 ms - Host latency: 2.34956 ms (enqueue 0.0289185 ms)
[09/30/2026-18:26:26] [I] Average on 10 runs - GPU latency: 2.41467 ms - Host latency: 2.41467 ms (enqueue 0.029126 ms)
[09/30/2026-18:26:26] [I] Average on 10 runs - GPU latency: 2.39653 ms - Host latency: 2.39653 ms (enqueue 0.0286865 ms)
[09/30/2026-18:26:26] [I] Average on 10 runs - GPU latency: 2.41213 ms - Host latency: 2.41213 ms (enqueue 0.0314331 ms)
[09/30/2026-18:26:26] [I] Average on 10 runs - GPU latency: 2.3511 ms - Host latency: 2.3511 ms (enqueue 0.0277222 ms)
[09/30/2026-18:26:26] [I] Average on 10 runs - GPU latency: 2.41615 ms - Host latency: 2.41615 ms (enqueue 0.0289429 ms)
[09/30/2026-18:26:26] [I] Average on 10 runs - GPU latency: 2.43661 ms - Host latency: 2.43661 ms (enqueue 0.0285889 ms)
[09/30/2026-18:26:26] [I] Average on 10 runs - GPU latency: 2.38419 ms - Host latency: 2.38419 ms (enqueue 0.0287476 ms)
[09/30/2026-18:26:26] [I] Average on 10 runs - GPU latency: 2.43508 ms - Host latency: 2.43508 ms (enqueue 0.028064 ms)
[09/30/2026-18:26:26] [I] Average on 10 runs - GPU latency: 2.43633 ms - Host latency: 2.43633 ms (enqueue 0.0268921 ms)
[09/30/2026-18:26:26] [I] Average on 10 runs - GPU latency: 2.4401 ms - Host latency: 2.4401 ms (enqueue 0.0300537 ms)
[09/30/2026-18:26:26] [I] Average on 10 runs - GPU latency: 2.37198 ms - Host latency: 2.37198 ms (enqueue 0.0264771 ms)
[09/30/2026-18:26:26] [I] Average on 10 runs - GPU latency: 2.43618 ms - Host latency: 2.43618 ms (enqueue 0.0289795 ms)
[09/30/2026-18:26:26] [I] Average on 10 runs - GPU latency: 2.41736 ms - Host latency: 2.41736 ms (enqueue 0.0274292 ms)
[09/30/2026-18:26:26] [I] Average on 10 runs - GPU latency: 2.54188 ms - Host latency: 2.54188 ms (enqueue 0.0315552 ms)
[09/30/2026-18:26:26] [I] Average on 10 runs - GPU latency: 2.34261 ms - Host latency: 2.34261 ms (enqueue 0.0473267 ms)
[09/30/2026-18:26:26] [I] Average on 10 runs - GPU latency: 2.41033 ms - Host latency: 2.41033 ms (enqueue 0.0275391 ms)
[09/30/2026-18:26:26] [I] Average on 10 runs - GPU latency: 2.41531 ms - Host latency: 2.41531 ms (enqueue 0.0275146 ms)
[09/30/2026-18:26:26] [I] Average on 10 runs - GPU latency: 2.37269 ms - Host latency: 2.37269 ms (enqueue 0.0272827 ms)
[09/30/2026-18:26:26] [I] Average on 10 runs - GPU latency: 2.42146 ms - Host latency: 2.42146 ms (enqueue 0.0285645 ms)
[09/30/2026-18:26:26] [I] Average on 10 runs - GPU latency: 2.43486 ms - Host latency: 2.43486 ms (enqueue 0.0281128 ms)
[09/30/2026-18:26:26] [I] Average on 10 runs - GPU latency: 2.42728 ms - Host latency: 2.42728 ms (enqueue 0.0294922 ms)
[09/30/2026-18:26:26] [I] Average on 10 runs - GPU latency: 2.36115 ms - Host latency: 2.36115 ms (enqueue 0.0303345 ms)
[09/30/2026-18:26:26] [I] Average on 10 runs - GPU latency: 2.41243 ms - Host latency: 2.41243 ms (enqueue 0.0281616 ms)
[09/30/2026-18:26:26] [I] Average on 10 runs - GPU latency: 2.41919 ms - Host latency: 2.41919 ms (enqueue 0.0293701 ms)
[09/30/2026-18:26:26] [I] Average on 10 runs - GPU latency: 2.38848 ms - Host latency: 2.38848 ms (enqueue 0.0246826 ms)
[09/30/2026-18:26:26] [I] Average on 10 runs - GPU latency: 2.39385 ms - Host latency: 2.39385 ms (enqueue 0.0292236 ms)
[09/30/2026-18:26:26] [I] Average on 10 runs - GPU latency: 2.42227 ms - Host latency: 2.42227 ms (enqueue 0.0293213 ms)
[09/30/2026-18:26:26] [I] Average on 10 runs - GPU latency: 2.4532 ms - Host latency: 2.4532 ms (enqueue 0.0286377 ms)
[09/30/2026-18:26:26] [I] Average on 10 runs - GPU latency: 2.38962 ms - Host latency: 2.38962 ms (enqueue 0.025415 ms)
[09/30/2026-18:26:26] [I] Average on 10 runs - GPU latency: 2.43098 ms - Host latency: 2.43098 ms (enqueue 0.0279785 ms)
[09/30/2026-18:26:26] [I] Average on 10 runs - GPU latency: 2.42493 ms - Host latency: 2.42493 ms (enqueue 0.0273438 ms)
[09/30/2026-18:26:26] [I] Average on 10 runs - GPU latency: 2.42156 ms - Host latency: 2.42156 ms (enqueue 0.0270508 ms)
[09/30/2026-18:26:26] [I] Average on 10 runs - GPU latency: 2.36294 ms - Host latency: 2.36294 ms (enqueue 0.0277344 ms)
[09/30/2026-18:26:26] [I] Average on 10 runs - GPU latency: 2.43364 ms - Host latency: 2.43364 ms (enqueue 0.028418 ms)
[09/30/2026-18:26:26] [I] Average on 10 runs - GPU latency: 2.43684 ms - Host latency: 2.43684 ms (enqueue 0.0296387 ms)
[09/30/2026-18:26:26] [I] Average on 10 runs - GPU latency: 2.36934 ms - Host latency: 2.36934 ms (enqueue 0.0214355 ms)
[09/30/2026-18:26:26] [I] Average on 10 runs - GPU latency: 2.43391 ms - Host latency: 2.43391 ms (enqueue 0.0354248 ms)
[09/30/2026-18:26:26] [I] Average on 10 runs - GPU latency: 2.43792 ms - Host latency: 2.43792 ms (enqueue 0.0292236 ms)
[09/30/2026-18:26:26] [I] Average on 10 runs - GPU latency: 2.43357 ms - Host latency: 2.43357 ms (enqueue 0.0249023 ms)
[09/30/2026-18:26:26] [I] Average on 10 runs - GPU latency: 2.36738 ms - Host latency: 2.36738 ms (enqueue 0.0288086 ms)
[09/30/2026-18:26:26] [I] Average on 10 runs - GPU latency: 2.43813 ms - Host latency: 2.43813 ms (enqueue 0.0280762 ms)
[09/30/2026-18:26:26] [I] Average on 10 runs - GPU latency: 2.43538 ms - Host latency: 2.43538 ms (enqueue 0.0293457 ms)
[09/30/2026-18:26:26] [I] Average on 10 runs - GPU latency: 2.43569 ms - Host latency: 2.43569 ms (enqueue 0.0286865 ms)
[09/30/2026-18:26:26] [I] Average on 10 runs - GPU latency: 2.36895 ms - Host latency: 2.36895 ms (enqueue 0.0294434 ms)
[09/30/2026-18:26:26] [I] Average on 10 runs - GPU latency: 2.43438 ms - Host latency: 2.43438 ms (enqueue 0.02854 ms)
[09/30/2026-18:26:26] [I] Average on 10 runs - GPU latency: 2.43374 ms - Host latency: 2.43374 ms (enqueue 0.0297119 ms)
[09/30/2026-18:26:26] [I] Average on 10 runs - GPU latency: 2.37021 ms - Host latency: 2.37021 ms (enqueue 0.0267334 ms)
[09/30/2026-18:26:26] [I] Average on 10 runs - GPU latency: 2.43604 ms - Host latency: 2.43604 ms (enqueue 0.027417 ms)
[09/30/2026-18:26:26] [I] Average on 10 runs - GPU latency: 2.42429 ms - Host latency: 2.42429 ms (enqueue 0.0271484 ms)
[09/30/2026-18:26:26] [I] Average on 10 runs - GPU latency: 2.45312 ms - Host latency: 2.45312 ms (enqueue 0.0290283 ms)
[09/30/2026-18:26:26] [I] Average on 10 runs - GPU latency: 2.4001 ms - Host latency: 2.4001 ms (enqueue 0.0277344 ms)
[09/30/2026-18:26:26] [I] Average on 10 runs - GPU latency: 2.4083 ms - Host latency: 2.4083 ms (enqueue 0.0280518 ms)
[09/30/2026-18:26:26] [I] Average on 10 runs - GPU latency: 2.41404 ms - Host latency: 2.41404 ms (enqueue 0.0277588 ms)
[09/30/2026-18:26:26] [I] Average on 10 runs - GPU latency: 2.41021 ms - Host latency: 2.41021 ms (enqueue 0.0265625 ms)
[09/30/2026-18:26:26] [I] Average on 10 runs - GPU latency: 2.3501 ms - Host latency: 2.3501 ms (enqueue 0.0288818 ms)
[09/30/2026-18:26:26] [I] Average on 10 runs - GPU latency: 2.41448 ms - Host latency: 2.41448 ms (enqueue 0.0282715 ms)
[09/30/2026-18:26:26] [I] Average on 10 runs - GPU latency: 2.4176 ms - Host latency: 2.4176 ms (enqueue 0.0265869 ms)
[09/30/2026-18:26:26] [I] Average on 10 runs - GPU latency: 2.35911 ms - Host latency: 2.35911 ms (enqueue 0.0226074 ms)
[09/30/2026-18:26:26] [I] Average on 10 runs - GPU latency: 2.42632 ms - Host latency: 2.42632 ms (enqueue 0.0226318 ms)
[09/30/2026-18:26:26] [I] Average on 10 runs - GPU latency: 2.42583 ms - Host latency: 2.42583 ms (enqueue 0.0278809 ms)
[09/30/2026-18:26:26] [I] Average on 10 runs - GPU latency: 2.42192 ms - Host latency: 2.42192 ms (enqueue 0.0276123 ms)
[09/30/2026-18:26:26] [I] Average on 10 runs - GPU latency: 2.36238 ms - Host latency: 2.36238 ms (enqueue 0.0258545 ms)
[09/30/2026-18:26:26] [I] Average on 10 runs - GPU latency: 2.42258 ms - Host latency: 2.42258 ms (enqueue 0.0303711 ms)
[09/30/2026-18:26:26] [I] Average on 10 runs - GPU latency: 2.425 ms - Host latency: 2.425 ms (enqueue 0.0243164 ms)
[09/30/2026-18:26:26] [I] Average on 10 runs - GPU latency: 2.36724 ms - Host latency: 2.36724 ms (enqueue 0.027832 ms)
[09/30/2026-18:26:26] [I] Average on 10 runs - GPU latency: 2.42688 ms - Host latency: 2.42688 ms (enqueue 0.0280029 ms)
[09/30/2026-18:26:26] [I] Average on 10 runs - GPU latency: 2.41995 ms - Host latency: 2.41995 ms (enqueue 0.026123 ms)
[09/30/2026-18:26:26] [I] Average on 10 runs - GPU latency: 2.41721 ms - Host latency: 2.41721 ms (enqueue 0.0262207 ms)
[09/30/2026-18:26:26] [I] Average on 10 runs - GPU latency: 2.36531 ms - Host latency: 2.36531 ms (enqueue 0.0241699 ms)
[09/30/2026-18:26:26] [I] Average on 10 runs - GPU latency: 2.43037 ms - Host latency: 2.43037 ms (enqueue 0.0288086 ms)
[09/30/2026-18:26:26] [I] Average on 10 runs - GPU latency: 2.43052 ms - Host latency: 2.43052 ms (enqueue 0.02229 ms)
[09/30/2026-18:26:26] [I] Average on 10 runs - GPU latency: 2.48171 ms - Host latency: 2.48171 ms (enqueue 0.0264893 ms)
[09/30/2026-18:26:26] [I] Average on 10 runs - GPU latency: 2.35039 ms - Host latency: 2.35039 ms (enqueue 0.0268066 ms)
[09/30/2026-18:26:26] [I] Average on 10 runs - GPU latency: 2.43105 ms - Host latency: 2.43105 ms (enqueue 0.0260498 ms)
[09/30/2026-18:26:26] [I] Average on 10 runs - GPU latency: 2.43345 ms - Host latency: 2.43345 ms (enqueue 0.0262207 ms)
[09/30/2026-18:26:26] [I] Average on 10 runs - GPU latency: 2.38643 ms - Host latency: 2.38643 ms (enqueue 0.0244385 ms)
[09/30/2026-18:26:26] [I] Average on 10 runs - GPU latency: 2.43313 ms - Host latency: 2.43313 ms (enqueue 0.0252686 ms)
[09/30/2026-18:26:26] [I] Average on 10 runs - GPU latency: 2.44595 ms - Host latency: 2.44595 ms (enqueue 0.0258301 ms)
[09/30/2026-18:26:26] [I] Average on 10 runs - GPU latency: 2.50315 ms - Host latency: 2.50315 ms (enqueue 0.0299316 ms)
[09/30/2026-18:26:26] [I] Average on 10 runs - GPU latency: 2.36609 ms - Host latency: 2.36609 ms (enqueue 0.0278809 ms)
[09/30/2026-18:26:26] [I] Average on 10 runs - GPU latency: 2.43594 ms - Host latency: 2.43594 ms (enqueue 0.0269775 ms)
[09/30/2026-18:26:26] [I] Average on 10 runs - GPU latency: 2.445 ms - Host latency: 2.445 ms (enqueue 0.02771 ms)
[09/30/2026-18:26:26] [I] Average on 10 runs - GPU latency: 2.42764 ms - Host latency: 2.42764 ms (enqueue 0.0277588 ms)
[09/30/2026-18:26:26] [I] Average on 10 runs - GPU latency: 2.36736 ms - Host latency: 2.36736 ms (enqueue 0.0278564 ms)
[09/30/2026-18:26:26] [I] Average on 10 runs - GPU latency: 2.42957 ms - Host latency: 2.42957 ms (enqueue 0.0281006 ms)
[09/30/2026-18:26:26] [I] Average on 10 runs - GPU latency: 2.43267 ms - Host latency: 2.43267 ms (enqueue 0.0283447 ms)
[09/30/2026-18:26:26] [I] Average on 10 runs - GPU latency: 2.36802 ms - Host latency: 2.36802 ms (enqueue 0.0243652 ms)
[09/30/2026-18:26:26] [I] Average on 10 runs - GPU latency: 2.43574 ms - Host latency: 2.43574 ms (enqueue 0.0289551 ms)
[09/30/2026-18:26:26] [I] Average on 10 runs - GPU latency: 2.4429 ms - Host latency: 2.4429 ms (enqueue 0.0314697 ms)
[09/30/2026-18:26:26] [I] Average on 10 runs - GPU latency: 2.43652 ms - Host latency: 2.43652 ms (enqueue 0.0282471 ms)
[09/30/2026-18:26:26] [I] Average on 10 runs - GPU latency: 2.36895 ms - Host latency: 2.36895 ms (enqueue 0.0283936 ms)
[09/30/2026-18:26:26] [I] Average on 10 runs - GPU latency: 2.42705 ms - Host latency: 2.42705 ms (enqueue 0.0272217 ms)
[09/30/2026-18:26:26] [I] Average on 10 runs - GPU latency: 2.43179 ms - Host latency: 2.43179 ms (enqueue 0.0288818 ms)
[09/30/2026-18:26:26] [I] Average on 10 runs - GPU latency: 2.44834 ms - Host latency: 2.44834 ms (enqueue 0.0280518 ms)
[09/30/2026-18:26:26] [I] Average on 10 runs - GPU latency: 2.39097 ms - Host latency: 2.39097 ms (enqueue 0.0296875 ms)
[09/30/2026-18:26:26] [I] Average on 10 runs - GPU latency: 2.43535 ms - Host latency: 2.43535 ms (enqueue 0.0256836 ms)
[09/30/2026-18:26:26] [I] Average on 10 runs - GPU latency: 2.43076 ms - Host latency: 2.43076 ms (enqueue 0.0276611 ms)
[09/30/2026-18:26:26] [I] Average on 10 runs - GPU latency: 2.36868 ms - Host latency: 2.36868 ms (enqueue 0.024585 ms)
[09/30/2026-18:26:26] [I] Average on 10 runs - GPU latency: 2.43789 ms - Host latency: 2.43789 ms (enqueue 0.0293701 ms)
[09/30/2026-18:26:26] [I] Average on 10 runs - GPU latency: 2.44146 ms - Host latency: 2.44146 ms (enqueue 0.0246338 ms)
[09/30/2026-18:26:26] [I] Average on 10 runs - GPU latency: 2.42715 ms - Host latency: 2.42715 ms (enqueue 0.0322021 ms)
[09/30/2026-18:26:26] [I] Average on 10 runs - GPU latency: 2.37021 ms - Host latency: 2.37021 ms (enqueue 0.0228271 ms)
[09/30/2026-18:26:26] [I] Average on 10 runs - GPU latency: 2.42676 ms - Host latency: 2.42676 ms (enqueue 0.0282959 ms)
[09/30/2026-18:26:26] [I] Average on 10 runs - GPU latency: 2.42483 ms - Host latency: 2.42483 ms (enqueue 0.0277588 ms)
[09/30/2026-18:26:26] [I] Average on 10 runs - GPU latency: 2.42297 ms - Host latency: 2.42297 ms (enqueue 0.0280029 ms)
[09/30/2026-18:26:26] [I] Average on 10 runs - GPU latency: 2.36902 ms - Host latency: 2.36902 ms (enqueue 0.0281738 ms)
[09/30/2026-18:26:26] [I] Average on 10 runs - GPU latency: 2.42729 ms - Host latency: 2.42729 ms (enqueue 0.0312988 ms)
[09/30/2026-18:26:26] [I] Average on 10 runs - GPU latency: 2.44294 ms - Host latency: 2.44294 ms (enqueue 0.0289307 ms)
[09/30/2026-18:26:26] [I] Average on 10 runs - GPU latency: 2.36846 ms - Host latency: 2.36846 ms (enqueue 0.0228271 ms)
[09/30/2026-18:26:26] [I] Average on 10 runs - GPU latency: 2.4332 ms - Host latency: 2.4332 ms (enqueue 0.0309082 ms)
[09/30/2026-18:26:26] [I] Average on 10 runs - GPU latency: 2.43726 ms - Host latency: 2.43726 ms (enqueue 0.0301758 ms)
[09/30/2026-18:26:26] [I] Average on 10 runs - GPU latency: 2.43384 ms - Host latency: 2.43384 ms (enqueue 0.027002 ms)
[09/30/2026-18:26:26] [I] Average on 10 runs - GPU latency: 2.36948 ms - Host latency: 2.36948 ms (enqueue 0.028125 ms)
[09/30/2026-18:26:26] [I] Average on 10 runs - GPU latency: 2.43345 ms - Host latency: 2.43345 ms (enqueue 0.028125 ms)
[09/30/2026-18:26:26] [I] Average on 10 runs - GPU latency: 2.43628 ms - Host latency: 2.43628 ms (enqueue 0.0286133 ms)
[09/30/2026-18:26:26] [I] Average on 10 runs - GPU latency: 2.48369 ms - Host latency: 2.48369 ms (enqueue 0.029541 ms)
[09/30/2026-18:26:26] [I] Average on 10 runs - GPU latency: 2.40439 ms - Host latency: 2.40439 ms (enqueue 0.0296387 ms)
[09/30/2026-18:26:26] [I] Average on 10 runs - GPU latency: 2.43813 ms - Host latency: 2.43813 ms (enqueue 0.028418 ms)
[09/30/2026-18:26:26] [I] Average on 10 runs - GPU latency: 2.43726 ms - Host latency: 2.43726 ms (enqueue 0.0290527 ms)
[09/30/2026-18:26:26] [I] Average on 10 runs - GPU latency: 2.37495 ms - Host latency: 2.37495 ms (enqueue 0.0205566 ms)
[09/30/2026-18:26:26] [I] Average on 10 runs - GPU latency: 2.43301 ms - Host latency: 2.43301 ms (enqueue 0.0286621 ms)
[09/30/2026-18:26:26] [I] Average on 10 runs - GPU latency: 2.423 ms - Host latency: 2.423 ms (enqueue 0.0294922 ms)
[09/30/2026-18:26:26] [I] Average on 10 runs - GPU latency: 2.44272 ms - Host latency: 2.44272 ms (enqueue 0.0275391 ms)
[09/30/2026-18:26:26] [I] Average on 10 runs - GPU latency: 2.37769 ms - Host latency: 2.37769 ms (enqueue 0.0280762 ms)
[09/30/2026-18:26:26] [I] Average on 10 runs - GPU latency: 2.44521 ms - Host latency: 2.44521 ms (enqueue 0.0217773 ms)
[09/30/2026-18:26:26] [I] Average on 10 runs - GPU latency: 2.45425 ms - Host latency: 2.45425 ms (enqueue 0.0216309 ms)
[09/30/2026-18:26:26] [I] Average on 10 runs - GPU latency: 2.44771 ms - Host latency: 2.44771 ms (enqueue 0.020459 ms)
[09/30/2026-18:26:26] [I] Average on 10 runs - GPU latency: 2.37705 ms - Host latency: 2.37705 ms (enqueue 0.027002 ms)
[09/30/2026-18:26:26] [I] Average on 10 runs - GPU latency: 2.42598 ms - Host latency: 2.42598 ms (enqueue 0.0257324 ms)
[09/30/2026-18:26:26] [I] Average on 10 runs - GPU latency: 2.42578 ms - Host latency: 2.42578 ms (enqueue 0.0282227 ms)
[09/30/2026-18:26:26] [I] Average on 10 runs - GPU latency: 2.36367 ms - Host latency: 2.36367 ms (enqueue 0.0289063 ms)
[09/30/2026-18:26:26] [I] Average on 10 runs - GPU latency: 2.42817 ms - Host latency: 2.42817 ms (enqueue 0.0293457 ms)
[09/30/2026-18:26:26] [I] Average on 10 runs - GPU latency: 2.42881 ms - Host latency: 2.42881 ms (enqueue 0.0285156 ms)
[09/30/2026-18:26:26] [I] Average on 10 runs - GPU latency: 2.42827 ms - Host latency: 2.42827 ms (enqueue 0.0320801 ms)
[09/30/2026-18:26:26] [I] Average on 10 runs - GPU latency: 2.36987 ms - Host latency: 2.36987 ms (enqueue 0.0269531 ms)
[09/30/2026-18:26:26] [I] Average on 10 runs - GPU latency: 2.44702 ms - Host latency: 2.44702 ms (enqueue 0.0291504 ms)
[09/30/2026-18:26:26] [I] Average on 10 runs - GPU latency: 2.48179 ms - Host latency: 2.48179 ms (enqueue 0.0337402 ms)
[09/30/2026-18:26:26] [I] Average on 10 runs - GPU latency: 2.43408 ms - Host latency: 2.43408 ms (enqueue 0.0315918 ms)
[09/30/2026-18:26:26] [I] Average on 10 runs - GPU latency: 2.47915 ms - Host latency: 2.47915 ms (enqueue 0.0330566 ms)
[09/30/2026-18:26:26] [I] Average on 10 runs - GPU latency: 2.45806 ms - Host latency: 2.45806 ms (enqueue 0.0296875 ms)
[09/30/2026-18:26:26] [I] Average on 10 runs - GPU latency: 2.39971 ms - Host latency: 2.39971 ms (enqueue 0.0298828 ms)
[09/30/2026-18:26:26] [I] Average on 10 runs - GPU latency: 2.43579 ms - Host latency: 2.43579 ms (enqueue 0.033252 ms)
[09/30/2026-18:26:26] [I] Average on 10 runs - GPU latency: 2.46729 ms - Host latency: 2.46729 ms (enqueue 0.0305176 ms)
[09/30/2026-18:26:26] [I] Average on 10 runs - GPU latency: 2.40039 ms - Host latency: 2.40039 ms (enqueue 0.0287109 ms)
[09/30/2026-18:26:26] [I] Average on 10 runs - GPU latency: 2.45908 ms - Host latency: 2.45908 ms (enqueue 0.0302734 ms)
[09/30/2026-18:26:26] [I] Average on 10 runs - GPU latency: 2.40762 ms - Host latency: 2.40762 ms (enqueue 0.0217285 ms)
[09/30/2026-18:26:26] [I] Average on 10 runs - GPU latency: 2.45312 ms - Host latency: 2.45312 ms (enqueue 0.023584 ms)
[09/30/2026-18:26:26] [I] Average on 10 runs - GPU latency: 2.40293 ms - Host latency: 2.40293 ms (enqueue 0.0316406 ms)
[09/30/2026-18:26:26] [I] Average on 10 runs - GPU latency: 2.45103 ms - Host latency: 2.45103 ms (enqueue 0.0276855 ms)
[09/30/2026-18:26:26] [I] Average on 10 runs - GPU latency: 2.4354 ms - Host latency: 2.4354 ms (enqueue 0.0277344 ms)
[09/30/2026-18:26:26] [I] Average on 10 runs - GPU latency: 2.43711 ms - Host latency: 2.43711 ms (enqueue 0.0256348 ms)
[09/30/2026-18:26:26] [I] Average on 10 runs - GPU latency: 2.43335 ms - Host latency: 2.43335 ms (enqueue 0.0313477 ms)
[09/30/2026-18:26:26] [I] Average on 10 runs - GPU latency: 2.39932 ms - Host latency: 2.39932 ms (enqueue 0.0283203 ms)
[09/30/2026-18:26:26] [I] Average on 10 runs - GPU latency: 2.4313 ms - Host latency: 2.4313 ms (enqueue 0.0287598 ms)
[09/30/2026-18:26:26] [I] Average on 10 runs - GPU latency: 2.43135 ms - Host latency: 2.43135 ms (enqueue 0.0283203 ms)
[09/30/2026-18:26:26] [I] Average on 10 runs - GPU latency: 2.44077 ms - Host latency: 2.44077 ms (enqueue 0.0289551 ms)
[09/30/2026-18:26:26] [I] Average on 10 runs - GPU latency: 2.43154 ms - Host latency: 2.43154 ms (enqueue 0.0286133 ms)
[09/30/2026-18:26:26] [I] Average on 10 runs - GPU latency: 2.42847 ms - Host latency: 2.42847 ms (enqueue 0.029834 ms)
[09/30/2026-18:26:26] [I] Average on 10 runs - GPU latency: 2.42256 ms - Host latency: 2.42256 ms (enqueue 0.0240234 ms)
[09/30/2026-18:26:26] [I] Average on 10 runs - GPU latency: 2.46035 ms - Host latency: 2.46035 ms (enqueue 0.028418 ms)
[09/30/2026-18:26:26] [I] Average on 10 runs - GPU latency: 2.40273 ms - Host latency: 2.40273 ms (enqueue 0.0265137 ms)
[09/30/2026-18:26:26] [I] Average on 10 runs - GPU latency: 2.43887 ms - Host latency: 2.43887 ms (enqueue 0.0254395 ms)
[09/30/2026-18:26:26] [I] Average on 10 runs - GPU latency: 2.43618 ms - Host latency: 2.43618 ms (enqueue 0.0280762 ms)
[09/30/2026-18:26:26] [I] Average on 10 runs - GPU latency: 2.44058 ms - Host latency: 2.44058 ms (enqueue 0.0276855 ms)
[09/30/2026-18:26:26] [I] Average on 10 runs - GPU latency: 2.36582 ms - Host latency: 2.36582 ms (enqueue 0.029248 ms)
[09/30/2026-18:26:26] [I] Average on 10 runs - GPU latency: 2.44492 ms - Host latency: 2.44492 ms (enqueue 0.028418 ms)
[09/30/2026-18:26:26] [I] Average on 10 runs - GPU latency: 2.44043 ms - Host latency: 2.44043 ms (enqueue 0.0272461 ms)
[09/30/2026-18:26:26] [I] Average on 10 runs - GPU latency: 2.36875 ms - Host latency: 2.36875 ms (enqueue 0.0275879 ms)
[09/30/2026-18:26:26] [I] Average on 10 runs - GPU latency: 2.44131 ms - Host latency: 2.44131 ms (enqueue 0.0287109 ms)
[09/30/2026-18:26:26] [I] Average on 10 runs - GPU latency: 2.4437 ms - Host latency: 2.4437 ms (enqueue 0.0276855 ms)
[09/30/2026-18:26:26] [I] Average on 10 runs - GPU latency: 2.44927 ms - Host latency: 2.44927 ms (enqueue 0.0333008 ms)
[09/30/2026-18:26:26] [I] Average on 10 runs - GPU latency: 2.38052 ms - Host latency: 2.38052 ms (enqueue 0.0281738 ms)
[09/30/2026-18:26:26] [I] Average on 10 runs - GPU latency: 2.44868 ms - Host latency: 2.44868 ms (enqueue 0.0278809 ms)
[09/30/2026-18:26:26] [I] Average on 10 runs - GPU latency: 2.43198 ms - Host latency: 2.43198 ms (enqueue 0.0292969 ms)
[09/30/2026-18:26:26] [I] Average on 10 runs - GPU latency: 2.43071 ms - Host latency: 2.43071 ms (enqueue 0.028125 ms)
[09/30/2026-18:26:26] [I] Average on 10 runs - GPU latency: 2.36953 ms - Host latency: 2.36953 ms (enqueue 0.0300781 ms)
[09/30/2026-18:26:26] [I] Average on 10 runs - GPU latency: 2.44062 ms - Host latency: 2.44062 ms (enqueue 0.0286621 ms)
[09/30/2026-18:26:26] [I] Average on 10 runs - GPU latency: 2.49873 ms - Host latency: 2.49873 ms (enqueue 0.0312988 ms)
[09/30/2026-18:26:26] [I] Average on 10 runs - GPU latency: 2.37837 ms - Host latency: 2.37837 ms (enqueue 0.0288574 ms)
[09/30/2026-18:26:26] [I] Average on 10 runs - GPU latency: 2.44619 ms - Host latency: 2.44619 ms (enqueue 0.0237793 ms)
[09/30/2026-18:26:26] [I] ... Omitting 2161 lines
[09/30/2026-18:26:26] [I] Average on 10 runs - GPU latency: 2.45186 ms - Host latency: 2.45186 ms (enqueue 0.0275391 ms)
[09/30/2026-18:26:26] [I] Average on 10 runs - GPU latency: 2.38682 ms - Host latency: 2.38682 ms (enqueue 0.0282227 ms)
[09/30/2026-18:26:26] [I] Average on 10 runs - GPU latency: 2.49912 ms - Host latency: 2.49912 ms (enqueue 0.0290039 ms)
[09/30/2026-18:26:26] [I] Average on 10 runs - GPU latency: 2.44912 ms - Host latency: 2.44912 ms (enqueue 0.0271484 ms)
[09/30/2026-18:26:26] [I] Average on 10 runs - GPU latency: 2.45645 ms - Host latency: 2.45645 ms (enqueue 0.0289063 ms)
[09/30/2026-18:26:26] [I] Average on 10 runs - GPU latency: 2.38721 ms - Host latency: 2.38721 ms (enqueue 0.0282227 ms)
[09/30/2026-18:26:26] [I] Average on 10 runs - GPU latency: 2.45312 ms - Host latency: 2.45312 ms (enqueue 0.0291992 ms)
[09/30/2026-18:26:26] [I] Average on 10 runs - GPU latency: 2.44707 ms - Host latency: 2.44707 ms (enqueue 0.0308594 ms)
[09/30/2026-18:26:26] [I] Average on 10 runs - GPU latency: 2.39111 ms - Host latency: 2.39111 ms (enqueue 0.0275391 ms)
[09/30/2026-18:26:26] [I] Average on 10 runs - GPU latency: 2.45244 ms - Host latency: 2.45244 ms (enqueue 0.0286133 ms)
[09/30/2026-18:26:26] [I] Average on 10 runs - GPU latency: 2.4498 ms - Host latency: 2.4498 ms (enqueue 0.0288086 ms)
[09/30/2026-18:26:26] [I] Average on 10 runs - GPU latency: 2.4501 ms - Host latency: 2.4501 ms (enqueue 0.0426758 ms)
[09/30/2026-18:26:26] [I] Average on 10 runs - GPU latency: 2.38848 ms - Host latency: 2.38848 ms (enqueue 0.0298828 ms)
[09/30/2026-18:26:26] [I] Average on 10 runs - GPU latency: 2.45693 ms - Host latency: 2.45693 ms (enqueue 0.0290039 ms)
[09/30/2026-18:26:26] [I] Average on 10 runs - GPU latency: 2.44961 ms - Host latency: 2.44961 ms (enqueue 0.0306641 ms)
[09/30/2026-18:26:26] [I] Average on 10 runs - GPU latency: 2.45732 ms - Host latency: 2.45732 ms (enqueue 0.0308594 ms)
[09/30/2026-18:26:26] [I] Average on 10 runs - GPU latency: 2.38887 ms - Host latency: 2.38887 ms (enqueue 0.0323242 ms)
[09/30/2026-18:26:26] [I] Average on 10 runs - GPU latency: 2.45195 ms - Host latency: 2.45195 ms (enqueue 0.0286133 ms)
[09/30/2026-18:26:26] [I] Average on 10 runs - GPU latency: 2.44668 ms - Host latency: 2.44668 ms (enqueue 0.0295898 ms)
[09/30/2026-18:26:26] [I] Average on 10 runs - GPU latency: 2.45186 ms - Host latency: 2.45186 ms (enqueue 0.028418 ms)
[09/30/2026-18:26:26] [I] Average on 10 runs - GPU latency: 2.38711 ms - Host latency: 2.38711 ms (enqueue 0.0303711 ms)
[09/30/2026-18:26:26] [I] Average on 10 runs - GPU latency: 2.44736 ms - Host latency: 2.44736 ms (enqueue 0.0292969 ms)
[09/30/2026-18:26:26] [I] Average on 10 runs - GPU latency: 2.45664 ms - Host latency: 2.45664 ms (enqueue 0.0296875 ms)
[09/30/2026-18:26:26] [I] Average on 10 runs - GPU latency: 2.38574 ms - Host latency: 2.38574 ms (enqueue 0.0264648 ms)
[09/30/2026-18:26:26] [I] Average on 10 runs - GPU latency: 2.52139 ms - Host latency: 2.52139 ms (enqueue 0.0298828 ms)
[09/30/2026-18:26:26] [I] Average on 10 runs - GPU latency: 2.45195 ms - Host latency: 2.45195 ms (enqueue 0.0272461 ms)
[09/30/2026-18:26:26] [I] Average on 10 runs - GPU latency: 2.44521 ms - Host latency: 2.44521 ms (enqueue 0.0282227 ms)
[09/30/2026-18:26:26] [I] Average on 10 runs - GPU latency: 2.38252 ms - Host latency: 2.38252 ms (enqueue 0.0272461 ms)
[09/30/2026-18:26:26] [I] Average on 10 runs - GPU latency: 2.4499 ms - Host latency: 2.4499 ms (enqueue 0.0276367 ms)
[09/30/2026-18:26:26] [I] Average on 10 runs - GPU latency: 2.45283 ms - Host latency: 2.45283 ms (enqueue 0.0287109 ms)
[09/30/2026-18:26:26] [I] Average on 10 runs - GPU latency: 2.44131 ms - Host latency: 2.44131 ms (enqueue 0.0276367 ms)
[09/30/2026-18:26:26] [I] Average on 10 runs - GPU latency: 2.3833 ms - Host latency: 2.3833 ms (enqueue 0.0293945 ms)
[09/30/2026-18:26:26] [I] Average on 10 runs - GPU latency: 2.45029 ms - Host latency: 2.45029 ms (enqueue 0.0285156 ms)
[09/30/2026-18:26:26] [I] Average on 10 runs - GPU latency: 2.44473 ms - Host latency: 2.44473 ms (enqueue 0.0270508 ms)
[09/30/2026-18:26:26] [I] Average on 10 runs - GPU latency: 2.38857 ms - Host latency: 2.38857 ms (enqueue 0.027832 ms)
[09/30/2026-18:26:26] [I] Average on 10 runs - GPU latency: 2.44492 ms - Host latency: 2.44492 ms (enqueue 0.0298828 ms)
[09/30/2026-18:26:26] [I] Average on 10 runs - GPU latency: 2.44834 ms - Host latency: 2.44834 ms (enqueue 0.0293945 ms)
[09/30/2026-18:26:26] [I] Average on 10 runs - GPU latency: 2.44229 ms - Host latency: 2.44229 ms (enqueue 0.0233398 ms)
[09/30/2026-18:26:26] [I] Average on 10 runs - GPU latency: 2.38604 ms - Host latency: 2.38604 ms (enqueue 0.0208984 ms)
[09/30/2026-18:26:26] [I] Average on 10 runs - GPU latency: 2.454 ms - Host latency: 2.454 ms (enqueue 0.0232422 ms)
[09/30/2026-18:26:26] [I] Average on 10 runs - GPU latency: 2.48965 ms - Host latency: 2.48965 ms (enqueue 0.025293 ms)
[09/30/2026-18:26:26] [I] Average on 10 runs - GPU latency: 2.45557 ms - Host latency: 2.45557 ms (enqueue 0.0253906 ms)
[09/30/2026-18:26:26] [I] Average on 10 runs - GPU latency: 2.38789 ms - Host latency: 2.38789 ms (enqueue 0.0260742 ms)
[09/30/2026-18:26:26] [I] Average on 10 runs - GPU latency: 2.46299 ms - Host latency: 2.46299 ms (enqueue 0.0298828 ms)
[09/30/2026-18:26:26] [I] Average on 10 runs - GPU latency: 2.44551 ms - Host latency: 2.44551 ms (enqueue 0.0266602 ms)
[09/30/2026-18:26:26] [I] Average on 10 runs - GPU latency: 2.49648 ms - Host latency: 2.49648 ms (enqueue 0.0211914 ms)
[09/30/2026-18:26:26] [I] Average on 10 runs - GPU latency: 2.42246 ms - Host latency: 2.42246 ms (enqueue 0.0229492 ms)
[09/30/2026-18:26:26] [I] Average on 10 runs - GPU latency: 2.45283 ms - Host latency: 2.45283 ms (enqueue 0.0208984 ms)
[09/30/2026-18:26:26] [I] Average on 10 runs - GPU latency: 2.44766 ms - Host latency: 2.44766 ms (enqueue 0.0276367 ms)
[09/30/2026-18:26:26] [I] Average on 10 runs - GPU latency: 2.39502 ms - Host latency: 2.39502 ms (enqueue 0.0199219 ms)
[09/30/2026-18:26:26] [I] Average on 10 runs - GPU latency: 2.44541 ms - Host latency: 2.44541 ms (enqueue 0.0239258 ms)
[09/30/2026-18:26:26] [I] Average on 10 runs - GPU latency: 2.45557 ms - Host latency: 2.45557 ms (enqueue 0.0216797 ms)
[09/30/2026-18:26:26] [I] Average on 10 runs - GPU latency: 2.44854 ms - Host latency: 2.44854 ms (enqueue 0.0268555 ms)
[09/30/2026-18:26:26] [I] Average on 10 runs - GPU latency: 2.39385 ms - Host latency: 2.39385 ms (enqueue 0.0207031 ms)
[09/30/2026-18:26:26] [I] Average on 10 runs - GPU latency: 2.45176 ms - Host latency: 2.45176 ms (enqueue 0.0214844 ms)
[09/30/2026-18:26:26] [I] Average on 10 runs - GPU latency: 2.45391 ms - Host latency: 2.45391 ms (enqueue 0.0272461 ms)
[09/30/2026-18:26:26] [I] Average on 10 runs - GPU latency: 2.44111 ms - Host latency: 2.44111 ms (enqueue 0.0280273 ms)
[09/30/2026-18:26:26] [I] Average on 10 runs - GPU latency: 2.39395 ms - Host latency: 2.39395 ms (enqueue 0.0285156 ms)
[09/30/2026-18:26:26] [I] Average on 10 runs - GPU latency: 2.4542 ms - Host latency: 2.4542 ms (enqueue 0.024707 ms)
[09/30/2026-18:26:26] [I] Average on 10 runs - GPU latency: 2.44893 ms - Host latency: 2.44893 ms (enqueue 0.0235352 ms)
[09/30/2026-18:26:26] [I] Average on 10 runs - GPU latency: 2.45664 ms - Host latency: 2.45664 ms (enqueue 0.0237305 ms)
[09/30/2026-18:26:26] [I] Average on 10 runs - GPU latency: 2.39102 ms - Host latency: 2.39102 ms (enqueue 0.0203125 ms)
[09/30/2026-18:26:26] [I] Average on 10 runs - GPU latency: 2.45303 ms - Host latency: 2.45303 ms (enqueue 0.025 ms)
[09/30/2026-18:26:26] [I] Average on 10 runs - GPU latency: 2.45811 ms - Host latency: 2.45811 ms (enqueue 0.027832 ms)
[09/30/2026-18:26:26] [I] Average on 10 runs - GPU latency: 2.39004 ms - Host latency: 2.39004 ms (enqueue 0.0207031 ms)
[09/30/2026-18:26:26] [I] Average on 10 runs - GPU latency: 2.45557 ms - Host latency: 2.45557 ms (enqueue 0.0266602 ms)
[09/30/2026-18:26:26] [I] Average on 10 runs - GPU latency: 2.45381 ms - Host latency: 2.45381 ms (enqueue 0.0239258 ms)
[09/30/2026-18:26:26] [I] Average on 10 runs - GPU latency: 2.49219 ms - Host latency: 2.49219 ms (enqueue 0.024707 ms)
[09/30/2026-18:26:26] [I] Average on 10 runs - GPU latency: 2.43086 ms - Host latency: 2.43086 ms (enqueue 0.0209961 ms)
[09/30/2026-18:26:26] [I] Average on 10 runs - GPU latency: 2.46084 ms - Host latency: 2.46084 ms (enqueue 0.0280273 ms)
[09/30/2026-18:26:26] [I] Average on 10 runs - GPU latency: 2.64492 ms - Host latency: 2.64492 ms (enqueue 0.0303711 ms)
[09/30/2026-18:26:26] [I] Average on 10 runs - GPU latency: 2.43047 ms - Host latency: 2.43047 ms (enqueue 0.0307617 ms)
[09/30/2026-18:26:26] [I] Average on 10 runs - GPU latency: 2.42158 ms - Host latency: 2.42158 ms (enqueue 0.0287109 ms)
[09/30/2026-18:26:26] [I] Average on 10 runs - GPU latency: 2.46289 ms - Host latency: 2.46289 ms (enqueue 0.0287109 ms)
[09/30/2026-18:26:26] [I] Average on 10 runs - GPU latency: 2.4165 ms - Host latency: 2.4165 ms (enqueue 0.0295898 ms)
[09/30/2026-18:26:26] [I] Average on 10 runs - GPU latency: 2.48105 ms - Host latency: 2.48105 ms (enqueue 0.0287109 ms)
[09/30/2026-18:26:26] [I] Average on 10 runs - GPU latency: 2.421 ms - Host latency: 2.421 ms (enqueue 0.0291992 ms)
[09/30/2026-18:26:26] [I] Average on 10 runs - GPU latency: 2.49375 ms - Host latency: 2.49375 ms (enqueue 0.0285156 ms)
[09/30/2026-18:26:26] [I] Average on 10 runs - GPU latency: 2.43408 ms - Host latency: 2.43408 ms (enqueue 0.0288086 ms)
[09/30/2026-18:26:26] [I] Average on 10 runs - GPU latency: 2.49766 ms - Host latency: 2.49766 ms (enqueue 0.0288086 ms)
[09/30/2026-18:26:26] [I] Average on 10 runs - GPU latency: 2.45537 ms - Host latency: 2.45537 ms (enqueue 0.0276367 ms)
[09/30/2026-18:26:26] [I] Average on 10 runs - GPU latency: 2.48379 ms - Host latency: 2.48379 ms (enqueue 0.0275391 ms)
[09/30/2026-18:26:26] [I] Average on 10 runs - GPU latency: 2.42402 ms - Host latency: 2.42402 ms (enqueue 0.0242187 ms)
[09/30/2026-18:26:26] [I] Average on 10 runs - GPU latency: 2.45723 ms - Host latency: 2.45723 ms (enqueue 0.0291016 ms)
[09/30/2026-18:26:26] [I] Average on 10 runs - GPU latency: 2.48457 ms - Host latency: 2.48457 ms (enqueue 0.0260742 ms)
[09/30/2026-18:26:26] [I] Average on 10 runs - GPU latency: 2.44922 ms - Host latency: 2.44922 ms (enqueue 0.0251953 ms)
[09/30/2026-18:26:26] [I] Average on 10 runs - GPU latency: 2.45098 ms - Host latency: 2.45098 ms (enqueue 0.0303711 ms)
[09/30/2026-18:26:26] [I] Average on 10 runs - GPU latency: 2.41846 ms - Host latency: 2.41846 ms (enqueue 0.0272461 ms)
[09/30/2026-18:26:26] [I] Average on 10 runs - GPU latency: 2.47451 ms - Host latency: 2.47451 ms (enqueue 0.030957 ms)
[09/30/2026-18:26:26] [I] Average on 10 runs - GPU latency: 2.42012 ms - Host latency: 2.42012 ms (enqueue 0.0282227 ms)
[09/30/2026-18:26:26] [I] Average on 10 runs - GPU latency: 2.51367 ms - Host latency: 2.51367 ms (enqueue 0.0297852 ms)
[09/30/2026-18:26:26] [I] Average on 10 runs - GPU latency: 2.43125 ms - Host latency: 2.43125 ms (enqueue 0.0275391 ms)
[09/30/2026-18:26:26] [I] Average on 10 runs - GPU latency: 2.43828 ms - Host latency: 2.43828 ms (enqueue 0.0291992 ms)
[09/30/2026-18:26:26] [I] Average on 10 runs - GPU latency: 2.43457 ms - Host latency: 2.43457 ms (enqueue 0.0287109 ms)
[09/30/2026-18:26:26] [I] Average on 10 runs - GPU latency: 2.42725 ms - Host latency: 2.42725 ms (enqueue 0.0279297 ms)
[09/30/2026-18:26:26] [I] Average on 10 runs - GPU latency: 2.36797 ms - Host latency: 2.36797 ms (enqueue 0.028418 ms)
[09/30/2026-18:26:26] [I] Average on 10 runs - GPU latency: 2.44941 ms - Host latency: 2.44941 ms (enqueue 0.0285156 ms)
[09/30/2026-18:26:26] [I] Average on 10 runs - GPU latency: 2.46729 ms - Host latency: 2.46729 ms (enqueue 0.0257812 ms)
[09/30/2026-18:26:26] [I] Average on 10 runs - GPU latency: 2.46563 ms - Host latency: 2.46563 ms (enqueue 0.0270508 ms)
[09/30/2026-18:26:26] [I] Average on 10 runs - GPU latency: 2.39727 ms - Host latency: 2.39727 ms (enqueue 0.0245117 ms)
[09/30/2026-18:26:26] [I] Average on 10 runs - GPU latency: 2.49053 ms - Host latency: 2.49053 ms (enqueue 0.0286133 ms)
[09/30/2026-18:26:26] [I] Average on 10 runs - GPU latency: 2.45557 ms - Host latency: 2.45557 ms (enqueue 0.0275391 ms)
[09/30/2026-18:26:26] [I] Average on 10 runs - GPU latency: 2.3917 ms - Host latency: 2.3917 ms (enqueue 0.0251953 ms)
[09/30/2026-18:26:26] [I] Average on 10 runs - GPU latency: 2.45498 ms - Host latency: 2.45498 ms (enqueue 0.030957 ms)
[09/30/2026-18:26:26] [I] Average on 10 runs - GPU latency: 2.45977 ms - Host latency: 2.45977 ms (enqueue 0.0283203 ms)
[09/30/2026-18:26:26] [I] Average on 10 runs - GPU latency: 2.45635 ms - Host latency: 2.45635 ms (enqueue 0.0282227 ms)
[09/30/2026-18:26:26] [I] Average on 10 runs - GPU latency: 2.3916 ms - Host latency: 2.3916 ms (enqueue 0.0285156 ms)
[09/30/2026-18:26:26] [I] Average on 10 runs - GPU latency: 2.45322 ms - Host latency: 2.45322 ms (enqueue 0.0298828 ms)
[09/30/2026-18:26:26] [I] Average on 10 runs - GPU latency: 2.45908 ms - Host latency: 2.45908 ms (enqueue 0.0293945 ms)
[09/30/2026-18:26:26] [I] Average on 10 runs - GPU latency: 2.46914 ms - Host latency: 2.46914 ms (enqueue 0.0257812 ms)
[09/30/2026-18:26:26] [I] Average on 10 runs - GPU latency: 2.5541 ms - Host latency: 2.5541 ms (enqueue 0.0330078 ms)
[09/30/2026-18:26:26] [I] Average on 10 runs - GPU latency: 2.47598 ms - Host latency: 2.47598 ms (enqueue 0.0294922 ms)
[09/30/2026-18:26:26] [I] Average on 10 runs - GPU latency: 2.43984 ms - Host latency: 2.43984 ms (enqueue 0.0296875 ms)
[09/30/2026-18:26:26] [I] Average on 10 runs - GPU latency: 2.44502 ms - Host latency: 2.44502 ms (enqueue 0.0323242 ms)
[09/30/2026-18:26:26] [I] Average on 10 runs - GPU latency: 2.38037 ms - Host latency: 2.38037 ms (enqueue 0.0300781 ms)
[09/30/2026-18:26:26] [I] Average on 10 runs - GPU latency: 2.44482 ms - Host latency: 2.44482 ms (enqueue 0.0282227 ms)
[09/30/2026-18:26:26] [I] Average on 10 runs - GPU latency: 2.44951 ms - Host latency: 2.44951 ms (enqueue 0.0264648 ms)
[09/30/2026-18:26:26] [I] Average on 10 runs - GPU latency: 2.3834 ms - Host latency: 2.3834 ms (enqueue 0.0287109 ms)
[09/30/2026-18:26:26] [I] Average on 10 runs - GPU latency: 2.45361 ms - Host latency: 2.45361 ms (enqueue 0.0293945 ms)
[09/30/2026-18:26:26] [I] Average on 10 runs - GPU latency: 2.45586 ms - Host latency: 2.45586 ms (enqueue 0.0301758 ms)
[09/30/2026-18:26:26] [I] Average on 10 runs - GPU latency: 2.45732 ms - Host latency: 2.45732 ms (enqueue 0.028418 ms)
[09/30/2026-18:26:26] [I] Average on 10 runs - GPU latency: 2.38896 ms - Host latency: 2.38896 ms (enqueue 0.0290039 ms)
[09/30/2026-18:26:26] [I] Average on 10 runs - GPU latency: 2.45166 ms - Host latency: 2.45166 ms (enqueue 0.0306641 ms)
[09/30/2026-18:26:26] [I] Average on 10 runs - GPU latency: 2.45625 ms - Host latency: 2.45625 ms (enqueue 0.0267578 ms)
[09/30/2026-18:26:26] [I] Average on 10 runs - GPU latency: 2.45508 ms - Host latency: 2.45508 ms (enqueue 0.0287109 ms)
[09/30/2026-18:26:26] [I] Average on 10 runs - GPU latency: 2.38701 ms - Host latency: 2.38701 ms (enqueue 0.0292969 ms)
[09/30/2026-18:26:26] [I] Average on 10 runs - GPU latency: 2.45176 ms - Host latency: 2.45176 ms (enqueue 0.0282227 ms)
[09/30/2026-18:26:26] [I] Average on 10 runs - GPU latency: 2.44316 ms - Host latency: 2.44316 ms (enqueue 0.027832 ms)
[09/30/2026-18:26:26] [I] Average on 10 runs - GPU latency: 2.4127 ms - Host latency: 2.4127 ms (enqueue 0.0292969 ms)
[09/30/2026-18:26:26] [I] Average on 10 runs - GPU latency: 2.42344 ms - Host latency: 2.42344 ms (enqueue 0.0302734 ms)
[09/30/2026-18:26:26] [I] Average on 10 runs - GPU latency: 2.45332 ms - Host latency: 2.45332 ms (enqueue 0.0254883 ms)
[09/30/2026-18:26:26] [I] Average on 10 runs - GPU latency: 2.44688 ms - Host latency: 2.44688 ms (enqueue 0.0280273 ms)
[09/30/2026-18:26:26] [I] Average on 10 runs - GPU latency: 2.3873 ms - Host latency: 2.3873 ms (enqueue 0.0239258 ms)
[09/30/2026-18:26:26] [I] Average on 10 runs - GPU latency: 2.49619 ms - Host latency: 2.49619 ms (enqueue 0.028125 ms)
[09/30/2026-18:26:26] [I] Average on 10 runs - GPU latency: 2.4748 ms - Host latency: 2.4748 ms (enqueue 0.0245117 ms)
[09/30/2026-18:26:26] [I] Average on 10 runs - GPU latency: 2.44922 ms - Host latency: 2.44922 ms (enqueue 0.0271484 ms)
[09/30/2026-18:26:26] [I] Average on 10 runs - GPU latency: 2.38965 ms - Host latency: 2.38965 ms (enqueue 0.0274414 ms)
[09/30/2026-18:26:26] [I] Average on 10 runs - GPU latency: 2.44932 ms - Host latency: 2.44932 ms (enqueue 0.0241211 ms)
[09/30/2026-18:26:26] [I] Average on 10 runs - GPU latency: 2.45381 ms - Host latency: 2.45381 ms (enqueue 0.0260742 ms)
[09/30/2026-18:26:26] [I] Average on 10 runs - GPU latency: 2.45928 ms - Host latency: 2.45928 ms (enqueue 0.0291992 ms)
[09/30/2026-18:26:26] [I] Average on 10 runs - GPU latency: 2.3875 ms - Host latency: 2.3875 ms (enqueue 0.0277344 ms)
[09/30/2026-18:26:26] [I] Average on 10 runs - GPU latency: 2.47051 ms - Host latency: 2.47051 ms (enqueue 0.0217773 ms)
[09/30/2026-18:26:26] [I] Average on 10 runs - GPU latency: 2.47578 ms - Host latency: 2.47578 ms (enqueue 0.0222656 ms)
[09/30/2026-18:26:26] [I] Average on 10 runs - GPU latency: 2.44248 ms - Host latency: 2.44248 ms (enqueue 0.0282227 ms)
[09/30/2026-18:26:26] [I] Average on 10 runs - GPU latency: 2.43027 ms - Host latency: 2.43027 ms (enqueue 0.0241211 ms)
[09/30/2026-18:26:26] [I] Average on 10 runs - GPU latency: 2.47813 ms - Host latency: 2.47813 ms (enqueue 0.028418 ms)
[09/30/2026-18:26:26] [I] Average on 10 runs - GPU latency: 2.45088 ms - Host latency: 2.45088 ms (enqueue 0.0291016 ms)
[09/30/2026-18:26:26] [I] Average on 10 runs - GPU latency: 2.39092 ms - Host latency: 2.39092 ms (enqueue 0.0277344 ms)
[09/30/2026-18:26:26] [I] Average on 10 runs - GPU latency: 2.45449 ms - Host latency: 2.45449 ms (enqueue 0.0269531 ms)
[09/30/2026-18:26:26] [I] Average on 10 runs - GPU latency: 2.45352 ms - Host latency: 2.45352 ms (enqueue 0.0277344 ms)
[09/30/2026-18:26:26] [I] Average on 10 runs - GPU latency: 2.45488 ms - Host latency: 2.45488 ms (enqueue 0.0283203 ms)
[09/30/2026-18:26:26] [I] Average on 10 runs - GPU latency: 2.39463 ms - Host latency: 2.39463 ms (enqueue 0.0473633 ms)
[09/30/2026-18:26:26] [I] Average on 10 runs - GPU latency: 2.44521 ms - Host latency: 2.44521 ms (enqueue 0.0230469 ms)
[09/30/2026-18:26:26] [I] Average on 10 runs - GPU latency: 2.45654 ms - Host latency: 2.45654 ms (enqueue 0.028418 ms)
[09/30/2026-18:26:26] [I] Average on 10 runs - GPU latency: 2.52041 ms - Host latency: 2.52041 ms (enqueue 0.0243164 ms)
[09/30/2026-18:26:26] [I] Average on 10 runs - GPU latency: 2.3876 ms - Host latency: 2.3876 ms (enqueue 0.0288086 ms)
[09/30/2026-18:26:26] [I] Average on 10 runs - GPU latency: 2.44766 ms - Host latency: 2.44766 ms (enqueue 0.0293945 ms)
[09/30/2026-18:26:26] [I] Average on 10 runs - GPU latency: 2.45059 ms - Host latency: 2.45059 ms (enqueue 0.0293945 ms)
[09/30/2026-18:26:26] [I] Average on 10 runs - GPU latency: 2.44531 ms - Host latency: 2.44531 ms (enqueue 0.0294922 ms)
[09/30/2026-18:26:26] [I] Average on 10 runs - GPU latency: 2.40391 ms - Host latency: 2.40391 ms (enqueue 0.0287109 ms)
[09/30/2026-18:26:26] [I] Average on 10 runs - GPU latency: 2.45361 ms - Host latency: 2.45361 ms (enqueue 0.0287109 ms)
[09/30/2026-18:26:26] [I] Average on 10 runs - GPU latency: 2.45908 ms - Host latency: 2.45908 ms (enqueue 0.0258789 ms)
[09/30/2026-18:26:26] [I] Average on 10 runs - GPU latency: 2.39736 ms - Host latency: 2.39736 ms (enqueue 0.0291016 ms)
[09/30/2026-18:26:26] [I] Average on 10 runs - GPU latency: 2.45518 ms - Host latency: 2.45518 ms (enqueue 0.0296875 ms)
[09/30/2026-18:26:26] [I] Average on 10 runs - GPU latency: 2.45068 ms - Host latency: 2.45068 ms (enqueue 0.0287109 ms)
[09/30/2026-18:26:26] [I] Average on 10 runs - GPU latency: 2.45762 ms - Host latency: 2.45762 ms (enqueue 0.0260742 ms)
[09/30/2026-18:26:26] [I] Average on 10 runs - GPU latency: 2.38965 ms - Host latency: 2.38965 ms (enqueue 0.0238281 ms)
[09/30/2026-18:26:26] [I] Average on 10 runs - GPU latency: 2.45615 ms - Host latency: 2.45615 ms (enqueue 0.0328125 ms)
[09/30/2026-18:26:26] [I] Average on 10 runs - GPU latency: 2.44961 ms - Host latency: 2.44961 ms (enqueue 0.0271484 ms)
[09/30/2026-18:26:26] [I] Average on 10 runs - GPU latency: 2.45176 ms - Host latency: 2.45176 ms (enqueue 0.0267578 ms)
[09/30/2026-18:26:26] [I] Average on 10 runs - GPU latency: 2.39111 ms - Host latency: 2.39111 ms (enqueue 0.0353516 ms)
[09/30/2026-18:26:26] [I] Average on 10 runs - GPU latency: 2.44961 ms - Host latency: 2.44961 ms (enqueue 0.0257812 ms)
[09/30/2026-18:26:26] [I] Average on 10 runs - GPU latency: 2.44316 ms - Host latency: 2.44316 ms (enqueue 0.0295898 ms)
[09/30/2026-18:26:26] [I] Average on 10 runs - GPU latency: 2.39062 ms - Host latency: 2.39062 ms (enqueue 0.0241211 ms)
[09/30/2026-18:26:26] [I] Average on 10 runs - GPU latency: 2.52109 ms - Host latency: 2.52109 ms (enqueue 0.0313477 ms)
[09/30/2026-18:26:26] [I] Average on 10 runs - GPU latency: 2.52627 ms - Host latency: 2.52627 ms (enqueue 0.0336914 ms)
[09/30/2026-18:26:26] [I] Average on 10 runs - GPU latency: 2.55635 ms - Host latency: 2.55635 ms (enqueue 0.034082 ms)
[09/30/2026-18:26:26] [I] Average on 10 runs - GPU latency: 2.53154 ms - Host latency: 2.53154 ms (enqueue 0.0304688 ms)
[09/30/2026-18:26:26] [I] Average on 10 runs - GPU latency: 2.43789 ms - Host latency: 2.43789 ms (enqueue 0.0314453 ms)
[09/30/2026-18:26:26] [I] Average on 10 runs - GPU latency: 2.53672 ms - Host latency: 2.53672 ms (enqueue 0.0295898 ms)
[09/30/2026-18:26:26] [I] Average on 10 runs - GPU latency: 2.45771 ms - Host latency: 2.45771 ms (enqueue 0.0298828 ms)
[09/30/2026-18:26:26] [I] Average on 10 runs - GPU latency: 2.46914 ms - Host latency: 2.46914 ms (enqueue 0.0258789 ms)
[09/30/2026-18:26:26] [I] Average on 10 runs - GPU latency: 2.50186 ms - Host latency: 2.50186 ms (enqueue 0.0306641 ms)
[09/30/2026-18:26:26] [I] Average on 10 runs - GPU latency: 2.4876 ms - Host latency: 2.4876 ms (enqueue 0.0336914 ms)
[09/30/2026-18:26:26] [I] Average on 10 runs - GPU latency: 2.5541 ms - Host latency: 2.5541 ms (enqueue 0.0324219 ms)
[09/30/2026-18:26:26] [I] Average on 10 runs - GPU latency: 2.54297 ms - Host latency: 2.54297 ms (enqueue 0.0320312 ms)
[09/30/2026-18:26:26] [I] Average on 10 runs - GPU latency: 2.47275 ms - Host latency: 2.47275 ms (enqueue 0.0323242 ms)
[09/30/2026-18:26:26] [I] Average on 10 runs - GPU latency: 2.50752 ms - Host latency: 2.50752 ms (enqueue 0.0302734 ms)
[09/30/2026-18:26:26] [I] Average on 10 runs - GPU latency: 2.53633 ms - Host latency: 2.53633 ms (enqueue 0.0351562 ms)
[09/30/2026-18:26:26] [I] Average on 10 runs - GPU latency: 2.48818 ms - Host latency: 2.48818 ms (enqueue 0.0387695 ms)
[09/30/2026-18:26:26] [I] Average on 10 runs - GPU latency: 2.47246 ms - Host latency: 2.47246 ms (enqueue 0.0362305 ms)
[09/30/2026-18:26:26] [I] Average on 10 runs - GPU latency: 2.47861 ms - Host latency: 2.47861 ms (enqueue 0.0490234 ms)
[09/30/2026-18:26:26] [I] Average on 10 runs - GPU latency: 2.50557 ms - Host latency: 2.50557 ms (enqueue 0.0414063 ms)
[09/30/2026-18:26:26] [I] Average on 10 runs - GPU latency: 2.40703 ms - Host latency: 2.40703 ms (enqueue 0.0291992 ms)
[09/30/2026-18:26:26] [I] Average on 10 runs - GPU latency: 2.44707 ms - Host latency: 2.44707 ms (enqueue 0.0291016 ms)
[09/30/2026-18:26:26] [I] Average on 10 runs - GPU latency: 2.44893 ms - Host latency: 2.44893 ms (enqueue 0.0301758 ms)
[09/30/2026-18:26:26] [I] Average on 10 runs - GPU latency: 2.43965 ms - Host latency: 2.43965 ms (enqueue 0.0311523 ms)
[09/30/2026-18:26:26] [I] Average on 10 runs - GPU latency: 2.47021 ms - Host latency: 2.47021 ms (enqueue 0.031543 ms)
[09/30/2026-18:26:26] [I] Average on 10 runs - GPU latency: 2.44922 ms - Host latency: 2.44922 ms (enqueue 0.0306641 ms)
[09/30/2026-18:26:26] [I] Average on 10 runs - GPU latency: 2.51562 ms - Host latency: 2.51562 ms (enqueue 0.0262695 ms)
[09/30/2026-18:26:26] [I] 
[09/30/2026-18:26:26] [I] === Performance summary ===
[09/30/2026-18:26:26] [I] Throughput: 410.612 qps
[09/30/2026-18:26:26] [I] Latency: min = 2.32861 ms, max = 3.65332 ms, mean = 2.43369 ms, median = 2.38086 ms, percentile(50%) = 2.38086 ms, percentile(95%) = 2.96875 ms
[09/30/2026-18:26:26] [I] Enqueue Time: min = 0.0175781 ms, max = 0.232422 ms, mean = 0.0279806 ms, median = 0.0283203 ms, percentile(50%) = 0.0283203 ms, percentile(95%) = 0.0341797 ms
[09/30/2026-18:26:26] [I] H2D Latency: min = 0 ms, max = 0 ms, mean = 0 ms, median = 0 ms, percentile(50%) = 0 ms, percentile(95%) = 0 ms
[09/30/2026-18:26:26] [I] GPU Compute Time: min = 2.32861 ms, max = 3.65332 ms, mean = 2.43369 ms, median = 2.38086 ms, percentile(50%) = 2.38086 ms, percentile(95%) = 2.96875 ms
[09/30/2026-18:26:26] [I] D2H Latency: min = 0 ms, max = 0 ms, mean = 0 ms, median = 0 ms, percentile(50%) = 0 ms, percentile(95%) = 0 ms
[09/30/2026-18:26:26] [I] Total Host Walltime: 15.0044 s
[09/30/2026-18:26:26] [I] Total GPU Compute Time: 14.994 s
[09/30/2026-18:26:26] [W] * GPU compute time is unstable, with coefficient of variance = 7.07877%.
[09/30/2026-18:26:26] [W]   If not already in use, locking GPU clock frequency may improve the stability.
[09/30/2026-18:26:26] [I] Explanations of the performance metrics are printed in the verbose logs.
[09/30/2026-18:26:26] [I] 
[09/30/2026-18:26:26] [I] Capturing CUDA graph for the current execution context
[09/30/2026-18:26:26] [I] Successfully captured CUDA graph for the current execution context. When profiling with Nsight Systems, add "--cuda-graph-trace=node" to the nsys command to see per-kernel execution times.
[09/30/2026-18:26:42] [I] 
[09/30/2026-18:26:42] [I] === Profile (3980 iterations ) ===
[09/30/2026-18:26:42] [I]    Time(ms)     Avg.(ms)   Median(ms)   Time(%)   Layer
[09/30/2026-18:26:42] [I]      185.01       0.0465       0.0461       1.4   Reformatting CopyNode for Input Tensor 0 to /model.0/conv/Conv
[09/30/2026-18:26:42] [I]      212.48       0.0534       0.0532       1.6   /model.0/conv/Conv
[09/30/2026-18:26:42] [I]      220.08       0.0553       0.0553       1.6   __myl_MoveNegExpAddDivMul_myl5_0
[09/30/2026-18:26:42] [I]      227.71       0.0572       0.0573       1.7   /model.1/conv/Conv
[09/30/2026-18:26:42] [I]      118.19       0.0297       0.0297       0.9   __myl_MoveNegExpAddDivMul_myl9_0
[09/30/2026-18:26:42] [I]      120.01       0.0302       0.0297       0.9   /model.2/cv1/conv/Conv
[09/30/2026-18:26:42] [I]      114.11       0.0287       0.0287       0.8   __myl_MoveNegExpAddDivMul_myl13_0
[09/30/2026-18:26:42] [I]      119.51       0.0300       0.0297       0.9   /model.2/m.0/cv1/conv/Conv
[09/30/2026-18:26:42] [I]       36.68       0.0092       0.0092       0.3   __myl_MoveNegExpAddDivMul_myl17_0
[09/30/2026-18:26:42] [I]      101.73       0.0256       0.0246       0.8   /model.2/m.0/cv2/conv/Conv
[09/30/2026-18:26:42] [I]       93.74       0.0236       0.0236       0.7   __myl_MoveNegExpAddDivMulAdd_myl20_0
[09/30/2026-18:26:42] [I]      107.20       0.0269       0.0195       0.8   /model.2/Split_output_0 copy
[09/30/2026-18:26:42] [I]       76.49       0.0192       0.0195       0.6   /model.2/Split_output_1 copy
[09/30/2026-18:26:42] [I]      141.51       0.0356       0.0348       1.1   /model.2/cv2/conv/Conv
[09/30/2026-18:26:42] [I]      114.12       0.0287       0.0287       0.8   __myl_MoveNegExpAddDivMul_myl25_0
[09/30/2026-18:26:42] [I]      134.49       0.0338       0.0338       1.0   /model.3/conv/Conv
[09/30/2026-18:26:42] [I]       40.75       0.0102       0.0102       0.3   __myl_MoveNegExpAddDivMul_myl29_0
[09/30/2026-18:26:42] [I]       61.63       0.0155       0.0154       0.5   /model.4/cv1/conv/Conv
[09/30/2026-18:26:42] [I]       85.59       0.0215       0.0215       0.6   __myl_MoveNegExpAddDivMul_myl33_0
[09/30/2026-18:26:42] [I]       86.18       0.0217       0.0215       0.6   /model.4/m.0/cv1/conv/Conv
[09/30/2026-18:26:42] [I]       28.53       0.0072       0.0072       0.2   __myl_MoveNegExpAddDivMul_myl37_0
[09/30/2026-18:26:42] [I]       86.15       0.0216       0.0205       0.6   /model.4/m.0/cv2/conv/Conv
[09/30/2026-18:26:42] [I]       73.36       0.0184       0.0184       0.5   __myl_MoveNegExpAddDivMulAdd_myl40_0
[09/30/2026-18:26:42] [I]       84.92       0.0213       0.0205       0.6   /model.4/m.1/cv1/conv/Conv
[09/30/2026-18:26:42] [I]       28.53       0.0072       0.0072       0.2   __myl_MoveNegExpAddDivMul_myl43_0
[09/30/2026-18:26:42] [I]       84.22       0.0212       0.0205       0.6   /model.4/m.1/cv2/conv/Conv
[09/30/2026-18:26:42] [I]       33.11       0.0083       0.0083       0.2   __myl_MoveNegExpAddDivMulAdd_myl48_0
[09/30/2026-18:26:42] [I]       48.29       0.0121       0.0123       0.4   /model.4/Split_output_0 copy
[09/30/2026-18:26:42] [I]       48.96       0.0123       0.0123       0.4   /model.4/Split_output_1 copy
[09/30/2026-18:26:42] [I]      120.25       0.0302       0.0317       0.9   /model.4/m.0/Add_output_0 copy
[09/30/2026-18:26:42] [I]      106.42       0.0267       0.0257       0.8   /model.4/cv2/conv/Conv
[09/30/2026-18:26:42] [I]       40.77       0.0102       0.0102       0.3   __myl_MoveNegExpAddDivMul_myl54_0
[09/30/2026-18:26:42] [I]      138.99       0.0349       0.0348       1.0   /model.5/conv/Conv
[09/30/2026-18:26:42] [I]       65.20       0.0164       0.0164       0.5   __myl_MoveNegExpAddDivMul_myl57_0
[09/30/2026-18:26:42] [I]       47.37       0.0119       0.0123       0.4   /model.6/cv1/conv/Conv
[09/30/2026-18:26:42] [I]      122.27       0.0307       0.0307       0.9   __myl_MoveNegExpAddDivMul_myl61_0
[09/30/2026-18:26:42] [I]       89.57       0.0225       0.0225       0.7   /model.6/m.0/cv1/conv/Conv
[09/30/2026-18:26:42] [I]       24.45       0.0061       0.0061       0.2   __myl_MoveNegExpAddDivMul_myl64_0
[09/30/2026-18:26:42] [I]       87.79       0.0221       0.0215       0.7   /model.6/m.0/cv2/conv/Conv
[09/30/2026-18:26:42] [I]      101.86       0.0256       0.0256       0.8   __myl_MoveNegExpAddDivMulAdd_myl66_0
[09/30/2026-18:26:42] [I]      189.20       0.0475       0.0492       1.4   /model.6/m.1/cv1/conv/Conv
[09/30/2026-18:26:42] [I]       20.38       0.0051       0.0051       0.2   __myl_MoveNegExpAddDivMul_myl68_0
[09/30/2026-18:26:42] [I]       94.98       0.0239       0.0215       0.7   /model.6/m.1/cv2/conv/Conv
[09/30/2026-18:26:42] [I]      240.39       0.0604       0.0604       1.8   __myl_MoveNegExpAddDivMulAdd_myl72_0
[09/30/2026-18:26:42] [I]       39.23       0.0099       0.0082       0.3   /model.6/Split_output_0 copy
[09/30/2026-18:26:42] [I]       37.79       0.0095       0.0082       0.3   /model.6/Split_output_1 copy
[09/30/2026-18:26:42] [I]       68.06       0.0171       0.0082       0.5   /model.6/m.0/Add_output_0 copy
[09/30/2026-18:26:42] [I]       99.28       0.0249       0.0317       0.7   /model.6/cv2/conv/Conv
[09/30/2026-18:26:42] [I]      114.09       0.0287       0.0287       0.8   __myl_MoveNegExpAddDivMul_myl78_0
[09/30/2026-18:26:42] [I]      232.43       0.0584       0.0584       1.7   /model.7/conv/Conv
[09/30/2026-18:26:42] [I]       24.45       0.0061       0.0061       0.2   __myl_MoveNegExpAddDivMul_myl80_0
[09/30/2026-18:26:42] [I]       89.53       0.0225       0.0225       0.7   /model.8/cv1/conv/Conv
[09/30/2026-18:26:42] [I]       20.38       0.0051       0.0051       0.2   __myl_MoveNegExpAddDivMul_myl83_0
[09/30/2026-18:26:42] [I]      133.85       0.0336       0.0328       1.0   /model.8/m.0/cv1/conv/Conv
[09/30/2026-18:26:42] [I]       16.30       0.0041       0.0041       0.1   __myl_MoveNegExpAddDivMul_myl86_0
[09/30/2026-18:26:42] [I]      124.35       0.0312       0.0307       0.9   /model.8/m.0/cv2/conv/Conv
[09/30/2026-18:26:42] [I]       16.30       0.0041       0.0041       0.1   __myl_MoveNegExpAddDivMulAdd_myl88_0
[09/30/2026-18:26:42] [I]       33.20       0.0083       0.0061       0.2   /model.8/Split_output_0 copy
[09/30/2026-18:26:42] [I]       27.94       0.0070       0.0051       0.2   /model.8/Split_output_1 copy
[09/30/2026-18:26:42] [I]       46.88       0.0118       0.0061       0.3   Reformatting CopyNode for Input Tensor 0 to /model.8/cv2/conv/Conv
[09/30/2026-18:26:42] [I]      156.17       0.0392       0.0369       1.2   /model.8/cv2/conv/Conv
[09/30/2026-18:26:42] [I]       20.38       0.0051       0.0051       0.2   __myl_MoveNegExpAddDivMul_myl93_0
[09/30/2026-18:26:42] [I]       54.00       0.0136       0.0133       0.4   /model.9/cv1/conv/Conv
[09/30/2026-18:26:42] [I]       50.86       0.0128       0.0113       0.4   /model.9/m/MaxPool
[09/30/2026-18:26:42] [I]       62.07       0.0156       0.0113       0.5   /model.9/m_1/MaxPool
[09/30/2026-18:26:42] [I]      141.28       0.0355       0.0379       1.0   /model.9/m_2/MaxPool
[09/30/2026-18:26:42] [I]       28.06       0.0071       0.0061       0.2   /model.9/cv1/conv/Conv_output_0 copy
[09/30/2026-18:26:42] [I]       28.74       0.0072       0.0061       0.2   /model.9/m/MaxPool_output_0 copy
[09/30/2026-18:26:42] [I]       36.68       0.0092       0.0061       0.3   /model.9/m_1/MaxPool_output_0 copy
[09/30/2026-18:26:42] [I]       84.75       0.0213       0.0205       0.6   /model.9/cv2/conv/Conv
[09/30/2026-18:26:42] [I]       20.38       0.0051       0.0051       0.2   __myl_MoveNegExpAddDivMul_myl103_0
[09/30/2026-18:26:42] [I]       25.52       0.0064       0.0061       0.2   Reformatting CopyNode for Output Tensor 0 to PWN(PWN(/model.9/cv2/act/Sigmoid), PWN(/model.9/cv2/act/Mul))
[09/30/2026-18:26:42] [I]       44.83       0.0113       0.0102       0.3   /model.10/Resize
[09/30/2026-18:26:42] [I]      157.38       0.0395       0.0420       1.2   /model.10/Resize_output_0 copy
[09/30/2026-18:26:42] [I]       84.73       0.0213       0.0195       0.6   /model.12/cv1/conv/Conv
[09/30/2026-18:26:42] [I]       24.45       0.0061       0.0061       0.2   __myl_MoveNegExpAddDivMul_myl109_0
[09/30/2026-18:26:42] [I]       92.76       0.0233       0.0225       0.7   /model.12/m.0/cv1/conv/Conv
[09/30/2026-18:26:42] [I]       20.38       0.0051       0.0051       0.2   __myl_MoveNegExpAddDivMul_myl112_0
[09/30/2026-18:26:42] [I]       90.30       0.0227       0.0225       0.7   /model.12/m.0/cv2/conv/Conv
[09/30/2026-18:26:42] [I]       20.38       0.0051       0.0051       0.2   __myl_MoveNegExpAddDivMul_myl115_0
[09/30/2026-18:26:42] [I]       40.60       0.0102       0.0082       0.3   /model.12/Split_output_0 copy
[09/30/2026-18:26:42] [I]       37.49       0.0094       0.0082       0.3   /model.12/Split_output_1 copy
[09/30/2026-18:26:42] [I]      165.83       0.0417       0.0471       1.2   /model.12/cv2/conv/Conv
[09/30/2026-18:26:42] [I]       24.45       0.0061       0.0061       0.2   __myl_MoveNegExpAddDivMul_myl121_0
[09/30/2026-18:26:42] [I]       77.19       0.0194       0.0184       0.6   /model.13/Resize
[09/30/2026-18:26:42] [I]      126.26       0.0317       0.0307       0.9   /model.13/Resize_output_0 copy
[09/30/2026-18:26:42] [I]      135.72       0.0341       0.0328       1.0   /model.15/cv1/conv/Conv
[09/30/2026-18:26:42] [I]       32.60       0.0082       0.0082       0.2   __myl_MoveNegExpAddDivMul_myl127_0
[09/30/2026-18:26:42] [I]       83.57       0.0210       0.0205       0.6   /model.15/m.0/cv1/conv/Conv
[09/30/2026-18:26:42] [I]       81.52       0.0205       0.0205       0.6   __myl_MoveNegExpAddDivMul_myl131_0
[09/30/2026-18:26:42] [I]       85.74       0.0215       0.0205       0.6   /model.15/m.0/cv2/conv/Conv
[09/30/2026-18:26:42] [I]       24.45       0.0061       0.0061       0.2   __myl_MoveNegExpAddDivMul_myl134_0
[09/30/2026-18:26:42] [I]       54.09       0.0136       0.0123       0.4   /model.15/Split_output_0 copy
[09/30/2026-18:26:42] [I]       66.70       0.0168       0.0133       0.5   /model.15/Split_output_1 copy
[09/30/2026-18:26:42] [I]       83.50       0.0210       0.0184       0.6   /model.15/cv2/conv/Conv
[09/30/2026-18:26:42] [I]       32.60       0.0082       0.0082       0.2   __myl_MoveNegExpAddDivMul_myl139_0
[09/30/2026-18:26:42] [I]      135.80       0.0341       0.0317       1.0   /model.16/conv/Conv
[09/30/2026-18:26:42] [I]      285.58       0.0718       0.0717       2.1   /model.22/cv2.0/cv2.0.0/conv/Conv || /model.22/cv3.0/cv3.0.0/conv/Conv
[09/30/2026-18:26:42] [I]       32.60       0.0082       0.0082       0.2   __myl_MoveNegExpAddDivMul_myl143_0
[09/30/2026-18:26:42] [I]       57.06       0.0143       0.0143       0.4   __myl_MoveNegExpAddDivMul_myl144_0
[09/30/2026-18:26:42] [I]      135.25       0.0340       0.0340       1.0   __myl_MoveNegExpAddDivMul_myl145_0
[09/30/2026-18:26:42] [I]       45.39       0.0114       0.0113       0.3   /model.12/cv2/act/Mul_output_0 copy
[09/30/2026-18:26:42] [I]      241.43       0.0607       0.0584       1.8   /model.22/cv2.0/cv2.0.1/conv/Conv
[09/30/2026-18:26:42] [I]      220.10       0.0553       0.0553       1.6   /model.22/cv3.0/cv3.0.1/conv/Conv
[09/30/2026-18:26:42] [I]       72.97       0.0183       0.0184       0.5   /model.18/cv1/conv/Conv
[09/30/2026-18:26:42] [I]       61.14       0.0154       0.0154       0.5   __myl_MoveNegExpAddDivMul_myl151_0
[09/30/2026-18:26:42] [I]       65.21       0.0164       0.0164       0.5   __myl_MoveNegExpAddDivMul_myl153_0
[09/30/2026-18:26:42] [I]       40.75       0.0102       0.0102       0.3   __myl_MoveNegExpAddDivMul_myl155_0
[09/30/2026-18:26:42] [I]       87.31       0.0219       0.0205       0.6   /model.22/cv2.0/cv2.0.2/Conv
[09/30/2026-18:26:42] [I]       75.61       0.0190       0.0184       0.6   /model.22/cv3.0/cv3.0.2/Conv
[09/30/2026-18:26:42] [I]       62.30       0.0157       0.0154       0.5   /model.22/Reshape_copy_output
[09/30/2026-18:26:42] [I]       38.22       0.0096       0.0092       0.3   /model.22/Reshape_3_copy_output
[09/30/2026-18:26:42] [I]      108.25       0.0272       0.0225       0.8   /model.18/m.0/cv1/conv/Conv
[09/30/2026-18:26:42] [I]       20.41       0.0051       0.0051       0.2   __myl_MoveNegExpAddDivMul_myl166_0
[09/30/2026-18:26:42] [I]      120.23       0.0302       0.0225       0.9   /model.18/m.0/cv2/conv/Conv
[09/30/2026-18:26:42] [I]       20.38       0.0051       0.0051       0.2   __myl_MoveNegExpAddDivMul_myl169_0
[09/30/2026-18:26:42] [I]       53.96       0.0136       0.0082       0.4   /model.18/Split_output_0 copy
[09/30/2026-18:26:42] [I]       53.52       0.0134       0.0082       0.4   /model.18/Split_output_1 copy
[09/30/2026-18:26:42] [I]      115.13       0.0289       0.0195       0.9   /model.18/cv2/conv/Conv
[09/30/2026-18:26:42] [I]       24.45       0.0061       0.0061       0.2   __myl_MoveNegExpAddDivMul_myl175_0
[09/30/2026-18:26:42] [I]      335.09       0.0842       0.0787       2.5   /model.19/conv/Conv
[09/30/2026-18:26:42] [I]      232.43       0.0584       0.0584       1.7   /model.22/cv2.1/cv2.1.0/conv/Conv || /model.22/cv3.1/cv3.1.0/conv/Conv
[09/30/2026-18:26:42] [I]       16.30       0.0041       0.0041       0.1   __myl_MoveNegExpAddDivMul_myl180_0
[09/30/2026-18:26:42] [I]       20.38       0.0051       0.0051       0.2   __myl_MoveNegExpAddDivMul_myl181_0
[09/30/2026-18:26:42] [I]      110.04       0.0276       0.0276       0.8   __myl_MoveNegExpAddDivMul_myl182_0
[09/30/2026-18:26:42] [I]       34.63       0.0087       0.0082       0.3   /model.9/cv2/act/Mul_output_0 copy
[09/30/2026-18:26:42] [I]       92.86       0.0233       0.0225       0.7   /model.22/cv2.1/cv2.1.1/conv/Conv
[09/30/2026-18:26:42] [I]       92.22       0.0232       0.0225       0.7   /model.22/cv3.1/cv3.1.1/conv/Conv
[09/30/2026-18:26:42] [I]       68.84       0.0173       0.0174       0.5   /model.21/cv1/conv/Conv
[09/30/2026-18:26:42] [I]       20.63       0.0052       0.0052       0.2   __myl_MoveNegExpAddDivMul_myl187_0
[09/30/2026-18:26:42] [I]       20.38       0.0051       0.0051       0.2   __myl_MoveNegExpAddDivMul_myl188_0
[09/30/2026-18:26:42] [I]       23.05       0.0058       0.0058       0.2   __myl_MoveNegExpAddDivMul_myl189_0
[09/30/2026-18:26:42] [I]       55.57       0.0140       0.0133       0.4   /model.22/cv2.1/cv2.1.2/Conv
[09/30/2026-18:26:42] [I]       57.72       0.0145       0.0133       0.4   /model.22/cv3.1/cv3.1.2/Conv
[09/30/2026-18:26:42] [I]       46.66       0.0117       0.0061       0.3   /model.22/Reshape_1_copy_output
[09/30/2026-18:26:42] [I]       68.51       0.0172       0.0061       0.5   /model.22/Reshape_4_copy_output
[09/30/2026-18:26:42] [I]       37.62       0.0095       0.0052       0.3   Reformatting CopyNode for Input Tensor 0 to /model.21/m.0/cv1/conv/Conv
[09/30/2026-18:26:42] [I]      158.20       0.0397       0.0328       1.2   /model.21/m.0/cv1/conv/Conv
[09/30/2026-18:26:42] [I]       20.38       0.0051       0.0051       0.2   __myl_MoveNegExpAddDivMul_myl198_0
[09/30/2026-18:26:42] [I]      123.54       0.0310       0.0307       0.9   /model.21/m.0/cv2/conv/Conv
[09/30/2026-18:26:42] [I]       20.38       0.0051       0.0051       0.2   __myl_MoveNegExpAddDivMul_myl201_0
[09/30/2026-18:26:42] [I]       44.64       0.0112       0.0082       0.3   /model.21/Split_output_0 copy
[09/30/2026-18:26:42] [I]       41.10       0.0103       0.0072       0.3   /model.21/Split_output_1 copy
[09/30/2026-18:26:42] [I]      225.27       0.0566       0.0584       1.7   /model.21/cv2/conv/Conv
[09/30/2026-18:26:42] [I]       20.38       0.0051       0.0051       0.2   __myl_MoveNegExpAddDivMul_myl207_0
[09/30/2026-18:26:42] [I]      217.17       0.0546       0.0543       1.6   /model.22/cv2.2/cv2.2.0/conv/Conv || /model.22/cv3.2/cv3.2.0/conv/Conv
[09/30/2026-18:26:42] [I]       16.30       0.0041       0.0041       0.1   __myl_MoveNegExpAddDivMul_myl211_0
[09/30/2026-18:26:42] [I]       16.30       0.0041       0.0041       0.1   __myl_MoveNegExpAddDivMul_myl212_0
[09/30/2026-18:26:42] [I]      200.64       0.0504       0.0461       1.5   /model.22/cv2.2/cv2.2.1/conv/Conv
[09/30/2026-18:26:42] [I]       81.25       0.0204       0.0205       0.6   /model.22/cv3.2/cv3.2.1/conv/Conv
[09/30/2026-18:26:42] [I]       16.31       0.0041       0.0041       0.1   __myl_MoveNegExpAddDivMul_myl218_0
[09/30/2026-18:26:42] [I]       16.36       0.0041       0.0041       0.1   __myl_MoveNegExpAddDivMul_myl220_0
[09/30/2026-18:26:42] [I]       41.39       0.0104       0.0101       0.3   /model.22/cv2.2/cv2.2.2/Conv
[09/30/2026-18:26:42] [I]       62.40       0.0157       0.0092       0.5   /model.22/cv3.2/cv3.2.2/Conv
[09/30/2026-18:26:42] [I]       23.91       0.0060       0.0051       0.2   /model.22/Reshape_2_copy_output
[09/30/2026-18:26:42] [I]       50.36       0.0127       0.0061       0.4   /model.22/Reshape_5_copy_output
[09/30/2026-18:26:42] [I]      174.29       0.0438       0.0461       1.3   /model.22/dfl/Reshape + /model.22/dfl/Transpose
[09/30/2026-18:26:42] [I]       40.76       0.0102       0.0102       0.3   __myl_NegExpAddDiv_myl231_0
[09/30/2026-18:26:42] [I]       99.02       0.0249       0.0246       0.7   /model.22/dfl/Softmax
[09/30/2026-18:26:42] [I]       77.81       0.0196       0.0195       0.6   /model.22/dfl/conv/Conv
[09/30/2026-18:26:42] [I]       16.30       0.0041       0.0041       0.1   __myl_Sub_myl235_0
[09/30/2026-18:26:42] [I]       16.30       0.0041       0.0041       0.1   __myl_Add_myl236_0
[09/30/2026-18:26:42] [I]       16.30       0.0041       0.0041       0.1   __myl_Sub_myl237_0
[09/30/2026-18:26:42] [I]       81.65       0.0205       0.0205       0.6   __myl_AddDiv_myl238_0
[09/30/2026-18:26:42] [I]       79.39       0.0199       0.0256       0.6   /model.22/Div_1_output_0 copy
[09/30/2026-18:26:42] [I]       16.30       0.0041       0.0041       0.1   __myl_Mul_myl240_0
[09/30/2026-18:26:42] [I]       29.52       0.0074       0.0051       0.2   /model.22/Mul_2_output_0 copy
[09/30/2026-18:26:42] [I]    13473.56       3.3853       3.3524     100.0   Total
[09/30/2026-18:26:42] [I] 
&&&& PASSED TensorRT.trtexec [TensorRT v110300] [b99] # C:\Users\dxu1\AppData\Local\NVIDIA\TensorRT-11.3-tools\bin\trtexec.exe --loadEngine=C:\Users\dxu1\Desktop\Dissertation\PTQ\profiling_results\trtexec\voc.plan --loadInputs=images:PTQ/profiling_results/trtexec/voc_images_fp32.bin --warmUp=1000 --duration=15 --iterations=200 --infStreams=1 --percentile=50,95 --dumpProfile --exportProfile=C:\Users\dxu1\Desktop\Dissertation\PTQ\profiling_results\trtexec\voc_cooled_run1_profile.json --exportTimes=C:\Users\dxu1\Desktop\Dissertation\PTQ\profiling_results\trtexec\voc_cooled_run1_times.json
